#
# A fatal error has been detected by the Java Runtime Environment:
#
#  EXCEPTION_ACCESS_VIOLATION (0xc0000005) at pc=0x00007ff9c5fd8427, pid=13296, tid=13504
#
# JRE version: OpenJDK Runtime Environment (23.0.1+11) (build 23.0.1+11-39)
# Java VM: OpenJDK 64-Bit Server VM (23.0.1+11-39, mixed mode, sharing, tiered, compressed oops, compressed class ptrs, g1 gc, windows-amd64)
# Problematic frame:
# C  [glass.dll+0x28427]
#
# No core dump will be written. Minidumps are not enabled by default on client versions of Windows
#
# If you would like to submit a bug report, please visit:
#   https://bugreport.java.com/bugreport/crash.jsp
#

---------------  S U M M A R Y ------------

Command Line: --module-path=C:\Users\Anwender\Downloads\openjfx-23.0.1_windows-x64_bin-sdk\javafx-sdk-23.0.1\lib --add-modules=javafx.controls,javafx.fxml --enable-preview -javaagent:C:\Program Files\JetBrains\IntelliJ IDEA 2024.2.4\lib\idea_rt.jar=19598:C:\Program Files\JetBrains\IntelliJ IDEA 2024.2.4\bin -Dfile.encoding=UTF-8 -Dsun.stdout.encoding=UTF-8 -Dsun.stderr.encoding=UTF-8 Main

Host: AMD Ryzen 5 3600 6-Core Processor              , 12 cores, 15G,  Windows 10 , 64 bit Build 19041 (10.0.19041.5198)
Time: Sun Feb  2 11:55:12 2025 Mitteleuropäische Zeit elapsed time: 266.548415 seconds (0d 0h 4m 26s)

---------------  T H R E A D  ---------------

Current thread (0x0000019d9a1b9370):  VMThread "VM Thread"          [id=13504, stack(0x00000060f6100000,0x00000060f6200000) (1024K)]

Stack: [0x00000060f6100000,0x00000060f6200000],  sp=0x00000060f61ff0f0,  free space=1020k
Native frames: (J=compiled Java code, j=interpreted, Vv=VM code, C=native code)
C  [glass.dll+0x28427]  (no source info available)
C  [ucrtbase.dll+0x142d6]  (no source info available)
C  [ucrtbase.dll+0x141fb]  (no source info available)
C  [ucrtbase.dll+0x141b4]  (no source info available)
C  [glass.dll+0x25bbd]  (no source info available)
C  [glass.dll+0x25ce2]  (no source info available)
C  [ntdll.dll+0x19a1d]  (no source info available)
C  [ntdll.dll+0x5f1ca]  (no source info available)
C  [ntdll.dll+0x5ef7d]  (no source info available)
C  [KERNEL32.DLL+0x1e3eb]  (no source info available)
C  [ucrtbase.dll+0x205bc]  (no source info available)
C  [ucrtbase.dll+0x2045f]  (no source info available)
V  [jvm.dll+0x6d990c]  (no source info available)
V  [jvm.dll+0x6d9440]  (no source info available)
V  [jvm.dll+0x3da534]  (no source info available)
V  [jvm.dll+0x886720]  (no source info available)
V  [jvm.dll+0x887a47]  (no source info available)
V  [jvm.dll+0x887f78]  (no source info available)
V  [jvm.dll+0x888213]  (no source info available)
V  [jvm.dll+0x824f8b]  (no source info available)
V  [jvm.dll+0x6df065]  (no source info available)
C  [ucrtbase.dll+0x21bb2]  (no source info available)
C  [KERNEL32.DLL+0x17374]  (no source info available)
C  [ntdll.dll+0x4cc91]  (no source info available)


siginfo: EXCEPTION_ACCESS_VIOLATION (0xc0000005), reading address 0x0000000000000000


Registers:
RAX=0x0000000000000000, RBX=0x0000019d9a1be32a, RCX=0x0000019d9a1b9370, RDX=0x00000060f61ff0f0
RSP=0x00000060f61ff0f0, RBP=0x0000019de0b53f68, RSI=0x0000019de0b53f40, RDI=0x0000cec62be47ca6
R8 =0x0000000000010002, R9 =0x0000cec62be47ca6, R10=0x0000000000008000, R11=0x00000060f61ff080
R12=0x00007ff9c5fd5d30, R13=0x00007ff8f84db760, R14=0x00000060f61ff1e8, R15=0x0000019de0b53f40
RIP=0x00007ff9c5fd8427, EFLAGS=0x0000000000010206


Register to memory mapping:

RAX=0x0 is null
RBX=0x0000019d9a1be32a is a global jni handle
RCX=0x0000019d9a1b9370 points into unknown readable memory: 0x00007ff8f82df688 | 88 f6 2d f8 f8 7f 00 00
RDX=0x00000060f61ff0f0 points into unknown readable memory: 0x0000000000000000 | 00 00 00 00 00 00 00 00
RSP=0x00000060f61ff0f0 points into unknown readable memory: 0x0000000000000000 | 00 00 00 00 00 00 00 00
RBP=0x0000019de0b53f68 points into unknown readable memory: 0x0000cec62be47ca6 | a6 7c e4 2b c6 ce 00 00
RSI=0x0000019de0b53f40 points into unknown readable memory: 0x7f56dcc62bfb82d7 | d7 82 fb 2b c6 dc 56 7f
RDI=0x0000cec62be47ca6 is an unknown value
R8 =0x0000000000010002 is an unknown value
R9 =0x0000cec62be47ca6 is an unknown value
R10=0x0000000000008000 is an unknown value
R11=0x00000060f61ff080 points into unknown readable memory: 0x0000019de0b53f40 | 40 3f b5 e0 9d 01 00 00
R12=0x00007ff9c5fd5d30 glass.dll
R13=0x00007ff8f84db760 jvm.dll
R14=0x00000060f61ff1e8 points into unknown readable memory: 0x00000060f61ff1d0 | d0 f1 1f f6 60 00 00 00
R15=0x0000019de0b53f40 points into unknown readable memory: 0x7f56dcc62bfb82d7 | d7 82 fb 2b c6 dc 56 7f

Top of Stack: (sp=0x00000060f61ff0f0)
0x00000060f61ff0f0:   0000000000000000 0000019de0b53f40
0x00000060f61ff100:   00007ff8f84db760 00007ff9c5fd5d30
0x00000060f61ff110:   0000019de0b53f48 00007ff9f6f942d6
0x00000060f61ff120:   0000cec62be47ca6 0000019d00000000
0x00000060f61ff130:   0000019de0b53f68 0000019de0b53f40
0x00000060f61ff140:   fffffffffffffffe 0000000000000000
0x00000060f61ff150:   0000000000000001 00007ff9c5fb0000
0x00000060f61ff160:   00000060f61ff1d8 00007ff9f6f941fb
0x00000060f61ff170:   0000000000000000 00000060f61ff1e8
0x00000060f61ff180:   00000060f61ff4c0 00007ff9f7070e40
0x00000060f61ff190:   0000000000000001 00007ff9f6f941b4
0x00000060f61ff1a0:   0000000000000000 0000000000000001
0x00000060f61ff1b0:   000000007ffe0385 00000060f61ff1d8
0x00000060f61ff1c0:   ffffffff00000001 00007ff9c5fd5bbd
0x00000060f61ff1d0:   00007ff9c5fed078 00007ff900000002
0x00000060f61ff1e0:   0000000000000002 00000060f61ff1d0
0x00000060f61ff1f0:   00007ff9f5d30000 00007ff9f9429993
0x00000060f61ff200:   0000000000000000 00007ff9c5fd5ce2
0x00000060f61ff210:   0000000000000001 0000000000000000
0x00000060f61ff220:   000000000000003c 0000000000000001
0x00000060f61ff230:   00007ff9a6511094 0000000000000000
0x00000060f61ff240:   0000000000000001 00007ff9a651083c
0x00000060f61ff250:   00007ff9c5fb0000 000000007ffe0384
0x00000060f61ff260:   0000000000000000 00007ff9f9429a1d
0x00000060f61ff270:   00007ff9c5fb0000 0000000000000000
0x00000060f61ff280:   0000000000000001 000000007ffe0385
0x00000060f61ff290:   0000000000000000 00007ff9f946f331
0x00000060f61ff2a0:   0000db9986241a00 0000000000000014
0x00000060f61ff2b0:   00007ff9c5fd5d30 0000000000000000
0x00000060f61ff2c0:   0000000000000000 00000060f5431000
0x00000060f61ff2d0:   0000019de08a8c20 00007ff9f946f1ca
0x00000060f61ff2e0:   0000019de08a8ad0 00007ff9c5fb0000 

Instructions: (pc=0x00007ff9c5fd8427)
0x00007ff9c5fd8327:   8b 4d 58 e8 49 cf ff ff 48 8b 4d 60 e8 40 cf ff
0x00007ff9c5fd8337:   ff 48 8b 95 80 00 00 00 48 8b 8d 18 01 00 00 e8
0x00007ff9c5fd8347:   26 c5 ff ff 33 d2 33 c9 e8 8c e1 ff ff 90 48 89
0x00007ff9c5fd8357:   54 24 10 55 48 83 ec 20 48 8b ea 48 b8 00 00 00
0x00007ff9c5fd8367:   00 00 00 00 00 48 83 c4 20 5d c3 cc 40 55 48 8b
0x00007ff9c5fd8377:   ea 48 8b 01 33 c9 81 38 05 00 00 c0 0f 94 c1 8b
0x00007ff9c5fd8387:   c1 5d c3 cc 40 55 48 83 ec 20 48 8b ea 8a 4d 40
0x00007ff9c5fd8397:   48 83 c4 20 5d e9 33 d3 ff ff cc 40 55 48 83 ec
0x00007ff9c5fd83a7:   20 48 8b ea 8a 4d 20 e8 21 d3 ff ff 90 48 83 c4
0x00007ff9c5fd83b7:   20 5d c3 cc 40 55 48 83 ec 20 48 8b ea 48 83 c4
0x00007ff9c5fd83c7:   20 5d e9 82 d1 ff ff cc 40 55 48 83 ec 30 48 8b
0x00007ff9c5fd83d7:   ea 48 8b 01 8b 10 48 89 4c 24 28 89 54 24 20 4c
0x00007ff9c5fd83e7:   8d 0d 23 d6 ff ff 4c 8b 45 70 8b 55 68 48 8b 4d
0x00007ff9c5fd83f7:   60 e8 c3 d0 ff ff 90 48 83 c4 30 5d c3 cc cc cc
0x00007ff9c5fd8407:   cc cc cc cc cc cc cc cc cc 40 53 48 83 ec 20 48
0x00007ff9c5fd8417:   8b 1d 1b 46 01 00 48 85 db 74 16 e8 59 90 ff ff
0x00007ff9c5fd8427:   4c 8b 00 48 8b d3 48 8b c8 41 ff 90 b0 00 00 00
0x00007ff9c5fd8437:   90 48 83 c4 20 5b c3 cc cc 40 53 48 83 ec 20 48
0x00007ff9c5fd8447:   8b 1d 5b 47 01 00 48 85 db 74 57 b8 ff ff ff ff
0x00007ff9c5fd8457:   f0 0f c1 43 10 83 f8 01 75 3d 48 85 db 74 38 48
0x00007ff9c5fd8467:   8b 0b 48 85 c9 74 0d ff 15 3c 0e 00 00 48 c7 03
0x00007ff9c5fd8477:   00 00 00 00 48 8b 4b 08 48 85 c9 74 0d e8 ef cd
0x00007ff9c5fd8487:   ff ff 48 c7 43 08 00 00 00 00 ba 18 00 00 00 48
0x00007ff9c5fd8497:   8b cb e8 da cd ff ff 48 c7 05 ff 46 01 00 00 00
0x00007ff9c5fd84a7:   00 00 48 83 c4 20 5b c3 cc 40 53 48 83 ec 20 48
0x00007ff9c5fd84b7:   8b 1d cb 46 01 00 48 85 db 74 57 b8 ff ff ff ff
0x00007ff9c5fd84c7:   f0 0f c1 43 10 83 f8 01 75 3d 48 85 db 74 38 48
0x00007ff9c5fd84d7:   8b 0b 48 85 c9 74 0d ff 15 cc 0d 00 00 48 c7 03
0x00007ff9c5fd84e7:   00 00 00 00 48 8b 4b 08 48 85 c9 74 0d e8 7f cd
0x00007ff9c5fd84f7:   ff ff 48 c7 43 08 00 00 00 00 ba 18 00 00 00 48
0x00007ff9c5fd8507:   8b cb e8 6a cd ff ff 48 c7 05 6f 46 01 00 00 00
0x00007ff9c5fd8517:   00 00 48 83 c4 20 5b c3 cc 40 53 48 83 ec 20 48 


Stack slot to memory mapping:

stack at sp + 0 slots: 0x0 is null
stack at sp + 1 slots: 0x0000019de0b53f40 points into unknown readable memory: 0x7f56dcc62bfb82d7 | d7 82 fb 2b c6 dc 56 7f
stack at sp + 2 slots: 0x00007ff8f84db760 jvm.dll
stack at sp + 3 slots: 0x00007ff9c5fd5d30 glass.dll
stack at sp + 4 slots: 0x0000019de0b53f48 points into unknown readable memory: 0x0000cec62be47ca6 | a6 7c e4 2b c6 ce 00 00
stack at sp + 5 slots: 0x00007ff9f6f942d6 ucrtbase.dll
stack at sp + 6 slots: 0x0000cec62be47ca6 is an unknown value
stack at sp + 7 slots: 0x0000019d00000000 is an unknown value

VM_Operation (0x00000060f72fbc80): Exit, mode: safepoint, requested by thread 0x0000019d9a1dc300


---------------  P R O C E S S  ---------------

Threads class SMR info:
_java_thread_list=0x0000019d9a3cd1b0, length=19, elements={
0x0000019dfa763e00, 0x0000019d9a1d1ec0, 0x0000019d9a1d31f0, 0x0000019d9a1d4fc0,
0x0000019d9a1d7cb0, 0x0000019d9a1d8b20, 0x0000019d9a1ddd40, 0x0000019d9a1ef310,
0x0000019d9a1e35d0, 0x0000019d9a1db5e0, 0x0000019d9a1de3d0, 0x0000019d9a1dd6b0,
0x0000019d9a1dd020, 0x0000019d9a1dbc70, 0x0000019d9a1dc300, 0x0000019d9a1dc990,
0x0000019de05cb9e0, 0x0000019de05c8bf0, 0x0000019de05cc070
}

Java Threads: ( => current thread )
  0x0000019dfa763e00 JavaThread "main"                              [_thread_blocked, id=4496, stack(0x00000060f5a00000,0x00000060f5b00000) (1024K)]
  0x0000019d9a1d1ec0 JavaThread "Reference Handler"          daemon [_thread_blocked, id=17220, stack(0x00000060f6200000,0x00000060f6300000) (1024K)]
  0x0000019d9a1d31f0 JavaThread "Finalizer"                  daemon [_thread_blocked, id=14060, stack(0x00000060f6300000,0x00000060f6400000) (1024K)]
  0x0000019d9a1d4fc0 JavaThread "Signal Dispatcher"          daemon [_thread_blocked, id=9096, stack(0x00000060f6400000,0x00000060f6500000) (1024K)]
  0x0000019d9a1d7cb0 JavaThread "Attach Listener"            daemon [_thread_blocked, id=3576, stack(0x00000060f6500000,0x00000060f6600000) (1024K)]
  0x0000019d9a1d8b20 JavaThread "Service Thread"             daemon [_thread_blocked, id=7296, stack(0x00000060f6600000,0x00000060f6700000) (1024K)]
  0x0000019d9a1ddd40 JavaThread "Monitor Deflation Thread"   daemon [_thread_blocked, id=22668, stack(0x00000060f6700000,0x00000060f6800000) (1024K)]
  0x0000019d9a1ef310 JavaThread "C2 CompilerThread0"         daemon [_thread_blocked, id=13156, stack(0x00000060f6800000,0x00000060f6900000) (1024K)]
  0x0000019d9a1e35d0 JavaThread "C1 CompilerThread0"         daemon [_thread_blocked, id=20740, stack(0x00000060f6900000,0x00000060f6a00000) (1024K)]
  0x0000019d9a1db5e0 JavaThread "Common-Cleaner"             daemon [_thread_blocked, id=3124, stack(0x00000060f6a00000,0x00000060f6b00000) (1024K)]
  0x0000019d9a1de3d0 JavaThread "Monitor Ctrl-Break"         daemon [_thread_in_native, id=15412, stack(0x00000060f6d00000,0x00000060f6e00000) (1024K)]
  0x0000019d9a1dd6b0 JavaThread "Notification Thread"        daemon [_thread_blocked, id=18936, stack(0x00000060f6e00000,0x00000060f6f00000) (1024K)]
  0x0000019d9a1dd020 JavaThread "QuantumRenderer-0"          daemon [_thread_blocked, id=7204, stack(0x00000060f6f00000,0x00000060f7000000) (1024K)]
  0x0000019d9a1dbc70 JavaThread "InvokeLaterDispatcher"      daemon [_thread_blocked, id=20164, stack(0x00000060f7100000,0x00000060f7200000) (1024K)]
  0x0000019d9a1dc300 JavaThread "JavaFX Application Thread"         [_thread_blocked, id=12348, stack(0x00000060f7200000,0x00000060f7300000) (1024K)]
  0x0000019d9a1dc990 JavaThread "JavaFX-Launcher"                   [_thread_blocked, id=18996, stack(0x00000060f6c00000,0x00000060f6d00000) (1024K)]
  0x0000019de05cb9e0 JavaThread "Thread-2"                   daemon [_thread_in_native, id=3108, stack(0x00000060f6b00000,0x00000060f6c00000) (1024K)]
  0x0000019de05c8bf0 JavaThread "Prism Font Disposer"        daemon [_thread_blocked, id=15916, stack(0x00000060f8130000,0x00000060f8230000) (1024K)]
  0x0000019de05cc070 JavaThread "Cleaner-0"                  daemon [_thread_blocked, id=4632, stack(0x00000060f8230000,0x00000060f8330000) (1024K)]
Total: 19

Other Threads:
=>0x0000019d9a1b9370 VMThread "VM Thread"                           [id=13504, stack(0x00000060f6100000,0x00000060f6200000) (1024K)]
  0x0000019dfa7ca7c0 WorkerThread "GC Thread#0"                     [id=3464, stack(0x00000060f5b00000,0x00000060f5c00000) (1024K)]
  0x0000019de053cbf0 WorkerThread "GC Thread#1"                     [id=19056, stack(0x00000060f7430000,0x00000060f7530000) (1024K)]
  0x0000019de053cfa0 WorkerThread "GC Thread#2"                     [id=11756, stack(0x00000060f7530000,0x00000060f7630000) (1024K)]
  0x0000019de053d350 WorkerThread "GC Thread#3"                     [id=9484, stack(0x00000060f7630000,0x00000060f7730000) (1024K)]
  0x0000019de053fb20 WorkerThread "GC Thread#4"                     [id=20464, stack(0x00000060f7730000,0x00000060f7830000) (1024K)]
  0x0000019de053fed0 WorkerThread "GC Thread#5"                     [id=2792, stack(0x00000060f7830000,0x00000060f7930000) (1024K)]
  0x0000019de0615e30 WorkerThread "GC Thread#6"                     [id=18392, stack(0x00000060f7b30000,0x00000060f7c30000) (1024K)]
  0x0000019de06161e0 WorkerThread "GC Thread#7"                     [id=22044, stack(0x00000060f7c30000,0x00000060f7d30000) (1024K)]
  0x0000019de0615320 WorkerThread "GC Thread#8"                     [id=1724, stack(0x00000060f7d30000,0x00000060f7e30000) (1024K)]
  0x0000019de83dcaa0 WorkerThread "GC Thread#9"                     [id=18348, stack(0x00000060f8340000,0x00000060f8440000) (1024K)]
  0x0000019dfa7df880 ConcurrentGCThread "G1 Main Marker"            terminated
  0x0000019dfa7e1b40 WorkerThread "G1 Conc#0"                       [id=15092, stack(0x00000060f5d00000,0x00000060f5e00000) (1024K)]
  0x0000019de83dc6f0 WorkerThread "G1 Conc#1"                       [id=12464, stack(0x00000060f8640000,0x00000060f8740000) (1024K)]
  0x0000019de83dd200 WorkerThread "G1 Conc#2"                       [id=3008, stack(0x00000060f8740000,0x00000060f8840000) (1024K)]
  0x0000019dfa82e8d0 ConcurrentGCThread "G1 Refine#0"               terminated
  0x0000019d9a066700 ConcurrentGCThread "G1 Service"                terminated
Total: 17

Threads with active compile tasks:
Total: 0

VM state: at safepoint (shutting down)

VM Mutex/Monitor currently owned by a thread:  ([mutex/lock_event])
[0x00007ff8f84b3910] Threads_lock - owner thread: 0x0000019d9a1b9370
[0x00007ff8f84b3a10] Heap_lock - owner thread: 0x0000019d9a1dc300

Heap address: 0x0000000701000000, size: 4080 MB, Compressed Oops mode: Zero based, Oop shift amount: 3

CDS archive(s) mapped at: [0x0000019d9b000000-0x0000019d9bd70000-0x0000019d9bd70000), size 14090240, SharedBaseAddress: 0x0000019d9b000000, ArchiveRelocationMode: 1.
Compressed class space mapped at: 0x0000019d9c000000-0x0000019ddc000000, reserved size: 1073741824
Narrow klass base: 0x0000019d9b000000, Narrow klass shift: 0, Narrow klass range: 0x41000000

GC Precious Log:
 CardTable entry size: 512
 Card Set container configuration: InlinePtr #cards 4 size 8 Array Of Cards #cards 16 size 48 Howl #buckets 8 coarsen threshold 3686 Howl Bitmap #cards 512 size 80 coarsen threshold 460 Card regions per heap region 1 cards per card region 4096
 CPUs: 12 total, 12 available
 Memory: 16313M
 Large Page Support: Disabled
 NUMA Support: Disabled
 Compressed Oops: Enabled (Zero based)
 Heap Region Size: 2M
 Heap Min Capacity: 8M
 Heap Initial Capacity: 256M
 Heap Max Capacity: 4080M
 Pre-touch: Disabled
 Parallel Workers: 10
 Concurrent Workers: 3
 Concurrent Refinement Workers: 10
 Periodic GC: Disabled

Heap:
 garbage-first heap   total reserved 4177920K, committed 61440K, used 37878K [0x0000000701000000, 0x0000000800000000)
  region size 2048K, 8 young (16384K), 2 survivors (4096K)
 Metaspace       used 28372K, committed 28800K, reserved 1114112K
  class space    used 3463K, committed 3648K, reserved 1048576K

Heap Regions: E=young(eden), S=young(survivor), O=old, HS=humongous(starts), HC=humongous(continues), CS=collection set, F=free, TAMS=top-at-mark-start, PB=parsable bottom
|   0|0x0000000701000000, 0x0000000701200000, 0x0000000701200000|100%| O|  |TAMS 0x0000000701000000| PB 0x0000000701000000| Untracked |  0
|   1|0x0000000701200000, 0x0000000701400000, 0x0000000701400000|100%| O|  |TAMS 0x0000000701200000| PB 0x0000000701200000| Untracked |  0
|   2|0x0000000701400000, 0x0000000701600000, 0x0000000701600000|100%| O|  |TAMS 0x0000000701400000| PB 0x0000000701400000| Untracked |  0
|   3|0x0000000701600000, 0x0000000701800000, 0x0000000701800000|100%|HS|  |TAMS 0x0000000701600000| PB 0x0000000701600000| Complete |  0
|   4|0x0000000701800000, 0x0000000701a00000, 0x0000000701a00000|100%| O|  |TAMS 0x0000000701800000| PB 0x0000000701800000| Untracked |  0
|   5|0x0000000701a00000, 0x0000000701c00000, 0x0000000701c00000|100%| O|  |TAMS 0x0000000701a00000| PB 0x0000000701a00000| Untracked |  0
|   6|0x0000000701c00000, 0x0000000701dcb9a0, 0x0000000701e00000| 89%| O|  |TAMS 0x0000000701c00000| PB 0x0000000701c00000| Untracked |  0
|   7|0x0000000701e00000, 0x0000000702000000, 0x0000000702000000|100%| O|  |TAMS 0x0000000701e00000| PB 0x0000000701e00000| Untracked |  0
|   8|0x0000000702000000, 0x0000000702000000, 0x0000000702200000|  0%| F|  |TAMS 0x0000000702000000| PB 0x0000000702000000| Untracked |  0
|   9|0x0000000702200000, 0x0000000702400000, 0x0000000702400000|100%| O|  |TAMS 0x0000000702200000| PB 0x0000000702200000| Untracked |  0
|  10|0x0000000702400000, 0x00000007025d7f00, 0x0000000702600000| 92%| O|  |TAMS 0x0000000702400000| PB 0x0000000702400000| Untracked |  0
|  11|0x0000000702600000, 0x000000070275a020, 0x0000000702800000| 67%| S|CS|TAMS 0x0000000702600000| PB 0x0000000702600000| Complete |  0
|  12|0x0000000702800000, 0x0000000702800000, 0x0000000702a00000|  0%| F|  |TAMS 0x0000000702800000| PB 0x0000000702800000| Untracked |  0
|  13|0x0000000702a00000, 0x0000000702c00000, 0x0000000702c00000|100%| O|  |TAMS 0x0000000702a00000| PB 0x0000000702a00000| Untracked |  0
|  14|0x0000000702c00000, 0x0000000702e00000, 0x0000000702e00000|100%| O|  |TAMS 0x0000000702c00000| PB 0x0000000702c00000| Untracked |  0
|  15|0x0000000702e00000, 0x0000000703000000, 0x0000000703000000|100%| S|CS|TAMS 0x0000000702e00000| PB 0x0000000702e00000| Complete |  0
|  16|0x0000000703000000, 0x0000000703000000, 0x0000000703200000|  0%| F|  |TAMS 0x0000000703000000| PB 0x0000000703000000| Untracked |  0
|  17|0x0000000703200000, 0x0000000703200000, 0x0000000703400000|  0%| F|  |TAMS 0x0000000703200000| PB 0x0000000703200000| Untracked |  0
|  18|0x0000000703400000, 0x0000000703400000, 0x0000000703600000|  0%| F|  |TAMS 0x0000000703400000| PB 0x0000000703400000| Untracked |  0
|  19|0x0000000703600000, 0x0000000703600000, 0x0000000703800000|  0%| F|  |TAMS 0x0000000703600000| PB 0x0000000703600000| Untracked |  0
|  20|0x0000000703800000, 0x0000000703800000, 0x0000000703a00000|  0%| F|  |TAMS 0x0000000703800000| PB 0x0000000703800000| Untracked |  0
|  21|0x0000000703a00000, 0x0000000703a00000, 0x0000000703c00000|  0%| F|  |TAMS 0x0000000703a00000| PB 0x0000000703a00000| Untracked |  0
|  22|0x0000000703c00000, 0x0000000703c00000, 0x0000000703e00000|  0%| F|  |TAMS 0x0000000703c00000| PB 0x0000000703c00000| Untracked |  0
|  23|0x0000000703e00000, 0x0000000703e00000, 0x0000000704000000|  0%| F|  |TAMS 0x0000000703e00000| PB 0x0000000703e00000| Untracked |  0
|  24|0x0000000704000000, 0x00000007040bc878, 0x0000000704200000| 36%| E|  |TAMS 0x0000000704000000| PB 0x0000000704000000| Complete |  0
|  25|0x0000000704200000, 0x0000000704400000, 0x0000000704400000|100%| E|CS|TAMS 0x0000000704200000| PB 0x0000000704200000| Complete |  0
|  26|0x0000000704400000, 0x0000000704600000, 0x0000000704600000|100%| E|CS|TAMS 0x0000000704400000| PB 0x0000000704400000| Complete |  0
|  27|0x0000000704600000, 0x0000000704800000, 0x0000000704800000|100%| E|CS|TAMS 0x0000000704600000| PB 0x0000000704600000| Complete |  1
| 123|0x0000000710600000, 0x0000000710800000, 0x0000000710800000|100%| E|CS|TAMS 0x0000000710600000| PB 0x0000000710600000| Complete |  0
| 127|0x0000000710e00000, 0x0000000711000000, 0x0000000711000000|100%| E|CS|TAMS 0x0000000710e00000| PB 0x0000000710e00000| Complete |  0

Card table byte_map: [0x0000019dfb6a0000,0x0000019dfbea0000] _byte_map_base: 0x0000019df7e98000

Marking Bits: (CMBitMap*) 0x0000019dfa7caed0
 Bits: [0x0000019dfbea0000, 0x0000019dffe60000)

Polling page: 0x0000019df8380000

Metaspace:

Usage:
  Non-class:     24.33 MB used.
      Class:      3.38 MB used.
       Both:     27.71 MB used.

Virtual space:
  Non-class space:       64.00 MB reserved,      24.56 MB ( 38%) committed,  1 nodes.
      Class space:        1.00 GB reserved,       3.56 MB ( <1%) committed,  1 nodes.
             Both:        1.06 GB reserved,      28.12 MB (  3%) committed. 

Chunk freelists:
   Non-Class:  7.44 MB
       Class:  12.45 MB
        Both:  19.89 MB

MaxMetaspaceSize: unlimited
CompressedClassSpaceSize: 1.00 GB
Initial GC threshold: 21.00 MB
Current GC threshold: 45.25 MB
CDS: on
 - commit_granule_bytes: 65536.
 - commit_granule_words: 8192.
 - virtual_space_node_default_size: 8388608.
 - enlarge_chunks_in_place: 1.
 - use_allocation_guard: 0.


Internal statistics:

num_allocs_failed_limit: 3.
num_arena_births: 602.
num_arena_deaths: 0.
num_vsnodes_births: 2.
num_vsnodes_deaths: 0.
num_space_committed: 450.
num_space_uncommitted: 0.
num_chunks_returned_to_freelist: 3.
num_chunks_taken_from_freelist: 1598.
num_chunk_merges: 3.
num_chunk_splits: 1028.
num_chunks_enlarged: 697.
num_inconsistent_stats: 0.

CodeHeap 'non-profiled nmethods': size=120064Kb used=5254Kb max_used=5254Kb free=114809Kb
 bounds [0x0000019d90130000, 0x0000019d90660000, 0x0000019d97670000]
CodeHeap 'profiled nmethods': size=120000Kb used=16283Kb max_used=16283Kb free=103716Kb
 bounds [0x0000019d88670000, 0x0000019d89660000, 0x0000019d8fba0000]
CodeHeap 'non-nmethods': size=5696Kb used=1956Kb max_used=2012Kb free=3740Kb
 bounds [0x0000019d8fba0000, 0x0000019d8fe10000, 0x0000019d90130000]
CodeCache: size=245760Kb, used=23493Kb, max_used=23549Kb, free=222265Kb
 total_blobs=10524, nmethods=9557, adapters=871, full_count=0
Compilation: enabled, stopped_count=0, restarted_count=0

Compilation events (20 events):
Event: 259.034 Thread 0x0000019d9a1ef310 10211       4       com.sun.prism.paint.Color::isOpaque (15 bytes)
Event: 259.034 Thread 0x0000019d9a1ef310 nmethod 10211 0x0000019d90651288 code [0x0000019d906513a0, 0x0000019d90651430]
Event: 261.728 Thread 0x0000019d9a1ef310 10212       4       java.util.Optional::orElse (16 bytes)
Event: 261.728 Thread 0x0000019d9a1ef310 nmethod 10212 0x0000019d90651588 code [0x0000019d90651680, 0x0000019d90651710]
Event: 261.728 Thread 0x0000019d9a1e35d0 10213       3       jdk.xml.internal.XMLSecurityManager::readSystemProperties (112 bytes)
Event: 261.729 Thread 0x0000019d9a1e35d0 nmethod 10213 0x0000019d89652c08 code [0x0000019d89652dc0, 0x0000019d896534c8]
Event: 261.729 Thread 0x0000019d9a1e35d0 10214   !   3       jdk.xml.internal.XMLSecurityManager$StringMapper::toInt (89 bytes)
Event: 261.729 Thread 0x0000019d9a1e35d0 nmethod 10214 0x0000019d89653508 code [0x0000019d896537a0, 0x0000019d89654a38]
Event: 261.729 Thread 0x0000019d9a1e35d0 10215       3       jdk.xml.internal.XMLSecurityManager::setLimit (70 bytes)
Event: 261.730 Thread 0x0000019d9a1e35d0 nmethod 10215 0x0000019d89654b08 code [0x0000019d89654ca0, 0x0000019d89655350]
Event: 261.731 Thread 0x0000019d9a1e35d0 10216       3       com.sun.javafx.event.EventHandlerManager::addEventFilter (20 bytes)
Event: 261.731 Thread 0x0000019d9a1e35d0 nmethod 10216 0x0000019d89655388 code [0x0000019d89655560, 0x0000019d89655fc8]
Event: 261.731 Thread 0x0000019d9a1e35d0 10217       3       com.sun.javafx.event.EventHandlerManager::validateEventFilter (15 bytes)
Event: 261.731 Thread 0x0000019d9a1e35d0 nmethod 10217 0x0000019d89656088 code [0x0000019d896561c0, 0x0000019d896563a8]
Event: 261.743 Thread 0x0000019d9a1e35d0 10218       3       com.sun.javafx.font.directwrite.IDWriteGlyphRunAnalysis::CreateAlphaTexture (10 bytes)
Event: 261.743 Thread 0x0000019d9a1e35d0 nmethod 10218 0x0000019d89656408 code [0x0000019d89656520, 0x0000019d89656660]
Event: 261.743 Thread 0x0000019d9a1e35d0 10219       3       com.sun.javafx.font.directwrite.DWGlyph::isLCDGlyph (17 bytes)
Event: 261.743 Thread 0x0000019d9a1e35d0 nmethod 10219 0x0000019d89656708 code [0x0000019d89656820, 0x0000019d89656a20]
Event: 261.743 Thread 0x0000019d9a1e35d0 10220       3       com.sun.javafx.font.directwrite.DWRITE_GLYPH_METRICS::<init> (5 bytes)
Event: 261.743 Thread 0x0000019d9a1e35d0 nmethod 10220 0x0000019d89656a88 code [0x0000019d89656ba0, 0x0000019d89656d08]

GC Heap History (20 events):
Event: 148.569 GC heap before
{Heap before GC invocations=17 (full 0):
 garbage-first heap   total reserved 4177920K, committed 61440K, used 51202K [0x0000000701000000, 0x0000000800000000)
  region size 2048K, 14 young (28672K), 2 survivors (4096K)
 Metaspace       used 27526K, committed 27968K, reserved 1114112K
  class space    used 3456K, committed 3648K, reserved 1048576K
}
Event: 148.570 GC heap after
{Heap after GC invocations=18 (full 0):
 garbage-first heap   total reserved 4177920K, committed 61440K, used 25488K [0x0000000701000000, 0x0000000800000000)
  region size 2048K, 1 young (2048K), 1 survivors (2048K)
 Metaspace       used 27526K, committed 27968K, reserved 1114112K
  class space    used 3456K, committed 3648K, reserved 1048576K
}
Event: 159.714 GC heap before
{Heap before GC invocations=18 (full 0):
 garbage-first heap   total reserved 4177920K, committed 61440K, used 50064K [0x0000000701000000, 0x0000000800000000)
  region size 2048K, 14 young (28672K), 1 survivors (2048K)
 Metaspace       used 27665K, committed 28160K, reserved 1114112K
  class space    used 3457K, committed 3648K, reserved 1048576K
}
Event: 159.715 GC heap after
{Heap after GC invocations=19 (full 0):
 garbage-first heap   total reserved 4177920K, committed 61440K, used 26030K [0x0000000701000000, 0x0000000800000000)
  region size 2048K, 1 young (2048K), 1 survivors (2048K)
 Metaspace       used 27665K, committed 28160K, reserved 1114112K
  class space    used 3457K, committed 3648K, reserved 1048576K
}
Event: 189.658 GC heap before
{Heap before GC invocations=19 (full 0):
 garbage-first heap   total reserved 4177920K, committed 61440K, used 52654K [0x0000000701000000, 0x0000000800000000)
  region size 2048K, 14 young (28672K), 1 survivors (2048K)
 Metaspace       used 27757K, committed 28224K, reserved 1114112K
  class space    used 3458K, committed 3648K, reserved 1048576K
}
Event: 189.659 GC heap after
{Heap after GC invocations=20 (full 0):
 garbage-first heap   total reserved 4177920K, committed 61440K, used 26023K [0x0000000701000000, 0x0000000800000000)
  region size 2048K, 1 young (2048K), 1 survivors (2048K)
 Metaspace       used 27757K, committed 28224K, reserved 1114112K
  class space    used 3458K, committed 3648K, reserved 1048576K
}
Event: 202.339 GC heap before
{Heap before GC invocations=20 (full 0):
 garbage-first heap   total reserved 4177920K, committed 61440K, used 52647K [0x0000000701000000, 0x0000000800000000)
  region size 2048K, 14 young (28672K), 1 survivors (2048K)
 Metaspace       used 27787K, committed 28224K, reserved 1114112K
  class space    used 3459K, committed 3648K, reserved 1048576K
}
Event: 202.340 GC heap after
{Heap after GC invocations=21 (full 0):
 garbage-first heap   total reserved 4177920K, committed 61440K, used 24910K [0x0000000701000000, 0x0000000800000000)
  region size 2048K, 1 young (2048K), 1 survivors (2048K)
 Metaspace       used 27787K, committed 28224K, reserved 1114112K
  class space    used 3459K, committed 3648K, reserved 1048576K
}
Event: 213.015 GC heap before
{Heap before GC invocations=21 (full 0):
 garbage-first heap   total reserved 4177920K, committed 61440K, used 53582K [0x0000000701000000, 0x0000000800000000)
  region size 2048K, 15 young (30720K), 1 survivors (2048K)
 Metaspace       used 28052K, committed 28544K, reserved 1114112K
  class space    used 3459K, committed 3648K, reserved 1048576K
}
Event: 213.016 GC heap after
{Heap after GC invocations=22 (full 0):
 garbage-first heap   total reserved 4177920K, committed 61440K, used 26049K [0x0000000701000000, 0x0000000800000000)
  region size 2048K, 1 young (2048K), 1 survivors (2048K)
 Metaspace       used 28052K, committed 28544K, reserved 1114112K
  class space    used 3459K, committed 3648K, reserved 1048576K
}
Event: 215.864 GC heap before
{Heap before GC invocations=22 (full 0):
 garbage-first heap   total reserved 4177920K, committed 61440K, used 52673K [0x0000000701000000, 0x0000000800000000)
  region size 2048K, 15 young (30720K), 1 survivors (2048K)
 Metaspace       used 28160K, committed 28608K, reserved 1114112K
  class space    used 3460K, committed 3648K, reserved 1048576K
}
Event: 215.865 GC heap after
{Heap after GC invocations=23 (full 0):
 garbage-first heap   total reserved 4177920K, committed 61440K, used 25487K [0x0000000701000000, 0x0000000800000000)
  region size 2048K, 1 young (2048K), 1 survivors (2048K)
 Metaspace       used 28160K, committed 28608K, reserved 1114112K
  class space    used 3460K, committed 3648K, reserved 1048576K
}
Event: 223.069 GC heap before
{Heap before GC invocations=23 (full 0):
 garbage-first heap   total reserved 4177920K, committed 61440K, used 52111K [0x0000000701000000, 0x0000000800000000)
  region size 2048K, 15 young (30720K), 1 survivors (2048K)
 Metaspace       used 28200K, committed 28672K, reserved 1114112K
  class space    used 3460K, committed 3648K, reserved 1048576K
}
Event: 223.070 GC heap after
{Heap after GC invocations=24 (full 0):
 garbage-first heap   total reserved 4177920K, committed 61440K, used 26127K [0x0000000701000000, 0x0000000800000000)
  region size 2048K, 1 young (2048K), 1 survivors (2048K)
 Metaspace       used 28200K, committed 28672K, reserved 1114112K
  class space    used 3460K, committed 3648K, reserved 1048576K
}
Event: 237.685 GC heap before
{Heap before GC invocations=24 (full 0):
 garbage-first heap   total reserved 4177920K, committed 61440K, used 54799K [0x0000000701000000, 0x0000000800000000)
  region size 2048K, 15 young (30720K), 1 survivors (2048K)
 Metaspace       used 28247K, committed 28672K, reserved 1114112K
  class space    used 3460K, committed 3648K, reserved 1048576K
}
Event: 237.686 GC heap after
{Heap after GC invocations=25 (full 0):
 garbage-first heap   total reserved 4177920K, committed 61440K, used 26077K [0x0000000701000000, 0x0000000800000000)
  region size 2048K, 1 young (2048K), 1 survivors (2048K)
 Metaspace       used 28247K, committed 28672K, reserved 1114112K
  class space    used 3460K, committed 3648K, reserved 1048576K
}
Event: 241.321 GC heap before
{Heap before GC invocations=25 (full 0):
 garbage-first heap   total reserved 4177920K, committed 61440K, used 52701K [0x0000000701000000, 0x0000000800000000)
  region size 2048K, 15 young (30720K), 1 survivors (2048K)
 Metaspace       used 28287K, committed 28800K, reserved 1114112K
  class space    used 3460K, committed 3648K, reserved 1048576K
}
Event: 241.322 GC heap after
{Heap after GC invocations=26 (full 0):
 garbage-first heap   total reserved 4177920K, committed 61440K, used 25346K [0x0000000701000000, 0x0000000800000000)
  region size 2048K, 1 young (2048K), 1 survivors (2048K)
 Metaspace       used 28287K, committed 28800K, reserved 1114112K
  class space    used 3460K, committed 3648K, reserved 1048576K
}
Event: 250.534 GC heap before
{Heap before GC invocations=26 (full 0):
 garbage-first heap   total reserved 4177920K, committed 61440K, used 51970K [0x0000000701000000, 0x0000000800000000)
  region size 2048K, 15 young (30720K), 1 survivors (2048K)
 Metaspace       used 28348K, committed 28800K, reserved 1114112K
  class space    used 3461K, committed 3648K, reserved 1048576K
}
Event: 250.535 GC heap after
{Heap after GC invocations=27 (full 0):
 garbage-first heap   total reserved 4177920K, committed 61440K, used 27638K [0x0000000701000000, 0x0000000800000000)
  region size 2048K, 2 young (4096K), 2 survivors (4096K)
 Metaspace       used 28348K, committed 28800K, reserved 1114112K
  class space    used 3461K, committed 3648K, reserved 1048576K
}

Dll operation events (20 events):
Event: 0.206 Loaded shared library C:\Users\Anwender\Downloads\openjfx-23.0.1_windows-x64_bin-sdk\javafx-sdk-23.0.1\bin\api-ms-win-crt-process-l1-1-0.dll
Event: 0.207 Loaded shared library C:\Users\Anwender\Downloads\openjfx-23.0.1_windows-x64_bin-sdk\javafx-sdk-23.0.1\bin\api-ms-win-crt-runtime-l1-1-0.dll
Event: 0.208 Loaded shared library C:\Users\Anwender\Downloads\openjfx-23.0.1_windows-x64_bin-sdk\javafx-sdk-23.0.1\bin\api-ms-win-crt-stdio-l1-1-0.dll
Event: 0.210 Loaded shared library C:\Users\Anwender\Downloads\openjfx-23.0.1_windows-x64_bin-sdk\javafx-sdk-23.0.1\bin\api-ms-win-crt-string-l1-1-0.dll
Event: 0.211 Loaded shared library C:\Users\Anwender\Downloads\openjfx-23.0.1_windows-x64_bin-sdk\javafx-sdk-23.0.1\bin\api-ms-win-crt-time-l1-1-0.dll
Event: 0.212 Loaded shared library C:\Users\Anwender\Downloads\openjfx-23.0.1_windows-x64_bin-sdk\javafx-sdk-23.0.1\bin\api-ms-win-crt-utility-l1-1-0.dll
Event: 0.213 Loaded shared library C:\Users\Anwender\Downloads\openjfx-23.0.1_windows-x64_bin-sdk\javafx-sdk-23.0.1\bin\ucrtbase.dll
Event: 0.214 Loaded shared library C:\Users\Anwender\Downloads\openjfx-23.0.1_windows-x64_bin-sdk\javafx-sdk-23.0.1\bin\vcruntime140.dll
Event: 0.214 Loaded shared library C:\Users\Anwender\Downloads\openjfx-23.0.1_windows-x64_bin-sdk\javafx-sdk-23.0.1\bin\vcruntime140_1.dll
Event: 0.215 Loaded shared library C:\Users\Anwender\Downloads\openjfx-23.0.1_windows-x64_bin-sdk\javafx-sdk-23.0.1\bin\msvcp140.dll
Event: 0.216 Loaded shared library C:\Users\Anwender\Downloads\openjfx-23.0.1_windows-x64_bin-sdk\javafx-sdk-23.0.1\bin\msvcp140_1.dll
Event: 0.217 Loaded shared library C:\Users\Anwender\Downloads\openjfx-23.0.1_windows-x64_bin-sdk\javafx-sdk-23.0.1\bin\msvcp140_2.dll
Event: 0.242 Loaded shared library C:\Users\Anwender\Downloads\openjfx-23.0.1_windows-x64_bin-sdk\javafx-sdk-23.0.1\bin\prism_d3d.dll
Event: 0.321 Loaded shared library C:\Users\Anwender\Downloads\openjfx-23.0.1_windows-x64_bin-sdk\javafx-sdk-23.0.1\bin\glass.dll
Event: 0.478 Loaded shared library C:\Users\Anwender\.jdks\openjdk-23.0.1\bin\jimage.dll
Event: 0.767 Loaded shared library C:\Users\Anwender\Downloads\openjfx-23.0.1_windows-x64_bin-sdk\javafx-sdk-23.0.1\bin\javafx_iio.dll
Event: 0.806 Loaded shared library C:\Users\Anwender\Downloads\openjfx-23.0.1_windows-x64_bin-sdk\javafx-sdk-23.0.1\bin\javafx_font.dll
Event: 3.557 Loaded shared library C:\Users\Anwender\.jdks\openjdk-23.0.1\bin\management.dll
Event: 3.559 Loaded shared library C:\Users\Anwender\.jdks\openjdk-23.0.1\bin\management_ext.dll
Event: 44.139 Loaded shared library C:\Users\Anwender\.jdks\openjdk-23.0.1\bin\verify.dll

Deoptimization events (20 events):
Event: 225.753 Thread 0x0000019d9a1dc300 Uncommon trap: trap_request=0xffffff76 fr.pc=0x0000019d90609d00 relative=0x0000000000000380
Event: 225.753 Thread 0x0000019d9a1dc300 Uncommon trap: reason=predicate action=maybe_recompile pc=0x0000019d90609d00 method=java.util.AbstractCollection.toArray([Ljava/lang/Object;)[Ljava/lang/Object; @ 43 c2
Event: 225.753 Thread 0x0000019d9a1dc300 DEOPT PACKING pc=0x0000019d90609d00 sp=0x00000060f72fc8b0
Event: 225.753 Thread 0x0000019d9a1dc300 DEOPT UNPACKING pc=0x0000019d8fbf4402 sp=0x00000060f72fc868 mode 2
Event: 227.922 Thread 0x0000019d9a1dc300 Uncommon trap: trap_request=0xffffff76 fr.pc=0x0000019d9045925c relative=0x000000000000485c
Event: 227.922 Thread 0x0000019d9a1dc300 Uncommon trap: reason=predicate action=maybe_recompile pc=0x0000019d9045925c method=javafx.scene.Scene$ClickGenerator.postProcess(Ljavafx/scene/input/MouseEvent;Ljavafx/scene/Scene$TargetWrapper;Ljavafx/scene/Scene$TargetWrapper;)V @ 75 c2
Event: 227.922 Thread 0x0000019d9a1dc300 DEOPT PACKING pc=0x0000019d9045925c sp=0x00000060f72fe260
Event: 227.922 Thread 0x0000019d9a1dc300 DEOPT UNPACKING pc=0x0000019d8fbf4402 sp=0x00000060f72fe238 mode 2
Event: 250.563 Thread 0x0000019d9a1dc300 Uncommon trap: trap_request=0xfffffff4 fr.pc=0x0000019d90643258 relative=0x0000000000003238
Event: 250.563 Thread 0x0000019d9a1dc300 Uncommon trap: reason=null_check action=make_not_entrant pc=0x0000019d90643258 method=com.sun.javafx.fxml.builder.ProxyBuilder.scanForSetters()Ljava/util/Map; @ 332 c2
Event: 250.563 Thread 0x0000019d9a1dc300 DEOPT PACKING pc=0x0000019d90643258 sp=0x00000060f72fce00
Event: 250.563 Thread 0x0000019d9a1dc300 DEOPT UNPACKING pc=0x0000019d8fbf4402 sp=0x00000060f72fcdc0 mode 2
Event: 261.735 Thread 0x0000019d9a1dc300 Uncommon trap: trap_request=0xffffff45 fr.pc=0x0000019d904d1050 relative=0x00000000000001f0
Event: 261.735 Thread 0x0000019d9a1dc300 Uncommon trap: reason=unstable_if action=reinterpret pc=0x0000019d904d1050 method=javafx.scene.Parent.prefHeight(D)D @ 5 c2
Event: 261.735 Thread 0x0000019d9a1dc300 DEOPT PACKING pc=0x0000019d904d1050 sp=0x00000060f72fcff0
Event: 261.735 Thread 0x0000019d9a1dc300 DEOPT UNPACKING pc=0x0000019d8fbf4402 sp=0x00000060f72fcee8 mode 2
Event: 266.228 Thread 0x0000019d9a1dd020 Uncommon trap: trap_request=0xffffff45 fr.pc=0x0000019d90514aac relative=0x00000000000004ac
Event: 266.228 Thread 0x0000019d9a1dd020 Uncommon trap: reason=unstable_if action=reinterpret pc=0x0000019d90514aac method=java.util.concurrent.locks.AbstractQueuedSynchronizer$ConditionNode.isReleasable()Z @ 14 c2
Event: 266.228 Thread 0x0000019d9a1dd020 DEOPT PACKING pc=0x0000019d90514aac sp=0x00000060f6ffed00
Event: 266.228 Thread 0x0000019d9a1dd020 DEOPT UNPACKING pc=0x0000019d8fbf4402 sp=0x00000060f6ffeb28 mode 2

Classes loaded (20 events):
Event: 44.351 Loading class java/lang/foreign/MemorySegment
Event: 44.352 Loading class java/lang/foreign/MemorySegment done
Event: 44.370 Loading class java/util/StringTokenizer
Event: 44.370 Loading class java/util/StringTokenizer done
Event: 45.202 Loading class java/util/zip/Deflater
Event: 45.202 Loading class java/util/zip/Deflater done
Event: 45.202 Loading class java/util/zip/Deflater$DeflaterZStreamRef
Event: 45.203 Loading class java/util/zip/Deflater$DeflaterZStreamRef done
Event: 45.223 Loading class java/lang/Math$RandomNumberGeneratorHolder
Event: 45.223 Loading class java/lang/Math$RandomNumberGeneratorHolder done
Event: 45.225 Loading class java/util/DualPivotQuicksort
Event: 45.225 Loading class java/util/DualPivotQuicksort done
Event: 45.225 Loading class java/util/DualPivotQuicksort$PartitionOperation
Event: 45.225 Loading class java/util/DualPivotQuicksort$PartitionOperation done
Event: 45.226 Loading class java/util/DualPivotQuicksort$SortOperation
Event: 45.226 Loading class java/util/DualPivotQuicksort$SortOperation done
Event: 45.233 Loading class java/util/Formatter$FixedString
Event: 45.233 Loading class java/util/Formatter$FixedString done
Event: 45.233 Loading class java/io/FileOutputStream$1
Event: 45.233 Loading class java/io/FileOutputStream$1 done

Classes unloaded (0 events):
No events

Classes redefined (0 events):
No events

Internal exceptions (20 events):
Event: 45.226 Thread 0x0000019d9a1dc300 Exception <a 'java/lang/NoSuchMethodError'{0x0000000703600698}: 'void java.lang.invoke.DirectMethodHandle$Holder.invokeStatic(java.lang.Object, java.lang.Object, int, int)'> (0x0000000703600698) 
thrown [s\open\src\hotspot\share\interpreter\linkResolver.cpp, line 796]
Event: 58.339 Thread 0x0000019d9a1dc300 Exception <a 'java/lang/ClassNotFoundException'{0x0000000703573760}: sun/net/www/protocol/c/Handler> (0x0000000703573760) 
thrown [s\open\src\hotspot\share\classfile\systemDictionary.cpp, line 313]
Event: 91.819 Thread 0x0000019d9a1dc300 Exception <a 'java/lang/ClassNotFoundException'{0x0000000703909bb8}: sun/net/www/protocol/c/Handler> (0x0000000703909bb8) 
thrown [s\open\src\hotspot\share\classfile\systemDictionary.cpp, line 313]
Event: 105.373 Thread 0x0000019d9a1dc300 Exception <a 'java/lang/ClassNotFoundException'{0x0000000703cf9328}: sun/net/www/protocol/c/Handler> (0x0000000703cf9328) 
thrown [s\open\src\hotspot\share\classfile\systemDictionary.cpp, line 313]
Event: 131.342 Thread 0x0000019d9a1dc300 Exception <a 'java/lang/ClassNotFoundException'{0x0000000703f06508}: sun/net/www/protocol/c/Handler> (0x0000000703f06508) 
thrown [s\open\src\hotspot\share\classfile\systemDictionary.cpp, line 313]
Event: 144.808 Thread 0x0000019d9a1dc300 Exception <a 'java/lang/ClassNotFoundException'{0x0000000703a82720}: sun/net/www/protocol/c/Handler> (0x0000000703a82720) 
thrown [s\open\src\hotspot\share\classfile\systemDictionary.cpp, line 313]
Event: 144.844 Thread 0x0000019d9a1dc300 Implicit null exception at 0x0000019d90252718 to 0x0000019d90252f5c
Event: 147.961 Thread 0x0000019d9a1dc300 Implicit null exception at 0x0000019d9028eeb1 to 0x0000019d902920d0
Event: 147.961 Thread 0x0000019d9a1dc300 Implicit null exception at 0x0000019d9029b05d to 0x0000019d9029e2e8
Event: 159.666 Thread 0x0000019d9a1dc300 Exception <a 'java/lang/ClassNotFoundException'{0x0000000703cb4390}: sun/net/www/protocol/c/Handler> (0x0000000703cb4390) 
thrown [s\open\src\hotspot\share\classfile\systemDictionary.cpp, line 313]
Event: 164.813 Thread 0x0000019d9a1dc300 Exception <a 'java/io/FileNotFoundException'{0x0000000703e1d070}> (0x0000000703e1d070) 
thrown [s\open\src\hotspot\share\prims\jni.cpp, line 520]
Event: 164.981 Thread 0x0000019d9a1dc300 Exception <a 'java/io/FileNotFoundException'{0x0000000703ac34e0}> (0x0000000703ac34e0) 
thrown [s\open\src\hotspot\share\prims\jni.cpp, line 520]
Event: 193.388 Thread 0x0000019d9a1dc300 Exception <a 'java/lang/ClassNotFoundException'{0x000000070403b2b8}: sun/net/www/protocol/c/Handler> (0x000000070403b2b8) 
thrown [s\open\src\hotspot\share\classfile\systemDictionary.cpp, line 313]
Event: 204.505 Thread 0x0000019d9a1dc300 Exception <a 'java/io/FileNotFoundException'{0x00000007045fa518}> (0x00000007045fa518) 
thrown [s\open\src\hotspot\share\prims\jni.cpp, line 520]
Event: 204.673 Thread 0x0000019d9a1dc300 Exception <a 'java/io/FileNotFoundException'{0x0000000703e9a838}> (0x0000000703e9a838) 
thrown [s\open\src\hotspot\share\prims\jni.cpp, line 520]
Event: 213.252 Thread 0x0000019d9a1dc300 Exception <a 'java/lang/ClassNotFoundException'{0x0000000710fc1e50}: sun/net/www/protocol/c/Handler> (0x0000000710fc1e50) 
thrown [s\open\src\hotspot\share\classfile\systemDictionary.cpp, line 313]
Event: 223.026 Thread 0x0000019d9a1dc300 Exception <a 'java/lang/ClassNotFoundException'{0x0000000703abb058}: sun/net/www/protocol/c/Handler> (0x0000000703abb058) 
thrown [s\open\src\hotspot\share\classfile\systemDictionary.cpp, line 313]
Event: 238.610 Thread 0x0000019d9a1dc300 Exception <a 'java/lang/ClassNotFoundException'{0x0000000704763f20}: sun/net/www/protocol/c/Handler> (0x0000000704763f20) 
thrown [s\open\src\hotspot\share\classfile\systemDictionary.cpp, line 313]
Event: 250.529 Thread 0x0000019d9a1dc300 Exception <a 'java/lang/ClassNotFoundException'{0x000000070374bdb0}: sun/net/www/protocol/c/Handler> (0x000000070374bdb0) 
thrown [s\open\src\hotspot\share\classfile\systemDictionary.cpp, line 313]
Event: 250.563 Thread 0x0000019d9a1dc300 Implicit null exception at 0x0000019d906417fb to 0x0000019d90643220

VM Operations (20 events):
Event: 189.659 Executing VM operation: G1CollectForAllocation (G1 Evacuation Pause) done
Event: 202.339 Executing VM operation: G1CollectForAllocation (G1 Evacuation Pause)
Event: 202.340 Executing VM operation: G1CollectForAllocation (G1 Evacuation Pause) done
Event: 213.015 Executing VM operation: G1CollectForAllocation (G1 Evacuation Pause)
Event: 213.016 Executing VM operation: G1CollectForAllocation (G1 Evacuation Pause) done
Event: 215.864 Executing VM operation: G1CollectForAllocation (G1 Evacuation Pause)
Event: 215.865 Executing VM operation: G1CollectForAllocation (G1 Evacuation Pause) done
Event: 223.069 Executing VM operation: G1CollectForAllocation (G1 Evacuation Pause)
Event: 223.070 Executing VM operation: G1CollectForAllocation (G1 Evacuation Pause) done
Event: 237.685 Executing VM operation: G1CollectForAllocation (G1 Evacuation Pause)
Event: 237.686 Executing VM operation: G1CollectForAllocation (G1 Evacuation Pause) done
Event: 240.404 Executing VM operation: HandshakeAllThreads (HandshakeForDeflation)
Event: 240.404 Executing VM operation: HandshakeAllThreads (HandshakeForDeflation) done
Event: 240.404 Executing VM operation: RendezvousGCThreads
Event: 240.404 Executing VM operation: RendezvousGCThreads done
Event: 241.321 Executing VM operation: G1CollectForAllocation (G1 Evacuation Pause)
Event: 241.322 Executing VM operation: G1CollectForAllocation (G1 Evacuation Pause) done
Event: 250.533 Executing VM operation: G1CollectForAllocation (G1 Evacuation Pause)
Event: 250.535 Executing VM operation: G1CollectForAllocation (G1 Evacuation Pause) done
Event: 266.228 Executing VM operation: Exit

Memory protections (0 events):
No events

Nmethod flushes (20 events):
Event: 131.365 Thread 0x0000019d9a1b9370 flushing  nmethod 0x0000019d88968e88
Event: 131.365 Thread 0x0000019d9a1b9370 flushing  nmethod 0x0000019d8898b608
Event: 131.365 Thread 0x0000019d9a1b9370 flushing  nmethod 0x0000019d8899d608
Event: 131.365 Thread 0x0000019d9a1b9370 flushing  nmethod 0x0000019d8899d988
Event: 131.365 Thread 0x0000019d9a1b9370 flushing  nmethod 0x0000019d8899e088
Event: 131.365 Thread 0x0000019d9a1b9370 flushing  nmethod 0x0000019d8899e408
Event: 131.365 Thread 0x0000019d9a1b9370 flushing  nmethod 0x0000019d8899ea88
Event: 131.365 Thread 0x0000019d9a1b9370 flushing  nmethod 0x0000019d8899ed88
Event: 131.365 Thread 0x0000019d9a1b9370 flushing  nmethod 0x0000019d889a0d88
Event: 131.365 Thread 0x0000019d9a1b9370 flushing  nmethod 0x0000019d889e6b88
Event: 131.365 Thread 0x0000019d9a1b9370 flushing  nmethod 0x0000019d889e9788
Event: 131.365 Thread 0x0000019d9a1b9370 flushing  nmethod 0x0000019d889eb408
Event: 131.365 Thread 0x0000019d9a1b9370 flushing  nmethod 0x0000019d889ed488
Event: 131.365 Thread 0x0000019d9a1b9370 flushing  nmethod 0x0000019d889eda88
Event: 131.365 Thread 0x0000019d9a1b9370 flushing  nmethod 0x0000019d889ef808
Event: 131.365 Thread 0x0000019d9a1b9370 flushing  nmethod 0x0000019d88a13408
Event: 131.365 Thread 0x0000019d9a1b9370 flushing  nmethod 0x0000019d88ab3408
Event: 131.365 Thread 0x0000019d9a1b9370 flushing osr nmethod 0x0000019d88b51888
Event: 131.365 Thread 0x0000019d9a1b9370 flushing  nmethod 0x0000019d88b53188
Event: 131.365 Thread 0x0000019d9a1b9370 flushing  nmethod 0x0000019d88bd1b88

Events (20 events):
Event: 213.289 Thread 0x0000019d9a1ef310 Thread added: 0x0000019d9a72df00
Event: 213.722 Thread 0x0000019d9a72df00 Thread exited: 0x0000019d9a72df00
Event: 215.873 Thread 0x0000019d9a1e35d0 Thread added: 0x0000019d9a7307e0
Event: 216.441 Thread 0x0000019d9a7307e0 Thread exited: 0x0000019d9a7307e0
Event: 221.780 Thread 0x0000019de05c71b0 Thread exited: 0x0000019de05c71b0
Event: 221.810 Thread 0x0000019d9a1dc300 Thread added: 0x0000019de05c71b0
Event: 225.357 Thread 0x0000019d9a1ef310 Thread added: 0x0000019d9a731580
Event: 226.278 Thread 0x0000019d9a731580 Thread exited: 0x0000019d9a731580
Event: 226.445 Thread 0x0000019d9a1e35d0 Thread added: 0x0000019d9a72eca0
Event: 227.068 Thread 0x0000019d9a72eca0 Thread exited: 0x0000019d9a72eca0
Event: 241.592 Thread 0x0000019d9a1e35d0 Thread added: 0x0000019d9a734c00
Event: 242.144 Thread 0x0000019d9a734c00 Thread exited: 0x0000019d9a734c00
Event: 242.239 Thread 0x0000019d9a1ef310 Thread added: 0x0000019d9a731580
Event: 242.522 Thread 0x0000019d9a731580 Thread exited: 0x0000019d9a731580
Event: 251.811 Thread 0x0000019de05c71b0 Thread exited: 0x0000019de05c71b0
Event: 266.227 Thread 0x0000019d9a1dc300 Thread added: 0x0000019de05c71b0
Event: 266.227 Thread 0x0000019d9a1dc300 Thread added: 0x0000019de05c8560
Event: 266.227 Thread 0x0000019de05c71b0 Thread exited: 0x0000019de05c71b0
Event: 266.228 Thread 0x0000019de05c8560 Thread exited: 0x0000019de05c8560
Event: 266.228 Thread 0x0000019d9a1dc300 Before exit entered


Dynamic libraries:
0x00007ff744120000 - 0x00007ff74412e000 	C:\Users\Anwender\.jdks\openjdk-23.0.1\bin\java.exe
0x00007ff9f9410000 - 0x00007ff9f9608000 	C:\WINDOWS\SYSTEM32\ntdll.dll
0x00007ff9f8130000 - 0x00007ff9f81f2000 	C:\WINDOWS\System32\KERNEL32.DLL
0x00007ff9f6c00000 - 0x00007ff9f6eff000 	C:\WINDOWS\System32\KERNELBASE.dll
0x00007ff9f6f80000 - 0x00007ff9f7080000 	C:\WINDOWS\System32\ucrtbase.dll
0x00007ff9f38c0000 - 0x00007ff9f38d7000 	C:\Users\Anwender\.jdks\openjdk-23.0.1\bin\jli.dll
0x00007ff9f38a0000 - 0x00007ff9f38bb000 	C:\Users\Anwender\.jdks\openjdk-23.0.1\bin\VCRUNTIME140.dll
0x00007ff9f88e0000 - 0x00007ff9f8a7d000 	C:\WINDOWS\System32\USER32.dll
0x00007ff9f73f0000 - 0x00007ff9f7412000 	C:\WINDOWS\System32\win32u.dll
0x00007ff9f8c50000 - 0x00007ff9f8c7b000 	C:\WINDOWS\System32\GDI32.dll
0x00007ff9e26d0000 - 0x00007ff9e296a000 	C:\WINDOWS\WinSxS\amd64_microsoft.windows.common-controls_6595b64144ccf1df_6.0.19041.4355_none_60b8b9eb71f62e16\COMCTL32.dll
0x00007ff9f7180000 - 0x00007ff9f7297000 	C:\WINDOWS\System32\gdi32full.dll
0x00007ff9f78c0000 - 0x00007ff9f795e000 	C:\WINDOWS\System32\msvcrt.dll
0x00007ff9f7350000 - 0x00007ff9f73ed000 	C:\WINDOWS\System32\msvcp_win.dll
0x00007ff9f8c80000 - 0x00007ff9f8caf000 	C:\WINDOWS\System32\IMM32.DLL
0x00007ff9f4110000 - 0x00007ff9f411c000 	C:\Users\Anwender\.jdks\openjdk-23.0.1\bin\vcruntime140_1.dll
0x00007ff9f3810000 - 0x00007ff9f389e000 	C:\Users\Anwender\.jdks\openjdk-23.0.1\bin\msvcp140.dll
0x00007ff8f7840000 - 0x00007ff8f858f000 	C:\Users\Anwender\.jdks\openjdk-23.0.1\bin\server\jvm.dll
0x00007ff9f9310000 - 0x00007ff9f93c1000 	C:\WINDOWS\System32\ADVAPI32.dll
0x00007ff9f8ae0000 - 0x00007ff9f8b7f000 	C:\WINDOWS\System32\sechost.dll
0x00007ff9f8d80000 - 0x00007ff9f8ea3000 	C:\WINDOWS\System32\RPCRT4.dll
0x00007ff9f6f00000 - 0x00007ff9f6f27000 	C:\WINDOWS\System32\bcrypt.dll
0x00007ff9f8b80000 - 0x00007ff9f8beb000 	C:\WINDOWS\System32\WS2_32.dll
0x00007ff9f6030000 - 0x00007ff9f607b000 	C:\WINDOWS\SYSTEM32\POWRPROF.dll
0x00007ff9eef20000 - 0x00007ff9eef2a000 	C:\WINDOWS\SYSTEM32\VERSION.dll
0x00007ff9ed3c0000 - 0x00007ff9ed3e7000 	C:\WINDOWS\SYSTEM32\WINMM.dll
0x00007ff9f5ea0000 - 0x00007ff9f5eb2000 	C:\WINDOWS\SYSTEM32\UMPDC.dll
0x00007ff9f4940000 - 0x00007ff9f4952000 	C:\WINDOWS\SYSTEM32\kernel.appcore.dll
0x00007ff9f3900000 - 0x00007ff9f390a000 	C:\Users\Anwender\.jdks\openjdk-23.0.1\bin\jimage.dll
0x00007ff9ec410000 - 0x00007ff9ec5f4000 	C:\WINDOWS\SYSTEM32\DBGHELP.DLL
0x00007ff9d0fc0000 - 0x00007ff9d0ff4000 	C:\WINDOWS\SYSTEM32\dbgcore.DLL
0x00007ff9f70f0000 - 0x00007ff9f7172000 	C:\WINDOWS\System32\bcryptPrimitives.dll
0x00007ff9f3230000 - 0x00007ff9f323f000 	C:\Users\Anwender\.jdks\openjdk-23.0.1\bin\instrument.dll
0x00007ff9f0b60000 - 0x00007ff9f0b7e000 	C:\Users\Anwender\.jdks\openjdk-23.0.1\bin\java.dll
0x00007ff9f8660000 - 0x00007ff9f878b000 	C:\WINDOWS\System32\ole32.dll
0x00007ff9f8ec0000 - 0x00007ff9f9215000 	C:\WINDOWS\System32\combase.dll
0x00007ff9f79c0000 - 0x00007ff9f812e000 	C:\WINDOWS\System32\SHELL32.dll
0x00007ff9f4b40000 - 0x00007ff9f52e4000 	C:\WINDOWS\SYSTEM32\windows.storage.dll
0x00007ff9f64d0000 - 0x00007ff9f64ff000 	C:\WINDOWS\SYSTEM32\Wldp.dll
0x00007ff9f8cb0000 - 0x00007ff9f8d7d000 	C:\WINDOWS\System32\OLEAUT32.dll
0x00007ff9f8830000 - 0x00007ff9f88dd000 	C:\WINDOWS\System32\SHCORE.dll
0x00007ff9f8bf0000 - 0x00007ff9f8c45000 	C:\WINDOWS\System32\shlwapi.dll
0x00007ff9f69d0000 - 0x00007ff9f69f4000 	C:\WINDOWS\SYSTEM32\profapi.dll
0x00007ff9acd20000 - 0x00007ff9acdf7000 	C:\Users\Anwender\.jdks\openjdk-23.0.1\bin\jsvml.dll
0x00007ff9f2f20000 - 0x00007ff9f2f30000 	C:\Users\Anwender\.jdks\openjdk-23.0.1\bin\net.dll
0x00007ff9f6230000 - 0x00007ff9f629a000 	C:\WINDOWS\system32\mswsock.dll
0x00007ff9e5f90000 - 0x00007ff9e5fa6000 	C:\Users\Anwender\.jdks\openjdk-23.0.1\bin\nio.dll
0x00007ff9e4eb0000 - 0x00007ff9e4ec7000 	C:\Users\Anwender\.jdks\openjdk-23.0.1\bin\zip.dll
0x00007ff9d76e0000 - 0x00007ff9d76fa000 	C:\Program Files\JetBrains\IntelliJ IDEA 2024.2.4\bin\breakgen64.dll
0x00007ff9f2dc0000 - 0x00007ff9f2dc9000 	C:\Users\Anwender\.jdks\openjdk-23.0.1\bin\extnet.dll
0x0000019d9ae30000 - 0x0000019d9ae33000 	C:\Users\Anwender\Downloads\openjfx-23.0.1_windows-x64_bin-sdk\javafx-sdk-23.0.1\bin\api-ms-win-core-console-l1-1-0.dll
0x0000019d9ae40000 - 0x0000019d9ae43000 	C:\Users\Anwender\Downloads\openjfx-23.0.1_windows-x64_bin-sdk\javafx-sdk-23.0.1\bin\api-ms-win-core-console-l1-2-0.dll
0x0000019d9af80000 - 0x0000019d9af83000 	C:\Users\Anwender\Downloads\openjfx-23.0.1_windows-x64_bin-sdk\javafx-sdk-23.0.1\bin\api-ms-win-core-datetime-l1-1-0.dll
0x0000019d9ae50000 - 0x0000019d9ae53000 	C:\Users\Anwender\Downloads\openjfx-23.0.1_windows-x64_bin-sdk\javafx-sdk-23.0.1\bin\api-ms-win-core-debug-l1-1-0.dll
0x0000019d9ae60000 - 0x0000019d9ae63000 	C:\Users\Anwender\Downloads\openjfx-23.0.1_windows-x64_bin-sdk\javafx-sdk-23.0.1\bin\api-ms-win-core-errorhandling-l1-1-0.dll
0x0000019d9ae70000 - 0x0000019d9ae74000 	C:\Users\Anwender\Downloads\openjfx-23.0.1_windows-x64_bin-sdk\javafx-sdk-23.0.1\bin\api-ms-win-core-file-l1-1-0.dll
0x0000019d9ae80000 - 0x0000019d9ae83000 	C:\Users\Anwender\Downloads\openjfx-23.0.1_windows-x64_bin-sdk\javafx-sdk-23.0.1\bin\api-ms-win-core-file-l1-2-0.dll
0x0000019d9ae90000 - 0x0000019d9ae93000 	C:\Users\Anwender\Downloads\openjfx-23.0.1_windows-x64_bin-sdk\javafx-sdk-23.0.1\bin\api-ms-win-core-file-l2-1-0.dll
0x0000019d9aea0000 - 0x0000019d9aea3000 	C:\Users\Anwender\Downloads\openjfx-23.0.1_windows-x64_bin-sdk\javafx-sdk-23.0.1\bin\api-ms-win-core-handle-l1-1-0.dll
0x0000019d9aeb0000 - 0x0000019d9aeb3000 	C:\Users\Anwender\Downloads\openjfx-23.0.1_windows-x64_bin-sdk\javafx-sdk-23.0.1\bin\api-ms-win-core-heap-l1-1-0.dll
0x0000019d9aec0000 - 0x0000019d9aec3000 	C:\Users\Anwender\Downloads\openjfx-23.0.1_windows-x64_bin-sdk\javafx-sdk-23.0.1\bin\api-ms-win-core-interlocked-l1-1-0.dll
0x0000019d9aed0000 - 0x0000019d9aed3000 	C:\Users\Anwender\Downloads\openjfx-23.0.1_windows-x64_bin-sdk\javafx-sdk-23.0.1\bin\api-ms-win-core-libraryloader-l1-1-0.dll
0x0000019d9aee0000 - 0x0000019d9aee3000 	C:\Users\Anwender\Downloads\openjfx-23.0.1_windows-x64_bin-sdk\javafx-sdk-23.0.1\bin\api-ms-win-core-localization-l1-2-0.dll
0x0000019d9aef0000 - 0x0000019d9aef3000 	C:\Users\Anwender\Downloads\openjfx-23.0.1_windows-x64_bin-sdk\javafx-sdk-23.0.1\bin\api-ms-win-core-memory-l1-1-0.dll
0x0000019d9af00000 - 0x0000019d9af03000 	C:\Users\Anwender\Downloads\openjfx-23.0.1_windows-x64_bin-sdk\javafx-sdk-23.0.1\bin\api-ms-win-core-namedpipe-l1-1-0.dll
0x0000019d9af10000 - 0x0000019d9af13000 	C:\Users\Anwender\Downloads\openjfx-23.0.1_windows-x64_bin-sdk\javafx-sdk-23.0.1\bin\api-ms-win-core-processenvironment-l1-1-0.dll
0x0000019d9af20000 - 0x0000019d9af23000 	C:\Users\Anwender\Downloads\openjfx-23.0.1_windows-x64_bin-sdk\javafx-sdk-23.0.1\bin\api-ms-win-core-processthreads-l1-1-0.dll
0x0000019d9af30000 - 0x0000019d9af33000 	C:\Users\Anwender\Downloads\openjfx-23.0.1_windows-x64_bin-sdk\javafx-sdk-23.0.1\bin\api-ms-win-core-processthreads-l1-1-1.dll
0x0000019d9af40000 - 0x0000019d9af43000 	C:\Users\Anwender\Downloads\openjfx-23.0.1_windows-x64_bin-sdk\javafx-sdk-23.0.1\bin\api-ms-win-core-profile-l1-1-0.dll
0x0000019d9af50000 - 0x0000019d9af53000 	C:\Users\Anwender\Downloads\openjfx-23.0.1_windows-x64_bin-sdk\javafx-sdk-23.0.1\bin\api-ms-win-core-rtlsupport-l1-1-0.dll
0x0000019d9af60000 - 0x0000019d9af63000 	C:\Users\Anwender\Downloads\openjfx-23.0.1_windows-x64_bin-sdk\javafx-sdk-23.0.1\bin\api-ms-win-core-string-l1-1-0.dll
0x0000019d9af70000 - 0x0000019d9af73000 	C:\Users\Anwender\Downloads\openjfx-23.0.1_windows-x64_bin-sdk\javafx-sdk-23.0.1\bin\api-ms-win-core-synch-l1-1-0.dll
0x0000019d9af90000 - 0x0000019d9af93000 	C:\Users\Anwender\Downloads\openjfx-23.0.1_windows-x64_bin-sdk\javafx-sdk-23.0.1\bin\api-ms-win-core-synch-l1-2-0.dll
0x0000019d9afa0000 - 0x0000019d9afa3000 	C:\Users\Anwender\Downloads\openjfx-23.0.1_windows-x64_bin-sdk\javafx-sdk-23.0.1\bin\api-ms-win-core-sysinfo-l1-1-0.dll
0x0000019d9afb0000 - 0x0000019d9afb3000 	C:\Users\Anwender\Downloads\openjfx-23.0.1_windows-x64_bin-sdk\javafx-sdk-23.0.1\bin\api-ms-win-core-timezone-l1-1-0.dll
0x0000019d9afc0000 - 0x0000019d9afc3000 	C:\Users\Anwender\Downloads\openjfx-23.0.1_windows-x64_bin-sdk\javafx-sdk-23.0.1\bin\api-ms-win-core-util-l1-1-0.dll
0x0000019d9afd0000 - 0x0000019d9afd3000 	C:\Users\Anwender\Downloads\openjfx-23.0.1_windows-x64_bin-sdk\javafx-sdk-23.0.1\bin\api-ms-win-crt-conio-l1-1-0.dll
0x0000019d9afe0000 - 0x0000019d9afe4000 	C:\Users\Anwender\Downloads\openjfx-23.0.1_windows-x64_bin-sdk\javafx-sdk-23.0.1\bin\api-ms-win-crt-convert-l1-1-0.dll
0x0000019d9aff0000 - 0x0000019d9aff3000 	C:\Users\Anwender\Downloads\openjfx-23.0.1_windows-x64_bin-sdk\javafx-sdk-23.0.1\bin\api-ms-win-crt-environment-l1-1-0.dll
0x0000019de0fd0000 - 0x0000019de0fd3000 	C:\Users\Anwender\Downloads\openjfx-23.0.1_windows-x64_bin-sdk\javafx-sdk-23.0.1\bin\api-ms-win-crt-filesystem-l1-1-0.dll
0x0000019de0fe0000 - 0x0000019de0fe3000 	C:\Users\Anwender\Downloads\openjfx-23.0.1_windows-x64_bin-sdk\javafx-sdk-23.0.1\bin\api-ms-win-crt-heap-l1-1-0.dll
0x0000019de0ff0000 - 0x0000019de0ff3000 	C:\Users\Anwender\Downloads\openjfx-23.0.1_windows-x64_bin-sdk\javafx-sdk-23.0.1\bin\api-ms-win-crt-locale-l1-1-0.dll
0x0000019de1000000 - 0x0000019de1005000 	C:\Users\Anwender\Downloads\openjfx-23.0.1_windows-x64_bin-sdk\javafx-sdk-23.0.1\bin\api-ms-win-crt-math-l1-1-0.dll
0x0000019de1010000 - 0x0000019de1015000 	C:\Users\Anwender\Downloads\openjfx-23.0.1_windows-x64_bin-sdk\javafx-sdk-23.0.1\bin\api-ms-win-crt-multibyte-l1-1-0.dll
0x0000019de1020000 - 0x0000019de1030000 	C:\Users\Anwender\Downloads\openjfx-23.0.1_windows-x64_bin-sdk\javafx-sdk-23.0.1\bin\api-ms-win-crt-private-l1-1-0.dll
0x0000019de1030000 - 0x0000019de1033000 	C:\Users\Anwender\Downloads\openjfx-23.0.1_windows-x64_bin-sdk\javafx-sdk-23.0.1\bin\api-ms-win-crt-process-l1-1-0.dll
0x0000019de1040000 - 0x0000019de1044000 	C:\Users\Anwender\Downloads\openjfx-23.0.1_windows-x64_bin-sdk\javafx-sdk-23.0.1\bin\api-ms-win-crt-runtime-l1-1-0.dll
0x0000019de13c0000 - 0x0000019de13c4000 	C:\Users\Anwender\Downloads\openjfx-23.0.1_windows-x64_bin-sdk\javafx-sdk-23.0.1\bin\api-ms-win-crt-stdio-l1-1-0.dll
0x0000019de13d0000 - 0x0000019de13d4000 	C:\Users\Anwender\Downloads\openjfx-23.0.1_windows-x64_bin-sdk\javafx-sdk-23.0.1\bin\api-ms-win-crt-string-l1-1-0.dll
0x0000019de13e0000 - 0x0000019de13e3000 	C:\Users\Anwender\Downloads\openjfx-23.0.1_windows-x64_bin-sdk\javafx-sdk-23.0.1\bin\api-ms-win-crt-time-l1-1-0.dll
0x0000019de13f0000 - 0x0000019de13f3000 	C:\Users\Anwender\Downloads\openjfx-23.0.1_windows-x64_bin-sdk\javafx-sdk-23.0.1\bin\api-ms-win-crt-utility-l1-1-0.dll
0x00007ff97c0c0000 - 0x00007ff97c1bc000 	C:\Users\Anwender\Downloads\openjfx-23.0.1_windows-x64_bin-sdk\javafx-sdk-23.0.1\bin\ucrtbase.dll
0x00007ff9d0930000 - 0x00007ff9d094b000 	C:\Users\Anwender\Downloads\openjfx-23.0.1_windows-x64_bin-sdk\javafx-sdk-23.0.1\bin\vcruntime140.dll
0x00007ff9e4720000 - 0x00007ff9e472c000 	C:\Users\Anwender\Downloads\openjfx-23.0.1_windows-x64_bin-sdk\javafx-sdk-23.0.1\bin\vcruntime140_1.dll
0x00007ff98ce40000 - 0x00007ff98cece000 	C:\Users\Anwender\Downloads\openjfx-23.0.1_windows-x64_bin-sdk\javafx-sdk-23.0.1\bin\msvcp140.dll
0x00007ff9d1000000 - 0x00007ff9d1009000 	C:\Users\Anwender\Downloads\openjfx-23.0.1_windows-x64_bin-sdk\javafx-sdk-23.0.1\bin\msvcp140_1.dll
0x00007ff9c70d0000 - 0x00007ff9c7111000 	C:\Users\Anwender\Downloads\openjfx-23.0.1_windows-x64_bin-sdk\javafx-sdk-23.0.1\bin\msvcp140_2.dll
0x00007ff9c8380000 - 0x00007ff9c83b0000 	C:\Users\Anwender\Downloads\openjfx-23.0.1_windows-x64_bin-sdk\javafx-sdk-23.0.1\bin\prism_d3d.dll
0x00007ff9d3970000 - 0x00007ff9d3b41000 	C:\WINDOWS\system32\d3d9.dll
0x00007ff9f4760000 - 0x00007ff9f478f000 	C:\WINDOWS\SYSTEM32\dwmapi.dll
0x00007ff9f4450000 - 0x00007ff9f44ee000 	C:\WINDOWS\system32\uxtheme.dll
0x00007ff9e9c60000 - 0x00007ff9e9d24000 	C:\WINDOWS\System32\DriverStore\FileRepository\nv_dispi.inf_amd64_adf5a840df867035\nvldumdx.dll
0x00007ff9f6660000 - 0x00007ff9f6672000 	C:\WINDOWS\SYSTEM32\msasn1.dll
0x00007ff9eed70000 - 0x00007ff9eeda1000 	C:\WINDOWS\SYSTEM32\cryptnet.dll
0x00007ff9f6aa0000 - 0x00007ff9f6bfc000 	C:\WINDOWS\System32\CRYPT32.dll
0x00007ff9f6420000 - 0x00007ff9f642c000 	C:\WINDOWS\SYSTEM32\cryptbase.dll
0x00007ff9eec00000 - 0x00007ff9eed47000 	C:\WINDOWS\SYSTEM32\drvstore.dll
0x00007ff9f6830000 - 0x00007ff9f6863000 	C:\WINDOWS\SYSTEM32\devobj.dll
0x00007ff9f6f30000 - 0x00007ff9f6f7e000 	C:\WINDOWS\System32\cfgmgr32.dll
0x00007ff9f7080000 - 0x00007ff9f70e9000 	C:\WINDOWS\System32\wintrust.dll
0x00007ff9f78a0000 - 0x00007ff9f78bd000 	C:\WINDOWS\System32\imagehlp.dll
0x00007ff9f6430000 - 0x00007ff9f6448000 	C:\WINDOWS\SYSTEM32\CRYPTSP.dll
0x00007ff9f5ae0000 - 0x00007ff9f5b14000 	C:\WINDOWS\system32\rsaenh.dll
0x00007ff9e6140000 - 0x00007ff9e8e50000 	C:\WINDOWS\System32\DriverStore\FileRepository\nv_dispi.inf_amd64_adf5a840df867035\nvgpucomp64.dll
0x00007ff93c440000 - 0x00007ff93e1cc000 	C:\WINDOWS\System32\DriverStore\FileRepository\nv_dispi.inf_amd64_adf5a840df867035\nvd3dumx.dll
0x00007ff9c5fb0000 - 0x00007ff9c5ff5000 	C:\Users\Anwender\Downloads\openjfx-23.0.1_windows-x64_bin-sdk\javafx-sdk-23.0.1\bin\glass.dll
0x00007ff9f8320000 - 0x00007ff9f83fa000 	C:\WINDOWS\System32\COMDLG32.dll
0x00007ff9f8200000 - 0x00007ff9f8315000 	C:\WINDOWS\System32\MSCTF.dll
0x00007ff98bc50000 - 0x00007ff98bf20000 	C:\WINDOWS\system32\nvspcap64.dll
0x00007ff9f5d30000 - 0x00007ff9f5d63000 	C:\WINDOWS\SYSTEM32\ntmarta.dll
0x00007ff9f5300000 - 0x00007ff9f5323000 	C:\WINDOWS\SYSTEM32\gpapi.dll
0x00007ff9a64c0000 - 0x00007ff9a6615000 	C:\WINDOWS\System32\DriverStore\FileRepository\nv_dispi.inf_amd64_adf5a840df867035\nvppex.dll
0x00007ff9ea0d0000 - 0x00007ff9ea10b000 	C:\WINDOWS\SYSTEM32\dxcore.dll
0x00007ff9f8400000 - 0x00007ff9f84a9000 	C:\WINDOWS\System32\clbcatq.dll
0x00007ff9e9620000 - 0x00007ff9e975f000 	C:\Windows\System32\Windows.UI.dll
0x00007ff9e93c0000 - 0x00007ff9e9512000 	C:\Windows\System32\InputHost.dll
0x00007ff9edbe0000 - 0x00007ff9edc81000 	C:\Windows\System32\WindowManagementAPI.dll
0x00007ff9e9520000 - 0x00007ff9e9619000 	C:\Windows\System32\TextInputFramework.dll

dbghelp: loaded successfully - version: 4.0.5 - missing functions: none
symbol engine: initialized successfully - sym options: 0x614 - pdb path: .;C:\Users\Anwender\.jdks\openjdk-23.0.1\bin;C:\WINDOWS\SYSTEM32;C:\WINDOWS\WinSxS\amd64_microsoft.windows.common-controls_6595b64144ccf1df_6.0.19041.4355_none_60b8b9eb71f62e16;C:\Users\Anwender\.jdks\openjdk-23.0.1\bin\server;C:\Program Files\JetBrains\IntelliJ IDEA 2024.2.4\bin;C:\Users\Anwender\Downloads\openjfx-23.0.1_windows-x64_bin-sdk\javafx-sdk-23.0.1\bin;C:\WINDOWS\System32\DriverStore\FileRepository\nv_dispi.inf_amd64_adf5a840df867035;C:\Program Files\Common Files\Microsoft Shared\Ink

VM Arguments:
jvm_args: --module-path=C:\Users\Anwender\Downloads\openjfx-23.0.1_windows-x64_bin-sdk\javafx-sdk-23.0.1\lib --add-modules=javafx.controls,javafx.fxml --enable-preview -javaagent:C:\Program Files\JetBrains\IntelliJ IDEA 2024.2.4\lib\idea_rt.jar=19598:C:\Program Files\JetBrains\IntelliJ IDEA 2024.2.4\bin -Dfile.encoding=UTF-8 -Dsun.stdout.encoding=UTF-8 -Dsun.stderr.encoding=UTF-8 
java_command: Main
java_class_path (initial): C:\Users\Anwender\IdeaProjects\demo3\target\classes;C:\Users\Anwender\.m2\repository\org\openjfx\javafx-controls\17.0.6\javafx-controls-17.0.6.jar;C:\Users\Anwender\.m2\repository\org\openjfx\javafx-controls\17.0.6\javafx-controls-17.0.6-win.jar;C:\Users\Anwender\.m2\repository\org\openjfx\javafx-graphics\17.0.6\javafx-graphics-17.0.6.jar;C:\Users\Anwender\.m2\repository\org\openjfx\javafx-graphics\17.0.6\javafx-graphics-17.0.6-win.jar;C:\Users\Anwender\.m2\repository\org\openjfx\javafx-base\17.0.6\javafx-base-17.0.6.jar;C:\Users\Anwender\.m2\repository\org\openjfx\javafx-base\17.0.6\javafx-base-17.0.6-win.jar;C:\Users\Anwender\.m2\repository\org\openjfx\javafx-fxml\17.0.6\javafx-fxml-17.0.6.jar;C:\Users\Anwender\.m2\repository\org\openjfx\javafx-fxml\17.0.6\javafx-fxml-17.0.6-win.jar;C:\Users\Anwender\.m2\repository\com\itextpdf\itextpdf\5.5.13.2\itextpdf-5.5.13.2.jar;C:\Users\Anwender\Downloads\postgresql-42.7.4.jar
Launcher Type: SUN_STANDARD

[Global flags]
     intx CICompilerCount                          = 4                                         {product} {ergonomic}
     uint ConcGCThreads                            = 3                                         {product} {ergonomic}
     uint G1ConcRefinementThreads                  = 10                                        {product} {ergonomic}
   size_t G1HeapRegionSize                         = 2097152                                   {product} {ergonomic}
   size_t InitialHeapSize                          = 268435456                                 {product} {ergonomic}
   size_t MarkStackSize                            = 4194304                                   {product} {ergonomic}
   size_t MarkStackSizeMax                         = 536870912                                 {product} {ergonomic}
   size_t MaxHeapSize                              = 4278190080                                {product} {ergonomic}
   size_t MaxNewSize                               = 2566914048                                {product} {ergonomic}
   size_t MinHeapDeltaBytes                        = 2097152                                   {product} {ergonomic}
   size_t MinHeapSize                              = 8388608                                   {product} {ergonomic}
    uintx NonNMethodCodeHeapSize                   = 5832704                                {pd product} {ergonomic}
    uintx NonProfiledCodeHeapSize                  = 122945536                              {pd product} {ergonomic}
    uintx ProfiledCodeHeapSize                     = 122880000                              {pd product} {ergonomic}
    uintx ReservedCodeCacheSize                    = 251658240                              {pd product} {ergonomic}
     bool SegmentedCodeCache                       = true                                      {product} {ergonomic}
   size_t SoftMaxHeapSize                          = 4278190080                             {manageable} {ergonomic}
     bool UseCompressedOops                        = true                           {product lp64_product} {ergonomic}
     bool UseG1GC                                  = true                                      {product} {ergonomic}
     bool UseLargePagesIndividualAllocation        = false                                  {pd product} {ergonomic}

Logging:
Log output configuration:
 #0: stdout all=off uptime,level,tags foldmultilines=false
 #1: stderr all=off uptime,level,tags foldmultilines=false

Environment Variables:
CLASSPATH=C:\Users\Anwender\Downloads\openjfx-23.0.1_windows-x64_bin-sdk\javafx-sdk-23.0.1\bin
PATH=C:\Program Files\Common Files\Oracle\Java\javapath;C:\WINDOWS\system32;C:\WINDOWS;C:\WINDOWS\System32\Wbem;C:\WINDOWS\System32\WindowsPowerShell\v1.0\;C:\WINDOWS\System32\OpenSSH\;C:\Program Files\NVIDIA Corporation\NVIDIA NvDLISR;C:\Program Files (x86)\NVIDIA Corporation\PhysX\Common;C:\Program Files\dotnet\;C:\Users\Anwender\.jdks\openjdk-23.0.1\bin;C:\Users\Anwender\Downloads\openjfx-23.0.1_windows-x64_bin-sdk\javafx-sdk-23.0.1\bin;C:\Users\Anwender\AppData\Local\Programs\Python\Python312\Scripts\;C:\Users\Anwender\AppData\Local\Programs\Python\Python312\;C:\Users\Anwender\AppData\Local\Microsoft\WindowsApps;C:\Users\Anwender\AppData\Local\Programs\Microsoft VS Code\bin;C:\Users\Anwender\.jdks\openjdk-23.0.1\bin;
USERNAME=Anwender
OS=Windows_NT
PROCESSOR_IDENTIFIER=AMD64 Family 23 Model 113 Stepping 0, AuthenticAMD
TMP=C:\Users\Anwender\AppData\Local\Temp
TEMP=C:\Users\Anwender\AppData\Local\Temp




Periodic native trim disabled

---------------  S Y S T E M  ---------------

OS:
 Windows 10 , 64 bit Build 19041 (10.0.19041.5198)
OS uptime: 6 days 16:50 hours

CPU: total 12 (initial active 12) (12 cores per cpu, 2 threads per core) family 23 model 113 stepping 0 microcode 0x0, cx8, cmov, fxsr, ht, mmx, 3dnowpref, sse, sse2, sse3, ssse3, sse4a, sse4.1, sse4.2, popcnt, lzcnt, tsc, tscinvbit, avx, avx2, aes, clmul, bmi1, bmi2, adx, sha, fma, vzeroupper, clflush, clflushopt, rdtscp, rdpid, f16c
Processor Information for the first 12 processors :
  Max Mhz: 3593, Current Mhz: 3593, Mhz Limit: 3593

Memory: 4k page, system-wide physical 16313M (4945M free)
TotalPageFile size 23993M (AvailPageFile size 6413M)
current process WorkingSet (physical memory assigned to process): 234M, peak: 238M
current process commit charge ("private bytes"): 339M, peak: 517M

vm_info: OpenJDK 64-Bit Server VM (23.0.1+11-39) for windows-amd64 JRE (23.0.1+11-39), built on 2024-09-30T07:20:43Z with MS VC++ 17.6 (VS2022)

END.
