#
# A fatal error has been detected by the Java Runtime Environment:
#
#  EXCEPTION_ACCESS_VIOLATION (0xc0000005) at pc=0x00007ffc829b8427, pid=12564, tid=10344
#
# JRE version: OpenJDK Runtime Environment (23.0.1+11) (build 23.0.1+11-39)
# Java VM: OpenJDK 64-Bit Server VM (23.0.1+11-39, mixed mode, sharing, tiered, compressed oops, compressed class ptrs, g1 gc, windows-amd64)
# Problematic frame:
# C  [glass.dll+0x28427]
#
# No core dump will be written. Minidumps are not enabled by default on client versions of Windows
#
# If you would like to submit a bug report, please visit:
#   https://bugreport.java.com/bugreport/crash.jsp
#

---------------  S U M M A R Y ------------

Command Line: --module-path=C:\Users\Anwender\Downloads\openjfx-23.0.1_windows-x64_bin-sdk\javafx-sdk-23.0.1\lib --add-modules=javafx.controls,javafx.fxml --enable-preview -javaagent:C:\Program Files\JetBrains\IntelliJ IDEA 2024.2.4\lib\idea_rt.jar=5017:C:\Program Files\JetBrains\IntelliJ IDEA 2024.2.4\bin -Dfile.encoding=UTF-8 -Dsun.stdout.encoding=UTF-8 -Dsun.stderr.encoding=UTF-8 Main

Host: AMD Ryzen 5 3600 6-Core Processor              , 12 cores, 15G,  Windows 10 , 64 bit Build 19041 (10.0.19041.5678)
Time: Mon Apr 14 22:09:06 2025 Mitteleuropäische Sommerzeit elapsed time: 29.416348 seconds (0d 0h 0m 29s)

---------------  T H R E A D  ---------------

Current thread (0x000001f89f288b60):  VMThread "VM Thread"          [id=10344, stack(0x00000039e2500000,0x00000039e2600000) (1024K)]

Stack: [0x00000039e2500000,0x00000039e2600000],  sp=0x00000039e25fecc0,  free space=1019k
Native frames: (J=compiled Java code, j=interpreted, Vv=VM code, C=native code)
C  [glass.dll+0x28427]  (no source info available)
C  [ucrtbase.dll+0x142d6]  (no source info available)
C  [ucrtbase.dll+0x141fb]  (no source info available)
C  [ucrtbase.dll+0x141b4]  (no source info available)
C  [glass.dll+0x25bbd]  (no source info available)
C  [glass.dll+0x25ce2]  (no source info available)
C  [ntdll.dll+0x19a1d]  (no source info available)
C  [ntdll.dll+0x5f1ca]  (no source info available)
C  [ntdll.dll+0x5ef7d]  (no source info available)
C  [KERNEL32.DLL+0x1e3eb]  (no source info available)
C  [ucrtbase.dll+0x205bc]  (no source info available)
C  [ucrtbase.dll+0x2045f]  (no source info available)
V  [jvm.dll+0x6d990c]  (no source info available)
V  [jvm.dll+0x6d9440]  (no source info available)
V  [jvm.dll+0x3da534]  (no source info available)
V  [jvm.dll+0x886720]  (no source info available)
V  [jvm.dll+0x887a47]  (no source info available)
V  [jvm.dll+0x887f78]  (no source info available)
V  [jvm.dll+0x888213]  (no source info available)
V  [jvm.dll+0x824f8b]  (no source info available)
V  [jvm.dll+0x6df065]  (no source info available)
C  [ucrtbase.dll+0x21bb2]  (no source info available)
C  [KERNEL32.DLL+0x17374]  (no source info available)
C  [ntdll.dll+0x4cc91]  (no source info available)


siginfo: EXCEPTION_ACCESS_VIOLATION (0xc0000005), reading address 0x0000000000000000


Registers:
RAX=0x0000000000000000, RBX=0x000001f89f2935da, RCX=0x000001f89f288b60, RDX=0x00000039e25fecc0
RSP=0x00000039e25fecc0, RBP=0x000001f8e5b94138, RSI=0x000001f8e5b94110, RDI=0x00007f264474b725
R8 =0x0000000000010002, R9 =0x00007f264474b725, R10=0x0000000000008000, R11=0x00000039e25fec50
R12=0x00007ffc829b5d30, R13=0x00007ffc70dfb760, R14=0x00000039e25fedb8, R15=0x000001f8e5b94110
RIP=0x00007ffc829b8427, EFLAGS=0x0000000000010206


Register to memory mapping:

RAX=0x0 is null
RBX=0x000001f89f2935da is a global jni handle
RCX=0x000001f89f288b60 points into unknown readable memory: 0x00007ffc70bff688 | 88 f6 bf 70 fc 7f 00 00
RDX=0x00000039e25fecc0 points into unknown readable memory: 0x0000000000000000 | 00 00 00 00 00 00 00 00
RSP=0x00000039e25fecc0 points into unknown readable memory: 0x0000000000000000 | 00 00 00 00 00 00 00 00
RBP=0x000001f8e5b94138 points into unknown readable memory: 0x00007f264474b725 | 25 b7 74 44 26 7f 00 00
RSI=0x000001f8e5b94110 points into unknown readable memory: 0x536b7626447b48b5 | b5 48 7b 44 26 76 6b 53
RDI=0x00007f264474b725 is an unknown value
R8 =0x0000000000010002 is an unknown value
R9 =0x00007f264474b725 is an unknown value
R10=0x0000000000008000 is an unknown value
R11=0x00000039e25fec50 points into unknown readable memory: 0x000001f8e5b94110 | 10 41 b9 e5 f8 01 00 00
R12=0x00007ffc829b5d30 glass.dll
R13=0x00007ffc70dfb760 jvm.dll
R14=0x00000039e25fedb8 points into unknown readable memory: 0x00000039e25feda0 | a0 ed 5f e2 39 00 00 00
R15=0x000001f8e5b94110 points into unknown readable memory: 0x536b7626447b48b5 | b5 48 7b 44 26 76 6b 53

Top of Stack: (sp=0x00000039e25fecc0)
0x00000039e25fecc0:   0000000000000000 000001f8e5b94110
0x00000039e25fecd0:   00007ffc70dfb760 00007ffc829b5d30
0x00000039e25fece0:   000001f8e5b94118 00007ffd5d2942d6
0x00000039e25fecf0:   00007f264474b725 000001f800000000
0x00000039e25fed00:   000001f8e5b94138 000001f8e5b94110
0x00000039e25fed10:   fffffffffffffffe 0000000000000000
0x00000039e25fed20:   0000000000000001 00007ffc82990000
0x00000039e25fed30:   00000039e25feda8 00007ffd5d2941fb
0x00000039e25fed40:   0000000000000000 00000039e25fedb8
0x00000039e25fed50:   00000039e25ff090 00007ffd5d370e40
0x00000039e25fed60:   0000000000000001 00007ffd5d2941b4
0x00000039e25fed70:   0000000000000000 0000000000000001
0x00000039e25fed80:   000000007ffe0385 00000039e25feda8
0x00000039e25fed90:   ffffffff00000001 00007ffc829b5bbd
0x00000039e25feda0:   00007ffc829cd078 00007ffc00000002
0x00000039e25fedb0:   0000000000000002 00000039e25feda0
0x00000039e25fedc0:   00007ffd5c470000 00007ffd5fb69993
0x00000039e25fedd0:   0000000000000000 00007ffc829b5ce2
0x00000039e25fede0:   0000000000000001 0000000000000000
0x00000039e25fedf0:   000000000000003c 0000000000000001
0x00000039e25fee00:   00007ffd26b41094 0000000000000000
0x00000039e25fee10:   0000000000000001 00007ffd26b4083c
0x00000039e25fee20:   00007ffc82990000 000000007ffe0384
0x00000039e25fee30:   0000000000000000 00007ffd5fb69a1d
0x00000039e25fee40:   00007ffc82990000 0000000000000000
0x00000039e25fee50:   0000000000000001 000000007ffe0385
0x00000039e25fee60:   0000000000000000 00007ffd5fbaf331
0x00000039e25fee70:   00004dab8c39a500 0000000000000014
0x00000039e25fee80:   00007ffc829b5d30 0000000000000000
0x00000039e25fee90:   0000000000000000 00000039e19f5000
0x00000039e25feea0:   000001f8e5823850 00007ffd5fbaf1ca
0x00000039e25feeb0:   000001f8e5822b20 00007ffc82990000 

Instructions: (pc=0x00007ffc829b8427)
0x00007ffc829b8327:   8b 4d 58 e8 49 cf ff ff 48 8b 4d 60 e8 40 cf ff
0x00007ffc829b8337:   ff 48 8b 95 80 00 00 00 48 8b 8d 18 01 00 00 e8
0x00007ffc829b8347:   26 c5 ff ff 33 d2 33 c9 e8 8c e1 ff ff 90 48 89
0x00007ffc829b8357:   54 24 10 55 48 83 ec 20 48 8b ea 48 b8 00 00 00
0x00007ffc829b8367:   00 00 00 00 00 48 83 c4 20 5d c3 cc 40 55 48 8b
0x00007ffc829b8377:   ea 48 8b 01 33 c9 81 38 05 00 00 c0 0f 94 c1 8b
0x00007ffc829b8387:   c1 5d c3 cc 40 55 48 83 ec 20 48 8b ea 8a 4d 40
0x00007ffc829b8397:   48 83 c4 20 5d e9 33 d3 ff ff cc 40 55 48 83 ec
0x00007ffc829b83a7:   20 48 8b ea 8a 4d 20 e8 21 d3 ff ff 90 48 83 c4
0x00007ffc829b83b7:   20 5d c3 cc 40 55 48 83 ec 20 48 8b ea 48 83 c4
0x00007ffc829b83c7:   20 5d e9 82 d1 ff ff cc 40 55 48 83 ec 30 48 8b
0x00007ffc829b83d7:   ea 48 8b 01 8b 10 48 89 4c 24 28 89 54 24 20 4c
0x00007ffc829b83e7:   8d 0d 23 d6 ff ff 4c 8b 45 70 8b 55 68 48 8b 4d
0x00007ffc829b83f7:   60 e8 c3 d0 ff ff 90 48 83 c4 30 5d c3 cc cc cc
0x00007ffc829b8407:   cc cc cc cc cc cc cc cc cc 40 53 48 83 ec 20 48
0x00007ffc829b8417:   8b 1d 1b 46 01 00 48 85 db 74 16 e8 59 90 ff ff
0x00007ffc829b8427:   4c 8b 00 48 8b d3 48 8b c8 41 ff 90 b0 00 00 00
0x00007ffc829b8437:   90 48 83 c4 20 5b c3 cc cc 40 53 48 83 ec 20 48
0x00007ffc829b8447:   8b 1d 5b 47 01 00 48 85 db 74 57 b8 ff ff ff ff
0x00007ffc829b8457:   f0 0f c1 43 10 83 f8 01 75 3d 48 85 db 74 38 48
0x00007ffc829b8467:   8b 0b 48 85 c9 74 0d ff 15 3c 0e 00 00 48 c7 03
0x00007ffc829b8477:   00 00 00 00 48 8b 4b 08 48 85 c9 74 0d e8 ef cd
0x00007ffc829b8487:   ff ff 48 c7 43 08 00 00 00 00 ba 18 00 00 00 48
0x00007ffc829b8497:   8b cb e8 da cd ff ff 48 c7 05 ff 46 01 00 00 00
0x00007ffc829b84a7:   00 00 48 83 c4 20 5b c3 cc 40 53 48 83 ec 20 48
0x00007ffc829b84b7:   8b 1d cb 46 01 00 48 85 db 74 57 b8 ff ff ff ff
0x00007ffc829b84c7:   f0 0f c1 43 10 83 f8 01 75 3d 48 85 db 74 38 48
0x00007ffc829b84d7:   8b 0b 48 85 c9 74 0d ff 15 cc 0d 00 00 48 c7 03
0x00007ffc829b84e7:   00 00 00 00 48 8b 4b 08 48 85 c9 74 0d e8 7f cd
0x00007ffc829b84f7:   ff ff 48 c7 43 08 00 00 00 00 ba 18 00 00 00 48
0x00007ffc829b8507:   8b cb e8 6a cd ff ff 48 c7 05 6f 46 01 00 00 00
0x00007ffc829b8517:   00 00 48 83 c4 20 5b c3 cc 40 53 48 83 ec 20 48 


Stack slot to memory mapping:

stack at sp + 0 slots: 0x0 is null
stack at sp + 1 slots: 0x000001f8e5b94110 points into unknown readable memory: 0x536b7626447b48b5 | b5 48 7b 44 26 76 6b 53
stack at sp + 2 slots: 0x00007ffc70dfb760 jvm.dll
stack at sp + 3 slots: 0x00007ffc829b5d30 glass.dll
stack at sp + 4 slots: 0x000001f8e5b94118 points into unknown readable memory: 0x00007f264474b725 | 25 b7 74 44 26 7f 00 00
stack at sp + 5 slots: 0x00007ffd5d2942d6 ucrtbase.dll
stack at sp + 6 slots: 0x00007f264474b725 is an unknown value
stack at sp + 7 slots: 0x000001f800000000 is an unknown value

VM_Operation (0x00000039e36fa520): Exit, mode: safepoint, requested by thread 0x000001f8e5254410


---------------  P R O C E S S  ---------------

Threads class SMR info:
_java_thread_list=0x000001f8edb947d0, length=20, elements={
0x000001f8ff782ab0, 0x000001f89f2a37b0, 0x000001f89f2a46d0, 0x000001f89f2aaa40,
0x000001f89f2ab4a0, 0x000001f89f2abf00, 0x000001f89f2ac960, 0x000001f89f2ad6f0,
0x000001f89f2b96b0, 0x000001f89f3ccc20, 0x000001f89fbc5eb0, 0x000001f89fbc6520,
0x000001f8e5baa610, 0x000001f8e5173f20, 0x000001f8e5254410, 0x000001f8e55f2fb0,
0x000001f8e561bbc0, 0x000001f8e5f7ee60, 0x000001f8e5f7d420, 0x000001f8e5f7c070
}

Java Threads: ( => current thread )
  0x000001f8ff782ab0 JavaThread "main"                              [_thread_blocked, id=19476, stack(0x00000039e1e00000,0x00000039e1f00000) (1024K)]
  0x000001f89f2a37b0 JavaThread "Reference Handler"          daemon [_thread_blocked, id=19856, stack(0x00000039e2600000,0x00000039e2700000) (1024K)]
  0x000001f89f2a46d0 JavaThread "Finalizer"                  daemon [_thread_blocked, id=18708, stack(0x00000039e2700000,0x00000039e2800000) (1024K)]
  0x000001f89f2aaa40 JavaThread "Signal Dispatcher"          daemon [_thread_blocked, id=23192, stack(0x00000039e2800000,0x00000039e2900000) (1024K)]
  0x000001f89f2ab4a0 JavaThread "Attach Listener"            daemon [_thread_blocked, id=23100, stack(0x00000039e2900000,0x00000039e2a00000) (1024K)]
  0x000001f89f2abf00 JavaThread "Service Thread"             daemon [_thread_blocked, id=18288, stack(0x00000039e2a00000,0x00000039e2b00000) (1024K)]
  0x000001f89f2ac960 JavaThread "Monitor Deflation Thread"   daemon [_thread_blocked, id=19280, stack(0x00000039e2b00000,0x00000039e2c00000) (1024K)]
  0x000001f89f2ad6f0 JavaThread "C2 CompilerThread0"         daemon [_thread_blocked, id=22252, stack(0x00000039e2c00000,0x00000039e2d00000) (1024K)]
  0x000001f89f2b96b0 JavaThread "C1 CompilerThread0"         daemon [_thread_blocked, id=3548, stack(0x00000039e2d00000,0x00000039e2e00000) (1024K)]
  0x000001f89f3ccc20 JavaThread "Common-Cleaner"             daemon [_thread_blocked, id=16828, stack(0x00000039e2e00000,0x00000039e2f00000) (1024K)]
  0x000001f89fbc5eb0 JavaThread "Monitor Ctrl-Break"         daemon [_thread_in_native, id=18564, stack(0x00000039e3100000,0x00000039e3200000) (1024K)]
  0x000001f89fbc6520 JavaThread "Notification Thread"        daemon [_thread_blocked, id=18608, stack(0x00000039e3200000,0x00000039e3300000) (1024K)]
  0x000001f8e5baa610 JavaThread "QuantumRenderer-0"          daemon [_thread_blocked, id=20788, stack(0x00000039e3300000,0x00000039e3400000) (1024K)]
  0x000001f8e5173f20 JavaThread "InvokeLaterDispatcher"      daemon [_thread_blocked, id=1888, stack(0x00000039e3500000,0x00000039e3600000) (1024K)]
  0x000001f8e5254410 JavaThread "JavaFX Application Thread"         [_thread_blocked, id=6380, stack(0x00000039e3600000,0x00000039e3700000) (1024K)]
  0x000001f8e55f2fb0 JavaThread "JavaFX-Launcher"                   [_thread_blocked, id=13852, stack(0x00000039e3000000,0x00000039e3100000) (1024K)]
  0x000001f8e561bbc0 JavaThread "Thread-2"                   daemon [_thread_in_native, id=23608, stack(0x00000039e2f00000,0x00000039e3000000) (1024K)]
  0x000001f8e5f7ee60 JavaThread "Prism Font Disposer"        daemon [_thread_blocked, id=5936, stack(0x00000039e4570000,0x00000039e4670000) (1024K)]
  0x000001f8e5f7d420 JavaThread "Cleaner-0"                  daemon [_thread_blocked, id=21544, stack(0x00000039e4670000,0x00000039e4770000) (1024K)]
  0x000001f8e5f7c070 JavaThread "PostgreSQL-JDBC-Cleaner"    daemon [_thread_blocked, id=22244, stack(0x00000039e4980000,0x00000039e4a80000) (1024K)]
Total: 20

Other Threads:
=>0x000001f89f288b60 VMThread "VM Thread"                           [id=10344, stack(0x00000039e2500000,0x00000039e2600000) (1024K)]
  0x000001f8ff7ed530 WorkerThread "GC Thread#0"                     [id=7388, stack(0x00000039e1f00000,0x00000039e2000000) (1024K)]
  0x000001f8e5694fe0 WorkerThread "GC Thread#1"                     [id=6760, stack(0x00000039e3970000,0x00000039e3a70000) (1024K)]
  0x000001f8e5695390 WorkerThread "GC Thread#2"                     [id=23656, stack(0x00000039e3a70000,0x00000039e3b70000) (1024K)]
  0x000001f8e5695740 WorkerThread "GC Thread#3"                     [id=22956, stack(0x00000039e3b70000,0x00000039e3c70000) (1024K)]
  0x000001f8e5695af0 WorkerThread "GC Thread#4"                     [id=22844, stack(0x00000039e3c70000,0x00000039e3d70000) (1024K)]
  0x000001f8e5695ea0 WorkerThread "GC Thread#5"                     [id=22860, stack(0x00000039e3d70000,0x00000039e3e70000) (1024K)]
  0x000001f8e5582700 WorkerThread "GC Thread#6"                     [id=6248, stack(0x00000039e3f70000,0x00000039e4070000) (1024K)]
  0x000001f8e55835c0 WorkerThread "GC Thread#7"                     [id=9636, stack(0x00000039e4070000,0x00000039e4170000) (1024K)]
  0x000001f8e5583970 WorkerThread "GC Thread#8"                     [id=1440, stack(0x00000039e4170000,0x00000039e4270000) (1024K)]
  0x000001f8e5539ef0 WorkerThread "GC Thread#9"                     [id=3632, stack(0x00000039e3e70000,0x00000039e3f70000) (1024K)]
  0x000001f8ff8025f0 ConcurrentGCThread "G1 Main Marker"            terminated
  0x000001f8ff804cc0 WorkerThread "G1 Conc#0"                       [id=19380, stack(0x00000039e2100000,0x00000039e2200000) (1024K)]
  0x000001f8e553a2a0 WorkerThread "G1 Conc#1"                       [id=24100, stack(0x00000039e4880000,0x00000039e4980000) (1024K)]
  0x000001f8e5539790 WorkerThread "G1 Conc#2"                       [id=320, stack(0x00000039e4a80000,0x00000039e4b80000) (1024K)]
  0x000001f8ff84eb30 ConcurrentGCThread "G1 Refine#0"               terminated
  0x000001f89f138510 ConcurrentGCThread "G1 Service"                terminated
Total: 17

Threads with active compile tasks:
Total: 0

VM state: at safepoint (shutting down)

VM Mutex/Monitor currently owned by a thread:  ([mutex/lock_event])
[0x00007ffc70dd3910] Threads_lock - owner thread: 0x000001f89f288b60
[0x00007ffc70dd3a10] Heap_lock - owner thread: 0x000001f8e5254410

Heap address: 0x0000000701000000, size: 4080 MB, Compressed Oops mode: Zero based, Oop shift amount: 3

CDS archive(s) mapped at: [0x000001f8a0000000-0x000001f8a0d70000-0x000001f8a0d70000), size 14090240, SharedBaseAddress: 0x000001f8a0000000, ArchiveRelocationMode: 1.
Compressed class space mapped at: 0x000001f8a1000000-0x000001f8e1000000, reserved size: 1073741824
Narrow klass base: 0x000001f8a0000000, Narrow klass shift: 0, Narrow klass range: 0x41000000

GC Precious Log:
 CardTable entry size: 512
 Card Set container configuration: InlinePtr #cards 4 size 8 Array Of Cards #cards 16 size 48 Howl #buckets 8 coarsen threshold 3686 Howl Bitmap #cards 512 size 80 coarsen threshold 460 Card regions per heap region 1 cards per card region 4096
 CPUs: 12 total, 12 available
 Memory: 16313M
 Large Page Support: Disabled
 NUMA Support: Disabled
 Compressed Oops: Enabled (Zero based)
 Heap Region Size: 2M
 Heap Min Capacity: 8M
 Heap Initial Capacity: 256M
 Heap Max Capacity: 4080M
 Pre-touch: Disabled
 Parallel Workers: 10
 Concurrent Workers: 3
 Concurrent Refinement Workers: 10
 Periodic GC: Disabled

Heap:
 garbage-first heap   total reserved 4177920K, committed 55296K, used 37957K [0x0000000701000000, 0x0000000800000000)
  region size 2048K, 13 young (26624K), 1 survivors (2048K)
 Metaspace       used 23017K, committed 23424K, reserved 1114112K
  class space    used 3211K, committed 3392K, reserved 1048576K

Heap Regions: E=young(eden), S=young(survivor), O=old, HS=humongous(starts), HC=humongous(continues), CS=collection set, F=free, TAMS=top-at-mark-start, PB=parsable bottom
|   0|0x0000000701000000, 0x0000000701200000, 0x0000000701200000|100%| O|  |TAMS 0x0000000701000000| PB 0x0000000701000000| Untracked |  0
|   1|0x0000000701200000, 0x0000000701400000, 0x0000000701400000|100%| O|  |TAMS 0x0000000701200000| PB 0x0000000701200000| Untracked |  0
|   2|0x0000000701400000, 0x0000000701600000, 0x0000000701600000|100%| O|  |TAMS 0x0000000701400000| PB 0x0000000701400000| Untracked |  0
|   3|0x0000000701600000, 0x0000000701800000, 0x0000000701800000|100%|HS|  |TAMS 0x0000000701600000| PB 0x0000000701600000| Complete |  0
|   4|0x0000000701800000, 0x0000000701a00000, 0x0000000701a00000|100%| O|  |TAMS 0x0000000701800000| PB 0x0000000701800000| Untracked |  0
|   5|0x0000000701a00000, 0x0000000701c00000, 0x0000000701c00000|100%| O|  |TAMS 0x0000000701a00000| PB 0x0000000701a00000| Untracked |  0
|   6|0x0000000701c00000, 0x0000000701da7638, 0x0000000701e00000| 82%| O|  |TAMS 0x0000000701c00000| PB 0x0000000701c00000| Untracked |  0
|   7|0x0000000701e00000, 0x0000000701e00000, 0x0000000702000000|  0%| F|  |TAMS 0x0000000701e00000| PB 0x0000000701e00000| Untracked |  0
|   8|0x0000000702000000, 0x0000000702000000, 0x0000000702200000|  0%| F|  |TAMS 0x0000000702000000| PB 0x0000000702000000| Untracked |  0
|   9|0x0000000702200000, 0x0000000702200000, 0x0000000702400000|  0%| F|  |TAMS 0x0000000702200000| PB 0x0000000702200000| Untracked |  0
|  10|0x0000000702400000, 0x0000000702400000, 0x0000000702600000|  0%| F|  |TAMS 0x0000000702400000| PB 0x0000000702400000| Untracked |  0
|  11|0x0000000702600000, 0x0000000702600000, 0x0000000702800000|  0%| F|  |TAMS 0x0000000702600000| PB 0x0000000702600000| Untracked |  0
|  12|0x0000000702800000, 0x0000000702800000, 0x0000000702a00000|  0%| F|  |TAMS 0x0000000702800000| PB 0x0000000702800000| Untracked |  0
|  13|0x0000000702a00000, 0x0000000702a00000, 0x0000000702c00000|  0%| F|  |TAMS 0x0000000702a00000| PB 0x0000000702a00000| Untracked |  0
|  14|0x0000000702c00000, 0x0000000702ddde20, 0x0000000702e00000| 93%| E|  |TAMS 0x0000000702c00000| PB 0x0000000702c00000| Complete |  0
|  15|0x0000000702e00000, 0x0000000703000000, 0x0000000703000000|100%| E|CS|TAMS 0x0000000702e00000| PB 0x0000000702e00000| Complete |  0
|  16|0x0000000703000000, 0x0000000703200000, 0x0000000703200000|100%| E|CS|TAMS 0x0000000703000000| PB 0x0000000703000000| Complete |  0
|  17|0x0000000703200000, 0x0000000703400000, 0x0000000703400000|100%| E|CS|TAMS 0x0000000703200000| PB 0x0000000703200000| Complete |  0
|  18|0x0000000703400000, 0x0000000703600000, 0x0000000703600000|100%| E|CS|TAMS 0x0000000703400000| PB 0x0000000703400000| Complete |  0
|  19|0x0000000703600000, 0x0000000703800000, 0x0000000703800000|100%| E|CS|TAMS 0x0000000703600000| PB 0x0000000703600000| Complete |  0
|  20|0x0000000703800000, 0x0000000703a00000, 0x0000000703a00000|100%| E|CS|TAMS 0x0000000703800000| PB 0x0000000703800000| Complete |  0
|  21|0x0000000703a00000, 0x0000000703c00000, 0x0000000703c00000|100%| E|CS|TAMS 0x0000000703a00000| PB 0x0000000703a00000| Complete |  0
|  22|0x0000000703c00000, 0x0000000703e00000, 0x0000000703e00000|100%| E|CS|TAMS 0x0000000703c00000| PB 0x0000000703c00000| Complete |  0
|  23|0x0000000703e00000, 0x0000000704000000, 0x0000000704000000|100%| E|CS|TAMS 0x0000000703e00000| PB 0x0000000703e00000| Complete |  0
|  24|0x0000000704000000, 0x0000000704200000, 0x0000000704200000|100%| E|CS|TAMS 0x0000000704000000| PB 0x0000000704000000| Complete |  0
| 124|0x0000000710800000, 0x000000071096a080, 0x0000000710a00000| 70%| S|CS|TAMS 0x0000000710800000| PB 0x0000000710800000| Complete |  0
| 127|0x0000000710e00000, 0x0000000711000000, 0x0000000711000000|100%| E|CS|TAMS 0x0000000710e00000| PB 0x0000000710e00000| Complete |  0

Card table byte_map: [0x000001f897e70000,0x000001f898670000] _byte_map_base: 0x000001f894668000

Marking Bits: (CMBitMap*) 0x000001f8ff7edc40
 Bits: [0x000001f898670000, 0x000001f89c630000)

Polling page: 0x000001f8fd5c0000

Metaspace:

Usage:
  Non-class:     19.34 MB used.
      Class:      3.14 MB used.
       Both:     22.48 MB used.

Virtual space:
  Non-class space:       64.00 MB reserved,      19.56 MB ( 31%) committed,  1 nodes.
      Class space:        1.00 GB reserved,       3.31 MB ( <1%) committed,  1 nodes.
             Both:        1.06 GB reserved,      22.88 MB (  2%) committed. 

Chunk freelists:
   Non-Class:  11.58 MB
       Class:  12.71 MB
        Both:  24.29 MB

MaxMetaspaceSize: unlimited
CompressedClassSpaceSize: 1.00 GB
Initial GC threshold: 21.00 MB
Current GC threshold: 35.12 MB
CDS: on
 - commit_granule_bytes: 65536.
 - commit_granule_words: 8192.
 - virtual_space_node_default_size: 8388608.
 - enlarge_chunks_in_place: 1.
 - use_allocation_guard: 0.


Internal statistics:

num_allocs_failed_limit: 3.
num_arena_births: 452.
num_arena_deaths: 0.
num_vsnodes_births: 2.
num_vsnodes_deaths: 0.
num_space_committed: 366.
num_space_uncommitted: 0.
num_chunks_returned_to_freelist: 3.
num_chunks_taken_from_freelist: 1194.
num_chunk_merges: 3.
num_chunk_splits: 790.
num_chunks_enlarged: 554.
num_inconsistent_stats: 0.

CodeHeap 'non-profiled nmethods': size=120064Kb used=2325Kb max_used=2325Kb free=117738Kb
 bounds [0x000001f890130000, 0x000001f8903a0000, 0x000001f897670000]
CodeHeap 'profiled nmethods': size=120000Kb used=9074Kb max_used=9074Kb free=110925Kb
 bounds [0x000001f888670000, 0x000001f888f50000, 0x000001f88fba0000]
CodeHeap 'non-nmethods': size=5696Kb used=1862Kb max_used=1909Kb free=3834Kb
 bounds [0x000001f88fba0000, 0x000001f88fe10000, 0x000001f890130000]
CodeCache: size=245760Kb, used=13261Kb, max_used=13308Kb, free=232497Kb
 total_blobs=6454, nmethods=5567, adapters=791, full_count=0
Compilation: enabled, stopped_count=0, restarted_count=0

Compilation events (20 events):
Event: 28.612 Thread 0x000001f89f2ad6f0 5558       4       javafx.scene.Node::buildEventDispatchChain (100 bytes)
Event: 28.621 Thread 0x000001f89f2ad6f0 nmethod 5558 0x000001f890373288 code [0x000001f8903734a0, 0x000001f890374020]
Event: 28.770 Thread 0x000001f89f2b96b0 5559       3       com.sun.javafx.scene.control.ControlHelper::processCSSImpl (10 bytes)
Event: 28.770 Thread 0x000001f89f2b96b0 nmethod 5559 0x000001f888f4b888 code [0x000001f888f4b9c0, 0x000001f888f4bc98]
Event: 28.770 Thread 0x000001f89f2b96b0 5560       3       javafx.scene.control.Control$1::doProcessCSS (8 bytes)
Event: 28.770 Thread 0x000001f89f2b96b0 nmethod 5560 0x000001f888f4bd08 code [0x000001f888f4be40, 0x000001f888f4c060]
Event: 28.770 Thread 0x000001f89f2b96b0 5561       1       com.sun.glass.ui.Screen::getHeight (5 bytes)
Event: 28.770 Thread 0x000001f89f2b96b0 nmethod 5561 0x000001f890374188 code [0x000001f8903742a0, 0x000001f890374368]
Event: 28.770 Thread 0x000001f89f2b96b0 5562       1       com.sun.glass.ui.Screen::getWidth (5 bytes)
Event: 28.770 Thread 0x000001f89f2b96b0 nmethod 5562 0x000001f890374488 code [0x000001f8903745a0, 0x000001f890374668]
Event: 28.800 Thread 0x000001f89f2ad6f0 5563       4       javafx.scene.Scene$MouseHandler::updateCursorFrame (61 bytes)
Event: 28.801 Thread 0x000001f89f2ad6f0 nmethod 5563 0x000001f890374788 code [0x000001f8903748a0, 0x000001f890374b08]
Event: 29.003 Thread 0x000001f89f2b96b0 5564       1       java.util.ArrayList$ArrayListSpliterator::characteristics (4 bytes)
Event: 29.004 Thread 0x000001f89f2b96b0 nmethod 5564 0x000001f890374b88 code [0x000001f890374ca0, 0x000001f890374d68]
Event: 29.004 Thread 0x000001f89f2b96b0 5565       1       com.sun.javafx.scene.control.behavior.BehaviorBase::getNode (5 bytes)
Event: 29.004 Thread 0x000001f89f2b96b0 nmethod 5565 0x000001f890374e88 code [0x000001f890374fa0, 0x000001f890375070]
Event: 29.011 Thread 0x000001f89f2b96b0 5566       1       com.sun.prism.impl.BaseGraphics::setRenderRoot (6 bytes)
Event: 29.011 Thread 0x000001f89f2b96b0 nmethod 5566 0x000001f890375188 code [0x000001f8903752a0, 0x000001f8903753b8]
Event: 29.011 Thread 0x000001f89f2b96b0 5567       3       com.sun.javafx.tk.quantum.ViewPainter::getRootPath (26 bytes)
Event: 29.011 Thread 0x000001f89f2b96b0 nmethod 5567 0x000001f888f4c088 code [0x000001f888f4c200, 0x000001f888f4c8a8]

GC Heap History (8 events):
Event: 0.482 GC heap before
{Heap before GC invocations=0 (full 0):
 garbage-first heap   total reserved 4177920K, committed 262144K, used 22528K [0x0000000701000000, 0x0000000800000000)
  region size 2048K, 12 young (24576K), 0 survivors (0K)
 Metaspace       used 4664K, committed 4864K, reserved 1114112K
  class space    used 544K, committed 640K, reserved 1048576K
}
Event: 0.485 GC heap after
{Heap after GC invocations=1 (full 0):
 garbage-first heap   total reserved 4177920K, committed 262144K, used 4022K [0x0000000701000000, 0x0000000800000000)
  region size 2048K, 2 young (4096K), 2 survivors (4096K)
 Metaspace       used 4664K, committed 4864K, reserved 1114112K
  class space    used 544K, committed 640K, reserved 1048576K
}
Event: 0.779 GC heap before
{Heap before GC invocations=1 (full 0):
 garbage-first heap   total reserved 4177920K, committed 262144K, used 24502K [0x0000000701000000, 0x0000000800000000)
  region size 2048K, 13 young (26624K), 2 survivors (4096K)
 Metaspace       used 8737K, committed 8960K, reserved 1114112K
  class space    used 1131K, committed 1216K, reserved 1048576K
}
Event: 0.783 GC heap after
{Heap after GC invocations=2 (full 0):
 garbage-first heap   total reserved 4177920K, committed 262144K, used 6896K [0x0000000701000000, 0x0000000800000000)
  region size 2048K, 2 young (4096K), 2 survivors (4096K)
 Metaspace       used 8737K, committed 8960K, reserved 1114112K
  class space    used 1131K, committed 1216K, reserved 1048576K
}
Event: 5.139 GC heap before
{Heap before GC invocations=2 (full 0):
 garbage-first heap   total reserved 4177920K, committed 262144K, used 70384K [0x0000000701000000, 0x0000000800000000)
  region size 2048K, 31 young (63488K), 2 survivors (4096K)
 Metaspace       used 20821K, committed 21248K, reserved 1114112K
  class space    used 2876K, committed 3072K, reserved 1048576K
}
Event: 5.145 GC heap after
{Heap after GC invocations=3 (full 0):
 garbage-first heap   total reserved 4177920K, committed 262144K, used 14127K [0x0000000701000000, 0x0000000800000000)
  region size 2048K, 4 young (8192K), 4 survivors (8192K)
 Metaspace       used 20821K, committed 21248K, reserved 1114112K
  class space    used 2876K, committed 3072K, reserved 1048576K
}
Event: 5.422 GC heap before
{Heap before GC invocations=3 (full 0):
 garbage-first heap   total reserved 4177920K, committed 262144K, used 18223K [0x0000000701000000, 0x0000000800000000)
  region size 2048K, 7 young (14336K), 4 survivors (8192K)
 Metaspace       used 21154K, committed 21504K, reserved 1114112K
  class space    used 2895K, committed 3072K, reserved 1048576K
}
Event: 5.426 GC heap after
{Heap after GC invocations=4 (full 0):
 garbage-first heap   total reserved 4177920K, committed 262144K, used 15429K [0x0000000701000000, 0x0000000800000000)
  region size 2048K, 1 young (2048K), 1 survivors (2048K)
 Metaspace       used 21154K, committed 21504K, reserved 1114112K
  class space    used 2895K, committed 3072K, reserved 1048576K
}

Dll operation events (20 events):
Event: 0.206 Loaded shared library C:\Users\Anwender\Downloads\openjfx-23.0.1_windows-x64_bin-sdk\javafx-sdk-23.0.1\bin\api-ms-win-crt-private-l1-1-0.dll
Event: 0.207 Loaded shared library C:\Users\Anwender\Downloads\openjfx-23.0.1_windows-x64_bin-sdk\javafx-sdk-23.0.1\bin\api-ms-win-crt-process-l1-1-0.dll
Event: 0.208 Loaded shared library C:\Users\Anwender\Downloads\openjfx-23.0.1_windows-x64_bin-sdk\javafx-sdk-23.0.1\bin\api-ms-win-crt-runtime-l1-1-0.dll
Event: 0.208 Loaded shared library C:\Users\Anwender\Downloads\openjfx-23.0.1_windows-x64_bin-sdk\javafx-sdk-23.0.1\bin\api-ms-win-crt-stdio-l1-1-0.dll
Event: 0.209 Loaded shared library C:\Users\Anwender\Downloads\openjfx-23.0.1_windows-x64_bin-sdk\javafx-sdk-23.0.1\bin\api-ms-win-crt-string-l1-1-0.dll
Event: 0.210 Loaded shared library C:\Users\Anwender\Downloads\openjfx-23.0.1_windows-x64_bin-sdk\javafx-sdk-23.0.1\bin\api-ms-win-crt-time-l1-1-0.dll
Event: 0.211 Loaded shared library C:\Users\Anwender\Downloads\openjfx-23.0.1_windows-x64_bin-sdk\javafx-sdk-23.0.1\bin\api-ms-win-crt-utility-l1-1-0.dll
Event: 0.212 Loaded shared library C:\Users\Anwender\Downloads\openjfx-23.0.1_windows-x64_bin-sdk\javafx-sdk-23.0.1\bin\ucrtbase.dll
Event: 0.213 Loaded shared library C:\Users\Anwender\Downloads\openjfx-23.0.1_windows-x64_bin-sdk\javafx-sdk-23.0.1\bin\vcruntime140.dll
Event: 0.214 Loaded shared library C:\Users\Anwender\Downloads\openjfx-23.0.1_windows-x64_bin-sdk\javafx-sdk-23.0.1\bin\vcruntime140_1.dll
Event: 0.215 Loaded shared library C:\Users\Anwender\Downloads\openjfx-23.0.1_windows-x64_bin-sdk\javafx-sdk-23.0.1\bin\msvcp140.dll
Event: 0.216 Loaded shared library C:\Users\Anwender\Downloads\openjfx-23.0.1_windows-x64_bin-sdk\javafx-sdk-23.0.1\bin\msvcp140_1.dll
Event: 0.217 Loaded shared library C:\Users\Anwender\Downloads\openjfx-23.0.1_windows-x64_bin-sdk\javafx-sdk-23.0.1\bin\msvcp140_2.dll
Event: 0.239 Loaded shared library C:\Users\Anwender\Downloads\openjfx-23.0.1_windows-x64_bin-sdk\javafx-sdk-23.0.1\bin\prism_d3d.dll
Event: 0.316 Loaded shared library C:\Users\Anwender\Downloads\openjfx-23.0.1_windows-x64_bin-sdk\javafx-sdk-23.0.1\bin\glass.dll
Event: 0.454 Loaded shared library C:\Users\Anwender\.jdks\openjdk-23.0.1\bin\jimage.dll
Event: 0.748 Loaded shared library C:\Users\Anwender\Downloads\openjfx-23.0.1_windows-x64_bin-sdk\javafx-sdk-23.0.1\bin\javafx_iio.dll
Event: 0.788 Loaded shared library C:\Users\Anwender\Downloads\openjfx-23.0.1_windows-x64_bin-sdk\javafx-sdk-23.0.1\bin\javafx_font.dll
Event: 3.369 Loaded shared library C:\Users\Anwender\.jdks\openjdk-23.0.1\bin\management.dll
Event: 3.370 Loaded shared library C:\Users\Anwender\.jdks\openjdk-23.0.1\bin\management_ext.dll

Deoptimization events (20 events):
Event: 24.643 Thread 0x000001f8e5baa610 Uncommon trap: trap_request=0xffffffd6 fr.pc=0x000001f8903539cc relative=0x00000000000004ec
Event: 24.643 Thread 0x000001f8e5baa610 Uncommon trap: reason=array_check action=maybe_recompile pc=0x000001f8903539cc method=com.sun.prism.impl.ps.BaseShaderContext.setTexture(ILcom/sun/prism/Texture;)V @ 50 c2
Event: 24.643 Thread 0x000001f8e5baa610 DEOPT PACKING pc=0x000001f8903539cc sp=0x00000039e33fdad0
Event: 24.643 Thread 0x000001f8e5baa610 DEOPT UNPACKING pc=0x000001f88fbf4402 sp=0x00000039e33fdaa8 mode 2
Event: 24.643 Thread 0x000001f8e5baa610 Uncommon trap: trap_request=0xffffffd6 fr.pc=0x000001f8903539cc relative=0x00000000000004ec
Event: 24.643 Thread 0x000001f8e5baa610 Uncommon trap: reason=array_check action=maybe_recompile pc=0x000001f8903539cc method=com.sun.prism.impl.ps.BaseShaderContext.setTexture(ILcom/sun/prism/Texture;)V @ 50 c2
Event: 24.643 Thread 0x000001f8e5baa610 DEOPT PACKING pc=0x000001f8903539cc sp=0x00000039e33fd1d0
Event: 24.643 Thread 0x000001f8e5baa610 DEOPT UNPACKING pc=0x000001f88fbf4402 sp=0x00000039e33fd1a8 mode 2
Event: 24.643 Thread 0x000001f8e5baa610 Uncommon trap: trap_request=0xffffffd6 fr.pc=0x000001f8903539cc relative=0x00000000000004ec
Event: 24.643 Thread 0x000001f8e5baa610 Uncommon trap: reason=array_check action=maybe_recompile pc=0x000001f8903539cc method=com.sun.prism.impl.ps.BaseShaderContext.setTexture(ILcom/sun/prism/Texture;)V @ 50 c2
Event: 24.643 Thread 0x000001f8e5baa610 DEOPT PACKING pc=0x000001f8903539cc sp=0x00000039e33fd2e0
Event: 24.643 Thread 0x000001f8e5baa610 DEOPT UNPACKING pc=0x000001f88fbf4402 sp=0x00000039e33fd2b8 mode 2
Event: 26.068 Thread 0x000001f8e5254410 Uncommon trap: trap_request=0xffffffde fr.pc=0x000001f8902a5830 relative=0x0000000000000450
Event: 26.068 Thread 0x000001f8e5254410 Uncommon trap: reason=class_check action=maybe_recompile pc=0x000001f8902a5830 method=java.security.MessageDigest$Delegate.engineDigest()[B @ 4 c2
Event: 26.068 Thread 0x000001f8e5254410 DEOPT PACKING pc=0x000001f8902a5830 sp=0x00000039e36fbc80
Event: 26.068 Thread 0x000001f8e5254410 DEOPT UNPACKING pc=0x000001f88fbf4402 sp=0x00000039e36fbc08 mode 2
Event: 26.068 Thread 0x000001f8e5254410 Uncommon trap: trap_request=0xffffffde fr.pc=0x000001f8902a65ac relative=0x000000000000044c
Event: 26.068 Thread 0x000001f8e5254410 Uncommon trap: reason=class_check action=maybe_recompile pc=0x000001f8902a65ac method=sun.security.provider.DigestBase.engineDigest([BII)I @ 97 c2
Event: 26.068 Thread 0x000001f8e5254410 DEOPT PACKING pc=0x000001f8902a65ac sp=0x00000039e36fbbb0
Event: 26.068 Thread 0x000001f8e5254410 DEOPT UNPACKING pc=0x000001f88fbf4402 sp=0x00000039e36fbb08 mode 2

Classes loaded (20 events):
Event: 5.395 Loading class java/time/zone/ZoneRulesProvider$1
Event: 5.395 Loading class java/time/zone/ZoneRulesProvider$1 done
Event: 5.395 Loading class java/time/zone/TzdbZoneRulesProvider
Event: 5.395 Loading class java/time/zone/TzdbZoneRulesProvider done
Event: 5.397 Loading class java/time/zone/Ser
Event: 5.397 Loading class java/io/Externalizable
Event: 5.397 Loading class java/io/Externalizable done
Event: 5.397 Loading class java/time/zone/Ser done
Event: 5.397 Loading class java/time/Month
Event: 5.397 Loading class java/time/Month done
Event: 5.397 Loading class java/time/DayOfWeek
Event: 5.397 Loading class java/time/DayOfWeek done
Event: 5.397 Loading class java/time/zone/ZoneOffsetTransitionRule$TimeDefinition
Event: 5.397 Loading class java/time/zone/ZoneOffsetTransitionRule$TimeDefinition done
Event: 5.397 Loading class java/time/zone/ZoneOffsetTransition
Event: 5.397 Loading class java/time/zone/ZoneOffsetTransition done
Event: 5.398 Loading class java/time/temporal/TemporalAdjusters
Event: 5.398 Loading class java/time/temporal/TemporalAdjusters done
Event: 5.398 Loading class java/time/Year
Event: 5.398 Loading class java/time/Year done

Classes unloaded (0 events):
No events

Classes redefined (0 events):
No events

Internal exceptions (20 events):
Event: 3.399 Thread 0x000001f8e5254410 Exception <a 'java/lang/NoSuchMethodError'{0x000000070e564de0}: 'java.lang.Object java.lang.invoke.DirectMethodHandle$Holder.invokeStaticInit(java.lang.Object, int, int, int, int)'> (0x000000070e564de0) 
thrown [s\open\src\hotspot\share\interpreter\linkResolver.cpp, line 796]
Event: 3.409 Thread 0x000001f8e5254410 Exception <a 'java/lang/NoSuchMethodError'{0x000000070e5cda08}: 'java.lang.Object java.lang.invoke.DirectMethodHandle$Holder.invokeStaticInit(java.lang.Object, java.lang.Object, int, int, int, int)'> (0x000000070e5cda08) 
thrown [s\open\src\hotspot\share\interpreter\linkResolver.cpp, line 796]
Event: 3.414 Thread 0x000001f8e5254410 Exception <a 'java/lang/NoSuchMethodError'{0x000000070e5e95d8}: 'java.lang.Object java.lang.invoke.DirectMethodHandle$Holder.invokeSpecialIFC(java.lang.Object, java.lang.Object, java.lang.Object, java.lang.Object)'> (0x000000070e5e95d8) 
thrown [s\open\src\hotspot\share\interpreter\linkResolver.cpp, line 796]
Event: 3.424 Thread 0x000001f8e5254410 Exception <a 'sun/nio/fs/WindowsException'{0x000000070e2a4250}> (0x000000070e2a4250) 
thrown [s\open\src\hotspot\share\prims\jni.cpp, line 520]
Event: 3.439 Thread 0x000001f8e5254410 Exception <a 'java/lang/NoSuchMethodError'{0x000000070e355170}: 'int java.lang.invoke.DirectMethodHandle$Holder.invokeInterface(java.lang.Object, java.lang.Object, int)'> (0x000000070e355170) 
thrown [s\open\src\hotspot\share\interpreter\linkResolver.cpp, line 796]
Event: 3.439 Thread 0x000001f8e5254410 Exception <a 'java/lang/IncompatibleClassChangeError'{0x000000070e358750}: Found class java.lang.Object, but interface was expected> (0x000000070e358750) 
thrown [s\open\src\hotspot\share\interpreter\linkResolver.cpp, line 863]
Event: 3.505 Thread 0x000001f8e5254410 Exception <a 'java/lang/NoSuchMethodError'{0x000000070e1cb570}: 'java.lang.Object java.lang.invoke.DirectMethodHandle$Holder.invokeStaticInit(java.lang.Object, java.lang.Object, java.lang.Object)'> (0x000000070e1cb570) 
thrown [s\open\src\hotspot\share\interpreter\linkResolver.cpp, line 796]
Event: 3.539 Thread 0x000001f8e5254410 Implicit null exception at 0x000001f89028071b to 0x000001f890281220
Event: 3.539 Thread 0x000001f8e5254410 Implicit null exception at 0x000001f8902824f4 to 0x000001f890282db0
Event: 3.925 Thread 0x000001f8e5254410 Exception <a 'java/lang/NoSuchMethodError'{0x000000070da20678}: 'void java.lang.invoke.DirectMethodHandle$Holder.invokeSpecial(java.lang.Object, java.lang.Object, java.lang.Object, java.lang.Object, java.lang.Object, java.lang.Object)'> (0x000000070da20678) 
thrown [s\open\src\hotspot\share\interpreter\linkResolver.cpp, line 796]
Event: 4.507 Thread 0x000001f8e5baa610 Exception <a 'java/lang/NoSuchMethodError'{0x000000070d7d38e0}: 'java.lang.Object java.lang.invoke.DirectMethodHandle$Holder.invokeStaticInit(java.lang.Object, int)'> (0x000000070d7d38e0) 
thrown [s\open\src\hotspot\share\interpreter\linkResolver.cpp, line 796]
Event: 5.146 Thread 0x000001f8e5254410 Exception <a 'java/io/FileNotFoundException'{0x0000000710e24c28}> (0x0000000710e24c28) 
thrown [s\open\src\hotspot\share\prims\jni.cpp, line 520]
Event: 5.398 Thread 0x000001f8e5254410 Exception <a 'java/lang/NoSuchMethodError'{0x0000000710d94218}: 'java.lang.Object java.lang.invoke.DirectMethodHandle$Holder.invokeStatic(java.lang.Object, int, java.lang.Object)'> (0x0000000710d94218) 
thrown [s\open\src\hotspot\share\interpreter\linkResolver.cpp, line 796]
Event: 5.422 Thread 0x000001f8e5254410 Exception <a 'java/io/FileNotFoundException'{0x0000000710bd53c8}> (0x0000000710bd53c8) 
thrown [s\open\src\hotspot\share\prims\jni.cpp, line 520]
Event: 5.455 Thread 0x000001f8e5254410 Exception <a 'java/lang/ClassNotFoundException'{0x00000007040b0128}: com/sun/javafx/scene/control/skin/resources/controls> (0x00000007040b0128) 
thrown [s\open\src\hotspot\share\prims\jni.cpp, line 539]
Event: 5.456 Thread 0x000001f8e5254410 Exception <a 'java/lang/ClassNotFoundException'{0x00000007040be2f0}: com/sun/javafx/scene/control/skin/resources/controls_de> (0x00000007040be2f0) 
thrown [s\open\src\hotspot\share\prims\jni.cpp, line 539]
Event: 5.456 Thread 0x000001f8e5254410 Exception <a 'java/lang/ClassNotFoundException'{0x00000007040cbd58}: com/sun/javafx/scene/control/skin/resources/controls_de_DE> (0x00000007040cbd58) 
thrown [s\open\src\hotspot\share\prims\jni.cpp, line 539]
Event: 16.307 Thread 0x000001f8e5254410 Implicit null exception at 0x000001f8902fdaf8 to 0x000001f8902fe038
Event: 16.307 Thread 0x000001f8e5254410 Implicit null exception at 0x000001f8902c132c to 0x000001f8902c1389
Event: 26.066 Thread 0x000001f8e5254410 Exception <a 'java/io/FileNotFoundException'{0x00000007031bab68}> (0x00000007031bab68) 
thrown [s\open\src\hotspot\share\prims\jni.cpp, line 520]

VM Operations (20 events):
Event: 3.941 Executing VM operation: HandshakeAllThreads (Deoptimize) done
Event: 3.941 Executing VM operation: HandshakeAllThreads (Deoptimize)
Event: 3.941 Executing VM operation: HandshakeAllThreads (Deoptimize) done
Event: 3.941 Executing VM operation: HandshakeAllThreads (Deoptimize)
Event: 3.941 Executing VM operation: HandshakeAllThreads (Deoptimize) done
Event: 5.130 Executing VM operation: HandshakeAllThreads (Deoptimize)
Event: 5.131 Executing VM operation: HandshakeAllThreads (Deoptimize) done
Event: 5.139 Executing VM operation: G1CollectForAllocation (G1 Evacuation Pause)
Event: 5.145 Executing VM operation: G1CollectForAllocation (G1 Evacuation Pause) done
Event: 5.422 Executing VM operation: CollectForMetadataAllocation (Metadata GC Threshold)
Event: 5.426 Executing VM operation: CollectForMetadataAllocation (Metadata GC Threshold) done
Event: 5.430 Executing VM operation: G1PauseRemark
Event: 5.432 Executing VM operation: G1PauseRemark done
Event: 5.433 Executing VM operation: G1PauseCleanup
Event: 5.433 Executing VM operation: G1PauseCleanup done
Event: 5.451 Executing VM operation: HandshakeAllThreads (Deoptimize)
Event: 5.451 Executing VM operation: HandshakeAllThreads (Deoptimize) done
Event: 26.083 Executing VM operation: HandshakeAllThreads (Deoptimize)
Event: 26.083 Executing VM operation: HandshakeAllThreads (Deoptimize) done
Event: 29.105 Executing VM operation: Exit

Memory protections (0 events):
No events

Nmethod flushes (0 events):
No events

Events (20 events):
Event: 5.058 Thread 0x000001f8edc68550 Thread exited: 0x000001f8edc68550
Event: 5.428 Thread 0x000001f89f2b96b0 Thread added: 0x000001f89f455480
Event: 5.800 Thread 0x000001f89f455480 Thread exited: 0x000001f89f455480
Event: 6.357 Thread 0x000001f89f2b96b0 Thread added: 0x000001f8ed88f1e0
Event: 6.377 Thread 0x000001f89f2b96b0 Thread added: 0x000001f8e54dc560
Event: 6.498 Thread 0x000001f8e54dc560 Thread exited: 0x000001f8e54dc560
Event: 7.506 Thread 0x000001f8ed88f1e0 Thread exited: 0x000001f8ed88f1e0
Event: 16.690 Thread 0x000001f89f2b96b0 Thread added: 0x000001f8ed62beb0
Event: 16.694 Thread 0x000001f89f2b96b0 Thread added: 0x000001f89f531c50
Event: 17.027 Thread 0x000001f89f531c50 Thread exited: 0x000001f89f531c50
Event: 17.517 Thread 0x000001f8ed62beb0 Thread exited: 0x000001f8ed62beb0
Event: 18.291 Thread 0x000001f89f2b96b0 Thread added: 0x000001f8edfb6c40
Event: 18.466 Thread 0x000001f8edfb6c40 Thread exited: 0x000001f8edfb6c40
Event: 26.063 Thread 0x000001f89f2b96b0 Thread added: 0x000001f8f0ad2230
Event: 26.828 Thread 0x000001f8f0ad2230 Thread exited: 0x000001f8f0ad2230
Event: 29.104 Thread 0x000001f8e5254410 Thread added: 0x000001f8e5942320
Event: 29.104 Thread 0x000001f8e5254410 Thread added: 0x000001f8e593eea0
Event: 29.105 Thread 0x000001f8e5942320 Thread exited: 0x000001f8e5942320
Event: 29.105 Thread 0x000001f8e593eea0 Thread exited: 0x000001f8e593eea0
Event: 29.105 Thread 0x000001f8e5254410 Before exit entered


Dynamic libraries:
0x00007ff7bf850000 - 0x00007ff7bf85e000 	C:\Users\Anwender\.jdks\openjdk-23.0.1\bin\java.exe
0x00007ffd5fb50000 - 0x00007ffd5fd48000 	C:\WINDOWS\SYSTEM32\ntdll.dll
0x00007ffd5e6e0000 - 0x00007ffd5e7a2000 	C:\WINDOWS\System32\KERNEL32.DLL
0x00007ffd5d6c0000 - 0x00007ffd5d9b6000 	C:\WINDOWS\System32\KERNELBASE.dll
0x00007ffd5d280000 - 0x00007ffd5d380000 	C:\WINDOWS\System32\ucrtbase.dll
0x00007ffd50b00000 - 0x00007ffd50b1b000 	C:\Users\Anwender\.jdks\openjdk-23.0.1\bin\VCRUNTIME140.dll
0x00007ffd50b20000 - 0x00007ffd50b37000 	C:\Users\Anwender\.jdks\openjdk-23.0.1\bin\jli.dll
0x00007ffd5e370000 - 0x00007ffd5e50d000 	C:\WINDOWS\System32\USER32.dll
0x00007ffd49ac0000 - 0x00007ffd49d5a000 	C:\WINDOWS\WinSxS\amd64_microsoft.windows.common-controls_6595b64144ccf1df_6.0.19041.4355_none_60b8b9eb71f62e16\COMCTL32.dll
0x00007ffd5daf0000 - 0x00007ffd5db12000 	C:\WINDOWS\System32\win32u.dll
0x00007ffd5ee60000 - 0x00007ffd5eefe000 	C:\WINDOWS\System32\msvcrt.dll
0x00007ffd5fae0000 - 0x00007ffd5fb0b000 	C:\WINDOWS\System32\GDI32.dll
0x00007ffd5d380000 - 0x00007ffd5d49a000 	C:\WINDOWS\System32\gdi32full.dll
0x00007ffd5d1e0000 - 0x00007ffd5d27d000 	C:\WINDOWS\System32\msvcp_win.dll
0x00007ffd5e8a0000 - 0x00007ffd5e8cf000 	C:\WINDOWS\System32\IMM32.DLL
0x00007ffd59db0000 - 0x00007ffd59dbc000 	C:\Users\Anwender\.jdks\openjdk-23.0.1\bin\vcruntime140_1.dll
0x00007ffd371e0000 - 0x00007ffd3726e000 	C:\Users\Anwender\.jdks\openjdk-23.0.1\bin\msvcp140.dll
0x00007ffc70160000 - 0x00007ffc70eaf000 	C:\Users\Anwender\.jdks\openjdk-23.0.1\bin\server\jvm.dll
0x00007ffd5e260000 - 0x00007ffd5e30f000 	C:\WINDOWS\System32\ADVAPI32.dll
0x00007ffd5ef00000 - 0x00007ffd5ef9f000 	C:\WINDOWS\System32\sechost.dll
0x00007ffd5dd20000 - 0x00007ffd5de43000 	C:\WINDOWS\System32\RPCRT4.dll
0x00007ffd5d530000 - 0x00007ffd5d557000 	C:\WINDOWS\System32\bcrypt.dll
0x00007ffd5fa70000 - 0x00007ffd5fadb000 	C:\WINDOWS\System32\WS2_32.dll
0x00007ffd5c720000 - 0x00007ffd5c76b000 	C:\WINDOWS\SYSTEM32\POWRPROF.dll
0x00007ffd53ad0000 - 0x00007ffd53af7000 	C:\WINDOWS\SYSTEM32\WINMM.dll
0x00007ffd55530000 - 0x00007ffd5553a000 	C:\WINDOWS\SYSTEM32\VERSION.dll
0x00007ffd5c5e0000 - 0x00007ffd5c5f2000 	C:\WINDOWS\SYSTEM32\UMPDC.dll
0x00007ffd5afa0000 - 0x00007ffd5afb2000 	C:\WINDOWS\SYSTEM32\kernel.appcore.dll
0x00007ffd58f70000 - 0x00007ffd58f7a000 	C:\Users\Anwender\.jdks\openjdk-23.0.1\bin\jimage.dll
0x00007ffd51400000 - 0x00007ffd515e4000 	C:\WINDOWS\SYSTEM32\DBGHELP.DLL
0x00007ffd35c70000 - 0x00007ffd35ca4000 	C:\WINDOWS\SYSTEM32\dbgcore.DLL
0x00007ffd5d4a0000 - 0x00007ffd5d522000 	C:\WINDOWS\System32\bcryptPrimitives.dll
0x00007ffd56980000 - 0x00007ffd5698f000 	C:\Users\Anwender\.jdks\openjdk-23.0.1\bin\instrument.dll
0x00007ffd40960000 - 0x00007ffd4097e000 	C:\Users\Anwender\.jdks\openjdk-23.0.1\bin\java.dll
0x00007ffd5de50000 - 0x00007ffd5df7b000 	C:\WINDOWS\System32\ole32.dll
0x00007ffd5f710000 - 0x00007ffd5fa65000 	C:\WINDOWS\System32\combase.dll
0x00007ffd5efa0000 - 0x00007ffd5f70f000 	C:\WINDOWS\System32\SHELL32.dll
0x00007ffd5b280000 - 0x00007ffd5ba23000 	C:\WINDOWS\SYSTEM32\windows.storage.dll
0x00007ffd5cc10000 - 0x00007ffd5cc3b000 	C:\WINDOWS\SYSTEM32\Wldp.dll
0x00007ffd5e7d0000 - 0x00007ffd5e89d000 	C:\WINDOWS\System32\OLEAUT32.dll
0x00007ffd5e8d0000 - 0x00007ffd5e97d000 	C:\WINDOWS\System32\SHCORE.dll
0x00007ffd5db70000 - 0x00007ffd5dbc5000 	C:\WINDOWS\System32\shlwapi.dll
0x00007ffd5d110000 - 0x00007ffd5d135000 	C:\WINDOWS\SYSTEM32\profapi.dll
0x00007ffcd0a70000 - 0x00007ffcd0b47000 	C:\Users\Anwender\.jdks\openjdk-23.0.1\bin\jsvml.dll
0x00007ffd440f0000 - 0x00007ffd44100000 	C:\Users\Anwender\.jdks\openjdk-23.0.1\bin\net.dll
0x00007ffd5c970000 - 0x00007ffd5c9dc000 	C:\WINDOWS\system32\mswsock.dll
0x00007ffd3ca50000 - 0x00007ffd3ca66000 	C:\Users\Anwender\.jdks\openjdk-23.0.1\bin\nio.dll
0x00007ffd3ca30000 - 0x00007ffd3ca47000 	C:\Users\Anwender\.jdks\openjdk-23.0.1\bin\zip.dll
0x00007ffd3a380000 - 0x00007ffd3a39a000 	C:\Program Files\JetBrains\IntelliJ IDEA 2024.2.4\bin\breakgen64.dll
0x00007ffd44020000 - 0x00007ffd44029000 	C:\Users\Anwender\.jdks\openjdk-23.0.1\bin\extnet.dll
0x000001f89ff00000 - 0x000001f89ff03000 	C:\Users\Anwender\Downloads\openjfx-23.0.1_windows-x64_bin-sdk\javafx-sdk-23.0.1\bin\api-ms-win-core-console-l1-1-0.dll
0x000001f89ff10000 - 0x000001f89ff13000 	C:\Users\Anwender\Downloads\openjfx-23.0.1_windows-x64_bin-sdk\javafx-sdk-23.0.1\bin\api-ms-win-core-console-l1-2-0.dll
0x000001f89ff20000 - 0x000001f89ff23000 	C:\Users\Anwender\Downloads\openjfx-23.0.1_windows-x64_bin-sdk\javafx-sdk-23.0.1\bin\api-ms-win-core-datetime-l1-1-0.dll
0x000001f89ff30000 - 0x000001f89ff33000 	C:\Users\Anwender\Downloads\openjfx-23.0.1_windows-x64_bin-sdk\javafx-sdk-23.0.1\bin\api-ms-win-core-debug-l1-1-0.dll
0x000001f89ff40000 - 0x000001f89ff43000 	C:\Users\Anwender\Downloads\openjfx-23.0.1_windows-x64_bin-sdk\javafx-sdk-23.0.1\bin\api-ms-win-core-errorhandling-l1-1-0.dll
0x000001f89ff50000 - 0x000001f89ff54000 	C:\Users\Anwender\Downloads\openjfx-23.0.1_windows-x64_bin-sdk\javafx-sdk-23.0.1\bin\api-ms-win-core-file-l1-1-0.dll
0x000001f89ff60000 - 0x000001f89ff63000 	C:\Users\Anwender\Downloads\openjfx-23.0.1_windows-x64_bin-sdk\javafx-sdk-23.0.1\bin\api-ms-win-core-file-l1-2-0.dll
0x000001f89ff70000 - 0x000001f89ff73000 	C:\Users\Anwender\Downloads\openjfx-23.0.1_windows-x64_bin-sdk\javafx-sdk-23.0.1\bin\api-ms-win-core-file-l2-1-0.dll
0x000001f89ff80000 - 0x000001f89ff83000 	C:\Users\Anwender\Downloads\openjfx-23.0.1_windows-x64_bin-sdk\javafx-sdk-23.0.1\bin\api-ms-win-core-handle-l1-1-0.dll
0x000001f89ff90000 - 0x000001f89ff93000 	C:\Users\Anwender\Downloads\openjfx-23.0.1_windows-x64_bin-sdk\javafx-sdk-23.0.1\bin\api-ms-win-core-heap-l1-1-0.dll
0x000001f89ffa0000 - 0x000001f89ffa3000 	C:\Users\Anwender\Downloads\openjfx-23.0.1_windows-x64_bin-sdk\javafx-sdk-23.0.1\bin\api-ms-win-core-interlocked-l1-1-0.dll
0x000001f89ffb0000 - 0x000001f89ffb3000 	C:\Users\Anwender\Downloads\openjfx-23.0.1_windows-x64_bin-sdk\javafx-sdk-23.0.1\bin\api-ms-win-core-libraryloader-l1-1-0.dll
0x000001f89ffc0000 - 0x000001f89ffc3000 	C:\Users\Anwender\Downloads\openjfx-23.0.1_windows-x64_bin-sdk\javafx-sdk-23.0.1\bin\api-ms-win-core-localization-l1-2-0.dll
0x000001f89ffd0000 - 0x000001f89ffd3000 	C:\Users\Anwender\Downloads\openjfx-23.0.1_windows-x64_bin-sdk\javafx-sdk-23.0.1\bin\api-ms-win-core-memory-l1-1-0.dll
0x000001f89ffe0000 - 0x000001f89ffe3000 	C:\Users\Anwender\Downloads\openjfx-23.0.1_windows-x64_bin-sdk\javafx-sdk-23.0.1\bin\api-ms-win-core-namedpipe-l1-1-0.dll
0x000001f89fff0000 - 0x000001f89fff3000 	C:\Users\Anwender\Downloads\openjfx-23.0.1_windows-x64_bin-sdk\javafx-sdk-23.0.1\bin\api-ms-win-core-processenvironment-l1-1-0.dll
0x000001f8e5fd0000 - 0x000001f8e5fd3000 	C:\Users\Anwender\Downloads\openjfx-23.0.1_windows-x64_bin-sdk\javafx-sdk-23.0.1\bin\api-ms-win-core-processthreads-l1-1-0.dll
0x000001f8e5fe0000 - 0x000001f8e5fe3000 	C:\Users\Anwender\Downloads\openjfx-23.0.1_windows-x64_bin-sdk\javafx-sdk-23.0.1\bin\api-ms-win-core-processthreads-l1-1-1.dll
0x000001f8e5ff0000 - 0x000001f8e5ff3000 	C:\Users\Anwender\Downloads\openjfx-23.0.1_windows-x64_bin-sdk\javafx-sdk-23.0.1\bin\api-ms-win-core-profile-l1-1-0.dll
0x000001f8e6000000 - 0x000001f8e6003000 	C:\Users\Anwender\Downloads\openjfx-23.0.1_windows-x64_bin-sdk\javafx-sdk-23.0.1\bin\api-ms-win-core-rtlsupport-l1-1-0.dll
0x000001f8e6010000 - 0x000001f8e6013000 	C:\Users\Anwender\Downloads\openjfx-23.0.1_windows-x64_bin-sdk\javafx-sdk-23.0.1\bin\api-ms-win-core-string-l1-1-0.dll
0x000001f8e6020000 - 0x000001f8e6023000 	C:\Users\Anwender\Downloads\openjfx-23.0.1_windows-x64_bin-sdk\javafx-sdk-23.0.1\bin\api-ms-win-core-synch-l1-1-0.dll
0x000001f8e6030000 - 0x000001f8e6033000 	C:\Users\Anwender\Downloads\openjfx-23.0.1_windows-x64_bin-sdk\javafx-sdk-23.0.1\bin\api-ms-win-core-synch-l1-2-0.dll
0x000001f8e6040000 - 0x000001f8e6043000 	C:\Users\Anwender\Downloads\openjfx-23.0.1_windows-x64_bin-sdk\javafx-sdk-23.0.1\bin\api-ms-win-core-sysinfo-l1-1-0.dll
0x000001f8e6050000 - 0x000001f8e6053000 	C:\Users\Anwender\Downloads\openjfx-23.0.1_windows-x64_bin-sdk\javafx-sdk-23.0.1\bin\api-ms-win-core-timezone-l1-1-0.dll
0x000001f8e6060000 - 0x000001f8e6063000 	C:\Users\Anwender\Downloads\openjfx-23.0.1_windows-x64_bin-sdk\javafx-sdk-23.0.1\bin\api-ms-win-core-util-l1-1-0.dll
0x000001f8e6070000 - 0x000001f8e6073000 	C:\Users\Anwender\Downloads\openjfx-23.0.1_windows-x64_bin-sdk\javafx-sdk-23.0.1\bin\api-ms-win-crt-conio-l1-1-0.dll
0x000001f8e6080000 - 0x000001f8e6084000 	C:\Users\Anwender\Downloads\openjfx-23.0.1_windows-x64_bin-sdk\javafx-sdk-23.0.1\bin\api-ms-win-crt-convert-l1-1-0.dll
0x000001f8e6090000 - 0x000001f8e6093000 	C:\Users\Anwender\Downloads\openjfx-23.0.1_windows-x64_bin-sdk\javafx-sdk-23.0.1\bin\api-ms-win-crt-environment-l1-1-0.dll
0x000001f8e60a0000 - 0x000001f8e60a3000 	C:\Users\Anwender\Downloads\openjfx-23.0.1_windows-x64_bin-sdk\javafx-sdk-23.0.1\bin\api-ms-win-crt-filesystem-l1-1-0.dll
0x000001f8e60b0000 - 0x000001f8e60b3000 	C:\Users\Anwender\Downloads\openjfx-23.0.1_windows-x64_bin-sdk\javafx-sdk-23.0.1\bin\api-ms-win-crt-heap-l1-1-0.dll
0x000001f8e60c0000 - 0x000001f8e60c3000 	C:\Users\Anwender\Downloads\openjfx-23.0.1_windows-x64_bin-sdk\javafx-sdk-23.0.1\bin\api-ms-win-crt-locale-l1-1-0.dll
0x000001f8e60d0000 - 0x000001f8e60d5000 	C:\Users\Anwender\Downloads\openjfx-23.0.1_windows-x64_bin-sdk\javafx-sdk-23.0.1\bin\api-ms-win-crt-math-l1-1-0.dll
0x000001f8e60e0000 - 0x000001f8e60e5000 	C:\Users\Anwender\Downloads\openjfx-23.0.1_windows-x64_bin-sdk\javafx-sdk-23.0.1\bin\api-ms-win-crt-multibyte-l1-1-0.dll
0x000001f8e60f0000 - 0x000001f8e6100000 	C:\Users\Anwender\Downloads\openjfx-23.0.1_windows-x64_bin-sdk\javafx-sdk-23.0.1\bin\api-ms-win-crt-private-l1-1-0.dll
0x000001f8e6470000 - 0x000001f8e6473000 	C:\Users\Anwender\Downloads\openjfx-23.0.1_windows-x64_bin-sdk\javafx-sdk-23.0.1\bin\api-ms-win-crt-process-l1-1-0.dll
0x000001f8e6480000 - 0x000001f8e6484000 	C:\Users\Anwender\Downloads\openjfx-23.0.1_windows-x64_bin-sdk\javafx-sdk-23.0.1\bin\api-ms-win-crt-runtime-l1-1-0.dll
0x000001f8e6490000 - 0x000001f8e6494000 	C:\Users\Anwender\Downloads\openjfx-23.0.1_windows-x64_bin-sdk\javafx-sdk-23.0.1\bin\api-ms-win-crt-stdio-l1-1-0.dll
0x000001f8e64a0000 - 0x000001f8e64a4000 	C:\Users\Anwender\Downloads\openjfx-23.0.1_windows-x64_bin-sdk\javafx-sdk-23.0.1\bin\api-ms-win-crt-string-l1-1-0.dll
0x000001f8e64b0000 - 0x000001f8e64b3000 	C:\Users\Anwender\Downloads\openjfx-23.0.1_windows-x64_bin-sdk\javafx-sdk-23.0.1\bin\api-ms-win-crt-time-l1-1-0.dll
0x000001f8e64c0000 - 0x000001f8e64c3000 	C:\Users\Anwender\Downloads\openjfx-23.0.1_windows-x64_bin-sdk\javafx-sdk-23.0.1\bin\api-ms-win-crt-utility-l1-1-0.dll
0x00007ffc6f240000 - 0x00007ffc6f33c000 	C:\Users\Anwender\Downloads\openjfx-23.0.1_windows-x64_bin-sdk\javafx-sdk-23.0.1\bin\ucrtbase.dll
0x00007ffd37f80000 - 0x00007ffd37f9b000 	C:\Users\Anwender\Downloads\openjfx-23.0.1_windows-x64_bin-sdk\javafx-sdk-23.0.1\bin\vcruntime140.dll
0x00007ffd3f7b0000 - 0x00007ffd3f7bc000 	C:\Users\Anwender\Downloads\openjfx-23.0.1_windows-x64_bin-sdk\javafx-sdk-23.0.1\bin\vcruntime140_1.dll
0x00007ffc72240000 - 0x00007ffc722ce000 	C:\Users\Anwender\Downloads\openjfx-23.0.1_windows-x64_bin-sdk\javafx-sdk-23.0.1\bin\msvcp140.dll
0x00007ffd37d40000 - 0x00007ffd37d49000 	C:\Users\Anwender\Downloads\openjfx-23.0.1_windows-x64_bin-sdk\javafx-sdk-23.0.1\bin\msvcp140_1.dll
0x00007ffcd08d0000 - 0x00007ffcd0911000 	C:\Users\Anwender\Downloads\openjfx-23.0.1_windows-x64_bin-sdk\javafx-sdk-23.0.1\bin\msvcp140_2.dll
0x00007ffd37490000 - 0x00007ffd374c0000 	C:\Users\Anwender\Downloads\openjfx-23.0.1_windows-x64_bin-sdk\javafx-sdk-23.0.1\bin\prism_d3d.dll
0x00007ffd34dc0000 - 0x00007ffd34f91000 	C:\WINDOWS\system32\d3d9.dll
0x00007ffd5af70000 - 0x00007ffd5af9f000 	C:\WINDOWS\SYSTEM32\dwmapi.dll
0x00007ffd5ab90000 - 0x00007ffd5ac2e000 	C:\WINDOWS\system32\uxtheme.dll
0x00007ffd4fff0000 - 0x00007ffd500b4000 	C:\WINDOWS\System32\DriverStore\FileRepository\nv_dispi.inf_amd64_adf5a840df867035\nvldumdx.dll
0x00007ffd5cda0000 - 0x00007ffd5cdb2000 	C:\WINDOWS\SYSTEM32\msasn1.dll
0x00007ffd554f0000 - 0x00007ffd55521000 	C:\WINDOWS\SYSTEM32\cryptnet.dll
0x00007ffd5d560000 - 0x00007ffd5d6bd000 	C:\WINDOWS\System32\CRYPT32.dll
0x00007ffd5cb80000 - 0x00007ffd5cb8c000 	C:\WINDOWS\SYSTEM32\cryptbase.dll
0x00007ffd54f90000 - 0x00007ffd550d7000 	C:\WINDOWS\SYSTEM32\drvstore.dll
0x00007ffd5cf70000 - 0x00007ffd5cfa3000 	C:\WINDOWS\SYSTEM32\devobj.dll
0x00007ffd5db20000 - 0x00007ffd5db6e000 	C:\WINDOWS\System32\cfgmgr32.dll
0x00007ffd5d9c0000 - 0x00007ffd5da33000 	C:\WINDOWS\System32\wintrust.dll
0x00007ffd5e7b0000 - 0x00007ffd5e7cd000 	C:\WINDOWS\System32\imagehlp.dll
0x00007ffd5cb60000 - 0x00007ffd5cb78000 	C:\WINDOWS\SYSTEM32\CRYPTSP.dll
0x00007ffd5c220000 - 0x00007ffd5c258000 	C:\WINDOWS\system32\rsaenh.dll
0x00007ffd4ce90000 - 0x00007ffd4fba0000 	C:\WINDOWS\System32\DriverStore\FileRepository\nv_dispi.inf_amd64_adf5a840df867035\nvgpucomp64.dll
0x00007ffc80c00000 - 0x00007ffc8298c000 	C:\WINDOWS\System32\DriverStore\FileRepository\nv_dispi.inf_amd64_adf5a840df867035\nvd3dumx.dll
0x00007ffc82990000 - 0x00007ffc829d5000 	C:\Users\Anwender\Downloads\openjfx-23.0.1_windows-x64_bin-sdk\javafx-sdk-23.0.1\bin\glass.dll
0x00007ffd5dbd0000 - 0x00007ffd5dcaa000 	C:\WINDOWS\System32\COMDLG32.dll
0x00007ffd5e5c0000 - 0x00007ffd5e6d5000 	C:\WINDOWS\System32\MSCTF.dll
0x00007ffd1d1b0000 - 0x00007ffd1d480000 	C:\WINDOWS\system32\nvspcap64.dll
0x00007ffd5c470000 - 0x00007ffd5c4a3000 	C:\WINDOWS\SYSTEM32\ntmarta.dll
0x00007ffd5ba40000 - 0x00007ffd5ba63000 	C:\WINDOWS\SYSTEM32\gpapi.dll
0x00007ffd26af0000 - 0x00007ffd26c45000 	C:\WINDOWS\System32\DriverStore\FileRepository\nv_dispi.inf_amd64_adf5a840df867035\nvppex.dll
0x00007ffd52a40000 - 0x00007ffd52a7b000 	C:\WINDOWS\SYSTEM32\dxcore.dll
0x00007ffd5e1b0000 - 0x00007ffd5e259000 	C:\WINDOWS\System32\clbcatq.dll
0x00007ffd4feb0000 - 0x00007ffd4ffef000 	C:\Windows\System32\Windows.UI.dll
0x00007ffd4fd60000 - 0x00007ffd4fe59000 	C:\Windows\System32\TextInputFramework.dll
0x00007ffd54e80000 - 0x00007ffd54f21000 	C:\Windows\System32\WindowManagementAPI.dll
0x00007ffd4fc00000 - 0x00007ffd4fd52000 	C:\Windows\System32\InputHost.dll

dbghelp: loaded successfully - version: 4.0.5 - missing functions: none
symbol engine: initialized successfully - sym options: 0x614 - pdb path: .;C:\Users\Anwender\.jdks\openjdk-23.0.1\bin;C:\WINDOWS\SYSTEM32;C:\WINDOWS\WinSxS\amd64_microsoft.windows.common-controls_6595b64144ccf1df_6.0.19041.4355_none_60b8b9eb71f62e16;C:\Users\Anwender\.jdks\openjdk-23.0.1\bin\server;C:\Program Files\JetBrains\IntelliJ IDEA 2024.2.4\bin;C:\Users\Anwender\Downloads\openjfx-23.0.1_windows-x64_bin-sdk\javafx-sdk-23.0.1\bin;C:\WINDOWS\System32\DriverStore\FileRepository\nv_dispi.inf_amd64_adf5a840df867035;C:\Program Files\Common Files\Microsoft Shared\Ink

VM Arguments:
jvm_args: --module-path=C:\Users\Anwender\Downloads\openjfx-23.0.1_windows-x64_bin-sdk\javafx-sdk-23.0.1\lib --add-modules=javafx.controls,javafx.fxml --enable-preview -javaagent:C:\Program Files\JetBrains\IntelliJ IDEA 2024.2.4\lib\idea_rt.jar=5017:C:\Program Files\JetBrains\IntelliJ IDEA 2024.2.4\bin -Dfile.encoding=UTF-8 -Dsun.stdout.encoding=UTF-8 -Dsun.stderr.encoding=UTF-8 
java_command: Main
java_class_path (initial): C:\Users\Anwender\IdeaProjects\demo3\target\classes;C:\Users\Anwender\.m2\repository\org\openjfx\javafx-controls\17.0.6\javafx-controls-17.0.6.jar;C:\Users\Anwender\.m2\repository\org\openjfx\javafx-controls\17.0.6\javafx-controls-17.0.6-win.jar;C:\Users\Anwender\.m2\repository\org\openjfx\javafx-graphics\17.0.6\javafx-graphics-17.0.6.jar;C:\Users\Anwender\.m2\repository\org\openjfx\javafx-graphics\17.0.6\javafx-graphics-17.0.6-win.jar;C:\Users\Anwender\.m2\repository\org\openjfx\javafx-base\17.0.6\javafx-base-17.0.6.jar;C:\Users\Anwender\.m2\repository\org\openjfx\javafx-base\17.0.6\javafx-base-17.0.6-win.jar;C:\Users\Anwender\.m2\repository\org\openjfx\javafx-fxml\17.0.6\javafx-fxml-17.0.6.jar;C:\Users\Anwender\.m2\repository\org\openjfx\javafx-fxml\17.0.6\javafx-fxml-17.0.6-win.jar;C:\Users\Anwender\.m2\repository\com\itextpdf\itextpdf\5.5.13.2\itextpdf-5.5.13.2.jar;C:\Users\Anwender\Downloads\postgresql-42.7.4.jar
Launcher Type: SUN_STANDARD

[Global flags]
     intx CICompilerCount                          = 4                                         {product} {ergonomic}
     uint ConcGCThreads                            = 3                                         {product} {ergonomic}
     uint G1ConcRefinementThreads                  = 10                                        {product} {ergonomic}
   size_t G1HeapRegionSize                         = 2097152                                   {product} {ergonomic}
   size_t InitialHeapSize                          = 268435456                                 {product} {ergonomic}
   size_t MarkStackSize                            = 4194304                                   {product} {ergonomic}
   size_t MarkStackSizeMax                         = 536870912                                 {product} {ergonomic}
   size_t MaxHeapSize                              = 4278190080                                {product} {ergonomic}
   size_t MaxNewSize                               = 2566914048                                {product} {ergonomic}
   size_t MinHeapDeltaBytes                        = 2097152                                   {product} {ergonomic}
   size_t MinHeapSize                              = 8388608                                   {product} {ergonomic}
    uintx NonNMethodCodeHeapSize                   = 5832704                                {pd product} {ergonomic}
    uintx NonProfiledCodeHeapSize                  = 122945536                              {pd product} {ergonomic}
    uintx ProfiledCodeHeapSize                     = 122880000                              {pd product} {ergonomic}
    uintx ReservedCodeCacheSize                    = 251658240                              {pd product} {ergonomic}
     bool SegmentedCodeCache                       = true                                      {product} {ergonomic}
   size_t SoftMaxHeapSize                          = 4278190080                             {manageable} {ergonomic}
     bool UseCompressedOops                        = true                           {product lp64_product} {ergonomic}
     bool UseG1GC                                  = true                                      {product} {ergonomic}
     bool UseLargePagesIndividualAllocation        = false                                  {pd product} {ergonomic}

Logging:
Log output configuration:
 #0: stdout all=off uptime,level,tags foldmultilines=false
 #1: stderr all=off uptime,level,tags foldmultilines=false

Environment Variables:
CLASSPATH=C:\Users\Anwender\Downloads\openjfx-23.0.1_windows-x64_bin-sdk\javafx-sdk-23.0.1\bin
PATH=C:\Program Files\Common Files\Oracle\Java\javapath;C:\WINDOWS\system32;C:\WINDOWS;C:\WINDOWS\System32\Wbem;C:\WINDOWS\System32\WindowsPowerShell\v1.0\;C:\WINDOWS\System32\OpenSSH\;C:\Program Files\NVIDIA Corporation\NVIDIA NvDLISR;C:\Program Files (x86)\NVIDIA Corporation\PhysX\Common;C:\Program Files\dotnet\;C:\Users\Anwender\.jdks\openjdk-23.0.1\bin;C:\Users\Anwender\Downloads\openjfx-23.0.1_windows-x64_bin-sdk\javafx-sdk-23.0.1\bin;C:\Program Files\Git\cmd;C:\Users\Anwender\AppData\Local\Programs\Python\Python312\Scripts\;C:\Users\Anwender\AppData\Local\Programs\Python\Python312\;C:\Users\Anwender\AppData\Local\Microsoft\WindowsApps;C:\Users\Anwender\AppData\Local\Programs\Microsoft VS Code\bin;C:\Users\Anwender\.jdks\openjdk-23.0.1\bin;
USERNAME=Anwender
OS=Windows_NT
PROCESSOR_IDENTIFIER=AMD64 Family 23 Model 113 Stepping 0, AuthenticAMD
TMP=C:\Users\Anwender\AppData\Local\Temp
TEMP=C:\Users\Anwender\AppData\Local\Temp




Periodic native trim disabled

---------------  S Y S T E M  ---------------

OS:
 Windows 10 , 64 bit Build 19041 (10.0.19041.5678)
OS uptime: 0 days 11:08 hours

CPU: total 12 (initial active 12) (12 cores per cpu, 2 threads per core) family 23 model 113 stepping 0 microcode 0x0, cx8, cmov, fxsr, ht, mmx, 3dnowpref, sse, sse2, sse3, ssse3, sse4a, sse4.1, sse4.2, popcnt, lzcnt, tsc, tscinvbit, avx, avx2, aes, clmul, bmi1, bmi2, adx, sha, fma, vzeroupper, clflush, clflushopt, rdtscp, rdpid, f16c
Processor Information for the first 12 processors :
  Max Mhz: 3593, Current Mhz: 3593, Mhz Limit: 3593

Memory: 4k page, system-wide physical 16313M (5764M free)
TotalPageFile size 23993M (AvailPageFile size 4859M)
current process WorkingSet (physical memory assigned to process): 177M, peak: 218M
current process commit charge ("private bytes"): 298M, peak: 507M

vm_info: OpenJDK 64-Bit Server VM (23.0.1+11-39) for windows-amd64 JRE (23.0.1+11-39), built on 2024-09-30T07:20:43Z with MS VC++ 17.6 (VS2022)

END.
