#
# A fatal error has been detected by the Java Runtime Environment:
#
#  EXCEPTION_ACCESS_VIOLATION (0xc0000005) at pc=0x00007ffefb8b8e37, pid=25788, tid=25428
#
# JRE version: OpenJDK Runtime Environment (23.0.1+11) (build 23.0.1+11-39)
# Java VM: OpenJDK 64-Bit Server VM (23.0.1+11-39, mixed mode, sharing, tiered, compressed oops, compressed class ptrs, g1 gc, windows-amd64)
# Problematic frame:
# C  [glass.dll+0x28e37]
#
# No core dump will be written. Minidumps are not enabled by default on client versions of Windows
#
# If you would like to submit a bug report, please visit:
#   https://bugreport.java.com/bugreport/crash.jsp
#

---------------  S U M M A R Y ------------

Command Line: --module-path=C:\javafx-sdk-21\openjfx-24.0.1_windows-x64_bin-sdk\javafx-sdk-24.0.1\lib --add-modules=javafx.controls,javafx.fxml --enable-preview -javaagent:C:\Program Files\JetBrains\IntelliJ IDEA 2025.2.5\lib\idea_rt.jar=30537 -Dfile.encoding=UTF-8 -Dsun.stdout.encoding=UTF-8 -Dsun.stderr.encoding=UTF-8 Main

Host: AMD Ryzen 5 3600 6-Core Processor              , 12 cores, 15G,  Windows 10 , 64 bit Build 19041 (10.0.19041.5915)
Time: Wed Apr  1 01:26:18 2026 Mitteleuropäische Sommerzeit elapsed time: 10.114481 seconds (0d 0h 0m 10s)

---------------  T H R E A D  ---------------

Current thread (0x000001a460f97ce0):  VMThread "VM Thread"          [id=25428, stack(0x000000750cf00000,0x000000750d000000) (1024K)]

Stack: [0x000000750cf00000,0x000000750d000000],  sp=0x000000750cffee40,  free space=1019k
Native frames: (J=compiled Java code, j=interpreted, Vv=VM code, C=native code)
C  [glass.dll+0x28e37]  (no source info available)
C  [ucrtbase.dll+0x142d6]  (no source info available)
C  [ucrtbase.dll+0x141fb]  (no source info available)
C  [ucrtbase.dll+0x141b4]  (no source info available)
C  [glass.dll+0x2655d]  (no source info available)
C  [glass.dll+0x26682]  (no source info available)
C  [ntdll.dll+0x19a1d]  (no source info available)
C  [ntdll.dll+0x5f1ca]  (no source info available)
C  [ntdll.dll+0x5ef7d]  (no source info available)
C  [KERNEL32.DLL+0x1e3eb]  (no source info available)
C  [ucrtbase.dll+0x205bc]  (no source info available)
C  [ucrtbase.dll+0x2045f]  (no source info available)
V  [jvm.dll+0x6d990c]  (no source info available)
V  [jvm.dll+0x6d9440]  (no source info available)
V  [jvm.dll+0x3da534]  (no source info available)
V  [jvm.dll+0x886720]  (no source info available)
V  [jvm.dll+0x887a47]  (no source info available)
V  [jvm.dll+0x887f78]  (no source info available)
V  [jvm.dll+0x888213]  (no source info available)
V  [jvm.dll+0x824f8b]  (no source info available)
V  [jvm.dll+0x6df065]  (no source info available)
C  [ucrtbase.dll+0x21bb2]  (no source info available)
C  [KERNEL32.DLL+0x17374]  (no source info available)
C  [ntdll.dll+0x4cc91]  (no source info available)


siginfo: EXCEPTION_ACCESS_VIOLATION (0xc0000005), reading address 0x0000000000000000


Registers:
RAX=0x0000000000000000, RBX=0x000001a460f9c522, RCX=0x000001a460f97ce0, RDX=0x000000750cffee40
RSP=0x000000750cffee40, RBP=0x000001a4a6fb8b08, RSI=0x000001a4a6fb8ae0, RDI=0x0000e4c54c4c4539
R8 =0x0000000000010002, R9 =0x0000e4c54c4c4539, R10=0x0000000000008000, R11=0x000000750cffedd0
R12=0x00007ffefb8b66d0, R13=0x00007ffe8ca1b760, R14=0x000000750cffef38, R15=0x000001a4a6fb8ae0
RIP=0x00007ffefb8b8e37, EFLAGS=0x0000000000010202


Register to memory mapping:

RAX=0x0 is null
RBX=0x000001a460f9c522 is a global jni handle
RCX=0x000001a460f97ce0 points into unknown readable memory: 0x00007ffe8c81f688 | 88 f6 81 8c fe 7f 00 00
RDX=0x000000750cffee40 points into unknown readable memory: 0x0000000000000000 | 00 00 00 00 00 00 00 00
RSP=0x000000750cffee40 points into unknown readable memory: 0x0000000000000000 | 00 00 00 00 00 00 00 00
RBP=0x000001a4a6fb8b08 points into unknown readable memory: 0x0000e4c54c4c4539 | 39 45 4c 4c c5 e4 00 00
RSI=0x000001a4a6fb8ae0 points into unknown readable memory: 0xd000e43ab1bb53fa | fa 53 bb b1 3a e4 00 d0
RDI=0x0000e4c54c4c4539 is an unknown value
R8 =0x0000000000010002 is an unknown value
R9 =0x0000e4c54c4c4539 is an unknown value
R10=0x0000000000008000 is an unknown value
R11=0x000000750cffedd0 points into unknown readable memory: 0x000001a4a6fb8ae0 | e0 8a fb a6 a4 01 00 00
R12=0x00007ffefb8b66d0 glass.dll
R13=0x00007ffe8ca1b760 jvm.dll
R14=0x000000750cffef38 points into unknown readable memory: 0x000000750cffef20 | 20 ef ff 0c 75 00 00 00
R15=0x000001a4a6fb8ae0 points into unknown readable memory: 0xd000e43ab1bb53fa | fa 53 bb b1 3a e4 00 d0

Top of Stack: (sp=0x000000750cffee40)
0x000000750cffee40:   0000000000000000 000001a4a6fb8ae0
0x000000750cffee50:   00007ffe8ca1b760 00007ffefb8b66d0
0x000000750cffee60:   000001a4a6fb8ae8 00007fff16c042d6
0x000000750cffee70:   0000e4c54c4c4539 000001a400000000
0x000000750cffee80:   000001a4a6fb8b08 000001a4a6fb8ae0
0x000000750cffee90:   fffffffffffffffe 0000000000000000
0x000000750cffeea0:   0000000000000001 00007ffefb890000
0x000000750cffeeb0:   000000750cffef28 00007fff16c041fb
0x000000750cffeec0:   0000000000000000 000000750cffef38
0x000000750cffeed0:   000000750cfff210 00007fff16ce0e40
0x000000750cffeee0:   0000000000000001 00007fff16c041b4
0x000000750cffeef0:   0000000000000000 0000000000000001
0x000000750cffef00:   00007fff12b93300 000000750cffef28
0x000000750cffef10:   000000000000000d 00007ffefb8b655d
0x000000750cffef20:   00007ffefb8cfda8 00007fff00000002
0x000000750cffef30:   0000000000000002 000000750cffef20
0x000000750cffef40:   0000000000000000 00007fff18dc9993
0x000000750cffef50:   0000000000000000 00007ffefb8b6682
0x000000750cffef60:   0000000000000001 0000000000000000
0x000000750cffef70:   0000000000000070 0000000000000001
0x000000750cffef80:   00007fff0dcc1d90 0000000000000000
0x000000750cffef90:   0000000000000001 00007fff0dcc2ef0
0x000000750cffefa0:   00007ffefb890000 000000007ffe0384
0x000000750cffefb0:   0000000000000000 00007fff18dc9a1d
0x000000750cffefc0:   00007ffefb890000 0000000000000000
0x000000750cffefd0:   0000000000000001 000000007ffe0385
0x000000750cffefe0:   0000000000000000 00007fff18e0f331
0x000000750cffeff0:   0000c9eab6c80b00 0000000000000014
0x000000750cfff000:   00007ffefb8b66d0 0000000000000000
0x000000750cfff010:   0000000000000000 000000750c260000
0x000000750cfff020:   000001a4a714f010 00007fff18e0f1ca
0x000000750cfff030:   000001a4a714eec0 00007ffefb890000 

Instructions: (pc=0x00007ffefb8b8e37)
0x00007ffefb8b8d37:   8b 4d 58 e8 d9 ce ff ff 48 8b 4d 60 e8 d0 ce ff
0x00007ffefb8b8d47:   ff 48 8b 95 80 00 00 00 48 8b 8d 18 01 00 00 e8
0x00007ffefb8b8d57:   b6 c4 ff ff 33 d2 33 c9 e8 1c e1 ff ff 90 48 89
0x00007ffefb8b8d67:   54 24 10 55 48 83 ec 20 48 8b ea 48 b8 00 00 00
0x00007ffefb8b8d77:   00 00 00 00 00 48 83 c4 20 5d c3 cc 40 55 48 8b
0x00007ffefb8b8d87:   ea 48 8b 01 33 c9 81 38 05 00 00 c0 0f 94 c1 8b
0x00007ffefb8b8d97:   c1 5d c3 cc 40 55 48 83 ec 20 48 8b ea 8a 4d 40
0x00007ffefb8b8da7:   48 83 c4 20 5d e9 c3 d2 ff ff cc 40 55 48 83 ec
0x00007ffefb8b8db7:   20 48 8b ea 8a 4d 20 e8 b1 d2 ff ff 90 48 83 c4
0x00007ffefb8b8dc7:   20 5d c3 cc 40 55 48 83 ec 20 48 8b ea 48 83 c4
0x00007ffefb8b8dd7:   20 5d e9 12 d1 ff ff cc 40 55 48 83 ec 30 48 8b
0x00007ffefb8b8de7:   ea 48 8b 01 8b 10 48 89 4c 24 28 89 54 24 20 4c
0x00007ffefb8b8df7:   8d 0d b3 d5 ff ff 4c 8b 45 70 8b 55 68 48 8b 4d
0x00007ffefb8b8e07:   60 e8 53 d0 ff ff 90 48 83 c4 30 5d c3 cc cc cc
0x00007ffefb8b8e17:   cc cc cc cc cc cc cc cc cc 40 53 48 83 ec 20 48
0x00007ffefb8b8e27:   8b 1d 2b 6a 01 00 48 85 db 74 16 e8 a9 8f ff ff
0x00007ffefb8b8e37:   4c 8b 00 48 8b d3 48 8b c8 41 ff 90 b0 00 00 00
0x00007ffefb8b8e47:   90 48 83 c4 20 5b c3 cc cc 40 53 48 83 ec 20 48
0x00007ffefb8b8e57:   8b 1d 6b 6b 01 00 48 85 db 74 57 b8 ff ff ff ff
0x00007ffefb8b8e67:   f0 0f c1 43 10 83 f8 01 75 3d 48 85 db 74 38 48
0x00007ffefb8b8e77:   8b 0b 48 85 c9 74 0d ff 15 2c 14 00 00 48 c7 03
0x00007ffefb8b8e87:   00 00 00 00 48 8b 4b 08 48 85 c9 74 0d e8 7f cd
0x00007ffefb8b8e97:   ff ff 48 c7 43 08 00 00 00 00 ba 18 00 00 00 48
0x00007ffefb8b8ea7:   8b cb e8 6a cd ff ff 48 c7 05 0f 6b 01 00 00 00
0x00007ffefb8b8eb7:   00 00 48 83 c4 20 5b c3 cc 40 53 48 83 ec 20 48
0x00007ffefb8b8ec7:   8b 1d db 6a 01 00 48 85 db 74 57 b8 ff ff ff ff
0x00007ffefb8b8ed7:   f0 0f c1 43 10 83 f8 01 75 3d 48 85 db 74 38 48
0x00007ffefb8b8ee7:   8b 0b 48 85 c9 74 0d ff 15 bc 13 00 00 48 c7 03
0x00007ffefb8b8ef7:   00 00 00 00 48 8b 4b 08 48 85 c9 74 0d e8 0f cd
0x00007ffefb8b8f07:   ff ff 48 c7 43 08 00 00 00 00 ba 18 00 00 00 48
0x00007ffefb8b8f17:   8b cb e8 fa cc ff ff 48 c7 05 7f 6a 01 00 00 00
0x00007ffefb8b8f27:   00 00 48 83 c4 20 5b c3 cc 40 53 48 83 ec 20 48 


Stack slot to memory mapping:

stack at sp + 0 slots: 0x0 is null
stack at sp + 1 slots: 0x000001a4a6fb8ae0 points into unknown readable memory: 0xd000e43ab1bb53fa | fa 53 bb b1 3a e4 00 d0
stack at sp + 2 slots: 0x00007ffe8ca1b760 jvm.dll
stack at sp + 3 slots: 0x00007ffefb8b66d0 glass.dll
stack at sp + 4 slots: 0x000001a4a6fb8ae8 points into unknown readable memory: 0x0000e4c54c4c4539 | 39 45 4c 4c c5 e4 00 00
stack at sp + 5 slots: 0x00007fff16c042d6 ucrtbase.dll
stack at sp + 6 slots: 0x0000e4c54c4c4539 is an unknown value
stack at sp + 7 slots: 0x000001a400000000 is an unknown value

VM_Operation (0x000000750def9a60): Exit, mode: safepoint, requested by thread 0x000001a4a6938710


---------------  P R O C E S S  ---------------

Threads class SMR info:
_java_thread_list=0x000001a4a6763930, length=19, elements={
0x000001a43f294f80, 0x000001a460fb1de0, 0x000001a460fb2d00, 0x000001a460fb4e30,
0x000001a460fb78a0, 0x000001a460fb88e0, 0x000001a460fb9340, 0x000001a460fbe790,
0x000001a460fc8e70, 0x000001a4a60a0d80, 0x000001a4a6838d80, 0x000001a4a7135c50,
0x000001a4a6c50c60, 0x000001a4a6d91a90, 0x000001a4a6938710, 0x000001a4a77b4c60,
0x000001a4a78384a0, 0x000001a4a78fd220, 0x000001a4a78f9da0
}

Java Threads: ( => current thread )
  0x000001a43f294f80 JavaThread "main"                              [_thread_blocked, id=18852, stack(0x000000750c800000,0x000000750c900000) (1024K)]
  0x000001a460fb1de0 JavaThread "Reference Handler"          daemon [_thread_blocked, id=14868, stack(0x000000750d000000,0x000000750d100000) (1024K)]
  0x000001a460fb2d00 JavaThread "Finalizer"                  daemon [_thread_blocked, id=6792, stack(0x000000750d100000,0x000000750d200000) (1024K)]
  0x000001a460fb4e30 JavaThread "Signal Dispatcher"          daemon [_thread_blocked, id=9688, stack(0x000000750d200000,0x000000750d300000) (1024K)]
  0x000001a460fb78a0 JavaThread "Attach Listener"            daemon [_thread_blocked, id=19004, stack(0x000000750d300000,0x000000750d400000) (1024K)]
  0x000001a460fb88e0 JavaThread "Service Thread"             daemon [_thread_blocked, id=27608, stack(0x000000750d400000,0x000000750d500000) (1024K)]
  0x000001a460fb9340 JavaThread "Monitor Deflation Thread"   daemon [_thread_blocked, id=15276, stack(0x000000750d500000,0x000000750d600000) (1024K)]
  0x000001a460fbe790 JavaThread "C2 CompilerThread0"         daemon [_thread_blocked, id=19208, stack(0x000000750d600000,0x000000750d700000) (1024K)]
  0x000001a460fc8e70 JavaThread "C1 CompilerThread0"         daemon [_thread_blocked, id=21116, stack(0x000000750d700000,0x000000750d800000) (1024K)]
  0x000001a4a60a0d80 JavaThread "Common-Cleaner"             daemon [_thread_blocked, id=4872, stack(0x000000750d800000,0x000000750d900000) (1024K)]
  0x000001a4a6838d80 JavaThread "Monitor Ctrl-Break"         daemon [_thread_in_native, id=12804, stack(0x000000750db00000,0x000000750dc00000) (1024K)]
  0x000001a4a7135c50 JavaThread "Notification Thread"        daemon [_thread_blocked, id=5168, stack(0x000000750dc00000,0x000000750dd00000) (1024K)]
  0x000001a4a6c50c60 JavaThread "QuantumRenderer-0"          daemon [_thread_blocked, id=16684, stack(0x000000750d900000,0x000000750da00000) (1024K)]
  0x000001a4a6d91a90 JavaThread "InvokeLaterDispatcher"      daemon [_thread_blocked, id=11296, stack(0x000000750dd00000,0x000000750de00000) (1024K)]
  0x000001a4a6938710 JavaThread "JavaFX Application Thread"         [_thread_blocked, id=2580, stack(0x000000750de00000,0x000000750df00000) (1024K)]
  0x000001a4a77b4c60 JavaThread "JavaFX-Launcher"                   [_thread_blocked, id=27508, stack(0x000000750e400000,0x000000750e500000) (1024K)]
  0x000001a4a78384a0 JavaThread "Thread-2"                   daemon [_thread_in_native, id=21952, stack(0x000000750e300000,0x000000750e400000) (1024K)]
  0x000001a4a78fd220 JavaThread "Prism Font Disposer"        daemon [_thread_blocked, id=6424, stack(0x000000750ef00000,0x000000750f000000) (1024K)]
  0x000001a4a78f9da0 JavaThread "Cleaner-0"                  daemon [_thread_blocked, id=22816, stack(0x000000750f060000,0x000000750f160000) (1024K)]
Total: 19

Other Threads:
=>0x000001a460f97ce0 VMThread "VM Thread"                           [id=25428, stack(0x000000750cf00000,0x000000750d000000) (1024K)]
  0x000001a4415ab4e0 WorkerThread "GC Thread#0"                     [id=23964, stack(0x000000750c900000,0x000000750ca00000) (1024K)]
  0x000001a4a77d55f0 WorkerThread "GC Thread#1"                     [id=19232, stack(0x000000750e500000,0x000000750e600000) (1024K)]
  0x000001a4a77d59a0 WorkerThread "GC Thread#2"                     [id=10252, stack(0x000000750e600000,0x000000750e700000) (1024K)]
  0x000001a4a77d8160 WorkerThread "GC Thread#3"                     [id=12564, stack(0x000000750e700000,0x000000750e800000) (1024K)]
  0x000001a4a77d8510 WorkerThread "GC Thread#4"                     [id=11148, stack(0x000000750e800000,0x000000750e900000) (1024K)]
  0x000001a4a77d88c0 WorkerThread "GC Thread#5"                     [id=20072, stack(0x000000750e900000,0x000000750ea00000) (1024K)]
  0x000001a4a78935e0 WorkerThread "GC Thread#6"                     [id=25316, stack(0x000000750ea00000,0x000000750eb00000) (1024K)]
  0x000001a4a795afe0 WorkerThread "GC Thread#7"                     [id=5796, stack(0x000000750ed00000,0x000000750ee00000) (1024K)]
  0x000001a4a795ac30 WorkerThread "GC Thread#8"                     [id=7464, stack(0x000000750ee00000,0x000000750ef00000) (1024K)]
  0x000001a4415c04b0 ConcurrentGCThread "G1 Main Marker"            terminated
  0x000001a4415c1670 WorkerThread "G1 Conc#0"                       [id=884, stack(0x000000750cb00000,0x000000750cc00000) (1024K)]
  0x000001a460e471b0 ConcurrentGCThread "G1 Refine#0"               terminated
  0x000001a460e47b40 ConcurrentGCThread "G1 Service"                terminated
Total: 14

Threads with active compile tasks:
C2 CompilerThread0  10263 3335       4       java.util.concurrent.ConcurrentHashMap$Traverser::advance (188 bytes)
Total: 1

VM state: at safepoint (shutting down)

VM Mutex/Monitor currently owned by a thread:  ([mutex/lock_event])
[0x00007ffe8c9f3910] Threads_lock - owner thread: 0x000001a460f97ce0
[0x00007ffe8c9f3a10] Heap_lock - owner thread: 0x000001a4a6938710

Heap address: 0x0000000701000000, size: 4080 MB, Compressed Oops mode: Zero based, Oop shift amount: 3

CDS archive(s) mapped at: [0x000001a461000000-0x000001a461d70000-0x000001a461d70000), size 14090240, SharedBaseAddress: 0x000001a461000000, ArchiveRelocationMode: 1.
Compressed class space mapped at: 0x000001a462000000-0x000001a4a2000000, reserved size: 1073741824
Narrow klass base: 0x000001a461000000, Narrow klass shift: 0, Narrow klass range: 0x41000000

GC Precious Log:
 CardTable entry size: 512
 Card Set container configuration: InlinePtr #cards 4 size 8 Array Of Cards #cards 16 size 48 Howl #buckets 8 coarsen threshold 3686 Howl Bitmap #cards 512 size 80 coarsen threshold 460 Card regions per heap region 1 cards per card region 4096
 CPUs: 12 total, 12 available
 Memory: 16313M
 Large Page Support: Disabled
 NUMA Support: Disabled
 Compressed Oops: Enabled (Zero based)
 Heap Region Size: 2M
 Heap Min Capacity: 8M
 Heap Initial Capacity: 256M
 Heap Max Capacity: 4080M
 Pre-touch: Disabled
 Parallel Workers: 10
 Concurrent Workers: 3
 Concurrent Refinement Workers: 10
 Periodic GC: Disabled

Heap:
 garbage-first heap   total reserved 4177920K, committed 262144K, used 45943K [0x0000000701000000, 0x0000000800000000)
  region size 2048K, 21 young (43008K), 2 survivors (4096K)
 Metaspace       used 15819K, committed 16128K, reserved 1114112K
  class space    used 2152K, committed 2304K, reserved 1048576K

Heap Regions: E=young(eden), S=young(survivor), O=old, HS=humongous(starts), HC=humongous(continues), CS=collection set, F=free, TAMS=top-at-mark-start, PB=parsable bottom
|   0|0x0000000701000000, 0x0000000701200000, 0x0000000701200000|100%| O|  |TAMS 0x0000000701000000| PB 0x0000000701000000| Untracked |  0
|   1|0x0000000701200000, 0x00000007013bbc10, 0x0000000701400000| 86%| O|  |TAMS 0x0000000701200000| PB 0x0000000701200000| Untracked |  0
|   2|0x0000000701400000, 0x0000000701600000, 0x0000000701600000|100%|HS|  |TAMS 0x0000000701400000| PB 0x0000000701400000| Complete |  0
|   3|0x0000000701600000, 0x0000000701800000, 0x0000000701800000|100%|HS|  |TAMS 0x0000000701600000| PB 0x0000000701600000| Complete |  0
|   4|0x0000000701800000, 0x0000000701800000, 0x0000000701a00000|  0%| F|  |TAMS 0x0000000701800000| PB 0x0000000701800000| Untracked |  0
|   5|0x0000000701a00000, 0x0000000701a00000, 0x0000000701c00000|  0%| F|  |TAMS 0x0000000701a00000| PB 0x0000000701a00000| Untracked |  0
|   6|0x0000000701c00000, 0x0000000701c00000, 0x0000000701e00000|  0%| F|  |TAMS 0x0000000701c00000| PB 0x0000000701c00000| Untracked |  0
|   7|0x0000000701e00000, 0x0000000701e00000, 0x0000000702000000|  0%| F|  |TAMS 0x0000000701e00000| PB 0x0000000701e00000| Untracked |  0
|   8|0x0000000702000000, 0x0000000702000000, 0x0000000702200000|  0%| F|  |TAMS 0x0000000702000000| PB 0x0000000702000000| Untracked |  0
|   9|0x0000000702200000, 0x0000000702200000, 0x0000000702400000|  0%| F|  |TAMS 0x0000000702200000| PB 0x0000000702200000| Untracked |  0
|  10|0x0000000702400000, 0x0000000702400000, 0x0000000702600000|  0%| F|  |TAMS 0x0000000702400000| PB 0x0000000702400000| Untracked |  0
|  11|0x0000000702600000, 0x0000000702600000, 0x0000000702800000|  0%| F|  |TAMS 0x0000000702600000| PB 0x0000000702600000| Untracked |  0
|  12|0x0000000702800000, 0x0000000702800000, 0x0000000702a00000|  0%| F|  |TAMS 0x0000000702800000| PB 0x0000000702800000| Untracked |  0
|  13|0x0000000702a00000, 0x0000000702a00000, 0x0000000702c00000|  0%| F|  |TAMS 0x0000000702a00000| PB 0x0000000702a00000| Untracked |  0
|  14|0x0000000702c00000, 0x0000000702c00000, 0x0000000702e00000|  0%| F|  |TAMS 0x0000000702c00000| PB 0x0000000702c00000| Untracked |  0
|  15|0x0000000702e00000, 0x0000000702e00000, 0x0000000703000000|  0%| F|  |TAMS 0x0000000702e00000| PB 0x0000000702e00000| Untracked |  0
|  16|0x0000000703000000, 0x0000000703000000, 0x0000000703200000|  0%| F|  |TAMS 0x0000000703000000| PB 0x0000000703000000| Untracked |  0
|  17|0x0000000703200000, 0x0000000703200000, 0x0000000703400000|  0%| F|  |TAMS 0x0000000703200000| PB 0x0000000703200000| Untracked |  0
|  18|0x0000000703400000, 0x0000000703400000, 0x0000000703600000|  0%| F|  |TAMS 0x0000000703400000| PB 0x0000000703400000| Untracked |  0
|  19|0x0000000703600000, 0x0000000703600000, 0x0000000703800000|  0%| F|  |TAMS 0x0000000703600000| PB 0x0000000703600000| Untracked |  0
|  20|0x0000000703800000, 0x0000000703800000, 0x0000000703a00000|  0%| F|  |TAMS 0x0000000703800000| PB 0x0000000703800000| Untracked |  0
|  21|0x0000000703a00000, 0x0000000703a00000, 0x0000000703c00000|  0%| F|  |TAMS 0x0000000703a00000| PB 0x0000000703a00000| Untracked |  0
|  22|0x0000000703c00000, 0x0000000703c00000, 0x0000000703e00000|  0%| F|  |TAMS 0x0000000703c00000| PB 0x0000000703c00000| Untracked |  0
|  23|0x0000000703e00000, 0x0000000703e00000, 0x0000000704000000|  0%| F|  |TAMS 0x0000000703e00000| PB 0x0000000703e00000| Untracked |  0
|  24|0x0000000704000000, 0x0000000704000000, 0x0000000704200000|  0%| F|  |TAMS 0x0000000704000000| PB 0x0000000704000000| Untracked |  0
|  25|0x0000000704200000, 0x0000000704200000, 0x0000000704400000|  0%| F|  |TAMS 0x0000000704200000| PB 0x0000000704200000| Untracked |  0
|  26|0x0000000704400000, 0x0000000704400000, 0x0000000704600000|  0%| F|  |TAMS 0x0000000704400000| PB 0x0000000704400000| Untracked |  0
|  27|0x0000000704600000, 0x0000000704600000, 0x0000000704800000|  0%| F|  |TAMS 0x0000000704600000| PB 0x0000000704600000| Untracked |  0
|  28|0x0000000704800000, 0x0000000704800000, 0x0000000704a00000|  0%| F|  |TAMS 0x0000000704800000| PB 0x0000000704800000| Untracked |  0
|  29|0x0000000704a00000, 0x0000000704a00000, 0x0000000704c00000|  0%| F|  |TAMS 0x0000000704a00000| PB 0x0000000704a00000| Untracked |  0
|  30|0x0000000704c00000, 0x0000000704c00000, 0x0000000704e00000|  0%| F|  |TAMS 0x0000000704c00000| PB 0x0000000704c00000| Untracked |  0
|  31|0x0000000704e00000, 0x0000000704e00000, 0x0000000705000000|  0%| F|  |TAMS 0x0000000704e00000| PB 0x0000000704e00000| Untracked |  0
|  32|0x0000000705000000, 0x0000000705000000, 0x0000000705200000|  0%| F|  |TAMS 0x0000000705000000| PB 0x0000000705000000| Untracked |  0
|  33|0x0000000705200000, 0x0000000705200000, 0x0000000705400000|  0%| F|  |TAMS 0x0000000705200000| PB 0x0000000705200000| Untracked |  0
|  34|0x0000000705400000, 0x0000000705400000, 0x0000000705600000|  0%| F|  |TAMS 0x0000000705400000| PB 0x0000000705400000| Untracked |  0
|  35|0x0000000705600000, 0x0000000705600000, 0x0000000705800000|  0%| F|  |TAMS 0x0000000705600000| PB 0x0000000705600000| Untracked |  0
|  36|0x0000000705800000, 0x0000000705800000, 0x0000000705a00000|  0%| F|  |TAMS 0x0000000705800000| PB 0x0000000705800000| Untracked |  0
|  37|0x0000000705a00000, 0x0000000705a00000, 0x0000000705c00000|  0%| F|  |TAMS 0x0000000705a00000| PB 0x0000000705a00000| Untracked |  0
|  38|0x0000000705c00000, 0x0000000705c00000, 0x0000000705e00000|  0%| F|  |TAMS 0x0000000705c00000| PB 0x0000000705c00000| Untracked |  0
|  39|0x0000000705e00000, 0x0000000705e00000, 0x0000000706000000|  0%| F|  |TAMS 0x0000000705e00000| PB 0x0000000705e00000| Untracked |  0
|  40|0x0000000706000000, 0x0000000706000000, 0x0000000706200000|  0%| F|  |TAMS 0x0000000706000000| PB 0x0000000706000000| Untracked |  0
|  41|0x0000000706200000, 0x0000000706200000, 0x0000000706400000|  0%| F|  |TAMS 0x0000000706200000| PB 0x0000000706200000| Untracked |  0
|  42|0x0000000706400000, 0x0000000706400000, 0x0000000706600000|  0%| F|  |TAMS 0x0000000706400000| PB 0x0000000706400000| Untracked |  0
|  43|0x0000000706600000, 0x0000000706600000, 0x0000000706800000|  0%| F|  |TAMS 0x0000000706600000| PB 0x0000000706600000| Untracked |  0
|  44|0x0000000706800000, 0x0000000706800000, 0x0000000706a00000|  0%| F|  |TAMS 0x0000000706800000| PB 0x0000000706800000| Untracked |  0
|  45|0x0000000706a00000, 0x0000000706a00000, 0x0000000706c00000|  0%| F|  |TAMS 0x0000000706a00000| PB 0x0000000706a00000| Untracked |  0
|  46|0x0000000706c00000, 0x0000000706c00000, 0x0000000706e00000|  0%| F|  |TAMS 0x0000000706c00000| PB 0x0000000706c00000| Untracked |  0
|  47|0x0000000706e00000, 0x0000000706e00000, 0x0000000707000000|  0%| F|  |TAMS 0x0000000706e00000| PB 0x0000000706e00000| Untracked |  0
|  48|0x0000000707000000, 0x0000000707000000, 0x0000000707200000|  0%| F|  |TAMS 0x0000000707000000| PB 0x0000000707000000| Untracked |  0
|  49|0x0000000707200000, 0x0000000707200000, 0x0000000707400000|  0%| F|  |TAMS 0x0000000707200000| PB 0x0000000707200000| Untracked |  0
|  50|0x0000000707400000, 0x0000000707400000, 0x0000000707600000|  0%| F|  |TAMS 0x0000000707400000| PB 0x0000000707400000| Untracked |  0
|  51|0x0000000707600000, 0x0000000707600000, 0x0000000707800000|  0%| F|  |TAMS 0x0000000707600000| PB 0x0000000707600000| Untracked |  0
|  52|0x0000000707800000, 0x0000000707800000, 0x0000000707a00000|  0%| F|  |TAMS 0x0000000707800000| PB 0x0000000707800000| Untracked |  0
|  53|0x0000000707a00000, 0x0000000707a00000, 0x0000000707c00000|  0%| F|  |TAMS 0x0000000707a00000| PB 0x0000000707a00000| Untracked |  0
|  54|0x0000000707c00000, 0x0000000707c00000, 0x0000000707e00000|  0%| F|  |TAMS 0x0000000707c00000| PB 0x0000000707c00000| Untracked |  0
|  55|0x0000000707e00000, 0x0000000707e00000, 0x0000000708000000|  0%| F|  |TAMS 0x0000000707e00000| PB 0x0000000707e00000| Untracked |  0
|  56|0x0000000708000000, 0x0000000708000000, 0x0000000708200000|  0%| F|  |TAMS 0x0000000708000000| PB 0x0000000708000000| Untracked |  0
|  57|0x0000000708200000, 0x0000000708200000, 0x0000000708400000|  0%| F|  |TAMS 0x0000000708200000| PB 0x0000000708200000| Untracked |  0
|  58|0x0000000708400000, 0x0000000708400000, 0x0000000708600000|  0%| F|  |TAMS 0x0000000708400000| PB 0x0000000708400000| Untracked |  0
|  59|0x0000000708600000, 0x0000000708600000, 0x0000000708800000|  0%| F|  |TAMS 0x0000000708600000| PB 0x0000000708600000| Untracked |  0
|  60|0x0000000708800000, 0x0000000708800000, 0x0000000708a00000|  0%| F|  |TAMS 0x0000000708800000| PB 0x0000000708800000| Untracked |  0
|  61|0x0000000708a00000, 0x0000000708a00000, 0x0000000708c00000|  0%| F|  |TAMS 0x0000000708a00000| PB 0x0000000708a00000| Untracked |  0
|  62|0x0000000708c00000, 0x0000000708c00000, 0x0000000708e00000|  0%| F|  |TAMS 0x0000000708c00000| PB 0x0000000708c00000| Untracked |  0
|  63|0x0000000708e00000, 0x0000000708e00000, 0x0000000709000000|  0%| F|  |TAMS 0x0000000708e00000| PB 0x0000000708e00000| Untracked |  0
|  64|0x0000000709000000, 0x0000000709000000, 0x0000000709200000|  0%| F|  |TAMS 0x0000000709000000| PB 0x0000000709000000| Untracked |  0
|  65|0x0000000709200000, 0x0000000709200000, 0x0000000709400000|  0%| F|  |TAMS 0x0000000709200000| PB 0x0000000709200000| Untracked |  0
|  66|0x0000000709400000, 0x0000000709400000, 0x0000000709600000|  0%| F|  |TAMS 0x0000000709400000| PB 0x0000000709400000| Untracked |  0
|  67|0x0000000709600000, 0x0000000709600000, 0x0000000709800000|  0%| F|  |TAMS 0x0000000709600000| PB 0x0000000709600000| Untracked |  0
|  68|0x0000000709800000, 0x0000000709800000, 0x0000000709a00000|  0%| F|  |TAMS 0x0000000709800000| PB 0x0000000709800000| Untracked |  0
|  69|0x0000000709a00000, 0x0000000709a00000, 0x0000000709c00000|  0%| F|  |TAMS 0x0000000709a00000| PB 0x0000000709a00000| Untracked |  0
|  70|0x0000000709c00000, 0x0000000709c00000, 0x0000000709e00000|  0%| F|  |TAMS 0x0000000709c00000| PB 0x0000000709c00000| Untracked |  0
|  71|0x0000000709e00000, 0x0000000709e00000, 0x000000070a000000|  0%| F|  |TAMS 0x0000000709e00000| PB 0x0000000709e00000| Untracked |  0
|  72|0x000000070a000000, 0x000000070a000000, 0x000000070a200000|  0%| F|  |TAMS 0x000000070a000000| PB 0x000000070a000000| Untracked |  0
|  73|0x000000070a200000, 0x000000070a200000, 0x000000070a400000|  0%| F|  |TAMS 0x000000070a200000| PB 0x000000070a200000| Untracked |  0
|  74|0x000000070a400000, 0x000000070a400000, 0x000000070a600000|  0%| F|  |TAMS 0x000000070a400000| PB 0x000000070a400000| Untracked |  0
|  75|0x000000070a600000, 0x000000070a600000, 0x000000070a800000|  0%| F|  |TAMS 0x000000070a600000| PB 0x000000070a600000| Untracked |  0
|  76|0x000000070a800000, 0x000000070a800000, 0x000000070aa00000|  0%| F|  |TAMS 0x000000070a800000| PB 0x000000070a800000| Untracked |  0
|  77|0x000000070aa00000, 0x000000070aa00000, 0x000000070ac00000|  0%| F|  |TAMS 0x000000070aa00000| PB 0x000000070aa00000| Untracked |  0
|  78|0x000000070ac00000, 0x000000070ac00000, 0x000000070ae00000|  0%| F|  |TAMS 0x000000070ac00000| PB 0x000000070ac00000| Untracked |  0
|  79|0x000000070ae00000, 0x000000070ae00000, 0x000000070b000000|  0%| F|  |TAMS 0x000000070ae00000| PB 0x000000070ae00000| Untracked |  0
|  80|0x000000070b000000, 0x000000070b000000, 0x000000070b200000|  0%| F|  |TAMS 0x000000070b000000| PB 0x000000070b000000| Untracked |  0
|  81|0x000000070b200000, 0x000000070b200000, 0x000000070b400000|  0%| F|  |TAMS 0x000000070b200000| PB 0x000000070b200000| Untracked |  0
|  82|0x000000070b400000, 0x000000070b400000, 0x000000070b600000|  0%| F|  |TAMS 0x000000070b400000| PB 0x000000070b400000| Untracked |  0
|  83|0x000000070b600000, 0x000000070b600000, 0x000000070b800000|  0%| F|  |TAMS 0x000000070b600000| PB 0x000000070b600000| Untracked |  0
|  84|0x000000070b800000, 0x000000070b800000, 0x000000070ba00000|  0%| F|  |TAMS 0x000000070b800000| PB 0x000000070b800000| Untracked |  0
|  85|0x000000070ba00000, 0x000000070ba00000, 0x000000070bc00000|  0%| F|  |TAMS 0x000000070ba00000| PB 0x000000070ba00000| Untracked |  0
|  86|0x000000070bc00000, 0x000000070bc00000, 0x000000070be00000|  0%| F|  |TAMS 0x000000070bc00000| PB 0x000000070bc00000| Untracked |  0
|  87|0x000000070be00000, 0x000000070be00000, 0x000000070c000000|  0%| F|  |TAMS 0x000000070be00000| PB 0x000000070be00000| Untracked |  0
|  88|0x000000070c000000, 0x000000070c000000, 0x000000070c200000|  0%| F|  |TAMS 0x000000070c000000| PB 0x000000070c000000| Untracked |  0
|  89|0x000000070c200000, 0x000000070c200000, 0x000000070c400000|  0%| F|  |TAMS 0x000000070c200000| PB 0x000000070c200000| Untracked |  0
|  90|0x000000070c400000, 0x000000070c400000, 0x000000070c600000|  0%| F|  |TAMS 0x000000070c400000| PB 0x000000070c400000| Untracked |  0
|  91|0x000000070c600000, 0x000000070c600000, 0x000000070c800000|  0%| F|  |TAMS 0x000000070c600000| PB 0x000000070c600000| Untracked |  0
|  92|0x000000070c800000, 0x000000070c800000, 0x000000070ca00000|  0%| F|  |TAMS 0x000000070c800000| PB 0x000000070c800000| Untracked |  0
|  93|0x000000070ca00000, 0x000000070ca00000, 0x000000070cc00000|  0%| F|  |TAMS 0x000000070ca00000| PB 0x000000070ca00000| Untracked |  0
|  94|0x000000070cc00000, 0x000000070cc00000, 0x000000070ce00000|  0%| F|  |TAMS 0x000000070cc00000| PB 0x000000070cc00000| Untracked |  0
|  95|0x000000070ce00000, 0x000000070ce00000, 0x000000070d000000|  0%| F|  |TAMS 0x000000070ce00000| PB 0x000000070ce00000| Untracked |  0
|  96|0x000000070d000000, 0x000000070d000000, 0x000000070d200000|  0%| F|  |TAMS 0x000000070d000000| PB 0x000000070d000000| Untracked |  0
|  97|0x000000070d200000, 0x000000070d200000, 0x000000070d400000|  0%| F|  |TAMS 0x000000070d200000| PB 0x000000070d200000| Untracked |  0
|  98|0x000000070d400000, 0x000000070d400000, 0x000000070d600000|  0%| F|  |TAMS 0x000000070d400000| PB 0x000000070d400000| Untracked |  0
|  99|0x000000070d600000, 0x000000070d600000, 0x000000070d800000|  0%| F|  |TAMS 0x000000070d600000| PB 0x000000070d600000| Untracked |  0
| 100|0x000000070d800000, 0x000000070d800000, 0x000000070da00000|  0%| F|  |TAMS 0x000000070d800000| PB 0x000000070d800000| Untracked |  0
| 101|0x000000070da00000, 0x000000070da00000, 0x000000070dc00000|  0%| F|  |TAMS 0x000000070da00000| PB 0x000000070da00000| Untracked |  0
| 102|0x000000070dc00000, 0x000000070dc00000, 0x000000070de00000|  0%| F|  |TAMS 0x000000070dc00000| PB 0x000000070dc00000| Untracked |  0
| 103|0x000000070de00000, 0x000000070de00000, 0x000000070e000000|  0%| F|  |TAMS 0x000000070de00000| PB 0x000000070de00000| Untracked |  0
| 104|0x000000070e000000, 0x000000070e000000, 0x000000070e200000|  0%| F|  |TAMS 0x000000070e000000| PB 0x000000070e000000| Untracked |  0
| 105|0x000000070e200000, 0x000000070e200000, 0x000000070e400000|  0%| F|  |TAMS 0x000000070e200000| PB 0x000000070e200000| Untracked |  0
| 106|0x000000070e400000, 0x000000070e400000, 0x000000070e600000|  0%| F|  |TAMS 0x000000070e400000| PB 0x000000070e400000| Untracked |  0
| 107|0x000000070e600000, 0x000000070e6a5e88, 0x000000070e800000| 32%| E|  |TAMS 0x000000070e600000| PB 0x000000070e600000| Complete |  0
| 108|0x000000070e800000, 0x000000070ea00000, 0x000000070ea00000|100%| E|CS|TAMS 0x000000070e800000| PB 0x000000070e800000| Complete |  0
| 109|0x000000070ea00000, 0x000000070ec00000, 0x000000070ec00000|100%| E|CS|TAMS 0x000000070ea00000| PB 0x000000070ea00000| Complete |  0
| 110|0x000000070ec00000, 0x000000070ee00000, 0x000000070ee00000|100%| E|CS|TAMS 0x000000070ec00000| PB 0x000000070ec00000| Complete |  0
| 111|0x000000070ee00000, 0x000000070f000000, 0x000000070f000000|100%| E|  |TAMS 0x000000070ee00000| PB 0x000000070ee00000| Complete |  0
| 112|0x000000070f000000, 0x000000070f200000, 0x000000070f200000|100%| E|CS|TAMS 0x000000070f000000| PB 0x000000070f000000| Complete |  0
| 113|0x000000070f200000, 0x000000070f322260, 0x000000070f400000| 56%| S|CS|TAMS 0x000000070f200000| PB 0x000000070f200000| Complete |  0
| 114|0x000000070f400000, 0x000000070f600000, 0x000000070f600000|100%| E|CS|TAMS 0x000000070f400000| PB 0x000000070f400000| Complete |  0
| 115|0x000000070f600000, 0x000000070f800000, 0x000000070f800000|100%| E|CS|TAMS 0x000000070f600000| PB 0x000000070f600000| Complete |  0
| 116|0x000000070f800000, 0x000000070fa00000, 0x000000070fa00000|100%| S|CS|TAMS 0x000000070f800000| PB 0x000000070f800000| Complete |  0
| 117|0x000000070fa00000, 0x000000070fc00000, 0x000000070fc00000|100%| E|CS|TAMS 0x000000070fa00000| PB 0x000000070fa00000| Complete |  0
| 118|0x000000070fc00000, 0x000000070fe00000, 0x000000070fe00000|100%| E|CS|TAMS 0x000000070fc00000| PB 0x000000070fc00000| Complete |  0
| 119|0x000000070fe00000, 0x0000000710000000, 0x0000000710000000|100%| E|CS|TAMS 0x000000070fe00000| PB 0x000000070fe00000| Complete |  0
| 120|0x0000000710000000, 0x0000000710200000, 0x0000000710200000|100%| E|CS|TAMS 0x0000000710000000| PB 0x0000000710000000| Complete |  0
| 121|0x0000000710200000, 0x0000000710400000, 0x0000000710400000|100%| E|CS|TAMS 0x0000000710200000| PB 0x0000000710200000| Complete |  0
| 122|0x0000000710400000, 0x0000000710600000, 0x0000000710600000|100%| E|CS|TAMS 0x0000000710400000| PB 0x0000000710400000| Complete |  0
| 123|0x0000000710600000, 0x0000000710800000, 0x0000000710800000|100%| E|CS|TAMS 0x0000000710600000| PB 0x0000000710600000| Complete |  0
| 124|0x0000000710800000, 0x0000000710a00000, 0x0000000710a00000|100%| E|CS|TAMS 0x0000000710800000| PB 0x0000000710800000| Complete |  0
| 125|0x0000000710a00000, 0x0000000710c00000, 0x0000000710c00000|100%| E|CS|TAMS 0x0000000710a00000| PB 0x0000000710a00000| Complete |  0
| 126|0x0000000710c00000, 0x0000000710e00000, 0x0000000710e00000|100%| E|CS|TAMS 0x0000000710c00000| PB 0x0000000710c00000| Complete |  0
| 127|0x0000000710e00000, 0x0000000711000000, 0x0000000711000000|100%| E|CS|TAMS 0x0000000710e00000| PB 0x0000000710e00000| Complete |  0

Card table byte_map: [0x000001a459af0000,0x000001a45a2f0000] _byte_map_base: 0x000001a4562e8000

Marking Bits: (CMBitMap*) 0x000001a4415abb00
 Bits: [0x000001a45a2f0000, 0x000001a45e2b0000)

Polling page: 0x000001a43f230000

Metaspace:

Usage:
  Non-class:     13.35 MB used.
      Class:      2.10 MB used.
       Both:     15.45 MB used.

Virtual space:
  Non-class space:       64.00 MB reserved,      13.50 MB ( 21%) committed,  1 nodes.
      Class space:        1.00 GB reserved,       2.25 MB ( <1%) committed,  1 nodes.
             Both:        1.06 GB reserved,      15.75 MB (  1%) committed. 

Chunk freelists:
   Non-Class:  2.07 MB
       Class:  13.79 MB
        Both:  15.86 MB

MaxMetaspaceSize: unlimited
CompressedClassSpaceSize: 1.00 GB
Initial GC threshold: 21.00 MB
Current GC threshold: 21.00 MB
CDS: on
 - commit_granule_bytes: 65536.
 - commit_granule_words: 8192.
 - virtual_space_node_default_size: 8388608.
 - enlarge_chunks_in_place: 1.
 - use_allocation_guard: 0.


Internal statistics:

num_allocs_failed_limit: 0.
num_arena_births: 368.
num_arena_deaths: 0.
num_vsnodes_births: 2.
num_vsnodes_deaths: 0.
num_space_committed: 252.
num_space_uncommitted: 0.
num_chunks_returned_to_freelist: 0.
num_chunks_taken_from_freelist: 852.
num_chunk_merges: 0.
num_chunk_splits: 567.
num_chunks_enlarged: 398.
num_inconsistent_stats: 0.

CodeHeap 'non-profiled nmethods': size=120064Kb used=1319Kb max_used=1319Kb free=118744Kb
 bounds [0x000001a451740000, 0x000001a4519b0000, 0x000001a458c80000]
CodeHeap 'profiled nmethods': size=120000Kb used=4820Kb max_used=4820Kb free=115179Kb
 bounds [0x000001a449c80000, 0x000001a44a140000, 0x000001a4511b0000]
CodeHeap 'non-nmethods': size=5696Kb used=1774Kb max_used=1813Kb free=3921Kb
 bounds [0x000001a4511b0000, 0x000001a451420000, 0x000001a451740000]
CodeCache: size=245760Kb, used=7913Kb, max_used=7952Kb, free=237844Kb
 total_blobs=4150, nmethods=3335, adapters=720, full_count=0
Compilation: enabled, stopped_count=0, restarted_count=0

Compilation events (20 events):
Event: 9.660 Thread 0x000001a460fbe790 nmethod 3321 0x000001a451883688 code [0x000001a4518837a0, 0x000001a4518838b0]
Event: 9.660 Thread 0x000001a460fc8e70 3325       3       com.sun.javafx.sg.prism.NGRegion::doCorner (248 bytes)
Event: 9.660 Thread 0x000001a460fbe790 3327 %     4       com.sun.marlin.Renderer::_endRendering @ 2076 (2639 bytes)
Event: 9.661 Thread 0x000001a460fc8e70 nmethod 3325 0x000001a44a132988 code [0x000001a44a132b40, 0x000001a44a1331b8]
Event: 9.661 Thread 0x000001a460fc8e70 3326       3       com.sun.javafx.geom.Path2D::appendOvalQuadrant (567 bytes)
Event: 9.661 Thread 0x000001a460fc8e70 nmethod 3326 0x000001a44a133288 code [0x000001a44a133480, 0x000001a44a134068]
Event: 9.661 Thread 0x000001a460fc8e70 3329       3       jdk.internal.misc.Unsafe::putReferenceOpaque (9 bytes)
Event: 9.661 Thread 0x000001a460fc8e70 nmethod 3329 0x000001a44a134088 code [0x000001a44a1341a0, 0x000001a44a134308]
Event: 9.661 Thread 0x000001a460fc8e70 3328       3       com.sun.prism.d3d.D3DTextureResource::isValid (28 bytes)
Event: 9.661 Thread 0x000001a460fc8e70 nmethod 3328 0x000001a44a134388 code [0x000001a44a1344a0, 0x000001a44a1347a0]
Event: 9.707 Thread 0x000001a460fc8e70 3332       3       com.sun.javafx.tk.Toolkit::runPulse (7 bytes)
Event: 9.707 Thread 0x000001a460fc8e70 nmethod 3332 0x000001a44a134808 code [0x000001a44a134920, 0x000001a44a134af8]
Event: 9.707 Thread 0x000001a460fc8e70 3333       1       javafx.scene.Scene::isFocusDirty (5 bytes)
Event: 9.707 Thread 0x000001a460fc8e70 nmethod 3333 0x000001a451884088 code [0x000001a4518841a0, 0x000001a451884270]
Event: 9.778 Thread 0x000001a460fbe790 nmethod 3327% 0x000001a451884388 code [0x000001a451884680, 0x000001a451889e60]
Event: 9.794 Thread 0x000001a460fc8e70 3334       3       jdk.internal.misc.Unsafe::getAndBitwiseAndInt (27 bytes)
Event: 9.794 Thread 0x000001a460fc8e70 nmethod 3334 0x000001a44a134b88 code [0x000001a44a134cc0, 0x000001a44a134ee8]
Event: 9.797 Thread 0x000001a460fbe790 3335       4       java.util.concurrent.ConcurrentHashMap$Traverser::advance (188 bytes)
Event: 9.797 Thread 0x000001a460fc8e70 3336       3       jdk.internal.org.objectweb.asm.MethodVisitor::visitInsn (16 bytes)
Event: 9.797 Thread 0x000001a460fc8e70 nmethod 3336 0x000001a44a134f08 code [0x000001a44a135040, 0x000001a44a135248]

GC Heap History (4 events):
Event: 1.143 GC heap before
{Heap before GC invocations=0 (full 0):
 garbage-first heap   total reserved 4177920K, committed 262144K, used 22528K [0x0000000701000000, 0x0000000800000000)
  region size 2048K, 12 young (24576K), 0 survivors (0K)
 Metaspace       used 5131K, committed 5376K, reserved 1114112K
  class space    used 618K, committed 704K, reserved 1048576K
}
Event: 1.146 GC heap after
{Heap after GC invocations=1 (full 0):
 garbage-first heap   total reserved 4177920K, committed 262144K, used 4122K [0x0000000701000000, 0x0000000800000000)
  region size 2048K, 2 young (4096K), 2 survivors (4096K)
 Metaspace       used 5131K, committed 5376K, reserved 1114112K
  class space    used 618K, committed 704K, reserved 1048576K
}
Event: 1.477 GC heap before
{Heap before GC invocations=1 (full 0):
 garbage-first heap   total reserved 4177920K, committed 262144K, used 24602K [0x0000000701000000, 0x0000000800000000)
  region size 2048K, 13 young (26624K), 2 survivors (4096K)
 Metaspace       used 8898K, committed 9152K, reserved 1114112K
  class space    used 1146K, committed 1280K, reserved 1048576K
}
Event: 1.480 GC heap after
{Heap after GC invocations=2 (full 0):
 garbage-first heap   total reserved 4177920K, committed 262144K, used 7031K [0x0000000701000000, 0x0000000800000000)
  region size 2048K, 2 young (4096K), 2 survivors (4096K)
 Metaspace       used 8898K, committed 9152K, reserved 1114112K
  class space    used 1146K, committed 1280K, reserved 1048576K
}

Dll operation events (20 events):
Event: 0.730 Loaded shared library C:\javafx-sdk-21\openjfx-24.0.1_windows-x64_bin-sdk\javafx-sdk-24.0.1\bin\api-ms-win-crt-math-l1-1-0.dll
Event: 0.732 Loaded shared library C:\javafx-sdk-21\openjfx-24.0.1_windows-x64_bin-sdk\javafx-sdk-24.0.1\bin\api-ms-win-crt-multibyte-l1-1-0.dll
Event: 0.733 Loaded shared library C:\javafx-sdk-21\openjfx-24.0.1_windows-x64_bin-sdk\javafx-sdk-24.0.1\bin\api-ms-win-crt-private-l1-1-0.dll
Event: 0.735 Loaded shared library C:\javafx-sdk-21\openjfx-24.0.1_windows-x64_bin-sdk\javafx-sdk-24.0.1\bin\api-ms-win-crt-process-l1-1-0.dll
Event: 0.737 Loaded shared library C:\javafx-sdk-21\openjfx-24.0.1_windows-x64_bin-sdk\javafx-sdk-24.0.1\bin\api-ms-win-crt-runtime-l1-1-0.dll
Event: 0.738 Loaded shared library C:\javafx-sdk-21\openjfx-24.0.1_windows-x64_bin-sdk\javafx-sdk-24.0.1\bin\api-ms-win-crt-stdio-l1-1-0.dll
Event: 0.740 Loaded shared library C:\javafx-sdk-21\openjfx-24.0.1_windows-x64_bin-sdk\javafx-sdk-24.0.1\bin\api-ms-win-crt-string-l1-1-0.dll
Event: 0.741 Loaded shared library C:\javafx-sdk-21\openjfx-24.0.1_windows-x64_bin-sdk\javafx-sdk-24.0.1\bin\api-ms-win-crt-time-l1-1-0.dll
Event: 0.742 Loaded shared library C:\javafx-sdk-21\openjfx-24.0.1_windows-x64_bin-sdk\javafx-sdk-24.0.1\bin\api-ms-win-crt-utility-l1-1-0.dll
Event: 0.750 Loaded shared library C:\javafx-sdk-21\openjfx-24.0.1_windows-x64_bin-sdk\javafx-sdk-24.0.1\bin\ucrtbase.dll
Event: 0.753 Loaded shared library C:\javafx-sdk-21\openjfx-24.0.1_windows-x64_bin-sdk\javafx-sdk-24.0.1\bin\vcruntime140.dll
Event: 0.754 Loaded shared library C:\javafx-sdk-21\openjfx-24.0.1_windows-x64_bin-sdk\javafx-sdk-24.0.1\bin\vcruntime140_1.dll
Event: 0.760 Loaded shared library C:\javafx-sdk-21\openjfx-24.0.1_windows-x64_bin-sdk\javafx-sdk-24.0.1\bin\msvcp140.dll
Event: 0.763 Loaded shared library C:\javafx-sdk-21\openjfx-24.0.1_windows-x64_bin-sdk\javafx-sdk-24.0.1\bin\msvcp140_1.dll
Event: 0.768 Loaded shared library C:\javafx-sdk-21\openjfx-24.0.1_windows-x64_bin-sdk\javafx-sdk-24.0.1\bin\msvcp140_2.dll
Event: 0.835 Loaded shared library C:\javafx-sdk-21\openjfx-24.0.1_windows-x64_bin-sdk\javafx-sdk-24.0.1\bin\prism_d3d.dll
Event: 0.951 Loaded shared library C:\javafx-sdk-21\openjfx-24.0.1_windows-x64_bin-sdk\javafx-sdk-24.0.1\bin\glass.dll
Event: 1.122 Loaded shared library C:\Users\Anwender\.jdks\openjdk-23.0.1\bin\jimage.dll
Event: 1.453 Loaded shared library C:\javafx-sdk-21\openjfx-24.0.1_windows-x64_bin-sdk\javafx-sdk-24.0.1\bin\javafx_iio.dll
Event: 1.526 Loaded shared library C:\javafx-sdk-21\openjfx-24.0.1_windows-x64_bin-sdk\javafx-sdk-24.0.1\bin\javafx_font.dll

Deoptimization events (20 events):
Event: 8.252 Thread 0x000001a4a6c50c60 DEOPT PACKING pc=0x000001a44a039de6 sp=0x000000750d9fd730
Event: 8.252 Thread 0x000001a4a6c50c60 DEOPT UNPACKING pc=0x000001a451204b22 sp=0x000000750d9fcb80 mode 0
Event: 8.253 Thread 0x000001a4a6c50c60 DEOPT PACKING pc=0x000001a44a039de6 sp=0x000000750d9fd600
Event: 8.253 Thread 0x000001a4a6c50c60 DEOPT UNPACKING pc=0x000001a451204b22 sp=0x000000750d9fca50 mode 0
Event: 8.254 Thread 0x000001a4a6c50c60 DEOPT PACKING pc=0x000001a44a03a027 sp=0x000000750d9fd9e0
Event: 8.254 Thread 0x000001a4a6c50c60 DEOPT UNPACKING pc=0x000001a451204b22 sp=0x000000750d9fce30 mode 0
Event: 8.268 Thread 0x000001a4a6c50c60 DEOPT PACKING pc=0x000001a44a039de6 sp=0x000000750d9fd4f0
Event: 8.268 Thread 0x000001a4a6c50c60 DEOPT UNPACKING pc=0x000001a451204b22 sp=0x000000750d9fc940 mode 0
Event: 8.396 Thread 0x000001a4a6c50c60 Uncommon trap: trap_request=0xffffff6e fr.pc=0x000001a451872d40 relative=0x0000000000003940
Event: 8.396 Thread 0x000001a4a6c50c60 Uncommon trap: reason=loop_limit_check action=maybe_recompile pc=0x000001a451872d40 method=com.sun.marlin.Renderer._endRendering(IILcom/sun/marlin/MarlinAlphaConsumer;)V @ 1116 c2
Event: 8.396 Thread 0x000001a4a6c50c60 DEOPT PACKING pc=0x000001a451872d40 sp=0x000000750d9fd3a0
Event: 8.396 Thread 0x000001a4a6c50c60 DEOPT UNPACKING pc=0x000001a451204402 sp=0x000000750d9fd218 mode 2
Event: 8.396 Thread 0x000001a4a6c50c60 Uncommon trap: trap_request=0xffffff6e fr.pc=0x000001a451860094 relative=0x0000000000003e54
Event: 8.396 Thread 0x000001a4a6c50c60 Uncommon trap: reason=loop_limit_check action=maybe_recompile pc=0x000001a451860094 method=com.sun.marlin.Renderer._endRendering(IILcom/sun/marlin/MarlinAlphaConsumer;)V @ 1035 c2
Event: 8.396 Thread 0x000001a4a6c50c60 DEOPT PACKING pc=0x000001a451860094 sp=0x000000750d9fd2c0
Event: 8.396 Thread 0x000001a4a6c50c60 DEOPT UNPACKING pc=0x000001a451204402 sp=0x000000750d9fd210 mode 2
Event: 8.845 Thread 0x000001a4a6c50c60 Uncommon trap: trap_request=0xffffff6e fr.pc=0x000001a451866a48 relative=0x00000000000038c8
Event: 8.845 Thread 0x000001a4a6c50c60 Uncommon trap: reason=loop_limit_check action=maybe_recompile pc=0x000001a451866a48 method=com.sun.marlin.Renderer._endRendering(IILcom/sun/marlin/MarlinAlphaConsumer;)V @ 1035 c2
Event: 8.845 Thread 0x000001a4a6c50c60 DEOPT PACKING pc=0x000001a451866a48 sp=0x000000750d9fd260
Event: 8.845 Thread 0x000001a4a6c50c60 DEOPT UNPACKING pc=0x000001a451204402 sp=0x000000750d9fd1c0 mode 2

Classes loaded (20 events):
Event: 1.984 Loading class sun/misc/Unsafe
Event: 1.984 Loading class sun/misc/Unsafe done
Event: 1.984 Loading class sun/misc/Unsafe$MemoryAccessOption
Event: 1.984 Loading class sun/misc/Unsafe$MemoryAccessOption done
Event: 1.985 Loading class java/lang/invoke/DirectMethodHandle$StaticAccessor
Event: 1.985 Loading class java/lang/invoke/DirectMethodHandle$StaticAccessor done
Event: 2.001 Loading class java/nio/ShortBuffer
Event: 2.002 Loading class java/nio/ShortBuffer done
Event: 2.002 Loading class java/nio/DoubleBuffer
Event: 2.002 Loading class java/nio/DoubleBuffer done
Event: 2.003 Loading class java/nio/DirectFloatBufferU
Event: 2.003 Loading class java/nio/DirectFloatBufferU done
Event: 2.086 Loading class java/util/EnumMap$Values
Event: 2.086 Loading class java/util/EnumMap$Values done
Event: 2.086 Loading class java/util/EnumMap$ValueIterator
Event: 2.086 Loading class java/util/EnumMap$EnumMapIterator
Event: 2.086 Loading class java/util/EnumMap$EnumMapIterator done
Event: 2.086 Loading class java/util/EnumMap$ValueIterator done
Event: 6.406 Loading class java/io/UnsupportedEncodingException
Event: 6.406 Loading class java/io/UnsupportedEncodingException done

Classes unloaded (0 events):
No events

Classes redefined (0 events):
No events

Internal exceptions (20 events):
Event: 1.468 Thread 0x000001a4a6938710 Exception <a 'java/lang/NoSuchMethodError'{0x000000070fb4ef28}: 'int java.lang.invoke.DirectMethodHandle$Holder.invokeSpecial(java.lang.Object, java.lang.Object, java.lang.Object)'> (0x000000070fb4ef28) 
thrown [s\open\src\hotspot\share\interpreter\linkResolver.cpp, line 796]
Event: 1.584 Thread 0x000001a4a6938710 Exception <a 'java/lang/NoSuchMethodError'{0x00000007108b2708}: 'void java.lang.invoke.DirectMethodHandle$Holder.invokeStaticInit(java.lang.Object, java.lang.Object)'> (0x00000007108b2708) 
thrown [s\open\src\hotspot\share\interpreter\linkResolver.cpp, line 796]
Event: 1.615 Thread 0x000001a4a6938710 Exception <a 'java/io/FileNotFoundException'{0x0000000710672bf0}> (0x0000000710672bf0) 
thrown [s\open\src\hotspot\share\prims\jni.cpp, line 520]
Event: 1.622 Thread 0x000001a4a6938710 Exception <a 'java/io/FileNotFoundException'{0x00000007106c8fe0}> (0x00000007106c8fe0) 
thrown [s\open\src\hotspot\share\prims\jni.cpp, line 520]
Event: 1.634 Thread 0x000001a4a6938710 Exception <a 'java/lang/NoSuchMethodError'{0x000000071077be00}: 'java.lang.Object java.lang.invoke.DelegatingMethodHandle$Holder.reinvoke_L(java.lang.Object, double, double, double, double)'> (0x000000071077be00) 
thrown [s\open\src\hotspot\share\interpreter\linkResolver.cpp, line 796]
Event: 1.635 Thread 0x000001a4a6938710 Exception <a 'java/lang/NoSuchMethodError'{0x0000000710786bf8}: 'java.lang.Object java.lang.invoke.DirectMethodHandle$Holder.invokeStatic(java.lang.Object, java.lang.Object, int)'> (0x0000000710786bf8) 
thrown [s\open\src\hotspot\share\interpreter\linkResolver.cpp, line 796]
Event: 1.635 Thread 0x000001a4a6938710 Exception <a 'java/lang/NoSuchMethodError'{0x000000071078a8a8}: 'void java.lang.invoke.DirectMethodHandle$Holder.invokeStatic(java.lang.Object, java.lang.Object, int, java.lang.Object)'> (0x000000071078a8a8) 
thrown [s\open\src\hotspot\share\interpreter\linkResolver.cpp, line 796]
Event: 1.635 Thread 0x000001a4a6938710 Exception <a 'java/lang/NoSuchMethodError'{0x0000000710791408}: 'void java.lang.invoke.DelegatingMethodHandle$Holder.delegate(java.lang.Object, java.lang.Object, int, java.lang.Object)'> (0x0000000710791408) 
thrown [s\open\src\hotspot\share\interpreter\linkResolver.cpp, line 796]
Event: 1.642 Thread 0x000001a4a6938710 Exception <a 'java/lang/NoSuchMethodError'{0x00000007107ea1e8}: 'java.lang.Object java.lang.invoke.DirectMethodHandle$Holder.newInvokeSpecial(java.lang.Object, double)'> (0x00000007107ea1e8) 
thrown [s\open\src\hotspot\share\interpreter\linkResolver.cpp, line 796]
Event: 1.727 Thread 0x000001a4a6938710 Implicit null exception at 0x000001a45175c099 to 0x000001a45175c3c0
Event: 1.736 Thread 0x000001a4a6938710 Exception <a 'java/io/FileNotFoundException'{0x000000070fea9390}> (0x000000070fea9390) 
thrown [s\open\src\hotspot\share\prims\jni.cpp, line 520]
Event: 1.856 Thread 0x000001a4a6938710 Exception <a 'java/lang/NoSuchMethodError'{0x000000070f40e610}: 'java.lang.Object java.lang.invoke.DirectMethodHandle$Holder.invokeInterface(java.lang.Object, java.lang.Object, java.lang.Object)'> (0x000000070f40e610) 
thrown [s\open\src\hotspot\share\interpreter\linkResolver.cpp, line 796]
Event: 1.856 Thread 0x000001a4a6938710 Exception <a 'java/lang/IncompatibleClassChangeError'{0x000000070f411ce0}: Found class java.lang.Object, but interface was expected> (0x000000070f411ce0) 
thrown [s\open\src\hotspot\share\interpreter\linkResolver.cpp, line 863]
Event: 1.893 Thread 0x000001a4a6938710 Exception <a 'java/lang/NoSuchMethodError'{0x000000070f5b26d8}: 'int java.lang.invoke.DirectMethodHandle$Holder.invokeSpecial(java.lang.Object, java.lang.Object, int)'> (0x000000070f5b26d8) 
thrown [s\open\src\hotspot\share\interpreter\linkResolver.cpp, line 796]
Event: 1.909 Thread 0x000001a4a6938710 Exception <a 'java/lang/NoSuchMethodError'{0x000000070f086190}: 'java.lang.Object java.lang.invoke.DirectMethodHandle$Holder.newInvokeSpecial(java.lang.Object, java.lang.Object, int)'> (0x000000070f086190) 
thrown [s\open\src\hotspot\share\interpreter\linkResolver.cpp, line 796]
Event: 1.947 Thread 0x000001a4a6c50c60 Exception <a 'java/lang/NoSuchMethodError'{0x000000070f19aaa8}: 'int java.lang.invoke.DirectMethodHandle$Holder.invokeStaticInit(java.lang.Object, java.lang.Object)'> (0x000000070f19aaa8) 
thrown [s\open\src\hotspot\share\interpreter\linkResolver.cpp, line 796]
Event: 6.414 Thread 0x000001a4a6938710 Exception <a 'java/lang/NoSuchMethodError'{0x000000070ead9650}: 'java.lang.Object java.lang.invoke.DirectMethodHandle$Holder.newInvokeSpecial(java.lang.Object, java.lang.Object, int, int, int, int, int, java.lang.Object)'> (0x000000070ead9650) 
thrown [s\open\src\hotspot\share\interpreter\linkResolver.cpp, line 796]
Event: 6.428 Thread 0x000001a4a6938710 Exception <a 'java/lang/NoSuchMethodError'{0x000000070eb01d68}: 'long java.lang.invoke.DirectMethodHandle$Holder.invokeStatic(java.lang.Object, java.lang.Object, java.lang.Object)'> (0x000000070eb01d68) 
thrown [s\open\src\hotspot\share\interpreter\linkResolver.cpp, line 796]
Event: 6.428 Thread 0x000001a4a6938710 Exception <a 'java/lang/NoSuchMethodError'{0x000000070eb05180}: 'long java.lang.invoke.DirectMethodHandle$Holder.invokeStaticInit(java.lang.Object, java.lang.Object, java.lang.Object)'> (0x000000070eb05180) 
thrown [s\open\src\hotspot\share\interpreter\linkResolver.cpp, line 796]
Event: 6.502 Thread 0x000001a4a6938710 Exception <a 'java/lang/NoSuchMethodError'{0x000000070eb1b968}: 'void java.lang.invoke.DirectMethodHandle$Holder.invokeVirtual(java.lang.Object, java.lang.Object)'> (0x000000070eb1b968) 
thrown [s\open\src\hotspot\share\interpreter\linkResolver.cpp, line 796]

VM Operations (20 events):
Event: 1.133 Executing VM operation: HandshakeAllThreads (Deoptimize) done
Event: 1.143 Executing VM operation: G1CollectForAllocation (G1 Evacuation Pause)
Event: 1.146 Executing VM operation: G1CollectForAllocation (G1 Evacuation Pause) done
Event: 1.477 Executing VM operation: G1CollectForAllocation (G1 Evacuation Pause)
Event: 1.480 Executing VM operation: G1CollectForAllocation (G1 Evacuation Pause) done
Event: 1.531 Executing VM operation: HandshakeAllThreads (Deoptimize)
Event: 1.531 Executing VM operation: HandshakeAllThreads (Deoptimize) done
Event: 1.531 Executing VM operation: HandshakeAllThreads (Deoptimize)
Event: 1.531 Executing VM operation: HandshakeAllThreads (Deoptimize) done
Event: 1.633 Executing VM operation: HandshakeAllThreads (Deoptimize)
Event: 1.633 Executing VM operation: HandshakeAllThreads (Deoptimize) done
Event: 1.635 Executing VM operation: HandshakeAllThreads (Deoptimize)
Event: 1.635 Executing VM operation: HandshakeAllThreads (Deoptimize) done
Event: 1.759 Executing VM operation: HandshakeAllThreads (Deoptimize)
Event: 1.759 Executing VM operation: HandshakeAllThreads (Deoptimize) done
Event: 1.841 Executing VM operation: HandshakeAllThreads (Deoptimize)
Event: 1.841 Executing VM operation: HandshakeAllThreads (Deoptimize) done
Event: 1.894 Executing VM operation: HandshakeAllThreads (Deoptimize)
Event: 1.894 Executing VM operation: HandshakeAllThreads (Deoptimize) done
Event: 9.798 Executing VM operation: Exit

Memory protections (0 events):
No events

Nmethod flushes (0 events):
No events

Events (20 events):
Event: 1.114 Thread 0x000001a4a78384a0 Thread added: 0x000001a4a78384a0
Event: 1.156 Thread 0x000001a460fc8e70 Thread added: 0x000001a4a71085c0
Event: 1.164 Thread 0x000001a460fc8e70 Thread added: 0x000001a4a7108c90
Event: 1.851 Thread 0x000001a4a6938710 Thread added: 0x000001a4a78fd220
Event: 1.980 Thread 0x000001a4a6c50c60 Thread added: 0x000001a4a78f9da0
Event: 2.001 Thread 0x000001a4a7108c90 Thread exited: 0x000001a4a7108c90
Event: 2.086 Thread 0x000001a4a71085c0 Thread exited: 0x000001a4a71085c0
Event: 5.773 Thread 0x000001a460fc8e70 Thread added: 0x000001a4a7108c90
Event: 5.773 Thread 0x000001a460fc8e70 Thread added: 0x000001a4a7109360
Event: 6.027 Thread 0x000001a4a7109360 Thread exited: 0x000001a4a7109360
Event: 6.027 Thread 0x000001a4a7108c90 Thread exited: 0x000001a4a7108c90
Event: 6.506 Thread 0x000001a460fc8e70 Thread added: 0x000001a4a7108c90
Event: 6.685 Thread 0x000001a4a7108c90 Thread exited: 0x000001a4a7108c90
Event: 9.796 Thread 0x000001a4a6938710 Thread added: 0x000001a4a78fa430
Event: 9.796 Thread 0x000001a4a6938710 Thread added: 0x000001a4a78faac0
Event: 9.797 Thread 0x000001a4a78fa430 Thread exited: 0x000001a4a78fa430
Event: 9.797 Thread 0x000001a4a78faac0 Thread added: 0x000001a4a78fa430
Event: 9.798 Thread 0x000001a4a78fa430 Thread exited: 0x000001a4a78fa430
Event: 9.798 Thread 0x000001a4a78faac0 Thread exited: 0x000001a4a78faac0
Event: 9.798 Thread 0x000001a4a6938710 Before exit entered


Dynamic libraries:
0x00007ff6ed4d0000 - 0x00007ff6ed4de000 	C:\Users\Anwender\.jdks\openjdk-23.0.1\bin\java.exe
0x00007fff18db0000 - 0x00007fff18fa8000 	C:\WINDOWS\SYSTEM32\ntdll.dll
0x00007fff17060000 - 0x00007fff17122000 	C:\WINDOWS\System32\KERNEL32.DLL
0x00007fff166b0000 - 0x00007fff169a6000 	C:\WINDOWS\System32\KERNELBASE.dll
0x00007fff16bf0000 - 0x00007fff16cf0000 	C:\WINDOWS\System32\ucrtbase.dll
0x00007fff0f490000 - 0x00007fff0f4ab000 	C:\Users\Anwender\.jdks\openjdk-23.0.1\bin\VCRUNTIME140.dll
0x00007fff0f4b0000 - 0x00007fff0f4c7000 	C:\Users\Anwender\.jdks\openjdk-23.0.1\bin\jli.dll
0x00007fff17350000 - 0x00007fff174f1000 	C:\WINDOWS\System32\USER32.dll
0x00007fff01140000 - 0x00007fff013db000 	C:\WINDOWS\WinSxS\amd64_microsoft.windows.common-controls_6595b64144ccf1df_6.0.19041.6456_none_60b8a6cb71f64256\COMCTL32.dll
0x00007fff16440000 - 0x00007fff16462000 	C:\WINDOWS\System32\win32u.dll
0x00007fff18c90000 - 0x00007fff18cbb000 	C:\WINDOWS\System32\GDI32.dll
0x00007fff17e70000 - 0x00007fff17f0e000 	C:\WINDOWS\System32\msvcrt.dll
0x00007fff16470000 - 0x00007fff16589000 	C:\WINDOWS\System32\gdi32full.dll
0x00007fff16590000 - 0x00007fff1662d000 	C:\WINDOWS\System32\msvcp_win.dll
0x00007fff17130000 - 0x00007fff1715f000 	C:\WINDOWS\System32\IMM32.DLL
0x00007fff128b0000 - 0x00007fff128bc000 	C:\Users\Anwender\.jdks\openjdk-23.0.1\bin\vcruntime140_1.dll
0x00007ffef0150000 - 0x00007ffef01de000 	C:\Users\Anwender\.jdks\openjdk-23.0.1\bin\msvcp140.dll
0x00007ffe8bd80000 - 0x00007ffe8cacf000 	C:\Users\Anwender\.jdks\openjdk-23.0.1\bin\server\jvm.dll
0x00007fff17a40000 - 0x00007fff17af1000 	C:\WINDOWS\System32\ADVAPI32.dll
0x00007fff16e80000 - 0x00007fff16f1f000 	C:\WINDOWS\System32\sechost.dll
0x00007fff17500000 - 0x00007fff17620000 	C:\WINDOWS\System32\RPCRT4.dll
0x00007fff16bc0000 - 0x00007fff16be7000 	C:\WINDOWS\System32\bcrypt.dll
0x00007fff17750000 - 0x00007fff177bb000 	C:\WINDOWS\System32\WS2_32.dll
0x00007fff0e7a0000 - 0x00007fff0e7aa000 	C:\WINDOWS\SYSTEM32\VERSION.dll
0x00007fff15980000 - 0x00007fff159cb000 	C:\WINDOWS\SYSTEM32\POWRPROF.dll
0x00007fff0afa0000 - 0x00007fff0afc7000 	C:\WINDOWS\SYSTEM32\WINMM.dll
0x00007fff15840000 - 0x00007fff15852000 	C:\WINDOWS\SYSTEM32\UMPDC.dll
0x00007fff142d0000 - 0x00007fff142e2000 	C:\WINDOWS\SYSTEM32\kernel.appcore.dll
0x00007fff123e0000 - 0x00007fff123ea000 	C:\Users\Anwender\.jdks\openjdk-23.0.1\bin\jimage.dll
0x00007fff0a5c0000 - 0x00007fff0a7c1000 	C:\WINDOWS\SYSTEM32\DBGHELP.DLL
0x00007fff01cc0000 - 0x00007fff01cf4000 	C:\WINDOWS\SYSTEM32\dbgcore.DLL
0x00007fff16cf0000 - 0x00007fff16d72000 	C:\WINDOWS\System32\bcryptPrimitives.dll
0x00007fff07a80000 - 0x00007fff07a8f000 	C:\Users\Anwender\.jdks\openjdk-23.0.1\bin\instrument.dll
0x00007fff0f470000 - 0x00007fff0f48e000 	C:\Users\Anwender\.jdks\openjdk-23.0.1\bin\java.dll
0x00007fff17220000 - 0x00007fff1734b000 	C:\WINDOWS\System32\ole32.dll
0x00007fff17b00000 - 0x00007fff17e54000 	C:\WINDOWS\System32\combase.dll
0x00007fff180b0000 - 0x00007fff18820000 	C:\WINDOWS\System32\SHELL32.dll
0x00007fff144d0000 - 0x00007fff14c75000 	C:\WINDOWS\SYSTEM32\windows.storage.dll
0x00007fff15e70000 - 0x00007fff15e9b000 	C:\WINDOWS\SYSTEM32\Wldp.dll
0x00007fff177c0000 - 0x00007fff1788d000 	C:\WINDOWS\System32\OLEAUT32.dll
0x00007fff16dd0000 - 0x00007fff16e7d000 	C:\WINDOWS\System32\SHCORE.dll
0x00007fff17160000 - 0x00007fff171bb000 	C:\WINDOWS\System32\shlwapi.dll
0x00007fff16370000 - 0x00007fff16394000 	C:\WINDOWS\SYSTEM32\profapi.dll
0x00007ffee3920000 - 0x00007ffee39f7000 	C:\Users\Anwender\.jdks\openjdk-23.0.1\bin\jsvml.dll
0x00007fff121e0000 - 0x00007fff121f0000 	C:\Users\Anwender\.jdks\openjdk-23.0.1\bin\net.dll
0x00007fff15bd0000 - 0x00007fff15c3a000 	C:\WINDOWS\system32\mswsock.dll
0x00007fff020e0000 - 0x00007fff020f6000 	C:\Users\Anwender\.jdks\openjdk-23.0.1\bin\nio.dll
0x00007fff020c0000 - 0x00007fff020d7000 	C:\Users\Anwender\.jdks\openjdk-23.0.1\bin\zip.dll
0x00007fff0f460000 - 0x00007fff0f469000 	C:\Users\Anwender\.jdks\openjdk-23.0.1\bin\extnet.dll
0x000001a4414d0000 - 0x000001a4414d4000 	C:\javafx-sdk-21\openjfx-24.0.1_windows-x64_bin-sdk\javafx-sdk-24.0.1\bin\api-ms-win-core-console-l1-1-0.dll
0x000001a4414e0000 - 0x000001a4414e4000 	C:\javafx-sdk-21\openjfx-24.0.1_windows-x64_bin-sdk\javafx-sdk-24.0.1\bin\api-ms-win-core-console-l1-2-0.dll
0x000001a4414f0000 - 0x000001a4414f4000 	C:\javafx-sdk-21\openjfx-24.0.1_windows-x64_bin-sdk\javafx-sdk-24.0.1\bin\api-ms-win-core-datetime-l1-1-0.dll
0x000001a441500000 - 0x000001a441504000 	C:\javafx-sdk-21\openjfx-24.0.1_windows-x64_bin-sdk\javafx-sdk-24.0.1\bin\api-ms-win-core-debug-l1-1-0.dll
0x000001a460ff0000 - 0x000001a460ff4000 	C:\javafx-sdk-21\openjfx-24.0.1_windows-x64_bin-sdk\javafx-sdk-24.0.1\bin\api-ms-win-core-errorhandling-l1-1-0.dll
0x000001a4a7bd0000 - 0x000001a4a7bd5000 	C:\javafx-sdk-21\openjfx-24.0.1_windows-x64_bin-sdk\javafx-sdk-24.0.1\bin\api-ms-win-core-file-l1-1-0.dll
0x000001a4a7be0000 - 0x000001a4a7be4000 	C:\javafx-sdk-21\openjfx-24.0.1_windows-x64_bin-sdk\javafx-sdk-24.0.1\bin\api-ms-win-core-file-l1-2-0.dll
0x000001a4a7bf0000 - 0x000001a4a7bf4000 	C:\javafx-sdk-21\openjfx-24.0.1_windows-x64_bin-sdk\javafx-sdk-24.0.1\bin\api-ms-win-core-file-l2-1-0.dll
0x000001a4a7c00000 - 0x000001a4a7c04000 	C:\javafx-sdk-21\openjfx-24.0.1_windows-x64_bin-sdk\javafx-sdk-24.0.1\bin\api-ms-win-core-handle-l1-1-0.dll
0x000001a4a7c10000 - 0x000001a4a7c14000 	C:\javafx-sdk-21\openjfx-24.0.1_windows-x64_bin-sdk\javafx-sdk-24.0.1\bin\api-ms-win-core-heap-l1-1-0.dll
0x000001a4a7c20000 - 0x000001a4a7c24000 	C:\javafx-sdk-21\openjfx-24.0.1_windows-x64_bin-sdk\javafx-sdk-24.0.1\bin\api-ms-win-core-interlocked-l1-1-0.dll
0x000001a4a7c30000 - 0x000001a4a7c34000 	C:\javafx-sdk-21\openjfx-24.0.1_windows-x64_bin-sdk\javafx-sdk-24.0.1\bin\api-ms-win-core-libraryloader-l1-1-0.dll
0x000001a4a7c40000 - 0x000001a4a7c44000 	C:\javafx-sdk-21\openjfx-24.0.1_windows-x64_bin-sdk\javafx-sdk-24.0.1\bin\api-ms-win-core-localization-l1-2-0.dll
0x000001a4a7c50000 - 0x000001a4a7c54000 	C:\javafx-sdk-21\openjfx-24.0.1_windows-x64_bin-sdk\javafx-sdk-24.0.1\bin\api-ms-win-core-memory-l1-1-0.dll
0x000001a4a7c60000 - 0x000001a4a7c64000 	C:\javafx-sdk-21\openjfx-24.0.1_windows-x64_bin-sdk\javafx-sdk-24.0.1\bin\api-ms-win-core-namedpipe-l1-1-0.dll
0x000001a4a7c70000 - 0x000001a4a7c74000 	C:\javafx-sdk-21\openjfx-24.0.1_windows-x64_bin-sdk\javafx-sdk-24.0.1\bin\api-ms-win-core-processenvironment-l1-1-0.dll
0x000001a4a7c80000 - 0x000001a4a7c84000 	C:\javafx-sdk-21\openjfx-24.0.1_windows-x64_bin-sdk\javafx-sdk-24.0.1\bin\api-ms-win-core-processthreads-l1-1-0.dll
0x000001a4a7c90000 - 0x000001a4a7c94000 	C:\javafx-sdk-21\openjfx-24.0.1_windows-x64_bin-sdk\javafx-sdk-24.0.1\bin\api-ms-win-core-processthreads-l1-1-1.dll
0x000001a4a7ca0000 - 0x000001a4a7ca4000 	C:\javafx-sdk-21\openjfx-24.0.1_windows-x64_bin-sdk\javafx-sdk-24.0.1\bin\api-ms-win-core-profile-l1-1-0.dll
0x000001a4a7cb0000 - 0x000001a4a7cb4000 	C:\javafx-sdk-21\openjfx-24.0.1_windows-x64_bin-sdk\javafx-sdk-24.0.1\bin\api-ms-win-core-rtlsupport-l1-1-0.dll
0x000001a4a7cc0000 - 0x000001a4a7cc4000 	C:\javafx-sdk-21\openjfx-24.0.1_windows-x64_bin-sdk\javafx-sdk-24.0.1\bin\api-ms-win-core-string-l1-1-0.dll
0x000001a4a7cd0000 - 0x000001a4a7cd4000 	C:\javafx-sdk-21\openjfx-24.0.1_windows-x64_bin-sdk\javafx-sdk-24.0.1\bin\api-ms-win-core-synch-l1-1-0.dll
0x000001a4a7ce0000 - 0x000001a4a7ce4000 	C:\javafx-sdk-21\openjfx-24.0.1_windows-x64_bin-sdk\javafx-sdk-24.0.1\bin\api-ms-win-core-synch-l1-2-0.dll
0x000001a4a7cf0000 - 0x000001a4a7cf4000 	C:\javafx-sdk-21\openjfx-24.0.1_windows-x64_bin-sdk\javafx-sdk-24.0.1\bin\api-ms-win-core-sysinfo-l1-1-0.dll
0x000001a4a7d00000 - 0x000001a4a7d04000 	C:\javafx-sdk-21\openjfx-24.0.1_windows-x64_bin-sdk\javafx-sdk-24.0.1\bin\api-ms-win-core-timezone-l1-1-0.dll
0x000001a4a7d10000 - 0x000001a4a7d14000 	C:\javafx-sdk-21\openjfx-24.0.1_windows-x64_bin-sdk\javafx-sdk-24.0.1\bin\api-ms-win-core-util-l1-1-0.dll
0x000001a4a7d20000 - 0x000001a4a7d24000 	C:\javafx-sdk-21\openjfx-24.0.1_windows-x64_bin-sdk\javafx-sdk-24.0.1\bin\api-ms-win-crt-conio-l1-1-0.dll
0x000001a4a7d30000 - 0x000001a4a7d35000 	C:\javafx-sdk-21\openjfx-24.0.1_windows-x64_bin-sdk\javafx-sdk-24.0.1\bin\api-ms-win-crt-convert-l1-1-0.dll
0x000001a4a7d40000 - 0x000001a4a7d44000 	C:\javafx-sdk-21\openjfx-24.0.1_windows-x64_bin-sdk\javafx-sdk-24.0.1\bin\api-ms-win-crt-environment-l1-1-0.dll
0x000001a4a7d50000 - 0x000001a4a7d54000 	C:\javafx-sdk-21\openjfx-24.0.1_windows-x64_bin-sdk\javafx-sdk-24.0.1\bin\api-ms-win-crt-filesystem-l1-1-0.dll
0x000001a4a7d60000 - 0x000001a4a7d64000 	C:\javafx-sdk-21\openjfx-24.0.1_windows-x64_bin-sdk\javafx-sdk-24.0.1\bin\api-ms-win-crt-heap-l1-1-0.dll
0x000001a4a7d70000 - 0x000001a4a7d74000 	C:\javafx-sdk-21\openjfx-24.0.1_windows-x64_bin-sdk\javafx-sdk-24.0.1\bin\api-ms-win-crt-locale-l1-1-0.dll
0x000001a4a7d80000 - 0x000001a4a7d86000 	C:\javafx-sdk-21\openjfx-24.0.1_windows-x64_bin-sdk\javafx-sdk-24.0.1\bin\api-ms-win-crt-math-l1-1-0.dll
0x000001a4a7d90000 - 0x000001a4a7d96000 	C:\javafx-sdk-21\openjfx-24.0.1_windows-x64_bin-sdk\javafx-sdk-24.0.1\bin\api-ms-win-crt-multibyte-l1-1-0.dll
0x000001a4a7da0000 - 0x000001a4a7db1000 	C:\javafx-sdk-21\openjfx-24.0.1_windows-x64_bin-sdk\javafx-sdk-24.0.1\bin\api-ms-win-crt-private-l1-1-0.dll
0x000001a4a7dc0000 - 0x000001a4a7dc4000 	C:\javafx-sdk-21\openjfx-24.0.1_windows-x64_bin-sdk\javafx-sdk-24.0.1\bin\api-ms-win-crt-process-l1-1-0.dll
0x000001a4a7dd0000 - 0x000001a4a7dd5000 	C:\javafx-sdk-21\openjfx-24.0.1_windows-x64_bin-sdk\javafx-sdk-24.0.1\bin\api-ms-win-crt-runtime-l1-1-0.dll
0x000001a4a7de0000 - 0x000001a4a7de5000 	C:\javafx-sdk-21\openjfx-24.0.1_windows-x64_bin-sdk\javafx-sdk-24.0.1\bin\api-ms-win-crt-stdio-l1-1-0.dll
0x000001a4a7df0000 - 0x000001a4a7df5000 	C:\javafx-sdk-21\openjfx-24.0.1_windows-x64_bin-sdk\javafx-sdk-24.0.1\bin\api-ms-win-crt-string-l1-1-0.dll
0x000001a4a7e00000 - 0x000001a4a7e04000 	C:\javafx-sdk-21\openjfx-24.0.1_windows-x64_bin-sdk\javafx-sdk-24.0.1\bin\api-ms-win-crt-time-l1-1-0.dll
0x000001a4a7e10000 - 0x000001a4a7e14000 	C:\javafx-sdk-21\openjfx-24.0.1_windows-x64_bin-sdk\javafx-sdk-24.0.1\bin\api-ms-win-crt-utility-l1-1-0.dll
0x00007ffefa7f0000 - 0x00007ffefa901000 	C:\javafx-sdk-21\openjfx-24.0.1_windows-x64_bin-sdk\javafx-sdk-24.0.1\bin\ucrtbase.dll
0x00007fff02ab0000 - 0x00007fff02acb000 	C:\javafx-sdk-21\openjfx-24.0.1_windows-x64_bin-sdk\javafx-sdk-24.0.1\bin\vcruntime140.dll
0x00007fff02aa0000 - 0x00007fff02aac000 	C:\javafx-sdk-21\openjfx-24.0.1_windows-x64_bin-sdk\javafx-sdk-24.0.1\bin\vcruntime140_1.dll
0x00007fff02720000 - 0x00007fff027ae000 	C:\javafx-sdk-21\openjfx-24.0.1_windows-x64_bin-sdk\javafx-sdk-24.0.1\bin\msvcp140.dll
0x00007fff02a90000 - 0x00007fff02a99000 	C:\javafx-sdk-21\openjfx-24.0.1_windows-x64_bin-sdk\javafx-sdk-24.0.1\bin\msvcp140_1.dll
0x00007fff01d20000 - 0x00007fff01d61000 	C:\javafx-sdk-21\openjfx-24.0.1_windows-x64_bin-sdk\javafx-sdk-24.0.1\bin\msvcp140_2.dll
0x00007fff02a60000 - 0x00007fff02a90000 	C:\javafx-sdk-21\openjfx-24.0.1_windows-x64_bin-sdk\javafx-sdk-24.0.1\bin\prism_d3d.dll
0x00007ffef9c20000 - 0x00007ffef9df1000 	C:\WINDOWS\system32\d3d9.dll
0x00007fff140f0000 - 0x00007fff1411e000 	C:\WINDOWS\SYSTEM32\dwmapi.dll
0x00007fff13de0000 - 0x00007fff13e7e000 	C:\WINDOWS\system32\uxtheme.dll
0x00007fff0a4f0000 - 0x00007fff0a5b4000 	C:\WINDOWS\System32\DriverStore\FileRepository\nv_dispi.inf_amd64_adf5a840df867035\nvldumdx.dll
0x00007fff16000000 - 0x00007fff16012000 	C:\WINDOWS\SYSTEM32\msasn1.dll
0x00007fff0e750000 - 0x00007fff0e781000 	C:\WINDOWS\SYSTEM32\cryptnet.dll
0x00007fff169b0000 - 0x00007fff16b0d000 	C:\WINDOWS\System32\CRYPT32.dll
0x00007fff15de0000 - 0x00007fff15dec000 	C:\WINDOWS\SYSTEM32\cryptbase.dll
0x00007fff0dd60000 - 0x00007fff0dea7000 	C:\WINDOWS\SYSTEM32\drvstore.dll
0x00007fff161d0000 - 0x00007fff16203000 	C:\WINDOWS\SYSTEM32\devobj.dll
0x00007fff16d80000 - 0x00007fff16dce000 	C:\WINDOWS\System32\cfgmgr32.dll
0x00007fff16630000 - 0x00007fff166a3000 	C:\WINDOWS\System32\wintrust.dll
0x00007fff18cc0000 - 0x00007fff18cdd000 	C:\WINDOWS\System32\imagehlp.dll
0x00007fff15dc0000 - 0x00007fff15dd8000 	C:\WINDOWS\SYSTEM32\CRYPTSP.dll
0x00007fff15480000 - 0x00007fff154b8000 	C:\WINDOWS\system32\rsaenh.dll
0x00007fff03040000 - 0x00007fff05d50000 	C:\WINDOWS\System32\DriverStore\FileRepository\nv_dispi.inf_amd64_adf5a840df867035\nvgpucomp64.dll
0x00007ffe62350000 - 0x00007ffe640dc000 	C:\WINDOWS\System32\DriverStore\FileRepository\nv_dispi.inf_amd64_adf5a840df867035\nvd3dumx.dll
0x00007ffefb890000 - 0x00007ffefb8d8000 	C:\javafx-sdk-21\openjfx-24.0.1_windows-x64_bin-sdk\javafx-sdk-24.0.1\bin\glass.dll
0x00007fff16f80000 - 0x00007fff1705a000 	C:\WINDOWS\System32\COMDLG32.dll
0x00007fff17620000 - 0x00007fff176c9000 	C:\WINDOWS\System32\clbcatq.dll
0x00007ffef87f0000 - 0x00007ffef892f000 	C:\Windows\System32\Windows.UI.dll
0x00007fff0dcb0000 - 0x00007fff0dd51000 	C:\Windows\System32\WindowManagementAPI.dll
0x00007fff000d0000 - 0x00007fff001c9000 	C:\Windows\System32\TextInputFramework.dll
0x00007ffef85d0000 - 0x00007ffef8722000 	C:\Windows\System32\InputHost.dll
0x00007fff12a60000 - 0x00007fff12bb7000 	C:\WINDOWS\SYSTEM32\wintypes.dll
0x00007fff11950000 - 0x00007fff11cab000 	C:\Windows\System32\CoreUIComponents.dll
0x00007fff11db0000 - 0x00007fff11ea2000 	C:\Windows\System32\CoreMessaging.dll
0x00007fff13210000 - 0x00007fff13413000 	C:\WINDOWS\SYSTEM32\twinapi.appcore.dll
0x00007fff13770000 - 0x00007fff13864000 	C:\Windows\System32\PROPSYS.dll
0x00007fff156d0000 - 0x00007fff15703000 	C:\WINDOWS\SYSTEM32\ntmarta.dll
0x00007ffef2740000 - 0x00007ffef27f9000 	C:\Windows\System32\Windows.Networking.Connectivity.dll

dbghelp: loaded successfully - version: 4.0.5 - missing functions: none
symbol engine: initialized successfully - sym options: 0x614 - pdb path: .;C:\Users\Anwender\.jdks\openjdk-23.0.1\bin;C:\WINDOWS\SYSTEM32;C:\WINDOWS\WinSxS\amd64_microsoft.windows.common-controls_6595b64144ccf1df_6.0.19041.6456_none_60b8a6cb71f64256;C:\Users\Anwender\.jdks\openjdk-23.0.1\bin\server;C:\javafx-sdk-21\openjfx-24.0.1_windows-x64_bin-sdk\javafx-sdk-24.0.1\bin;C:\WINDOWS\System32\DriverStore\FileRepository\nv_dispi.inf_amd64_adf5a840df867035;C:\Program Files\Common Files\Microsoft Shared\Ink;C:\Windows\System32\Speech\SpeechUX

VM Arguments:
jvm_args: --module-path=C:\javafx-sdk-21\openjfx-24.0.1_windows-x64_bin-sdk\javafx-sdk-24.0.1\lib --add-modules=javafx.controls,javafx.fxml --enable-preview -javaagent:C:\Program Files\JetBrains\IntelliJ IDEA 2025.2.5\lib\idea_rt.jar=30537 -Dfile.encoding=UTF-8 -Dsun.stdout.encoding=UTF-8 -Dsun.stderr.encoding=UTF-8 
java_command: Main
java_class_path (initial): C:\Users\Anwender\IdeaProjects\demo3\target\classes;C:\Users\Anwender\.m2\repository\org\openjfx\javafx-controls\17.0.6\javafx-controls-17.0.6.jar;C:\Users\Anwender\.m2\repository\org\openjfx\javafx-controls\17.0.6\javafx-controls-17.0.6-win.jar;C:\Users\Anwender\.m2\repository\org\openjfx\javafx-graphics\17.0.6\javafx-graphics-17.0.6.jar;C:\Users\Anwender\.m2\repository\org\openjfx\javafx-graphics\17.0.6\javafx-graphics-17.0.6-win.jar;C:\Users\Anwender\.m2\repository\org\openjfx\javafx-base\17.0.6\javafx-base-17.0.6.jar;C:\Users\Anwender\.m2\repository\org\openjfx\javafx-base\17.0.6\javafx-base-17.0.6-win.jar;C:\Users\Anwender\.m2\repository\org\openjfx\javafx-fxml\17.0.6\javafx-fxml-17.0.6.jar;C:\Users\Anwender\.m2\repository\org\openjfx\javafx-fxml\17.0.6\javafx-fxml-17.0.6-win.jar;C:\Users\Anwender\.m2\repository\com\itextpdf\itextpdf\5.5.13.2\itextpdf-5.5.13.2.jar;C:\Users\Anwender\.m2\repository\com\zaxxer\HikariCP\5.1.0\HikariCP-5.1.0.jar;C:\Users\Anwender\.m2\repository\org\slf4j\slf4j-api\1.7.36\slf4j-api-1.7.36.jar;C:\Users\Anwender\.m2\repository\org\postgresql\postgresql\42.7.3\postgresql-42.7.3.jar;C:\Users\Anwender\.m2\repository\org\checkerframework\checker-qual\3.42.0\checker-qual-3.42.0.jar;C:\Users\Anwender\.m2\repository\org\slf4j\slf4j-simple\2.0.13\slf4j-simple-2.0.13.jar
Launcher Type: SUN_STANDARD

[Global flags]
     intx CICompilerCount                          = 4                                         {product} {ergonomic}
     uint ConcGCThreads                            = 3                                         {product} {ergonomic}
     uint G1ConcRefinementThreads                  = 10                                        {product} {ergonomic}
   size_t G1HeapRegionSize                         = 2097152                                   {product} {ergonomic}
   size_t InitialHeapSize                          = 268435456                                 {product} {ergonomic}
   size_t MarkStackSize                            = 4194304                                   {product} {ergonomic}
   size_t MarkStackSizeMax                         = 536870912                                 {product} {ergonomic}
   size_t MaxHeapSize                              = 4278190080                                {product} {ergonomic}
   size_t MaxNewSize                               = 2566914048                                {product} {ergonomic}
   size_t MinHeapDeltaBytes                        = 2097152                                   {product} {ergonomic}
   size_t MinHeapSize                              = 8388608                                   {product} {ergonomic}
    uintx NonNMethodCodeHeapSize                   = 5832704                                {pd product} {ergonomic}
    uintx NonProfiledCodeHeapSize                  = 122945536                              {pd product} {ergonomic}
    uintx ProfiledCodeHeapSize                     = 122880000                              {pd product} {ergonomic}
    uintx ReservedCodeCacheSize                    = 251658240                              {pd product} {ergonomic}
     bool SegmentedCodeCache                       = true                                      {product} {ergonomic}
   size_t SoftMaxHeapSize                          = 4278190080                             {manageable} {ergonomic}
     bool UseCompressedOops                        = true                           {product lp64_product} {ergonomic}
     bool UseG1GC                                  = true                                      {product} {ergonomic}
     bool UseLargePagesIndividualAllocation        = false                                  {pd product} {ergonomic}

Logging:
Log output configuration:
 #0: stdout all=off uptime,level,tags foldmultilines=false
 #1: stderr all=off uptime,level,tags foldmultilines=false

Environment Variables:
CLASSPATH=C:\Users\Anwender\Downloads\openjfx-23.0.1_windows-x64_bin-sdk\javafx-sdk-23.0.1\bin
PATH=C:\Python314\Scripts\;C:\Python314\;C:\Program Files\Common Files\Oracle\Java\javapath;C:\WINDOWS\system32;C:\WINDOWS;C:\WINDOWS\System32\Wbem;C:\WINDOWS\System32\WindowsPowerShell\v1.0\;C:\WINDOWS\System32\OpenSSH\;C:\Program Files\NVIDIA Corporation\NVIDIA NvDLISR;C:\Program Files (x86)\NVIDIA Corporation\PhysX\Common;C:\Program Files\dotnet\;C:\Users\Anwender\.jdks\openjdk-23.0.1\bin;C:\Users\Anwender\Downloads\openjfx-23.0.1_windows-x64_bin-sdk\javafx-sdk-23.0.1\bin;C:\Program Files\Git\cmd;C:\Users\Anwender\Downloads\ffmpeg-7.1.1-full_build\bin;C:\Program Files\nodejs\;C:\ProgramData\chocolatey\bin;C:\WINDOWS\system32\config\systemprofile\AppData\Local\Muse Hub\lib;C:\Users\Anwender\AppData\Local\Programs\Python\Python312\Scripts\;C:\Users\Anwender\AppData\Local\Programs\Python\Python312\;C:\Users\Anwender\AppData\Local\Microsoft\WindowsApps;C:\Users\Anwender\AppData\Local\Programs\Microsoft VS Code\bin;C:\Users\Anwender\.jdks\openjdk-23.0.1\bin;C:\Users\Anwender\AppData\Local\GitHubDesktop\bin;C:\Program Files\Apache\Maven\apache-maven-3.9.11\bin;C:\Users\Anwender\AppData\Roaming\npm;C:\Program Files\nodejs\;C:\Program Files\JetBrains\IntelliJ IDEA 2025.2.5\bin;C:\Users\Anwender\AppData\Local\Muse Hub\lib
USERNAME=Anwender
OS=Windows_NT
PROCESSOR_IDENTIFIER=AMD64 Family 23 Model 113 Stepping 0, AuthenticAMD
TMP=C:\Users\Anwender\AppData\Local\Temp
TEMP=C:\Users\Anwender\AppData\Local\Temp




Periodic native trim disabled

---------------  S Y S T E M  ---------------

OS:
 Windows 10 , 64 bit Build 19041 (10.0.19041.5915)
OS uptime: 8 days 6:10 hours

CPU: total 12 (initial active 12) (12 cores per cpu, 2 threads per core) family 23 model 113 stepping 0 microcode 0x0, cx8, cmov, fxsr, ht, mmx, 3dnowpref, sse, sse2, sse3, ssse3, sse4a, sse4.1, sse4.2, popcnt, lzcnt, tsc, tscinvbit, avx, avx2, aes, clmul, bmi1, bmi2, adx, sha, fma, vzeroupper, clflush, clflushopt, rdtscp, rdpid, f16c
Processor Information for the first 12 processors :
  Max Mhz: 3593, Current Mhz: 3593, Mhz Limit: 3593

Memory: 4k page, system-wide physical 16313M (3172M free)
TotalPageFile size 26041M (AvailPageFile size 3520M)
current process WorkingSet (physical memory assigned to process): 166M, peak: 169M
current process commit charge ("private bytes"): 473M, peak: 476M

vm_info: OpenJDK 64-Bit Server VM (23.0.1+11-39) for windows-amd64 JRE (23.0.1+11-39), built on 2024-09-30T07:20:43Z with MS VC++ 17.6 (VS2022)

END.
