#
# A fatal error has been detected by the Java Runtime Environment:
#
#  EXCEPTION_ACCESS_VIOLATION (0xc0000005) at pc=0x00007ffe9cc58427, pid=10276, tid=868
#
# JRE version: OpenJDK Runtime Environment (23.0.1+11) (build 23.0.1+11-39)
# Java VM: OpenJDK 64-Bit Server VM (23.0.1+11-39, mixed mode, sharing, tiered, compressed oops, compressed class ptrs, g1 gc, windows-amd64)
# Problematic frame:
# C  [glass.dll+0x28427]
#
# No core dump will be written. Minidumps are not enabled by default on client versions of Windows
#
# If you would like to submit a bug report, please visit:
#   https://bugreport.java.com/bugreport/crash.jsp
#

---------------  S U M M A R Y ------------

Command Line: --module-path=C:\Users\Anwender\Downloads\openjfx-23.0.1_windows-x64_bin-sdk\javafx-sdk-23.0.1\lib --add-modules=javafx.controls,javafx.fxml --enable-preview -javaagent:C:\Program Files\JetBrains\IntelliJ IDEA 2024.2.4\lib\idea_rt.jar=13020:C:\Program Files\JetBrains\IntelliJ IDEA 2024.2.4\bin -Dfile.encoding=UTF-8 -Dsun.stdout.encoding=UTF-8 -Dsun.stderr.encoding=UTF-8 Main

Host: AMD Ryzen 5 3600 6-Core Processor              , 12 cores, 15G,  Windows 10 , 64 bit Build 19041 (10.0.19041.5438)
Time: Sat Mar 15 20:59:51 2025 Mitteleuropäische Zeit elapsed time: 4.994298 seconds (0d 0h 0m 4s)

---------------  T H R E A D  ---------------

Current thread (0x00000253a2e63880):  VMThread "VM Thread"          [id=868, stack(0x0000009350000000,0x0000009350100000) (1024K)]

Stack: [0x0000009350000000,0x0000009350100000],  sp=0x00000093500ff170,  free space=1020k
Native frames: (J=compiled Java code, j=interpreted, Vv=VM code, C=native code)
C  [glass.dll+0x28427]  (no source info available)
C  [ucrtbase.dll+0x142d6]  (no source info available)
C  [ucrtbase.dll+0x141fb]  (no source info available)
C  [ucrtbase.dll+0x141b4]  (no source info available)
C  [glass.dll+0x25bbd]  (no source info available)
C  [glass.dll+0x25ce2]  (no source info available)
C  [ntdll.dll+0x19a1d]  (no source info available)
C  [ntdll.dll+0x5f1ca]  (no source info available)
C  [ntdll.dll+0x5ef7d]  (no source info available)
C  [KERNEL32.DLL+0x1e3eb]  (no source info available)
C  [ucrtbase.dll+0x205bc]  (no source info available)
C  [ucrtbase.dll+0x2045f]  (no source info available)
V  [jvm.dll+0x6d990c]  (no source info available)
V  [jvm.dll+0x6d9440]  (no source info available)
V  [jvm.dll+0x3da534]  (no source info available)
V  [jvm.dll+0x886720]  (no source info available)
V  [jvm.dll+0x887a47]  (no source info available)
V  [jvm.dll+0x887f78]  (no source info available)
V  [jvm.dll+0x888213]  (no source info available)
V  [jvm.dll+0x824f8b]  (no source info available)
V  [jvm.dll+0x6df065]  (no source info available)
C  [ucrtbase.dll+0x21bb2]  (no source info available)
C  [KERNEL32.DLL+0x17374]  (no source info available)
C  [ntdll.dll+0x4cc91]  (no source info available)


siginfo: EXCEPTION_ACCESS_VIOLATION (0xc0000005), reading address 0x0000000000000000


Registers:
RAX=0x0000000000000000, RBX=0x00000253a2e6791a, RCX=0x00000253a2e63880, RDX=0x00000093500ff170
RSP=0x00000093500ff170, RBP=0x00000253e8cd76c8, RSI=0x00000253e8cd76a0, RDI=0x000074f0d228b674
R8 =0x0000000000010002, R9 =0x000074f0d228b674, R10=0x0000000000008000, R11=0x00000093500ff100
R12=0x00007ffe9cc55d30, R13=0x00007ffdf988b760, R14=0x00000093500ff268, R15=0x00000253e8cd76a0
RIP=0x00007ffe9cc58427, EFLAGS=0x0000000000010202


Register to memory mapping:

RAX=0x0 is null
RBX=0x00000253a2e6791a is a global jni handle
RCX=0x00000253a2e63880 points into unknown readable memory: 0x00007ffdf968f688 | 88 f6 68 f9 fd 7f 00 00
RDX=0x00000093500ff170 points into unknown readable memory: 0x0000000000000000 | 00 00 00 00 00 00 00 00
RSP=0x00000093500ff170 points into unknown readable memory: 0x0000000000000000 | 00 00 00 00 00 00 00 00
RBP=0x00000253e8cd76c8 points into unknown readable memory: 0x000074f0d228b674 | 74 b6 28 d2 f0 74 00 00
RSI=0x00000253e8cd76a0 points into unknown readable memory: 0x848074f72dc17a21 | 21 7a c1 2d f7 74 80 84
RDI=0x000074f0d228b674 is an unknown value
R8 =0x0000000000010002 is an unknown value
R9 =0x000074f0d228b674 is an unknown value
R10=0x0000000000008000 is an unknown value
R11=0x00000093500ff100 points into unknown readable memory: 0x00000253e8cd76a0 | a0 76 cd e8 53 02 00 00
R12=0x00007ffe9cc55d30 glass.dll
R13=0x00007ffdf988b760 jvm.dll
R14=0x00000093500ff268 points into unknown readable memory: 0x00000093500ff250 | 50 f2 0f 50 93 00 00 00
R15=0x00000253e8cd76a0 points into unknown readable memory: 0x848074f72dc17a21 | 21 7a c1 2d f7 74 80 84

Top of Stack: (sp=0x00000093500ff170)
0x00000093500ff170:   0000000000000000 00000253e8cd76a0
0x00000093500ff180:   00007ffdf988b760 00007ffe9cc55d30
0x00000093500ff190:   00000253e8cd76a8 00007ffec1a342d6
0x00000093500ff1a0:   000074f0d228b674 0000025300000000
0x00000093500ff1b0:   00000253e8cd76c8 00000253e8cd76a0
0x00000093500ff1c0:   fffffffffffffffe 0000000000000000
0x00000093500ff1d0:   0000000000000001 00007ffe9cc30000
0x00000093500ff1e0:   00000093500ff258 00007ffec1a341fb
0x00000093500ff1f0:   0000000000000000 00000093500ff268
0x00000093500ff200:   00000093500ff540 00007ffec1b10e40
0x00000093500ff210:   0000000000000001 00007ffec1a341b4
0x00000093500ff220:   0000000000000000 0000000000000001
0x00000093500ff230:   000000007ffe0385 00000093500ff258
0x00000093500ff240:   ffffffff00000001 00007ffe9cc55bbd
0x00000093500ff250:   00007ffe9cc6d078 00007ffe00000002
0x00000093500ff260:   0000000000000002 00000093500ff250
0x00000093500ff270:   00007ffec0520000 00007ffec3c09993
0x00000093500ff280:   0000000000000000 00007ffe9cc55ce2
0x00000093500ff290:   0000000000000001 0000000000000000
0x00000093500ff2a0:   000000000000003c 00007ffec1b10e40
0x00000093500ff2b0:   00007ffe21ed1094 0000000000000000
0x00000093500ff2c0:   0000000000000001 00007ffe21ed083c
0x00000093500ff2d0:   00007ffe9cc30000 000000007ffe0384
0x00000093500ff2e0:   0000000000000000 00007ffec3c09a1d
0x00000093500ff2f0:   00007ffe9cc30000 0000000000000000
0x00000093500ff300:   0000000000000001 000000007ffe0385
0x00000093500ff310:   0000000000000000 00007ffec3c4f331
0x00000093500ff320:   0000a29e75f7d000 0000000000000014
0x00000093500ff330:   00007ffe9cc55d30 0000000000000000
0x00000093500ff340:   0000000000000000 000000934f5c4000
0x00000093500ff350:   00000253e8c5c710 00007ffec3c4f1ca
0x00000093500ff360:   00000253e8c5ae00 00007ffe9cc30000 

Instructions: (pc=0x00007ffe9cc58427)
0x00007ffe9cc58327:   8b 4d 58 e8 49 cf ff ff 48 8b 4d 60 e8 40 cf ff
0x00007ffe9cc58337:   ff 48 8b 95 80 00 00 00 48 8b 8d 18 01 00 00 e8
0x00007ffe9cc58347:   26 c5 ff ff 33 d2 33 c9 e8 8c e1 ff ff 90 48 89
0x00007ffe9cc58357:   54 24 10 55 48 83 ec 20 48 8b ea 48 b8 00 00 00
0x00007ffe9cc58367:   00 00 00 00 00 48 83 c4 20 5d c3 cc 40 55 48 8b
0x00007ffe9cc58377:   ea 48 8b 01 33 c9 81 38 05 00 00 c0 0f 94 c1 8b
0x00007ffe9cc58387:   c1 5d c3 cc 40 55 48 83 ec 20 48 8b ea 8a 4d 40
0x00007ffe9cc58397:   48 83 c4 20 5d e9 33 d3 ff ff cc 40 55 48 83 ec
0x00007ffe9cc583a7:   20 48 8b ea 8a 4d 20 e8 21 d3 ff ff 90 48 83 c4
0x00007ffe9cc583b7:   20 5d c3 cc 40 55 48 83 ec 20 48 8b ea 48 83 c4
0x00007ffe9cc583c7:   20 5d e9 82 d1 ff ff cc 40 55 48 83 ec 30 48 8b
0x00007ffe9cc583d7:   ea 48 8b 01 8b 10 48 89 4c 24 28 89 54 24 20 4c
0x00007ffe9cc583e7:   8d 0d 23 d6 ff ff 4c 8b 45 70 8b 55 68 48 8b 4d
0x00007ffe9cc583f7:   60 e8 c3 d0 ff ff 90 48 83 c4 30 5d c3 cc cc cc
0x00007ffe9cc58407:   cc cc cc cc cc cc cc cc cc 40 53 48 83 ec 20 48
0x00007ffe9cc58417:   8b 1d 1b 46 01 00 48 85 db 74 16 e8 59 90 ff ff
0x00007ffe9cc58427:   4c 8b 00 48 8b d3 48 8b c8 41 ff 90 b0 00 00 00
0x00007ffe9cc58437:   90 48 83 c4 20 5b c3 cc cc 40 53 48 83 ec 20 48
0x00007ffe9cc58447:   8b 1d 5b 47 01 00 48 85 db 74 57 b8 ff ff ff ff
0x00007ffe9cc58457:   f0 0f c1 43 10 83 f8 01 75 3d 48 85 db 74 38 48
0x00007ffe9cc58467:   8b 0b 48 85 c9 74 0d ff 15 3c 0e 00 00 48 c7 03
0x00007ffe9cc58477:   00 00 00 00 48 8b 4b 08 48 85 c9 74 0d e8 ef cd
0x00007ffe9cc58487:   ff ff 48 c7 43 08 00 00 00 00 ba 18 00 00 00 48
0x00007ffe9cc58497:   8b cb e8 da cd ff ff 48 c7 05 ff 46 01 00 00 00
0x00007ffe9cc584a7:   00 00 48 83 c4 20 5b c3 cc 40 53 48 83 ec 20 48
0x00007ffe9cc584b7:   8b 1d cb 46 01 00 48 85 db 74 57 b8 ff ff ff ff
0x00007ffe9cc584c7:   f0 0f c1 43 10 83 f8 01 75 3d 48 85 db 74 38 48
0x00007ffe9cc584d7:   8b 0b 48 85 c9 74 0d ff 15 cc 0d 00 00 48 c7 03
0x00007ffe9cc584e7:   00 00 00 00 48 8b 4b 08 48 85 c9 74 0d e8 7f cd
0x00007ffe9cc584f7:   ff ff 48 c7 43 08 00 00 00 00 ba 18 00 00 00 48
0x00007ffe9cc58507:   8b cb e8 6a cd ff ff 48 c7 05 6f 46 01 00 00 00
0x00007ffe9cc58517:   00 00 48 83 c4 20 5b c3 cc 40 53 48 83 ec 20 48 


Stack slot to memory mapping:

stack at sp + 0 slots: 0x0 is null
stack at sp + 1 slots: 0x00000253e8cd76a0 points into unknown readable memory: 0x848074f72dc17a21 | 21 7a c1 2d f7 74 80 84
stack at sp + 2 slots: 0x00007ffdf988b760 jvm.dll
stack at sp + 3 slots: 0x00007ffe9cc55d30 glass.dll
stack at sp + 4 slots: 0x00000253e8cd76a8 points into unknown readable memory: 0x000074f0d228b674 | 74 b6 28 d2 f0 74 00 00
stack at sp + 5 slots: 0x00007ffec1a342d6 ucrtbase.dll
stack at sp + 6 slots: 0x000074f0d228b674 is an unknown value
stack at sp + 7 slots: 0x0000025300000000 is an unknown value

VM_Operation (0x00000093511f9c90): Exit, mode: safepoint, requested by thread 0x00000253e8d944d0


---------------  P R O C E S S  ---------------

Threads class SMR info:
_java_thread_list=0x00000253e9b4bb20, length=19, elements={
0x0000025381133260, 0x00000253a2e7d220, 0x00000253a2e7e2f0, 0x00000253a2e80270,
0x00000253a2e80f50, 0x00000253a2e888d0, 0x00000253a2e88f40, 0x00000253a2e8d530,
0x00000253a2eb07c0, 0x00000253e80fb5d0, 0x00000253e8bc0ac0, 0x00000253e84304e0,
0x00000253e8d965a0, 0x00000253e8d951f0, 0x00000253e8d944d0, 0x00000253e8d95880,
0x00000253e8d972c0, 0x00000253e8d95f10, 0x00000253e9b0b6b0
}

Java Threads: ( => current thread )
  0x0000025381133260 JavaThread "main"                              [_thread_blocked, id=11976, stack(0x000000934f900000,0x000000934fa00000) (1024K)]
  0x00000253a2e7d220 JavaThread "Reference Handler"          daemon [_thread_blocked, id=9552, stack(0x0000009350100000,0x0000009350200000) (1024K)]
  0x00000253a2e7e2f0 JavaThread "Finalizer"                  daemon [_thread_blocked, id=1244, stack(0x0000009350200000,0x0000009350300000) (1024K)]
  0x00000253a2e80270 JavaThread "Signal Dispatcher"          daemon [_thread_blocked, id=16612, stack(0x0000009350300000,0x0000009350400000) (1024K)]
  0x00000253a2e80f50 JavaThread "Attach Listener"            daemon [_thread_blocked, id=12588, stack(0x0000009350400000,0x0000009350500000) (1024K)]
  0x00000253a2e888d0 JavaThread "Service Thread"             daemon [_thread_blocked, id=14672, stack(0x0000009350500000,0x0000009350600000) (1024K)]
  0x00000253a2e88f40 JavaThread "Monitor Deflation Thread"   daemon [_thread_blocked, id=17336, stack(0x0000009350600000,0x0000009350700000) (1024K)]
  0x00000253a2e8d530 JavaThread "C2 CompilerThread0"         daemon [_thread_blocked, id=15616, stack(0x0000009350700000,0x0000009350800000) (1024K)]
  0x00000253a2eb07c0 JavaThread "C1 CompilerThread0"         daemon [_thread_blocked, id=12804, stack(0x0000009350800000,0x0000009350900000) (1024K)]
  0x00000253e80fb5d0 JavaThread "Common-Cleaner"             daemon [_thread_blocked, id=312, stack(0x0000009350900000,0x0000009350a00000) (1024K)]
  0x00000253e8bc0ac0 JavaThread "Monitor Ctrl-Break"         daemon [_thread_in_native, id=6604, stack(0x0000009350c00000,0x0000009350d00000) (1024K)]
  0x00000253e84304e0 JavaThread "Notification Thread"        daemon [_thread_blocked, id=21428, stack(0x0000009350d00000,0x0000009350e00000) (1024K)]
  0x00000253e8d965a0 JavaThread "QuantumRenderer-0"          daemon [_thread_blocked, id=17180, stack(0x0000009350e00000,0x0000009350f00000) (1024K)]
  0x00000253e8d951f0 JavaThread "InvokeLaterDispatcher"      daemon [_thread_blocked, id=13492, stack(0x0000009351000000,0x0000009351100000) (1024K)]
  0x00000253e8d944d0 JavaThread "JavaFX Application Thread"         [_thread_blocked, id=10200, stack(0x0000009351100000,0x0000009351200000) (1024K)]
  0x00000253e8d95880 JavaThread "JavaFX-Launcher"                   [_thread_blocked, id=13876, stack(0x0000009350b00000,0x0000009350c00000) (1024K)]
  0x00000253e8d972c0 JavaThread "Thread-2"                   daemon [_thread_in_native, id=9164, stack(0x0000009350a00000,0x0000009350b00000) (1024K)]
  0x00000253e8d95f10 JavaThread "Prism Font Disposer"        daemon [_thread_blocked, id=7444, stack(0x0000009352000000,0x0000009352100000) (1024K)]
  0x00000253e9b0b6b0 JavaThread "Cleaner-0"                  daemon [_thread_blocked, id=12720, stack(0x0000009352100000,0x0000009352200000) (1024K)]
Total: 19

Other Threads:
=>0x00000253a2e63880 VMThread "VM Thread"                           [id=868, stack(0x0000009350000000,0x0000009350100000) (1024K)]
  0x00000253834878a0 WorkerThread "GC Thread#0"                     [id=13460, stack(0x000000934fa00000,0x000000934fb00000) (1024K)]
  0x00000253e9402170 WorkerThread "GC Thread#1"                     [id=11644, stack(0x0000009351300000,0x0000009351400000) (1024K)]
  0x00000253e9431d50 WorkerThread "GC Thread#2"                     [id=15124, stack(0x0000009351400000,0x0000009351500000) (1024K)]
  0x00000253e9432100 WorkerThread "GC Thread#3"                     [id=21256, stack(0x0000009351500000,0x0000009351600000) (1024K)]
  0x00000253e94324b0 WorkerThread "GC Thread#4"                     [id=14128, stack(0x0000009351600000,0x0000009351700000) (1024K)]
  0x00000253e9432860 WorkerThread "GC Thread#5"                     [id=20444, stack(0x0000009351700000,0x0000009351800000) (1024K)]
  0x00000253e97ef040 WorkerThread "GC Thread#6"                     [id=19036, stack(0x0000009351a00000,0x0000009351b00000) (1024K)]
  0x00000253e97ef3f0 WorkerThread "GC Thread#7"                     [id=19016, stack(0x0000009351b00000,0x0000009351c00000) (1024K)]
  0x00000253e97ef7a0 WorkerThread "GC Thread#8"                     [id=19100, stack(0x0000009351c00000,0x0000009351d00000) (1024K)]
  0x000002538349c960 ConcurrentGCThread "G1 Main Marker"            terminated
  0x000002538349ec20 WorkerThread "G1 Conc#0"                       [id=5580, stack(0x000000934fc00000,0x000000934fd00000) (1024K)]
  0x00000253a2d14580 ConcurrentGCThread "G1 Refine#0"               terminated
  0x00000253a2d14f10 ConcurrentGCThread "G1 Service"                terminated
Total: 14

Threads with active compile tasks:
Total: 0

VM state: at safepoint (shutting down)

VM Mutex/Monitor currently owned by a thread:  ([mutex/lock_event])
[0x00007ffdf9863910] Threads_lock - owner thread: 0x00000253a2e63880
[0x00007ffdf9863a10] Heap_lock - owner thread: 0x00000253e8d944d0

Heap address: 0x0000000701000000, size: 4080 MB, Compressed Oops mode: Zero based, Oop shift amount: 3

CDS archive(s) mapped at: [0x00000253a3000000-0x00000253a3d70000-0x00000253a3d70000), size 14090240, SharedBaseAddress: 0x00000253a3000000, ArchiveRelocationMode: 1.
Compressed class space mapped at: 0x00000253a4000000-0x00000253e4000000, reserved size: 1073741824
Narrow klass base: 0x00000253a3000000, Narrow klass shift: 0, Narrow klass range: 0x41000000

GC Precious Log:
 CardTable entry size: 512
 Card Set container configuration: InlinePtr #cards 4 size 8 Array Of Cards #cards 16 size 48 Howl #buckets 8 coarsen threshold 3686 Howl Bitmap #cards 512 size 80 coarsen threshold 460 Card regions per heap region 1 cards per card region 4096
 CPUs: 12 total, 12 available
 Memory: 16313M
 Large Page Support: Disabled
 NUMA Support: Disabled
 Compressed Oops: Enabled (Zero based)
 Heap Region Size: 2M
 Heap Min Capacity: 8M
 Heap Initial Capacity: 256M
 Heap Max Capacity: 4080M
 Pre-touch: Disabled
 Parallel Workers: 10
 Concurrent Workers: 3
 Concurrent Refinement Workers: 10
 Periodic GC: Disabled

Heap:
 garbage-first heap   total reserved 4177920K, committed 262144K, used 46455K [0x0000000701000000, 0x0000000800000000)
  region size 2048K, 20 young (40960K), 2 survivors (4096K)
 Metaspace       used 15692K, committed 16064K, reserved 1114112K
  class space    used 2173K, committed 2368K, reserved 1048576K

Heap Regions: E=young(eden), S=young(survivor), O=old, HS=humongous(starts), HC=humongous(continues), CS=collection set, F=free, TAMS=top-at-mark-start, PB=parsable bottom
|   0|0x0000000701000000, 0x0000000701200000, 0x0000000701200000|100%| O|  |TAMS 0x0000000701000000| PB 0x0000000701000000| Untracked |  0
|   1|0x0000000701200000, 0x00000007013bcd48, 0x0000000701400000| 86%| O|  |TAMS 0x0000000701200000| PB 0x0000000701200000| Untracked |  0
|   2|0x0000000701400000, 0x0000000701600000, 0x0000000701600000|100%|HS|  |TAMS 0x0000000701400000| PB 0x0000000701400000| Complete |  0
|   3|0x0000000701600000, 0x0000000701800000, 0x0000000701800000|100%|HS|  |TAMS 0x0000000701600000| PB 0x0000000701600000| Complete |  0
|   4|0x0000000701800000, 0x0000000701800000, 0x0000000701a00000|  0%| F|  |TAMS 0x0000000701800000| PB 0x0000000701800000| Untracked |  0
|   5|0x0000000701a00000, 0x0000000701a00000, 0x0000000701c00000|  0%| F|  |TAMS 0x0000000701a00000| PB 0x0000000701a00000| Untracked |  0
|   6|0x0000000701c00000, 0x0000000701c00000, 0x0000000701e00000|  0%| F|  |TAMS 0x0000000701c00000| PB 0x0000000701c00000| Untracked |  0
|   7|0x0000000701e00000, 0x0000000701e00000, 0x0000000702000000|  0%| F|  |TAMS 0x0000000701e00000| PB 0x0000000701e00000| Untracked |  0
|   8|0x0000000702000000, 0x0000000702000000, 0x0000000702200000|  0%| F|  |TAMS 0x0000000702000000| PB 0x0000000702000000| Untracked |  0
|   9|0x0000000702200000, 0x0000000702200000, 0x0000000702400000|  0%| F|  |TAMS 0x0000000702200000| PB 0x0000000702200000| Untracked |  0
|  10|0x0000000702400000, 0x0000000702400000, 0x0000000702600000|  0%| F|  |TAMS 0x0000000702400000| PB 0x0000000702400000| Untracked |  0
|  11|0x0000000702600000, 0x0000000702600000, 0x0000000702800000|  0%| F|  |TAMS 0x0000000702600000| PB 0x0000000702600000| Untracked |  0
|  12|0x0000000702800000, 0x0000000702800000, 0x0000000702a00000|  0%| F|  |TAMS 0x0000000702800000| PB 0x0000000702800000| Untracked |  0
|  13|0x0000000702a00000, 0x0000000702a00000, 0x0000000702c00000|  0%| F|  |TAMS 0x0000000702a00000| PB 0x0000000702a00000| Untracked |  0
|  14|0x0000000702c00000, 0x0000000702c00000, 0x0000000702e00000|  0%| F|  |TAMS 0x0000000702c00000| PB 0x0000000702c00000| Untracked |  0
|  15|0x0000000702e00000, 0x0000000702e00000, 0x0000000703000000|  0%| F|  |TAMS 0x0000000702e00000| PB 0x0000000702e00000| Untracked |  0
|  16|0x0000000703000000, 0x0000000703000000, 0x0000000703200000|  0%| F|  |TAMS 0x0000000703000000| PB 0x0000000703000000| Untracked |  0
|  17|0x0000000703200000, 0x0000000703200000, 0x0000000703400000|  0%| F|  |TAMS 0x0000000703200000| PB 0x0000000703200000| Untracked |  0
|  18|0x0000000703400000, 0x0000000703400000, 0x0000000703600000|  0%| F|  |TAMS 0x0000000703400000| PB 0x0000000703400000| Untracked |  0
|  19|0x0000000703600000, 0x0000000703600000, 0x0000000703800000|  0%| F|  |TAMS 0x0000000703600000| PB 0x0000000703600000| Untracked |  0
|  20|0x0000000703800000, 0x0000000703800000, 0x0000000703a00000|  0%| F|  |TAMS 0x0000000703800000| PB 0x0000000703800000| Untracked |  0
|  21|0x0000000703a00000, 0x0000000703a00000, 0x0000000703c00000|  0%| F|  |TAMS 0x0000000703a00000| PB 0x0000000703a00000| Untracked |  0
|  22|0x0000000703c00000, 0x0000000703c00000, 0x0000000703e00000|  0%| F|  |TAMS 0x0000000703c00000| PB 0x0000000703c00000| Untracked |  0
|  23|0x0000000703e00000, 0x0000000703e00000, 0x0000000704000000|  0%| F|  |TAMS 0x0000000703e00000| PB 0x0000000703e00000| Untracked |  0
|  24|0x0000000704000000, 0x0000000704000000, 0x0000000704200000|  0%| F|  |TAMS 0x0000000704000000| PB 0x0000000704000000| Untracked |  0
|  25|0x0000000704200000, 0x0000000704200000, 0x0000000704400000|  0%| F|  |TAMS 0x0000000704200000| PB 0x0000000704200000| Untracked |  0
|  26|0x0000000704400000, 0x0000000704400000, 0x0000000704600000|  0%| F|  |TAMS 0x0000000704400000| PB 0x0000000704400000| Untracked |  0
|  27|0x0000000704600000, 0x0000000704600000, 0x0000000704800000|  0%| F|  |TAMS 0x0000000704600000| PB 0x0000000704600000| Untracked |  0
|  28|0x0000000704800000, 0x0000000704800000, 0x0000000704a00000|  0%| F|  |TAMS 0x0000000704800000| PB 0x0000000704800000| Untracked |  0
|  29|0x0000000704a00000, 0x0000000704a00000, 0x0000000704c00000|  0%| F|  |TAMS 0x0000000704a00000| PB 0x0000000704a00000| Untracked |  0
|  30|0x0000000704c00000, 0x0000000704c00000, 0x0000000704e00000|  0%| F|  |TAMS 0x0000000704c00000| PB 0x0000000704c00000| Untracked |  0
|  31|0x0000000704e00000, 0x0000000704e00000, 0x0000000705000000|  0%| F|  |TAMS 0x0000000704e00000| PB 0x0000000704e00000| Untracked |  0
|  32|0x0000000705000000, 0x0000000705000000, 0x0000000705200000|  0%| F|  |TAMS 0x0000000705000000| PB 0x0000000705000000| Untracked |  0
|  33|0x0000000705200000, 0x0000000705200000, 0x0000000705400000|  0%| F|  |TAMS 0x0000000705200000| PB 0x0000000705200000| Untracked |  0
|  34|0x0000000705400000, 0x0000000705400000, 0x0000000705600000|  0%| F|  |TAMS 0x0000000705400000| PB 0x0000000705400000| Untracked |  0
|  35|0x0000000705600000, 0x0000000705600000, 0x0000000705800000|  0%| F|  |TAMS 0x0000000705600000| PB 0x0000000705600000| Untracked |  0
|  36|0x0000000705800000, 0x0000000705800000, 0x0000000705a00000|  0%| F|  |TAMS 0x0000000705800000| PB 0x0000000705800000| Untracked |  0
|  37|0x0000000705a00000, 0x0000000705a00000, 0x0000000705c00000|  0%| F|  |TAMS 0x0000000705a00000| PB 0x0000000705a00000| Untracked |  0
|  38|0x0000000705c00000, 0x0000000705c00000, 0x0000000705e00000|  0%| F|  |TAMS 0x0000000705c00000| PB 0x0000000705c00000| Untracked |  0
|  39|0x0000000705e00000, 0x0000000705e00000, 0x0000000706000000|  0%| F|  |TAMS 0x0000000705e00000| PB 0x0000000705e00000| Untracked |  0
|  40|0x0000000706000000, 0x0000000706000000, 0x0000000706200000|  0%| F|  |TAMS 0x0000000706000000| PB 0x0000000706000000| Untracked |  0
|  41|0x0000000706200000, 0x0000000706200000, 0x0000000706400000|  0%| F|  |TAMS 0x0000000706200000| PB 0x0000000706200000| Untracked |  0
|  42|0x0000000706400000, 0x0000000706400000, 0x0000000706600000|  0%| F|  |TAMS 0x0000000706400000| PB 0x0000000706400000| Untracked |  0
|  43|0x0000000706600000, 0x0000000706600000, 0x0000000706800000|  0%| F|  |TAMS 0x0000000706600000| PB 0x0000000706600000| Untracked |  0
|  44|0x0000000706800000, 0x0000000706800000, 0x0000000706a00000|  0%| F|  |TAMS 0x0000000706800000| PB 0x0000000706800000| Untracked |  0
|  45|0x0000000706a00000, 0x0000000706a00000, 0x0000000706c00000|  0%| F|  |TAMS 0x0000000706a00000| PB 0x0000000706a00000| Untracked |  0
|  46|0x0000000706c00000, 0x0000000706c00000, 0x0000000706e00000|  0%| F|  |TAMS 0x0000000706c00000| PB 0x0000000706c00000| Untracked |  0
|  47|0x0000000706e00000, 0x0000000706e00000, 0x0000000707000000|  0%| F|  |TAMS 0x0000000706e00000| PB 0x0000000706e00000| Untracked |  0
|  48|0x0000000707000000, 0x0000000707000000, 0x0000000707200000|  0%| F|  |TAMS 0x0000000707000000| PB 0x0000000707000000| Untracked |  0
|  49|0x0000000707200000, 0x0000000707200000, 0x0000000707400000|  0%| F|  |TAMS 0x0000000707200000| PB 0x0000000707200000| Untracked |  0
|  50|0x0000000707400000, 0x0000000707400000, 0x0000000707600000|  0%| F|  |TAMS 0x0000000707400000| PB 0x0000000707400000| Untracked |  0
|  51|0x0000000707600000, 0x0000000707600000, 0x0000000707800000|  0%| F|  |TAMS 0x0000000707600000| PB 0x0000000707600000| Untracked |  0
|  52|0x0000000707800000, 0x0000000707800000, 0x0000000707a00000|  0%| F|  |TAMS 0x0000000707800000| PB 0x0000000707800000| Untracked |  0
|  53|0x0000000707a00000, 0x0000000707a00000, 0x0000000707c00000|  0%| F|  |TAMS 0x0000000707a00000| PB 0x0000000707a00000| Untracked |  0
|  54|0x0000000707c00000, 0x0000000707c00000, 0x0000000707e00000|  0%| F|  |TAMS 0x0000000707c00000| PB 0x0000000707c00000| Untracked |  0
|  55|0x0000000707e00000, 0x0000000707e00000, 0x0000000708000000|  0%| F|  |TAMS 0x0000000707e00000| PB 0x0000000707e00000| Untracked |  0
|  56|0x0000000708000000, 0x0000000708000000, 0x0000000708200000|  0%| F|  |TAMS 0x0000000708000000| PB 0x0000000708000000| Untracked |  0
|  57|0x0000000708200000, 0x0000000708200000, 0x0000000708400000|  0%| F|  |TAMS 0x0000000708200000| PB 0x0000000708200000| Untracked |  0
|  58|0x0000000708400000, 0x0000000708400000, 0x0000000708600000|  0%| F|  |TAMS 0x0000000708400000| PB 0x0000000708400000| Untracked |  0
|  59|0x0000000708600000, 0x0000000708600000, 0x0000000708800000|  0%| F|  |TAMS 0x0000000708600000| PB 0x0000000708600000| Untracked |  0
|  60|0x0000000708800000, 0x0000000708800000, 0x0000000708a00000|  0%| F|  |TAMS 0x0000000708800000| PB 0x0000000708800000| Untracked |  0
|  61|0x0000000708a00000, 0x0000000708a00000, 0x0000000708c00000|  0%| F|  |TAMS 0x0000000708a00000| PB 0x0000000708a00000| Untracked |  0
|  62|0x0000000708c00000, 0x0000000708c00000, 0x0000000708e00000|  0%| F|  |TAMS 0x0000000708c00000| PB 0x0000000708c00000| Untracked |  0
|  63|0x0000000708e00000, 0x0000000708e00000, 0x0000000709000000|  0%| F|  |TAMS 0x0000000708e00000| PB 0x0000000708e00000| Untracked |  0
|  64|0x0000000709000000, 0x0000000709000000, 0x0000000709200000|  0%| F|  |TAMS 0x0000000709000000| PB 0x0000000709000000| Untracked |  0
|  65|0x0000000709200000, 0x0000000709200000, 0x0000000709400000|  0%| F|  |TAMS 0x0000000709200000| PB 0x0000000709200000| Untracked |  0
|  66|0x0000000709400000, 0x0000000709400000, 0x0000000709600000|  0%| F|  |TAMS 0x0000000709400000| PB 0x0000000709400000| Untracked |  0
|  67|0x0000000709600000, 0x0000000709600000, 0x0000000709800000|  0%| F|  |TAMS 0x0000000709600000| PB 0x0000000709600000| Untracked |  0
|  68|0x0000000709800000, 0x0000000709800000, 0x0000000709a00000|  0%| F|  |TAMS 0x0000000709800000| PB 0x0000000709800000| Untracked |  0
|  69|0x0000000709a00000, 0x0000000709a00000, 0x0000000709c00000|  0%| F|  |TAMS 0x0000000709a00000| PB 0x0000000709a00000| Untracked |  0
|  70|0x0000000709c00000, 0x0000000709c00000, 0x0000000709e00000|  0%| F|  |TAMS 0x0000000709c00000| PB 0x0000000709c00000| Untracked |  0
|  71|0x0000000709e00000, 0x0000000709e00000, 0x000000070a000000|  0%| F|  |TAMS 0x0000000709e00000| PB 0x0000000709e00000| Untracked |  0
|  72|0x000000070a000000, 0x000000070a000000, 0x000000070a200000|  0%| F|  |TAMS 0x000000070a000000| PB 0x000000070a000000| Untracked |  0
|  73|0x000000070a200000, 0x000000070a200000, 0x000000070a400000|  0%| F|  |TAMS 0x000000070a200000| PB 0x000000070a200000| Untracked |  0
|  74|0x000000070a400000, 0x000000070a400000, 0x000000070a600000|  0%| F|  |TAMS 0x000000070a400000| PB 0x000000070a400000| Untracked |  0
|  75|0x000000070a600000, 0x000000070a600000, 0x000000070a800000|  0%| F|  |TAMS 0x000000070a600000| PB 0x000000070a600000| Untracked |  0
|  76|0x000000070a800000, 0x000000070a800000, 0x000000070aa00000|  0%| F|  |TAMS 0x000000070a800000| PB 0x000000070a800000| Untracked |  0
|  77|0x000000070aa00000, 0x000000070aa00000, 0x000000070ac00000|  0%| F|  |TAMS 0x000000070aa00000| PB 0x000000070aa00000| Untracked |  0
|  78|0x000000070ac00000, 0x000000070ac00000, 0x000000070ae00000|  0%| F|  |TAMS 0x000000070ac00000| PB 0x000000070ac00000| Untracked |  0
|  79|0x000000070ae00000, 0x000000070ae00000, 0x000000070b000000|  0%| F|  |TAMS 0x000000070ae00000| PB 0x000000070ae00000| Untracked |  0
|  80|0x000000070b000000, 0x000000070b000000, 0x000000070b200000|  0%| F|  |TAMS 0x000000070b000000| PB 0x000000070b000000| Untracked |  0
|  81|0x000000070b200000, 0x000000070b200000, 0x000000070b400000|  0%| F|  |TAMS 0x000000070b200000| PB 0x000000070b200000| Untracked |  0
|  82|0x000000070b400000, 0x000000070b400000, 0x000000070b600000|  0%| F|  |TAMS 0x000000070b400000| PB 0x000000070b400000| Untracked |  0
|  83|0x000000070b600000, 0x000000070b600000, 0x000000070b800000|  0%| F|  |TAMS 0x000000070b600000| PB 0x000000070b600000| Untracked |  0
|  84|0x000000070b800000, 0x000000070b800000, 0x000000070ba00000|  0%| F|  |TAMS 0x000000070b800000| PB 0x000000070b800000| Untracked |  0
|  85|0x000000070ba00000, 0x000000070ba00000, 0x000000070bc00000|  0%| F|  |TAMS 0x000000070ba00000| PB 0x000000070ba00000| Untracked |  0
|  86|0x000000070bc00000, 0x000000070bc00000, 0x000000070be00000|  0%| F|  |TAMS 0x000000070bc00000| PB 0x000000070bc00000| Untracked |  0
|  87|0x000000070be00000, 0x000000070be00000, 0x000000070c000000|  0%| F|  |TAMS 0x000000070be00000| PB 0x000000070be00000| Untracked |  0
|  88|0x000000070c000000, 0x000000070c000000, 0x000000070c200000|  0%| F|  |TAMS 0x000000070c000000| PB 0x000000070c000000| Untracked |  0
|  89|0x000000070c200000, 0x000000070c200000, 0x000000070c400000|  0%| F|  |TAMS 0x000000070c200000| PB 0x000000070c200000| Untracked |  0
|  90|0x000000070c400000, 0x000000070c400000, 0x000000070c600000|  0%| F|  |TAMS 0x000000070c400000| PB 0x000000070c400000| Untracked |  0
|  91|0x000000070c600000, 0x000000070c600000, 0x000000070c800000|  0%| F|  |TAMS 0x000000070c600000| PB 0x000000070c600000| Untracked |  0
|  92|0x000000070c800000, 0x000000070c800000, 0x000000070ca00000|  0%| F|  |TAMS 0x000000070c800000| PB 0x000000070c800000| Untracked |  0
|  93|0x000000070ca00000, 0x000000070ca00000, 0x000000070cc00000|  0%| F|  |TAMS 0x000000070ca00000| PB 0x000000070ca00000| Untracked |  0
|  94|0x000000070cc00000, 0x000000070cc00000, 0x000000070ce00000|  0%| F|  |TAMS 0x000000070cc00000| PB 0x000000070cc00000| Untracked |  0
|  95|0x000000070ce00000, 0x000000070ce00000, 0x000000070d000000|  0%| F|  |TAMS 0x000000070ce00000| PB 0x000000070ce00000| Untracked |  0
|  96|0x000000070d000000, 0x000000070d000000, 0x000000070d200000|  0%| F|  |TAMS 0x000000070d000000| PB 0x000000070d000000| Untracked |  0
|  97|0x000000070d200000, 0x000000070d200000, 0x000000070d400000|  0%| F|  |TAMS 0x000000070d200000| PB 0x000000070d200000| Untracked |  0
|  98|0x000000070d400000, 0x000000070d400000, 0x000000070d600000|  0%| F|  |TAMS 0x000000070d400000| PB 0x000000070d400000| Untracked |  0
|  99|0x000000070d600000, 0x000000070d600000, 0x000000070d800000|  0%| F|  |TAMS 0x000000070d600000| PB 0x000000070d600000| Untracked |  0
| 100|0x000000070d800000, 0x000000070d800000, 0x000000070da00000|  0%| F|  |TAMS 0x000000070d800000| PB 0x000000070d800000| Untracked |  0
| 101|0x000000070da00000, 0x000000070da00000, 0x000000070dc00000|  0%| F|  |TAMS 0x000000070da00000| PB 0x000000070da00000| Untracked |  0
| 102|0x000000070dc00000, 0x000000070dc00000, 0x000000070de00000|  0%| F|  |TAMS 0x000000070dc00000| PB 0x000000070dc00000| Untracked |  0
| 103|0x000000070de00000, 0x000000070de00000, 0x000000070e000000|  0%| F|  |TAMS 0x000000070de00000| PB 0x000000070de00000| Untracked |  0
| 104|0x000000070e000000, 0x000000070e000000, 0x000000070e200000|  0%| F|  |TAMS 0x000000070e000000| PB 0x000000070e000000| Untracked |  0
| 105|0x000000070e200000, 0x000000070e200000, 0x000000070e400000|  0%| F|  |TAMS 0x000000070e200000| PB 0x000000070e200000| Untracked |  0
| 106|0x000000070e400000, 0x000000070e400000, 0x000000070e600000|  0%| F|  |TAMS 0x000000070e400000| PB 0x000000070e400000| Untracked |  0
| 107|0x000000070e600000, 0x000000070e600000, 0x000000070e800000|  0%| F|  |TAMS 0x000000070e600000| PB 0x000000070e600000| Untracked |  0
| 108|0x000000070e800000, 0x000000070e9562b0, 0x000000070ea00000| 66%| E|  |TAMS 0x000000070e800000| PB 0x000000070e800000| Complete |  0
| 109|0x000000070ea00000, 0x000000070ec00000, 0x000000070ec00000|100%| E|CS|TAMS 0x000000070ea00000| PB 0x000000070ea00000| Complete |  0
| 110|0x000000070ec00000, 0x000000070ee00000, 0x000000070ee00000|100%| E|CS|TAMS 0x000000070ec00000| PB 0x000000070ec00000| Complete |  0
| 111|0x000000070ee00000, 0x000000070f000000, 0x000000070f000000|100%| E|CS|TAMS 0x000000070ee00000| PB 0x000000070ee00000| Complete |  0
| 112|0x000000070f000000, 0x000000070f200000, 0x000000070f200000|100%| E|CS|TAMS 0x000000070f000000| PB 0x000000070f000000| Complete |  0
| 113|0x000000070f200000, 0x000000070f3a1040, 0x000000070f400000| 81%| S|CS|TAMS 0x000000070f200000| PB 0x000000070f200000| Complete |  0
| 114|0x000000070f400000, 0x000000070f600000, 0x000000070f600000|100%| E|CS|TAMS 0x000000070f400000| PB 0x000000070f400000| Complete |  0
| 115|0x000000070f600000, 0x000000070f800000, 0x000000070f800000|100%| E|CS|TAMS 0x000000070f600000| PB 0x000000070f600000| Complete |  0
| 116|0x000000070f800000, 0x000000070fa00000, 0x000000070fa00000|100%| S|CS|TAMS 0x000000070f800000| PB 0x000000070f800000| Complete |  0
| 117|0x000000070fa00000, 0x000000070fc00000, 0x000000070fc00000|100%| E|CS|TAMS 0x000000070fa00000| PB 0x000000070fa00000| Complete |  0
| 118|0x000000070fc00000, 0x000000070fe00000, 0x000000070fe00000|100%| E|CS|TAMS 0x000000070fc00000| PB 0x000000070fc00000| Complete |  0
| 119|0x000000070fe00000, 0x0000000710000000, 0x0000000710000000|100%| E|CS|TAMS 0x000000070fe00000| PB 0x000000070fe00000| Complete |  0
| 120|0x0000000710000000, 0x0000000710200000, 0x0000000710200000|100%| E|CS|TAMS 0x0000000710000000| PB 0x0000000710000000| Complete |  0
| 121|0x0000000710200000, 0x0000000710400000, 0x0000000710400000|100%| E|CS|TAMS 0x0000000710200000| PB 0x0000000710200000| Complete |  0
| 122|0x0000000710400000, 0x0000000710600000, 0x0000000710600000|100%| E|CS|TAMS 0x0000000710400000| PB 0x0000000710400000| Complete |  0
| 123|0x0000000710600000, 0x0000000710800000, 0x0000000710800000|100%| E|CS|TAMS 0x0000000710600000| PB 0x0000000710600000| Complete |  0
| 124|0x0000000710800000, 0x0000000710a00000, 0x0000000710a00000|100%| E|CS|TAMS 0x0000000710800000| PB 0x0000000710800000| Complete |  0
| 125|0x0000000710a00000, 0x0000000710c00000, 0x0000000710c00000|100%| E|CS|TAMS 0x0000000710a00000| PB 0x0000000710a00000| Complete |  0
| 126|0x0000000710c00000, 0x0000000710e00000, 0x0000000710e00000|100%| E|CS|TAMS 0x0000000710c00000| PB 0x0000000710c00000| Complete |  0
| 127|0x0000000710e00000, 0x0000000711000000, 0x0000000711000000|100%| E|CS|TAMS 0x0000000710e00000| PB 0x0000000710e00000| Complete |  0

Card table byte_map: [0x000002539b9c0000,0x000002539c1c0000] _byte_map_base: 0x00000253981b8000

Marking Bits: (CMBitMap*) 0x0000025383487fb0
 Bits: [0x000002539c1c0000, 0x00000253a0180000)

Polling page: 0x0000025381430000

Metaspace:

Usage:
  Non-class:     13.20 MB used.
      Class:      2.12 MB used.
       Both:     15.32 MB used.

Virtual space:
  Non-class space:       64.00 MB reserved,      13.38 MB ( 21%) committed,  1 nodes.
      Class space:        1.00 GB reserved,       2.31 MB ( <1%) committed,  1 nodes.
             Both:        1.06 GB reserved,      15.69 MB (  1%) committed. 

Chunk freelists:
   Non-Class:  2.63 MB
       Class:  13.53 MB
        Both:  16.17 MB

MaxMetaspaceSize: unlimited
CompressedClassSpaceSize: 1.00 GB
Initial GC threshold: 21.00 MB
Current GC threshold: 21.00 MB
CDS: on
 - commit_granule_bytes: 65536.
 - commit_granule_words: 8192.
 - virtual_space_node_default_size: 8388608.
 - enlarge_chunks_in_place: 1.
 - use_allocation_guard: 0.


Internal statistics:

num_allocs_failed_limit: 0.
num_arena_births: 364.
num_arena_deaths: 0.
num_vsnodes_births: 2.
num_vsnodes_deaths: 0.
num_space_committed: 251.
num_space_uncommitted: 0.
num_chunks_returned_to_freelist: 0.
num_chunks_taken_from_freelist: 840.
num_chunk_merges: 0.
num_chunk_splits: 567.
num_chunks_enlarged: 399.
num_inconsistent_stats: 0.

CodeHeap 'non-profiled nmethods': size=120064Kb used=1121Kb max_used=1121Kb free=118942Kb
 bounds [0x0000025393620000, 0x0000025393890000, 0x000002539ab60000]
CodeHeap 'profiled nmethods': size=120000Kb used=4523Kb max_used=4523Kb free=115476Kb
 bounds [0x000002538bb60000, 0x000002538bfd0000, 0x0000025393090000]
CodeHeap 'non-nmethods': size=5696Kb used=1774Kb max_used=1806Kb free=3921Kb
 bounds [0x0000025393090000, 0x0000025393300000, 0x0000025393620000]
CodeCache: size=245760Kb, used=7418Kb, max_used=7450Kb, free=238339Kb
 total_blobs=3944, nmethods=3131, adapters=718, full_count=0
Compilation: enabled, stopped_count=0, restarted_count=0

Compilation events (20 events):
Event: 4.668 Thread 0x00000253a2eb07c0 3121       3       com.sun.javafx.css.BitSet::contains (77 bytes)
Event: 4.668 Thread 0x00000253a2eb07c0 nmethod 3121 0x000002538bfc1288 code [0x000002538bfc1420, 0x000002538bfc1b10]
Event: 4.669 Thread 0x00000253a2eb07c0 3124       3       java.lang.invoke.LambdaForm::methodType (48 bytes)
Event: 4.669 Thread 0x00000253a2eb07c0 nmethod 3124 0x000002538bfc1b88 code [0x000002538bfc1d00, 0x000002538bfc22d8]
Event: 4.670 Thread 0x00000253a2eb07c0 3125       3       java.lang.invoke.LambdaForm$DMH/0x00000253a40ac800::invokeStatic (31 bytes)
Event: 4.670 Thread 0x00000253a2eb07c0 nmethod 3125 0x000002538bfc2308 code [0x000002538bfc2440, 0x000002538bfc2890]
Event: 4.670 Thread 0x00000253a2eb07c0 3126       3       java.lang.invoke.InnerClassLambdaMetafactory::<init> (277 bytes)
Event: 4.671 Thread 0x00000253a2eb07c0 nmethod 3126 0x000002538bfc2908 code [0x000002538bfc2cc0, 0x000002538bfc4c30]
Event: 4.671 Thread 0x00000253a2eb07c0 3132   !   3       javafx.scene.Node::sceneToLocal (13 bytes)
Event: 4.671 Thread 0x00000253a2eb07c0 nmethod 3132 0x000002538bfc4d88 code [0x000002538bfc4ec0, 0x000002538bfc5048]
Event: 4.671 Thread 0x00000253a2eb07c0 3127   !   3       java.lang.invoke.AbstractValidatingLambdaMetafactory::<init> (559 bytes)
Event: 4.673 Thread 0x00000253a2eb07c0 nmethod 3127 0x000002538bfc5088 code [0x000002538bfc5660, 0x000002538bfc8a20]
Event: 4.673 Thread 0x00000253a2eb07c0 3128   !   3       java.lang.invoke.MethodHandles$Lookup::revealDirect (196 bytes)
Event: 4.674 Thread 0x00000253a2eb07c0 nmethod 3128 0x000002538bfc8b88 code [0x000002538bfc8e60, 0x000002538bfca110]
Event: 4.674 Thread 0x00000253a2eb07c0 3129       3       java.lang.invoke.InfoFromMemberName::<init> (72 bytes)
Event: 4.674 Thread 0x00000253a2eb07c0 nmethod 3129 0x000002538bfca208 code [0x000002538bfca320, 0x000002538bfca510]
Event: 4.674 Thread 0x00000253a2eb07c0 3130       3       java.lang.invoke.InfoFromMemberName::getName (8 bytes)
Event: 4.674 Thread 0x00000253a2eb07c0 nmethod 3130 0x000002538bfca588 code [0x000002538bfca6e0, 0x000002538bfcaa98]
Event: 4.674 Thread 0x00000253a2eb07c0 3131       3       java.lang.invoke.InfoFromMemberName::getMethodType (8 bytes)
Event: 4.674 Thread 0x00000253a2eb07c0 nmethod 3131 0x000002538bfcab08 code [0x000002538bfcac20, 0x000002538bfcad68]

GC Heap History (4 events):
Event: 0.734 GC heap before
{Heap before GC invocations=0 (full 0):
 garbage-first heap   total reserved 4177920K, committed 262144K, used 22528K [0x0000000701000000, 0x0000000800000000)
  region size 2048K, 12 young (24576K), 0 survivors (0K)
 Metaspace       used 4657K, committed 4864K, reserved 1114112K
  class space    used 545K, committed 640K, reserved 1048576K
}
Event: 0.736 GC heap after
{Heap after GC invocations=1 (full 0):
 garbage-first heap   total reserved 4177920K, committed 262144K, used 3978K [0x0000000701000000, 0x0000000800000000)
  region size 2048K, 2 young (4096K), 2 survivors (4096K)
 Metaspace       used 4657K, committed 4864K, reserved 1114112K
  class space    used 545K, committed 640K, reserved 1048576K
}
Event: 1.068 GC heap before
{Heap before GC invocations=1 (full 0):
 garbage-first heap   total reserved 4177920K, committed 262144K, used 24458K [0x0000000701000000, 0x0000000800000000)
  region size 2048K, 13 young (26624K), 2 survivors (4096K)
 Metaspace       used 8730K, committed 8960K, reserved 1114112K
  class space    used 1129K, committed 1216K, reserved 1048576K
}
Event: 1.071 GC heap after
{Heap after GC invocations=2 (full 0):
 garbage-first heap   total reserved 4177920K, committed 262144K, used 7543K [0x0000000701000000, 0x0000000800000000)
  region size 2048K, 2 young (4096K), 2 survivors (4096K)
 Metaspace       used 8730K, committed 8960K, reserved 1114112K
  class space    used 1129K, committed 1216K, reserved 1048576K
}

Dll operation events (20 events):
Event: 0.243 Loaded shared library C:\Users\Anwender\Downloads\openjfx-23.0.1_windows-x64_bin-sdk\javafx-sdk-23.0.1\bin\api-ms-win-crt-math-l1-1-0.dll
Event: 0.245 Loaded shared library C:\Users\Anwender\Downloads\openjfx-23.0.1_windows-x64_bin-sdk\javafx-sdk-23.0.1\bin\api-ms-win-crt-multibyte-l1-1-0.dll
Event: 0.247 Loaded shared library C:\Users\Anwender\Downloads\openjfx-23.0.1_windows-x64_bin-sdk\javafx-sdk-23.0.1\bin\api-ms-win-crt-private-l1-1-0.dll
Event: 0.249 Loaded shared library C:\Users\Anwender\Downloads\openjfx-23.0.1_windows-x64_bin-sdk\javafx-sdk-23.0.1\bin\api-ms-win-crt-process-l1-1-0.dll
Event: 0.250 Loaded shared library C:\Users\Anwender\Downloads\openjfx-23.0.1_windows-x64_bin-sdk\javafx-sdk-23.0.1\bin\api-ms-win-crt-runtime-l1-1-0.dll
Event: 0.251 Loaded shared library C:\Users\Anwender\Downloads\openjfx-23.0.1_windows-x64_bin-sdk\javafx-sdk-23.0.1\bin\api-ms-win-crt-stdio-l1-1-0.dll
Event: 0.252 Loaded shared library C:\Users\Anwender\Downloads\openjfx-23.0.1_windows-x64_bin-sdk\javafx-sdk-23.0.1\bin\api-ms-win-crt-string-l1-1-0.dll
Event: 0.254 Loaded shared library C:\Users\Anwender\Downloads\openjfx-23.0.1_windows-x64_bin-sdk\javafx-sdk-23.0.1\bin\api-ms-win-crt-time-l1-1-0.dll
Event: 0.255 Loaded shared library C:\Users\Anwender\Downloads\openjfx-23.0.1_windows-x64_bin-sdk\javafx-sdk-23.0.1\bin\api-ms-win-crt-utility-l1-1-0.dll
Event: 0.261 Loaded shared library C:\Users\Anwender\Downloads\openjfx-23.0.1_windows-x64_bin-sdk\javafx-sdk-23.0.1\bin\ucrtbase.dll
Event: 0.265 Loaded shared library C:\Users\Anwender\Downloads\openjfx-23.0.1_windows-x64_bin-sdk\javafx-sdk-23.0.1\bin\vcruntime140.dll
Event: 0.266 Loaded shared library C:\Users\Anwender\Downloads\openjfx-23.0.1_windows-x64_bin-sdk\javafx-sdk-23.0.1\bin\vcruntime140_1.dll
Event: 0.272 Loaded shared library C:\Users\Anwender\Downloads\openjfx-23.0.1_windows-x64_bin-sdk\javafx-sdk-23.0.1\bin\msvcp140.dll
Event: 0.275 Loaded shared library C:\Users\Anwender\Downloads\openjfx-23.0.1_windows-x64_bin-sdk\javafx-sdk-23.0.1\bin\msvcp140_1.dll
Event: 0.282 Loaded shared library C:\Users\Anwender\Downloads\openjfx-23.0.1_windows-x64_bin-sdk\javafx-sdk-23.0.1\bin\msvcp140_2.dll
Event: 0.322 Loaded shared library C:\Users\Anwender\Downloads\openjfx-23.0.1_windows-x64_bin-sdk\javafx-sdk-23.0.1\bin\prism_d3d.dll
Event: 0.483 Loaded shared library C:\Users\Anwender\Downloads\openjfx-23.0.1_windows-x64_bin-sdk\javafx-sdk-23.0.1\bin\glass.dll
Event: 0.705 Loaded shared library C:\Users\Anwender\.jdks\openjdk-23.0.1\bin\jimage.dll
Event: 1.032 Loaded shared library C:\Users\Anwender\Downloads\openjfx-23.0.1_windows-x64_bin-sdk\javafx-sdk-23.0.1\bin\javafx_iio.dll
Event: 1.109 Loaded shared library C:\Users\Anwender\Downloads\openjfx-23.0.1_windows-x64_bin-sdk\javafx-sdk-23.0.1\bin\javafx_font.dll

Deoptimization events (20 events):
Event: 3.445 Thread 0x00000253e8d944d0 DEOPT PACKING pc=0x000002538bdd427b sp=0x00000093511fc1f0
Event: 3.445 Thread 0x00000253e8d944d0 DEOPT UNPACKING pc=0x00000253930e4b22 sp=0x00000093511fb6d8 mode 0
Event: 3.447 Thread 0x00000253e8d944d0 DEOPT PACKING pc=0x000002538bdd427b sp=0x00000093511fbbd0
Event: 3.447 Thread 0x00000253e8d944d0 DEOPT UNPACKING pc=0x00000253930e4b22 sp=0x00000093511fb0b8 mode 0
Event: 3.447 Thread 0x00000253e8d944d0 DEOPT PACKING pc=0x000002538bdd427b sp=0x00000093511fbb50
Event: 3.447 Thread 0x00000253e8d944d0 DEOPT UNPACKING pc=0x00000253930e4b22 sp=0x00000093511fb038 mode 0
Event: 3.448 Thread 0x00000253e8d944d0 DEOPT PACKING pc=0x000002538bdd427b sp=0x00000093511fbdb0
Event: 3.448 Thread 0x00000253e8d944d0 DEOPT UNPACKING pc=0x00000253930e4b22 sp=0x00000093511fb298 mode 0
Event: 3.453 Thread 0x00000253e8d944d0 Uncommon trap: trap_request=0xffffff45 fr.pc=0x0000025393705258 relative=0x0000000000000058
Event: 3.453 Thread 0x00000253e8d944d0 Uncommon trap: reason=unstable_if action=reinterpret pc=0x0000025393705258 method=javafx.scene.Node.updateLocalToParentTransform()V @ 4 c2
Event: 3.453 Thread 0x00000253e8d944d0 DEOPT PACKING pc=0x0000025393705258 sp=0x00000093511fc160
Event: 3.453 Thread 0x00000253e8d944d0 DEOPT UNPACKING pc=0x00000253930e4402 sp=0x00000093511fc0b8 mode 2
Event: 3.770 Thread 0x00000253e8d965a0 Uncommon trap: trap_request=0xffffff6e fr.pc=0x000002539372a630 relative=0x0000000000000390
Event: 3.770 Thread 0x00000253e8d965a0 Uncommon trap: reason=loop_limit_check action=maybe_recompile pc=0x000002539372a630 method=com.sun.javafx.geom.transform.AffineBase.doTransform([FI[FIII)V @ 590 c2
Event: 3.770 Thread 0x00000253e8d965a0 DEOPT PACKING pc=0x000002539372a630 sp=0x0000009350efdde0
Event: 3.770 Thread 0x00000253e8d965a0 DEOPT UNPACKING pc=0x00000253930e4402 sp=0x0000009350efdd08 mode 2
Event: 4.069 Thread 0x00000253e8d944d0 Uncommon trap: trap_request=0xffffff6e fr.pc=0x000002539372ecc8 relative=0x0000000000000208
Event: 4.069 Thread 0x00000253e8d944d0 Uncommon trap: reason=loop_limit_check action=maybe_recompile pc=0x000002539372ecc8 method=javafx.scene.Parent.pickChildrenNode(Lcom/sun/javafx/geom/PickRay;Lcom/sun/javafx/scene/input/PickResultChooser;)Z @ 17 c2
Event: 4.069 Thread 0x00000253e8d944d0 DEOPT PACKING pc=0x000002539372ecc8 sp=0x00000093511fb240
Event: 4.069 Thread 0x00000253e8d944d0 DEOPT UNPACKING pc=0x00000253930e4402 sp=0x00000093511faff0 mode 2

Classes loaded (20 events):
Event: 1.565 Loading class java/util/concurrent/ConcurrentLinkedQueue
Event: 1.565 Loading class java/util/concurrent/ConcurrentLinkedQueue done
Event: 1.565 Loading class java/util/concurrent/ConcurrentLinkedQueue$Node
Event: 1.565 Loading class java/util/concurrent/ConcurrentLinkedQueue$Node done
Event: 1.567 Loading class jdk/internal/ref/CleanerImpl$InnocuousThreadFactory
Event: 1.567 Loading class jdk/internal/ref/CleanerImpl$InnocuousThreadFactory done
Event: 1.571 Loading class sun/misc/Unsafe
Event: 1.571 Loading class sun/misc/Unsafe done
Event: 1.571 Loading class sun/misc/Unsafe$MemoryAccessOption
Event: 1.571 Loading class sun/misc/Unsafe$MemoryAccessOption done
Event: 1.571 Loading class java/lang/invoke/DirectMethodHandle$StaticAccessor
Event: 1.572 Loading class java/lang/invoke/DirectMethodHandle$StaticAccessor done
Event: 1.588 Loading class java/nio/ShortBuffer
Event: 1.588 Loading class java/nio/ShortBuffer done
Event: 1.588 Loading class java/nio/DoubleBuffer
Event: 1.588 Loading class java/nio/DoubleBuffer done
Event: 1.589 Loading class java/nio/DirectFloatBufferU
Event: 1.589 Loading class java/nio/DirectFloatBufferU done
Event: 3.316 Loading class java/io/UnsupportedEncodingException
Event: 3.316 Loading class java/io/UnsupportedEncodingException done

Classes unloaded (0 events):
No events

Classes redefined (0 events):
No events

Internal exceptions (20 events):
Event: 1.189 Thread 0x00000253e8d944d0 Exception <a 'java/io/FileNotFoundException'{0x000000071096d990}> (0x000000071096d990) 
thrown [s\open\src\hotspot\share\prims\jni.cpp, line 520]
Event: 1.205 Thread 0x00000253e8d944d0 Exception <a 'java/io/FileNotFoundException'{0x00000007109bfc20}> (0x00000007109bfc20) 
thrown [s\open\src\hotspot\share\prims\jni.cpp, line 520]
Event: 1.223 Thread 0x00000253e8d944d0 Exception <a 'java/lang/NoSuchMethodError'{0x0000000710657d78}: 'void java.lang.invoke.DirectMethodHandle$Holder.invokeStatic(java.lang.Object, int, java.lang.Object)'> (0x0000000710657d78) 
thrown [s\open\src\hotspot\share\interpreter\linkResolver.cpp, line 796]
Event: 1.235 Thread 0x00000253e8d944d0 Exception <a 'java/lang/NoSuchMethodError'{0x00000007106e4e38}: 'java.lang.Object java.lang.invoke.DelegatingMethodHandle$Holder.reinvoke_L(java.lang.Object, double, double, double, double)'> (0x00000007106e4e38) 
thrown [s\open\src\hotspot\share\interpreter\linkResolver.cpp, line 796]
Event: 1.236 Thread 0x00000253e8d944d0 Exception <a 'java/lang/NoSuchMethodError'{0x00000007106efc20}: 'java.lang.Object java.lang.invoke.DirectMethodHandle$Holder.invokeStatic(java.lang.Object, java.lang.Object, int)'> (0x00000007106efc20) 
thrown [s\open\src\hotspot\share\interpreter\linkResolver.cpp, line 796]
Event: 1.236 Thread 0x00000253e8d944d0 Exception <a 'java/lang/NoSuchMethodError'{0x00000007106f38b0}: 'void java.lang.invoke.DirectMethodHandle$Holder.invokeStatic(java.lang.Object, java.lang.Object, int, java.lang.Object)'> (0x00000007106f38b0) 
thrown [s\open\src\hotspot\share\interpreter\linkResolver.cpp, line 796]
Event: 1.236 Thread 0x00000253e8d944d0 Exception <a 'java/lang/NoSuchMethodError'{0x00000007106fa3f0}: 'void java.lang.invoke.DelegatingMethodHandle$Holder.delegate(java.lang.Object, java.lang.Object, int, java.lang.Object)'> (0x00000007106fa3f0) 
thrown [s\open\src\hotspot\share\interpreter\linkResolver.cpp, line 796]
Event: 1.242 Thread 0x00000253e8d944d0 Exception <a 'java/lang/NoSuchMethodError'{0x00000007107520c0}: 'java.lang.Object java.lang.invoke.DirectMethodHandle$Holder.newInvokeSpecial(java.lang.Object, double)'> (0x00000007107520c0) 
thrown [s\open\src\hotspot\share\interpreter\linkResolver.cpp, line 796]
Event: 1.316 Thread 0x00000253e8d944d0 Implicit null exception at 0x000002539363b999 to 0x000002539363bcc0
Event: 1.323 Thread 0x00000253e8d944d0 Exception <a 'java/io/FileNotFoundException'{0x00000007101e3660}> (0x00000007101e3660) 
thrown [s\open\src\hotspot\share\prims\jni.cpp, line 520]
Event: 1.461 Thread 0x00000253e8d944d0 Exception <a 'java/lang/NoSuchMethodError'{0x000000070f739e78}: 'java.lang.Object java.lang.invoke.DirectMethodHandle$Holder.invokeInterface(java.lang.Object, java.lang.Object, java.lang.Object)'> (0x000000070f739e78) 
thrown [s\open\src\hotspot\share\interpreter\linkResolver.cpp, line 796]
Event: 1.462 Thread 0x00000253e8d944d0 Exception <a 'java/lang/IncompatibleClassChangeError'{0x000000070f73d548}: Found class java.lang.Object, but interface was expected> (0x000000070f73d548) 
thrown [s\open\src\hotspot\share\interpreter\linkResolver.cpp, line 863]
Event: 1.494 Thread 0x00000253e8d944d0 Exception <a 'java/lang/NoSuchMethodError'{0x000000070f4e3248}: 'int java.lang.invoke.DirectMethodHandle$Holder.invokeSpecial(java.lang.Object, java.lang.Object, int)'> (0x000000070f4e3248) 
thrown [s\open\src\hotspot\share\interpreter\linkResolver.cpp, line 796]
Event: 1.515 Thread 0x00000253e8d944d0 Exception <a 'java/lang/NoSuchMethodError'{0x000000070f5bd358}: 'java.lang.Object java.lang.invoke.DirectMethodHandle$Holder.newInvokeSpecial(java.lang.Object, java.lang.Object, int)'> (0x000000070f5bd358) 
thrown [s\open\src\hotspot\share\interpreter\linkResolver.cpp, line 796]
Event: 1.541 Thread 0x00000253e8d965a0 Exception <a 'java/lang/NoSuchMethodError'{0x000000070f0e8628}: 'int java.lang.invoke.DirectMethodHandle$Holder.invokeStaticInit(java.lang.Object, java.lang.Object)'> (0x000000070f0e8628) 
thrown [s\open\src\hotspot\share\interpreter\linkResolver.cpp, line 796]
Event: 3.338 Thread 0x00000253e8d944d0 Exception <a 'java/lang/NoSuchMethodError'{0x000000070eab2f40}: 'long java.lang.invoke.DirectMethodHandle$Holder.invokeStatic(java.lang.Object, java.lang.Object, java.lang.Object)'> (0x000000070eab2f40) 
thrown [s\open\src\hotspot\share\interpreter\linkResolver.cpp, line 796]
Event: 3.338 Thread 0x00000253e8d944d0 Exception <a 'java/lang/NoSuchMethodError'{0x000000070eab6358}: 'long java.lang.invoke.DirectMethodHandle$Holder.invokeStaticInit(java.lang.Object, java.lang.Object, java.lang.Object)'> (0x000000070eab6358) 
thrown [s\open\src\hotspot\share\interpreter\linkResolver.cpp, line 796]
Event: 3.339 Thread 0x00000253e8d944d0 Exception <a 'java/lang/NoSuchMethodError'{0x000000070eacb188}: 'java.lang.Object java.lang.invoke.DirectMethodHandle$Holder.newInvokeSpecial(java.lang.Object, java.lang.Object, long)'> (0x000000070eacb188) 
thrown [s\open\src\hotspot\share\interpreter\linkResolver.cpp, line 796]
Event: 3.340 Thread 0x00000253e8d944d0 Exception <a 'java/lang/NoSuchMethodError'{0x000000070eacead8}: 'java.lang.Object java.lang.invoke.Invokers$Holder.linkToTargetMethod(java.lang.Object, long, java.lang.Object)'> (0x000000070eacead8) 
thrown [s\open\src\hotspot\share\interpreter\linkResolver.cpp, line 796]
Event: 4.668 Thread 0x00000253e8d944d0 Exception <a 'java/lang/NoSuchMethodError'{0x000000070e852738}: 'void java.lang.invoke.DirectMethodHandle$Holder.invokeVirtual(java.lang.Object, java.lang.Object)'> (0x000000070e852738) 
thrown [s\open\src\hotspot\share\interpreter\linkResolver.cpp, line 796]

VM Operations (20 events):
Event: 1.113 Executing VM operation: HandshakeAllThreads (Deoptimize) done
Event: 1.113 Executing VM operation: HandshakeAllThreads (Deoptimize)
Event: 1.113 Executing VM operation: HandshakeAllThreads (Deoptimize) done
Event: 1.235 Executing VM operation: HandshakeAllThreads (Deoptimize)
Event: 1.235 Executing VM operation: HandshakeAllThreads (Deoptimize) done
Event: 1.236 Executing VM operation: HandshakeAllThreads (Deoptimize)
Event: 1.236 Executing VM operation: HandshakeAllThreads (Deoptimize) done
Event: 1.342 Executing VM operation: HandshakeAllThreads (Deoptimize)
Event: 1.342 Executing VM operation: HandshakeAllThreads (Deoptimize) done
Event: 1.447 Executing VM operation: HandshakeAllThreads (Deoptimize)
Event: 1.447 Executing VM operation: HandshakeAllThreads (Deoptimize) done
Event: 1.447 Executing VM operation: HandshakeAllThreads (Deoptimize)
Event: 1.447 Executing VM operation: HandshakeAllThreads (Deoptimize) done
Event: 1.461 Executing VM operation: HandshakeAllThreads (Deoptimize)
Event: 1.461 Executing VM operation: HandshakeAllThreads (Deoptimize) done
Event: 1.495 Executing VM operation: HandshakeAllThreads (Deoptimize)
Event: 1.495 Executing VM operation: HandshakeAllThreads (Deoptimize) done
Event: 2.688 Executing VM operation: HandshakeAllThreads (Deoptimize)
Event: 2.688 Executing VM operation: HandshakeAllThreads (Deoptimize) done
Event: 4.678 Executing VM operation: Exit

Memory protections (0 events):
No events

Nmethod flushes (0 events):
No events

Events (20 events):
Event: 0.149 Thread 0x0000025381133260 Thread added: 0x00000253e8bc0ac0
Event: 0.149 Thread 0x0000025381133260 Thread added: 0x00000253e84304e0
Event: 0.314 Thread 0x0000025381133260 Thread added: 0x00000253e8d965a0
Event: 0.485 Thread 0x0000025381133260 Thread added: 0x00000253e8d951f0
Event: 0.487 Thread 0x0000025381133260 Thread added: 0x00000253e8d944d0
Event: 0.644 Thread 0x00000253e8114290 Thread exited: 0x00000253e8114290
Event: 0.644 Thread 0x00000253e81fe1a0 Thread exited: 0x00000253e81fe1a0
Event: 0.685 Thread 0x0000025381133260 Thread added: 0x00000253e8d95880
Event: 0.697 Thread 0x00000253e8d972c0 Thread added: 0x00000253e8d972c0
Event: 0.738 Thread 0x00000253a2eb07c0 Thread added: 0x00000253e941d400
Event: 0.744 Thread 0x00000253a2eb07c0 Thread added: 0x00000253e97d3d50
Event: 1.456 Thread 0x00000253e8d944d0 Thread added: 0x00000253e8d95f10
Event: 1.567 Thread 0x00000253e8d965a0 Thread added: 0x00000253e9b0b6b0
Event: 2.473 Thread 0x00000253e941d400 Thread exited: 0x00000253e941d400
Event: 2.473 Thread 0x00000253e97d3d50 Thread exited: 0x00000253e97d3d50
Event: 4.677 Thread 0x00000253e8d944d0 Thread added: 0x00000253e9b0b020
Event: 4.677 Thread 0x00000253e8d944d0 Thread added: 0x00000253e9b0d0f0
Event: 4.677 Thread 0x00000253e9b0b020 Thread exited: 0x00000253e9b0b020
Event: 4.677 Thread 0x00000253e9b0d0f0 Thread exited: 0x00000253e9b0d0f0
Event: 4.677 Thread 0x00000253e8d944d0 Before exit entered


Dynamic libraries:
0x00007ff790000000 - 0x00007ff79000e000 	C:\Users\Anwender\.jdks\openjdk-23.0.1\bin\java.exe
0x00007ffec3bf0000 - 0x00007ffec3de8000 	C:\WINDOWS\SYSTEM32\ntdll.dll
0x00007ffec3780000 - 0x00007ffec3842000 	C:\WINDOWS\System32\KERNEL32.DLL
0x00007ffec1720000 - 0x00007ffec1a1f000 	C:\WINDOWS\System32\KERNELBASE.dll
0x00007ffec1a20000 - 0x00007ffec1b20000 	C:\WINDOWS\System32\ucrtbase.dll
0x00007ffebd1c0000 - 0x00007ffebd1db000 	C:\Users\Anwender\.jdks\openjdk-23.0.1\bin\VCRUNTIME140.dll
0x00007ffea9da0000 - 0x00007ffea9db7000 	C:\Users\Anwender\.jdks\openjdk-23.0.1\bin\jli.dll
0x00007ffec3a10000 - 0x00007ffec3bad000 	C:\WINDOWS\System32\USER32.dll
0x00007ffec15a0000 - 0x00007ffec15c2000 	C:\WINDOWS\System32\win32u.dll
0x00007ffec2fc0000 - 0x00007ffec2feb000 	C:\WINDOWS\System32\GDI32.dll
0x00007ffead540000 - 0x00007ffead7da000 	C:\WINDOWS\WinSxS\amd64_microsoft.windows.common-controls_6595b64144ccf1df_6.0.19041.4355_none_60b8b9eb71f62e16\COMCTL32.dll
0x00007ffec1480000 - 0x00007ffec159a000 	C:\WINDOWS\System32\gdi32full.dll
0x00007ffec3900000 - 0x00007ffec399e000 	C:\WINDOWS\System32\msvcrt.dll
0x00007ffec15d0000 - 0x00007ffec166d000 	C:\WINDOWS\System32\msvcp_win.dll
0x00007ffec3620000 - 0x00007ffec364f000 	C:\WINDOWS\System32\IMM32.DLL
0x00007ffebb2d0000 - 0x00007ffebb2dc000 	C:\Users\Anwender\.jdks\openjdk-23.0.1\bin\vcruntime140_1.dll
0x00007ffe8a2f0000 - 0x00007ffe8a37e000 	C:\Users\Anwender\.jdks\openjdk-23.0.1\bin\msvcp140.dll
0x00007ffdf8bf0000 - 0x00007ffdf993f000 	C:\Users\Anwender\.jdks\openjdk-23.0.1\bin\server\jvm.dll
0x00007ffec3850000 - 0x00007ffec38ff000 	C:\WINDOWS\System32\ADVAPI32.dll
0x00007ffec3220000 - 0x00007ffec32bf000 	C:\WINDOWS\System32\sechost.dll
0x00007ffec3350000 - 0x00007ffec3473000 	C:\WINDOWS\System32\RPCRT4.dll
0x00007ffec1be0000 - 0x00007ffec1c07000 	C:\WINDOWS\System32\bcrypt.dll
0x00007ffec39a0000 - 0x00007ffec3a0b000 	C:\WINDOWS\System32\WS2_32.dll
0x00007ffec07d0000 - 0x00007ffec081b000 	C:\WINDOWS\SYSTEM32\POWRPROF.dll
0x00007ffeb6d90000 - 0x00007ffeb6db7000 	C:\WINDOWS\SYSTEM32\WINMM.dll
0x00007ffeb9830000 - 0x00007ffeb983a000 	C:\WINDOWS\SYSTEM32\VERSION.dll
0x00007ffec0690000 - 0x00007ffec06a2000 	C:\WINDOWS\SYSTEM32\UMPDC.dll
0x00007ffebf050000 - 0x00007ffebf062000 	C:\WINDOWS\SYSTEM32\kernel.appcore.dll
0x00007ffea9d90000 - 0x00007ffea9d9a000 	C:\Users\Anwender\.jdks\openjdk-23.0.1\bin\jimage.dll
0x00007ffeb9210000 - 0x00007ffeb93f4000 	C:\WINDOWS\SYSTEM32\DBGHELP.DLL
0x00007ffeb8ac0000 - 0x00007ffeb8af4000 	C:\WINDOWS\SYSTEM32\dbgcore.DLL
0x00007ffec1290000 - 0x00007ffec1312000 	C:\WINDOWS\System32\bcryptPrimitives.dll
0x00007ffebe850000 - 0x00007ffebe85f000 	C:\Users\Anwender\.jdks\openjdk-23.0.1\bin\instrument.dll
0x00007ffe9ccb0000 - 0x00007ffe9ccce000 	C:\Users\Anwender\.jdks\openjdk-23.0.1\bin\java.dll
0x00007ffec3650000 - 0x00007ffec377b000 	C:\WINDOWS\System32\ole32.dll
0x00007ffec2090000 - 0x00007ffec23e5000 	C:\WINDOWS\System32\combase.dll
0x00007ffec27a0000 - 0x00007ffec2f0d000 	C:\WINDOWS\System32\SHELL32.dll
0x00007ffebf330000 - 0x00007ffebfad4000 	C:\WINDOWS\SYSTEM32\windows.storage.dll
0x00007ffec0cc0000 - 0x00007ffec0cef000 	C:\WINDOWS\SYSTEM32\Wldp.dll
0x00007ffec2400000 - 0x00007ffec24cd000 	C:\WINDOWS\System32\OLEAUT32.dll
0x00007ffec3570000 - 0x00007ffec361d000 	C:\WINDOWS\System32\SHCORE.dll
0x00007ffec2530000 - 0x00007ffec2585000 	C:\WINDOWS\System32\shlwapi.dll
0x00007ffec11c0000 - 0x00007ffec11e4000 	C:\WINDOWS\SYSTEM32\profapi.dll
0x00007ffe01550000 - 0x00007ffe01627000 	C:\Users\Anwender\.jdks\openjdk-23.0.1\bin\jsvml.dll
0x00007ffe9e1c0000 - 0x00007ffe9e1d0000 	C:\Users\Anwender\.jdks\openjdk-23.0.1\bin\net.dll
0x00007ffec0a20000 - 0x00007ffec0a8c000 	C:\WINDOWS\system32\mswsock.dll
0x00007ffe9cc90000 - 0x00007ffe9cca6000 	C:\Users\Anwender\.jdks\openjdk-23.0.1\bin\nio.dll
0x00007ffe926f0000 - 0x00007ffe92707000 	C:\Users\Anwender\.jdks\openjdk-23.0.1\bin\zip.dll
0x00007ffebdf70000 - 0x00007ffebdf8a000 	C:\Program Files\JetBrains\IntelliJ IDEA 2024.2.4\bin\breakgen64.dll
0x00007ffe9cc80000 - 0x00007ffe9cc89000 	C:\Users\Anwender\.jdks\openjdk-23.0.1\bin\extnet.dll
0x00000253833d0000 - 0x00000253833d3000 	C:\Users\Anwender\Downloads\openjfx-23.0.1_windows-x64_bin-sdk\javafx-sdk-23.0.1\bin\api-ms-win-core-console-l1-1-0.dll
0x00000253833e0000 - 0x00000253833e3000 	C:\Users\Anwender\Downloads\openjfx-23.0.1_windows-x64_bin-sdk\javafx-sdk-23.0.1\bin\api-ms-win-core-console-l1-2-0.dll
0x00000253a2ec0000 - 0x00000253a2ec3000 	C:\Users\Anwender\Downloads\openjfx-23.0.1_windows-x64_bin-sdk\javafx-sdk-23.0.1\bin\api-ms-win-core-datetime-l1-1-0.dll
0x00000253a2ed0000 - 0x00000253a2ed3000 	C:\Users\Anwender\Downloads\openjfx-23.0.1_windows-x64_bin-sdk\javafx-sdk-23.0.1\bin\api-ms-win-core-debug-l1-1-0.dll
0x00000253a2ee0000 - 0x00000253a2ee3000 	C:\Users\Anwender\Downloads\openjfx-23.0.1_windows-x64_bin-sdk\javafx-sdk-23.0.1\bin\api-ms-win-core-errorhandling-l1-1-0.dll
0x00000253a2ef0000 - 0x00000253a2ef4000 	C:\Users\Anwender\Downloads\openjfx-23.0.1_windows-x64_bin-sdk\javafx-sdk-23.0.1\bin\api-ms-win-core-file-l1-1-0.dll
0x00000253a2f00000 - 0x00000253a2f03000 	C:\Users\Anwender\Downloads\openjfx-23.0.1_windows-x64_bin-sdk\javafx-sdk-23.0.1\bin\api-ms-win-core-file-l1-2-0.dll
0x00000253a2f10000 - 0x00000253a2f13000 	C:\Users\Anwender\Downloads\openjfx-23.0.1_windows-x64_bin-sdk\javafx-sdk-23.0.1\bin\api-ms-win-core-file-l2-1-0.dll
0x00000253a2f20000 - 0x00000253a2f23000 	C:\Users\Anwender\Downloads\openjfx-23.0.1_windows-x64_bin-sdk\javafx-sdk-23.0.1\bin\api-ms-win-core-handle-l1-1-0.dll
0x00000253a2f30000 - 0x00000253a2f33000 	C:\Users\Anwender\Downloads\openjfx-23.0.1_windows-x64_bin-sdk\javafx-sdk-23.0.1\bin\api-ms-win-core-heap-l1-1-0.dll
0x00000253a2f40000 - 0x00000253a2f43000 	C:\Users\Anwender\Downloads\openjfx-23.0.1_windows-x64_bin-sdk\javafx-sdk-23.0.1\bin\api-ms-win-core-interlocked-l1-1-0.dll
0x00000253a2f50000 - 0x00000253a2f53000 	C:\Users\Anwender\Downloads\openjfx-23.0.1_windows-x64_bin-sdk\javafx-sdk-23.0.1\bin\api-ms-win-core-libraryloader-l1-1-0.dll
0x00000253a2f60000 - 0x00000253a2f63000 	C:\Users\Anwender\Downloads\openjfx-23.0.1_windows-x64_bin-sdk\javafx-sdk-23.0.1\bin\api-ms-win-core-localization-l1-2-0.dll
0x00000253a2f70000 - 0x00000253a2f73000 	C:\Users\Anwender\Downloads\openjfx-23.0.1_windows-x64_bin-sdk\javafx-sdk-23.0.1\bin\api-ms-win-core-memory-l1-1-0.dll
0x00000253a2f80000 - 0x00000253a2f83000 	C:\Users\Anwender\Downloads\openjfx-23.0.1_windows-x64_bin-sdk\javafx-sdk-23.0.1\bin\api-ms-win-core-namedpipe-l1-1-0.dll
0x00000253a2f90000 - 0x00000253a2f93000 	C:\Users\Anwender\Downloads\openjfx-23.0.1_windows-x64_bin-sdk\javafx-sdk-23.0.1\bin\api-ms-win-core-processenvironment-l1-1-0.dll
0x00000253a2fa0000 - 0x00000253a2fa3000 	C:\Users\Anwender\Downloads\openjfx-23.0.1_windows-x64_bin-sdk\javafx-sdk-23.0.1\bin\api-ms-win-core-processthreads-l1-1-0.dll
0x00000253a2fb0000 - 0x00000253a2fb3000 	C:\Users\Anwender\Downloads\openjfx-23.0.1_windows-x64_bin-sdk\javafx-sdk-23.0.1\bin\api-ms-win-core-processthreads-l1-1-1.dll
0x00000253a2fc0000 - 0x00000253a2fc3000 	C:\Users\Anwender\Downloads\openjfx-23.0.1_windows-x64_bin-sdk\javafx-sdk-23.0.1\bin\api-ms-win-core-profile-l1-1-0.dll
0x00000253a2fd0000 - 0x00000253a2fd3000 	C:\Users\Anwender\Downloads\openjfx-23.0.1_windows-x64_bin-sdk\javafx-sdk-23.0.1\bin\api-ms-win-core-rtlsupport-l1-1-0.dll
0x00000253a2fe0000 - 0x00000253a2fe3000 	C:\Users\Anwender\Downloads\openjfx-23.0.1_windows-x64_bin-sdk\javafx-sdk-23.0.1\bin\api-ms-win-core-string-l1-1-0.dll
0x00000253a2ff0000 - 0x00000253a2ff3000 	C:\Users\Anwender\Downloads\openjfx-23.0.1_windows-x64_bin-sdk\javafx-sdk-23.0.1\bin\api-ms-win-core-synch-l1-1-0.dll
0x00000253e9bd0000 - 0x00000253e9bd3000 	C:\Users\Anwender\Downloads\openjfx-23.0.1_windows-x64_bin-sdk\javafx-sdk-23.0.1\bin\api-ms-win-core-synch-l1-2-0.dll
0x00000253e9be0000 - 0x00000253e9be3000 	C:\Users\Anwender\Downloads\openjfx-23.0.1_windows-x64_bin-sdk\javafx-sdk-23.0.1\bin\api-ms-win-core-sysinfo-l1-1-0.dll
0x00000253e9bf0000 - 0x00000253e9bf3000 	C:\Users\Anwender\Downloads\openjfx-23.0.1_windows-x64_bin-sdk\javafx-sdk-23.0.1\bin\api-ms-win-core-timezone-l1-1-0.dll
0x00000253e9c00000 - 0x00000253e9c03000 	C:\Users\Anwender\Downloads\openjfx-23.0.1_windows-x64_bin-sdk\javafx-sdk-23.0.1\bin\api-ms-win-core-util-l1-1-0.dll
0x00000253e9c10000 - 0x00000253e9c13000 	C:\Users\Anwender\Downloads\openjfx-23.0.1_windows-x64_bin-sdk\javafx-sdk-23.0.1\bin\api-ms-win-crt-conio-l1-1-0.dll
0x00000253e9c20000 - 0x00000253e9c24000 	C:\Users\Anwender\Downloads\openjfx-23.0.1_windows-x64_bin-sdk\javafx-sdk-23.0.1\bin\api-ms-win-crt-convert-l1-1-0.dll
0x00000253e9c30000 - 0x00000253e9c33000 	C:\Users\Anwender\Downloads\openjfx-23.0.1_windows-x64_bin-sdk\javafx-sdk-23.0.1\bin\api-ms-win-crt-environment-l1-1-0.dll
0x00000253e9c40000 - 0x00000253e9c43000 	C:\Users\Anwender\Downloads\openjfx-23.0.1_windows-x64_bin-sdk\javafx-sdk-23.0.1\bin\api-ms-win-crt-filesystem-l1-1-0.dll
0x00000253e9c50000 - 0x00000253e9c53000 	C:\Users\Anwender\Downloads\openjfx-23.0.1_windows-x64_bin-sdk\javafx-sdk-23.0.1\bin\api-ms-win-crt-heap-l1-1-0.dll
0x00000253e9c60000 - 0x00000253e9c63000 	C:\Users\Anwender\Downloads\openjfx-23.0.1_windows-x64_bin-sdk\javafx-sdk-23.0.1\bin\api-ms-win-crt-locale-l1-1-0.dll
0x00000253e9c70000 - 0x00000253e9c75000 	C:\Users\Anwender\Downloads\openjfx-23.0.1_windows-x64_bin-sdk\javafx-sdk-23.0.1\bin\api-ms-win-crt-math-l1-1-0.dll
0x00000253e9ec0000 - 0x00000253e9ec5000 	C:\Users\Anwender\Downloads\openjfx-23.0.1_windows-x64_bin-sdk\javafx-sdk-23.0.1\bin\api-ms-win-crt-multibyte-l1-1-0.dll
0x00000253e9ed0000 - 0x00000253e9ee0000 	C:\Users\Anwender\Downloads\openjfx-23.0.1_windows-x64_bin-sdk\javafx-sdk-23.0.1\bin\api-ms-win-crt-private-l1-1-0.dll
0x00000253e9ee0000 - 0x00000253e9ee3000 	C:\Users\Anwender\Downloads\openjfx-23.0.1_windows-x64_bin-sdk\javafx-sdk-23.0.1\bin\api-ms-win-crt-process-l1-1-0.dll
0x00000253e9ef0000 - 0x00000253e9ef4000 	C:\Users\Anwender\Downloads\openjfx-23.0.1_windows-x64_bin-sdk\javafx-sdk-23.0.1\bin\api-ms-win-crt-runtime-l1-1-0.dll
0x00000253e9f00000 - 0x00000253e9f04000 	C:\Users\Anwender\Downloads\openjfx-23.0.1_windows-x64_bin-sdk\javafx-sdk-23.0.1\bin\api-ms-win-crt-stdio-l1-1-0.dll
0x00000253e9f10000 - 0x00000253e9f14000 	C:\Users\Anwender\Downloads\openjfx-23.0.1_windows-x64_bin-sdk\javafx-sdk-23.0.1\bin\api-ms-win-crt-string-l1-1-0.dll
0x00000253e9f20000 - 0x00000253e9f23000 	C:\Users\Anwender\Downloads\openjfx-23.0.1_windows-x64_bin-sdk\javafx-sdk-23.0.1\bin\api-ms-win-crt-time-l1-1-0.dll
0x00000253e9f30000 - 0x00000253e9f33000 	C:\Users\Anwender\Downloads\openjfx-23.0.1_windows-x64_bin-sdk\javafx-sdk-23.0.1\bin\api-ms-win-crt-utility-l1-1-0.dll
0x00007ffe966f0000 - 0x00007ffe967ec000 	C:\Users\Anwender\Downloads\openjfx-23.0.1_windows-x64_bin-sdk\javafx-sdk-23.0.1\bin\ucrtbase.dll
0x00007ffeba800000 - 0x00007ffeba81b000 	C:\Users\Anwender\Downloads\openjfx-23.0.1_windows-x64_bin-sdk\javafx-sdk-23.0.1\bin\vcruntime140.dll
0x00007ffebd300000 - 0x00007ffebd30c000 	C:\Users\Anwender\Downloads\openjfx-23.0.1_windows-x64_bin-sdk\javafx-sdk-23.0.1\bin\vcruntime140_1.dll
0x00007ffe9c1d0000 - 0x00007ffe9c25e000 	C:\Users\Anwender\Downloads\openjfx-23.0.1_windows-x64_bin-sdk\javafx-sdk-23.0.1\bin\msvcp140.dll
0x00007ffebd1f0000 - 0x00007ffebd1f9000 	C:\Users\Anwender\Downloads\openjfx-23.0.1_windows-x64_bin-sdk\javafx-sdk-23.0.1\bin\msvcp140_1.dll
0x00007ffe9db60000 - 0x00007ffe9dba1000 	C:\Users\Anwender\Downloads\openjfx-23.0.1_windows-x64_bin-sdk\javafx-sdk-23.0.1\bin\msvcp140_2.dll
0x00007ffeba240000 - 0x00007ffeba270000 	C:\Users\Anwender\Downloads\openjfx-23.0.1_windows-x64_bin-sdk\javafx-sdk-23.0.1\bin\prism_d3d.dll
0x00007ffe9b410000 - 0x00007ffe9b5e1000 	C:\WINDOWS\system32\d3d9.dll
0x00007ffebf020000 - 0x00007ffebf04f000 	C:\WINDOWS\SYSTEM32\dwmapi.dll
0x00007ffebec40000 - 0x00007ffebecde000 	C:\WINDOWS\system32\uxtheme.dll
0x00007ffea7310000 - 0x00007ffea73d4000 	C:\WINDOWS\System32\DriverStore\FileRepository\nv_dispi.inf_amd64_adf5a840df867035\nvldumdx.dll
0x00007ffec0e50000 - 0x00007ffec0e62000 	C:\WINDOWS\SYSTEM32\msasn1.dll
0x00007ffeb97f0000 - 0x00007ffeb9821000 	C:\WINDOWS\SYSTEM32\cryptnet.dll
0x00007ffec1320000 - 0x00007ffec147c000 	C:\WINDOWS\System32\CRYPT32.dll
0x00007ffec0c30000 - 0x00007ffec0c3c000 	C:\WINDOWS\SYSTEM32\cryptbase.dll
0x00007ffeb9650000 - 0x00007ffeb9797000 	C:\WINDOWS\SYSTEM32\drvstore.dll
0x00007ffec1020000 - 0x00007ffec1053000 	C:\WINDOWS\SYSTEM32\devobj.dll
0x00007ffec1b90000 - 0x00007ffec1bde000 	C:\WINDOWS\System32\cfgmgr32.dll
0x00007ffec1b20000 - 0x00007ffec1b89000 	C:\WINDOWS\System32\wintrust.dll
0x00007ffec2ff0000 - 0x00007ffec300d000 	C:\WINDOWS\System32\imagehlp.dll
0x00007ffec0c10000 - 0x00007ffec0c28000 	C:\WINDOWS\SYSTEM32\CRYPTSP.dll
0x00007ffec02d0000 - 0x00007ffec0304000 	C:\WINDOWS\system32\rsaenh.dll
0x00007ffea45c0000 - 0x00007ffea72d0000 	C:\WINDOWS\System32\DriverStore\FileRepository\nv_dispi.inf_amd64_adf5a840df867035\nvgpucomp64.dll
0x00007ffdff720000 - 0x00007ffe014ac000 	C:\WINDOWS\System32\DriverStore\FileRepository\nv_dispi.inf_amd64_adf5a840df867035\nvd3dumx.dll
0x00007ffe9cc30000 - 0x00007ffe9cc75000 	C:\Users\Anwender\Downloads\openjfx-23.0.1_windows-x64_bin-sdk\javafx-sdk-23.0.1\bin\glass.dll
0x00007ffec3140000 - 0x00007ffec321a000 	C:\WINDOWS\System32\COMDLG32.dll
0x00007ffec3020000 - 0x00007ffec3135000 	C:\WINDOWS\System32\MSCTF.dll
0x00007ffe4e660000 - 0x00007ffe4e930000 	C:\WINDOWS\system32\nvspcap64.dll
0x00007ffec0520000 - 0x00007ffec0553000 	C:\WINDOWS\SYSTEM32\ntmarta.dll
0x00007ffebfaf0000 - 0x00007ffebfb13000 	C:\WINDOWS\SYSTEM32\gpapi.dll
0x00007ffe21e80000 - 0x00007ffe21fd5000 	C:\WINDOWS\System32\DriverStore\FileRepository\nv_dispi.inf_amd64_adf5a840df867035\nvppex.dll
0x00007ffea72d0000 - 0x00007ffea730b000 	C:\WINDOWS\SYSTEM32\dxcore.dll
0x00007ffec2f10000 - 0x00007ffec2fb9000 	C:\WINDOWS\System32\clbcatq.dll
0x00007ffea9910000 - 0x00007ffea9a4f000 	C:\Windows\System32\Windows.UI.dll
0x00007ffea9810000 - 0x00007ffea9909000 	C:\Windows\System32\TextInputFramework.dll
0x00007ffea96b0000 - 0x00007ffea9802000 	C:\Windows\System32\InputHost.dll
0x00007ffea9fe0000 - 0x00007ffeaa081000 	C:\Windows\System32\WindowManagementAPI.dll

dbghelp: loaded successfully - version: 4.0.5 - missing functions: none
symbol engine: initialized successfully - sym options: 0x614 - pdb path: .;C:\Users\Anwender\.jdks\openjdk-23.0.1\bin;C:\WINDOWS\SYSTEM32;C:\WINDOWS\WinSxS\amd64_microsoft.windows.common-controls_6595b64144ccf1df_6.0.19041.4355_none_60b8b9eb71f62e16;C:\Users\Anwender\.jdks\openjdk-23.0.1\bin\server;C:\Program Files\JetBrains\IntelliJ IDEA 2024.2.4\bin;C:\Users\Anwender\Downloads\openjfx-23.0.1_windows-x64_bin-sdk\javafx-sdk-23.0.1\bin;C:\WINDOWS\System32\DriverStore\FileRepository\nv_dispi.inf_amd64_adf5a840df867035;C:\Program Files\Common Files\Microsoft Shared\Ink

VM Arguments:
jvm_args: --module-path=C:\Users\Anwender\Downloads\openjfx-23.0.1_windows-x64_bin-sdk\javafx-sdk-23.0.1\lib --add-modules=javafx.controls,javafx.fxml --enable-preview -javaagent:C:\Program Files\JetBrains\IntelliJ IDEA 2024.2.4\lib\idea_rt.jar=13020:C:\Program Files\JetBrains\IntelliJ IDEA 2024.2.4\bin -Dfile.encoding=UTF-8 -Dsun.stdout.encoding=UTF-8 -Dsun.stderr.encoding=UTF-8 
java_command: Main
java_class_path (initial): C:\Users\Anwender\IdeaProjects\demo3\target\classes;C:\Users\Anwender\.m2\repository\org\openjfx\javafx-controls\17.0.6\javafx-controls-17.0.6.jar;C:\Users\Anwender\.m2\repository\org\openjfx\javafx-controls\17.0.6\javafx-controls-17.0.6-win.jar;C:\Users\Anwender\.m2\repository\org\openjfx\javafx-graphics\17.0.6\javafx-graphics-17.0.6.jar;C:\Users\Anwender\.m2\repository\org\openjfx\javafx-graphics\17.0.6\javafx-graphics-17.0.6-win.jar;C:\Users\Anwender\.m2\repository\org\openjfx\javafx-base\17.0.6\javafx-base-17.0.6.jar;C:\Users\Anwender\.m2\repository\org\openjfx\javafx-base\17.0.6\javafx-base-17.0.6-win.jar;C:\Users\Anwender\.m2\repository\org\openjfx\javafx-fxml\17.0.6\javafx-fxml-17.0.6.jar;C:\Users\Anwender\.m2\repository\org\openjfx\javafx-fxml\17.0.6\javafx-fxml-17.0.6-win.jar;C:\Users\Anwender\.m2\repository\com\itextpdf\itextpdf\5.5.13.2\itextpdf-5.5.13.2.jar;C:\Users\Anwender\Downloads\postgresql-42.7.4.jar
Launcher Type: SUN_STANDARD

[Global flags]
     intx CICompilerCount                          = 4                                         {product} {ergonomic}
     uint ConcGCThreads                            = 3                                         {product} {ergonomic}
     uint G1ConcRefinementThreads                  = 10                                        {product} {ergonomic}
   size_t G1HeapRegionSize                         = 2097152                                   {product} {ergonomic}
   size_t InitialHeapSize                          = 268435456                                 {product} {ergonomic}
   size_t MarkStackSize                            = 4194304                                   {product} {ergonomic}
   size_t MarkStackSizeMax                         = 536870912                                 {product} {ergonomic}
   size_t MaxHeapSize                              = 4278190080                                {product} {ergonomic}
   size_t MaxNewSize                               = 2566914048                                {product} {ergonomic}
   size_t MinHeapDeltaBytes                        = 2097152                                   {product} {ergonomic}
   size_t MinHeapSize                              = 8388608                                   {product} {ergonomic}
    uintx NonNMethodCodeHeapSize                   = 5832704                                {pd product} {ergonomic}
    uintx NonProfiledCodeHeapSize                  = 122945536                              {pd product} {ergonomic}
    uintx ProfiledCodeHeapSize                     = 122880000                              {pd product} {ergonomic}
    uintx ReservedCodeCacheSize                    = 251658240                              {pd product} {ergonomic}
     bool SegmentedCodeCache                       = true                                      {product} {ergonomic}
   size_t SoftMaxHeapSize                          = 4278190080                             {manageable} {ergonomic}
     bool UseCompressedOops                        = true                           {product lp64_product} {ergonomic}
     bool UseG1GC                                  = true                                      {product} {ergonomic}
     bool UseLargePagesIndividualAllocation        = false                                  {pd product} {ergonomic}

Logging:
Log output configuration:
 #0: stdout all=off uptime,level,tags foldmultilines=false
 #1: stderr all=off uptime,level,tags foldmultilines=false

Environment Variables:
CLASSPATH=C:\Users\Anwender\Downloads\openjfx-23.0.1_windows-x64_bin-sdk\javafx-sdk-23.0.1\bin
PATH=C:\Program Files\Common Files\Oracle\Java\javapath;C:\WINDOWS\system32;C:\WINDOWS;C:\WINDOWS\System32\Wbem;C:\WINDOWS\System32\WindowsPowerShell\v1.0\;C:\WINDOWS\System32\OpenSSH\;C:\Program Files\NVIDIA Corporation\NVIDIA NvDLISR;C:\Program Files (x86)\NVIDIA Corporation\PhysX\Common;C:\Program Files\dotnet\;C:\Users\Anwender\.jdks\openjdk-23.0.1\bin;C:\Users\Anwender\Downloads\openjfx-23.0.1_windows-x64_bin-sdk\javafx-sdk-23.0.1\bin;C:\Users\Anwender\AppData\Local\Programs\Python\Python312\Scripts\;C:\Users\Anwender\AppData\Local\Programs\Python\Python312\;C:\Users\Anwender\AppData\Local\Microsoft\WindowsApps;C:\Users\Anwender\AppData\Local\Programs\Microsoft VS Code\bin;C:\Users\Anwender\.jdks\openjdk-23.0.1\bin;
USERNAME=Anwender
OS=Windows_NT
PROCESSOR_IDENTIFIER=AMD64 Family 23 Model 113 Stepping 0, AuthenticAMD
TMP=C:\Users\Anwender\AppData\Local\Temp
TEMP=C:\Users\Anwender\AppData\Local\Temp




Periodic native trim disabled

---------------  S Y S T E M  ---------------

OS:
 Windows 10 , 64 bit Build 19041 (10.0.19041.5438)
OS uptime: 7 days 2:48 hours

CPU: total 12 (initial active 12) (12 cores per cpu, 2 threads per core) family 23 model 113 stepping 0 microcode 0x0, cx8, cmov, fxsr, ht, mmx, 3dnowpref, sse, sse2, sse3, ssse3, sse4a, sse4.1, sse4.2, popcnt, lzcnt, tsc, tscinvbit, avx, avx2, aes, clmul, bmi1, bmi2, adx, sha, fma, vzeroupper, clflush, clflushopt, rdtscp, rdpid, f16c
Processor Information for the first 12 processors :
  Max Mhz: 3593, Current Mhz: 3593, Mhz Limit: 3593

Memory: 4k page, system-wide physical 16313M (4910M free)
TotalPageFile size 21777M (AvailPageFile size 5638M)
current process WorkingSet (physical memory assigned to process): 164M, peak: 165M
current process commit charge ("private bytes"): 466M, peak: 469M

vm_info: OpenJDK 64-Bit Server VM (23.0.1+11-39) for windows-amd64 JRE (23.0.1+11-39), built on 2024-09-30T07:20:43Z with MS VC++ 17.6 (VS2022)

END.
