#
# A fatal error has been detected by the Java Runtime Environment:
#
#  EXCEPTION_ACCESS_VIOLATION (0xc0000005) at pc=0x00007ffc325b8427, pid=7516, tid=20120
#
# JRE version: OpenJDK Runtime Environment (23.0.1+11) (build 23.0.1+11-39)
# Java VM: OpenJDK 64-Bit Server VM (23.0.1+11-39, mixed mode, sharing, tiered, compressed oops, compressed class ptrs, g1 gc, windows-amd64)
# Problematic frame:
# C  [glass.dll+0x28427]
#
# No core dump will be written. Minidumps are not enabled by default on client versions of Windows
#
# If you would like to submit a bug report, please visit:
#   https://bugreport.java.com/bugreport/crash.jsp
#

---------------  S U M M A R Y ------------

Command Line: --module-path=C:\Users\Anwender\Downloads\openjfx-23.0.1_windows-x64_bin-sdk\javafx-sdk-23.0.1\lib --add-modules=javafx.controls,javafx.fxml --enable-preview -javaagent:C:\Program Files\JetBrains\IntelliJ IDEA 2024.2.4\lib\idea_rt.jar=29009:C:\Program Files\JetBrains\IntelliJ IDEA 2024.2.4\bin -Dfile.encoding=UTF-8 -Dsun.stdout.encoding=UTF-8 -Dsun.stderr.encoding=UTF-8 Main

Host: AMD Ryzen 5 3600 6-Core Processor              , 12 cores, 15G,  Windows 10 , 64 bit Build 19041 (10.0.19041.5678)
Time: Tue Apr 15 21:01:04 2025 Mitteleuropäische Sommerzeit elapsed time: 4.314276 seconds (0d 0h 0m 4s)

---------------  T H R E A D  ---------------

Current thread (0x000001ba7a536ce0):  VMThread "VM Thread"          [id=20120, stack(0x0000004ac5400000,0x0000004ac5500000) (1024K)]

Stack: [0x0000004ac5400000,0x0000004ac5500000],  sp=0x0000004ac54fede0,  free space=1019k
Native frames: (J=compiled Java code, j=interpreted, Vv=VM code, C=native code)
C  [glass.dll+0x28427]  (no source info available)
C  [ucrtbase.dll+0x142d6]  (no source info available)
C  [ucrtbase.dll+0x141fb]  (no source info available)
C  [ucrtbase.dll+0x141b4]  (no source info available)
C  [glass.dll+0x25bbd]  (no source info available)
C  [glass.dll+0x25ce2]  (no source info available)
C  [ntdll.dll+0x19a1d]  (no source info available)
C  [ntdll.dll+0x5f1ca]  (no source info available)
C  [ntdll.dll+0x5ef7d]  (no source info available)
C  [KERNEL32.DLL+0x1e3eb]  (no source info available)
C  [ucrtbase.dll+0x205bc]  (no source info available)
C  [ucrtbase.dll+0x2045f]  (no source info available)
V  [jvm.dll+0x6d990c]  (no source info available)
V  [jvm.dll+0x6d9440]  (no source info available)
V  [jvm.dll+0x3da534]  (no source info available)
V  [jvm.dll+0x886720]  (no source info available)
V  [jvm.dll+0x887a47]  (no source info available)
V  [jvm.dll+0x887f78]  (no source info available)
V  [jvm.dll+0x888213]  (no source info available)
V  [jvm.dll+0x824f8b]  (no source info available)
V  [jvm.dll+0x6df065]  (no source info available)
C  [ucrtbase.dll+0x21bb2]  (no source info available)
C  [KERNEL32.DLL+0x17374]  (no source info available)
C  [ntdll.dll+0x4cc91]  (no source info available)


siginfo: EXCEPTION_ACCESS_VIOLATION (0xc0000005), reading address 0x0000000000000000


Registers:
RAX=0x0000000000000000, RBX=0x000001ba7a53c45a, RCX=0x000001ba7a536ce0, RDX=0x0000004ac54fede0
RSP=0x0000004ac54fede0, RBP=0x000001ba5553b648, RSI=0x000001ba5553b620, RDI=0x00009ecdbd1704e4
R8 =0x0000000000010002, R9 =0x00009ecdbd1704e4, R10=0x0000000000008000, R11=0x0000004ac54fed70
R12=0x00007ffc325b5d30, R13=0x00007ffb405fb760, R14=0x0000004ac54feed8, R15=0x000001ba5553b620
RIP=0x00007ffc325b8427, EFLAGS=0x0000000000010206


Register to memory mapping:

RAX=0x0 is null
RBX=0x000001ba7a53c45a is a global jni handle
RCX=0x000001ba7a536ce0 points into unknown readable memory: 0x00007ffb403ff688 | 88 f6 3f 40 fb 7f 00 00
RDX=0x0000004ac54fede0 points into unknown readable memory: 0x0000000000000000 | 00 00 00 00 00 00 00 00
RSP=0x0000004ac54fede0 points into unknown readable memory: 0x0000000000000000 | 00 00 00 00 00 00 00 00
RBP=0x000001ba5553b648 points into unknown readable memory: 0x00009ecdbd1704e4 | e4 04 17 bd cd 9e 00 00
RSI=0x000001ba5553b620 points into unknown readable memory: 0x25b51a4dbd10fb27 | 27 fb 10 bd 4d 1a b5 25
RDI=0x00009ecdbd1704e4 is an unknown value
R8 =0x0000000000010002 is an unknown value
R9 =0x00009ecdbd1704e4 is an unknown value
R10=0x0000000000008000 is an unknown value
R11=0x0000004ac54fed70 points into unknown readable memory: 0x000001ba5553b620 | 20 b6 53 55 ba 01 00 00
R12=0x00007ffc325b5d30 glass.dll
R13=0x00007ffb405fb760 jvm.dll
R14=0x0000004ac54feed8 points into unknown readable memory: 0x0000004ac54feec0 | c0 ee 4f c5 4a 00 00 00
R15=0x000001ba5553b620 points into unknown readable memory: 0x25b51a4dbd10fb27 | 27 fb 10 bd 4d 1a b5 25

Top of Stack: (sp=0x0000004ac54fede0)
0x0000004ac54fede0:   0000000000000000 000001ba5553b620
0x0000004ac54fedf0:   00007ffb405fb760 00007ffc325b5d30
0x0000004ac54fee00:   000001ba5553b628 00007ffc576742d6
0x0000004ac54fee10:   00009ecdbd1704e4 000001ba00000000
0x0000004ac54fee20:   000001ba5553b648 000001ba5553b620
0x0000004ac54fee30:   fffffffffffffffe 0000000000000000
0x0000004ac54fee40:   0000000000000001 00007ffc32590000
0x0000004ac54fee50:   0000004ac54feec8 00007ffc576741fb
0x0000004ac54fee60:   0000000000000000 0000004ac54feed8
0x0000004ac54fee70:   0000004ac54ff1b0 00007ffc57750e40
0x0000004ac54fee80:   0000000000000001 00007ffc576741b4
0x0000004ac54fee90:   0000000000000000 0000000000000001
0x0000004ac54feea0:   000000007ffe0385 0000004ac54feec8
0x0000004ac54feeb0:   ffffffff00000001 00007ffc325b5bbd
0x0000004ac54feec0:   00007ffc325cd078 00007ffc00000002
0x0000004ac54feed0:   0000000000000002 0000004ac54feec0
0x0000004ac54feee0:   00007ffc56790000 00007ffc59e89993
0x0000004ac54feef0:   0000000000000000 00007ffc325b5ce2
0x0000004ac54fef00:   0000000000000001 0000000000000000
0x0000004ac54fef10:   000000000000003c 00007ffc57750e40
0x0000004ac54fef20:   00007ffbd2cf1094 0000000000000000
0x0000004ac54fef30:   0000000000000001 00007ffbd2cf083c
0x0000004ac54fef40:   00007ffc32590000 000000007ffe0384
0x0000004ac54fef50:   0000000000000000 00007ffc59e89a1d
0x0000004ac54fef60:   00007ffc32590000 0000000000000000
0x0000004ac54fef70:   0000000000000001 000000007ffe0385
0x0000004ac54fef80:   0000000000000000 00007ffc59ecf331
0x0000004ac54fef90:   00002a0b2422a400 0000000000000014
0x0000004ac54fefa0:   00007ffc325b5d30 0000000000000000
0x0000004ac54fefb0:   0000000000000000 0000004ac4881000
0x0000004ac54fefc0:   000001ba55835ff0 00007ffc59ecf1ca
0x0000004ac54fefd0:   000001ba55836360 00007ffc32590000 

Instructions: (pc=0x00007ffc325b8427)
0x00007ffc325b8327:   8b 4d 58 e8 49 cf ff ff 48 8b 4d 60 e8 40 cf ff
0x00007ffc325b8337:   ff 48 8b 95 80 00 00 00 48 8b 8d 18 01 00 00 e8
0x00007ffc325b8347:   26 c5 ff ff 33 d2 33 c9 e8 8c e1 ff ff 90 48 89
0x00007ffc325b8357:   54 24 10 55 48 83 ec 20 48 8b ea 48 b8 00 00 00
0x00007ffc325b8367:   00 00 00 00 00 48 83 c4 20 5d c3 cc 40 55 48 8b
0x00007ffc325b8377:   ea 48 8b 01 33 c9 81 38 05 00 00 c0 0f 94 c1 8b
0x00007ffc325b8387:   c1 5d c3 cc 40 55 48 83 ec 20 48 8b ea 8a 4d 40
0x00007ffc325b8397:   48 83 c4 20 5d e9 33 d3 ff ff cc 40 55 48 83 ec
0x00007ffc325b83a7:   20 48 8b ea 8a 4d 20 e8 21 d3 ff ff 90 48 83 c4
0x00007ffc325b83b7:   20 5d c3 cc 40 55 48 83 ec 20 48 8b ea 48 83 c4
0x00007ffc325b83c7:   20 5d e9 82 d1 ff ff cc 40 55 48 83 ec 30 48 8b
0x00007ffc325b83d7:   ea 48 8b 01 8b 10 48 89 4c 24 28 89 54 24 20 4c
0x00007ffc325b83e7:   8d 0d 23 d6 ff ff 4c 8b 45 70 8b 55 68 48 8b 4d
0x00007ffc325b83f7:   60 e8 c3 d0 ff ff 90 48 83 c4 30 5d c3 cc cc cc
0x00007ffc325b8407:   cc cc cc cc cc cc cc cc cc 40 53 48 83 ec 20 48
0x00007ffc325b8417:   8b 1d 1b 46 01 00 48 85 db 74 16 e8 59 90 ff ff
0x00007ffc325b8427:   4c 8b 00 48 8b d3 48 8b c8 41 ff 90 b0 00 00 00
0x00007ffc325b8437:   90 48 83 c4 20 5b c3 cc cc 40 53 48 83 ec 20 48
0x00007ffc325b8447:   8b 1d 5b 47 01 00 48 85 db 74 57 b8 ff ff ff ff
0x00007ffc325b8457:   f0 0f c1 43 10 83 f8 01 75 3d 48 85 db 74 38 48
0x00007ffc325b8467:   8b 0b 48 85 c9 74 0d ff 15 3c 0e 00 00 48 c7 03
0x00007ffc325b8477:   00 00 00 00 48 8b 4b 08 48 85 c9 74 0d e8 ef cd
0x00007ffc325b8487:   ff ff 48 c7 43 08 00 00 00 00 ba 18 00 00 00 48
0x00007ffc325b8497:   8b cb e8 da cd ff ff 48 c7 05 ff 46 01 00 00 00
0x00007ffc325b84a7:   00 00 48 83 c4 20 5b c3 cc 40 53 48 83 ec 20 48
0x00007ffc325b84b7:   8b 1d cb 46 01 00 48 85 db 74 57 b8 ff ff ff ff
0x00007ffc325b84c7:   f0 0f c1 43 10 83 f8 01 75 3d 48 85 db 74 38 48
0x00007ffc325b84d7:   8b 0b 48 85 c9 74 0d ff 15 cc 0d 00 00 48 c7 03
0x00007ffc325b84e7:   00 00 00 00 48 8b 4b 08 48 85 c9 74 0d e8 7f cd
0x00007ffc325b84f7:   ff ff 48 c7 43 08 00 00 00 00 ba 18 00 00 00 48
0x00007ffc325b8507:   8b cb e8 6a cd ff ff 48 c7 05 6f 46 01 00 00 00
0x00007ffc325b8517:   00 00 48 83 c4 20 5b c3 cc 40 53 48 83 ec 20 48 


Stack slot to memory mapping:

stack at sp + 0 slots: 0x0 is null
stack at sp + 1 slots: 0x000001ba5553b620 points into unknown readable memory: 0x25b51a4dbd10fb27 | 27 fb 10 bd 4d 1a b5 25
stack at sp + 2 slots: 0x00007ffb405fb760 jvm.dll
stack at sp + 3 slots: 0x00007ffc325b5d30 glass.dll
stack at sp + 4 slots: 0x000001ba5553b628 points into unknown readable memory: 0x00009ecdbd1704e4 | e4 04 17 bd cd 9e 00 00
stack at sp + 5 slots: 0x00007ffc576742d6 ucrtbase.dll
stack at sp + 6 slots: 0x00009ecdbd1704e4 is an unknown value
stack at sp + 7 slots: 0x000001ba00000000 points into unknown readable memory: 0x0000000100000006 | 06 00 00 00 01 00 00 00

VM_Operation (0x0000004ac65f9a90): Exit, mode: safepoint, requested by thread 0x000001ba5513c050


---------------  P R O C E S S  ---------------

Threads class SMR info:
_java_thread_list=0x000001ba5d0b4600, length=19, elements={
0x000001ba69b00f10, 0x000001ba7a5510e0, 0x000001ba7a552000, 0x000001ba7a553dd0,
0x000001ba7a556ac0, 0x000001ba7a557520, 0x000001ba7a557f80, 0x000001ba7a564220,
0x000001ba7a588d00, 0x000001ba54109d50, 0x000001ba54d047f0, 0x000001ba54d04e60,
0x000001ba54f04e40, 0x000001ba54cb7d60, 0x000001ba5513c050, 0x000001ba551d7f00,
0x000001ba551e24f0, 0x000001ba5528eba0, 0x000001ba5528f230
}

Java Threads: ( => current thread )
  0x000001ba69b00f10 JavaThread "main"                              [_thread_blocked, id=18676, stack(0x0000004ac4d00000,0x0000004ac4e00000) (1024K)]
  0x000001ba7a5510e0 JavaThread "Reference Handler"          daemon [_thread_blocked, id=19804, stack(0x0000004ac5500000,0x0000004ac5600000) (1024K)]
  0x000001ba7a552000 JavaThread "Finalizer"                  daemon [_thread_blocked, id=22708, stack(0x0000004ac5600000,0x0000004ac5700000) (1024K)]
  0x000001ba7a553dd0 JavaThread "Signal Dispatcher"          daemon [_thread_blocked, id=23000, stack(0x0000004ac5700000,0x0000004ac5800000) (1024K)]
  0x000001ba7a556ac0 JavaThread "Attach Listener"            daemon [_thread_blocked, id=17872, stack(0x0000004ac5800000,0x0000004ac5900000) (1024K)]
  0x000001ba7a557520 JavaThread "Service Thread"             daemon [_thread_blocked, id=20816, stack(0x0000004ac5900000,0x0000004ac5a00000) (1024K)]
  0x000001ba7a557f80 JavaThread "Monitor Deflation Thread"   daemon [_thread_blocked, id=23416, stack(0x0000004ac5a00000,0x0000004ac5b00000) (1024K)]
  0x000001ba7a564220 JavaThread "C2 CompilerThread0"         daemon [_thread_blocked, id=2988, stack(0x0000004ac5b00000,0x0000004ac5c00000) (1024K)]
  0x000001ba7a588d00 JavaThread "C1 CompilerThread0"         daemon [_thread_blocked, id=23520, stack(0x0000004ac5c00000,0x0000004ac5d00000) (1024K)]
  0x000001ba54109d50 JavaThread "Common-Cleaner"             daemon [_thread_blocked, id=23896, stack(0x0000004ac5d00000,0x0000004ac5e00000) (1024K)]
  0x000001ba54d047f0 JavaThread "Monitor Ctrl-Break"         daemon [_thread_in_native, id=23104, stack(0x0000004ac6000000,0x0000004ac6100000) (1024K)]
  0x000001ba54d04e60 JavaThread "Notification Thread"        daemon [_thread_blocked, id=21316, stack(0x0000004ac6100000,0x0000004ac6200000) (1024K)]
  0x000001ba54f04e40 JavaThread "QuantumRenderer-0"          daemon [_thread_blocked, id=20996, stack(0x0000004ac6200000,0x0000004ac6300000) (1024K)]
  0x000001ba54cb7d60 JavaThread "InvokeLaterDispatcher"      daemon [_thread_blocked, id=22956, stack(0x0000004ac6400000,0x0000004ac6500000) (1024K)]
  0x000001ba5513c050 JavaThread "JavaFX Application Thread"         [_thread_blocked, id=12696, stack(0x0000004ac6500000,0x0000004ac6600000) (1024K)]
  0x000001ba551d7f00 JavaThread "JavaFX-Launcher"                   [_thread_blocked, id=22224, stack(0x0000004ac5f00000,0x0000004ac6000000) (1024K)]
  0x000001ba551e24f0 JavaThread "Thread-2"                   daemon [_thread_in_native, id=12748, stack(0x0000004ac5e00000,0x0000004ac5f00000) (1024K)]
  0x000001ba5528eba0 JavaThread "Prism Font Disposer"        daemon [_thread_blocked, id=23608, stack(0x0000004ac7400000,0x0000004ac7500000) (1024K)]
  0x000001ba5528f230 JavaThread "Cleaner-0"                  daemon [_thread_blocked, id=18780, stack(0x0000004ac7500000,0x0000004ac7600000) (1024K)]
Total: 19

Other Threads:
=>0x000001ba7a536ce0 VMThread "VM Thread"                           [id=20120, stack(0x0000004ac5400000,0x0000004ac5500000) (1024K)]
  0x000001ba69b677c0 WorkerThread "GC Thread#0"                     [id=12832, stack(0x0000004ac4e00000,0x0000004ac4f00000) (1024K)]
  0x000001ba55207140 WorkerThread "GC Thread#1"                     [id=14428, stack(0x0000004ac6700000,0x0000004ac6800000) (1024K)]
  0x000001ba552074f0 WorkerThread "GC Thread#2"                     [id=15060, stack(0x0000004ac6800000,0x0000004ac6900000) (1024K)]
  0x000001ba552088d0 WorkerThread "GC Thread#3"                     [id=23904, stack(0x0000004ac6900000,0x0000004ac6a00000) (1024K)]
  0x000001ba55208c80 WorkerThread "GC Thread#4"                     [id=20372, stack(0x0000004ac6a00000,0x0000004ac6b00000) (1024K)]
  0x000001ba5520a400 WorkerThread "GC Thread#5"                     [id=10548, stack(0x0000004ac6b00000,0x0000004ac6c00000) (1024K)]
  0x000001ba5520af10 WorkerThread "GC Thread#6"                     [id=10104, stack(0x0000004ac6e00000,0x0000004ac6f00000) (1024K)]
  0x000001ba5520b670 WorkerThread "GC Thread#7"                     [id=24184, stack(0x0000004ac6f00000,0x0000004ac7000000) (1024K)]
  0x000001ba5520b2c0 WorkerThread "GC Thread#8"                     [id=8716, stack(0x0000004ac7000000,0x0000004ac7100000) (1024K)]
  0x000001ba69b7c880 ConcurrentGCThread "G1 Main Marker"            terminated
  0x000001ba69b7f150 WorkerThread "G1 Conc#0"                       [id=1296, stack(0x0000004ac5000000,0x0000004ac5100000) (1024K)]
  0x000001ba7a3e4980 ConcurrentGCThread "G1 Refine#0"               terminated
  0x000001ba7a3e5500 ConcurrentGCThread "G1 Service"                terminated
Total: 14

Threads with active compile tasks:
Total: 0

VM state: at safepoint (shutting down)

VM Mutex/Monitor currently owned by a thread:  ([mutex/lock_event])
[0x00007ffb405d3910] Threads_lock - owner thread: 0x000001ba7a536ce0
[0x00007ffb405d3a10] Heap_lock - owner thread: 0x000001ba5513c050

Heap address: 0x0000000701000000, size: 4080 MB, Compressed Oops mode: Zero based, Oop shift amount: 3

CDS archive(s) mapped at: [0x000001ba0f000000-0x000001ba0fd70000-0x000001ba0fd70000), size 14090240, SharedBaseAddress: 0x000001ba0f000000, ArchiveRelocationMode: 1.
Compressed class space mapped at: 0x000001ba10000000-0x000001ba50000000, reserved size: 1073741824
Narrow klass base: 0x000001ba0f000000, Narrow klass shift: 0, Narrow klass range: 0x41000000

GC Precious Log:
 CardTable entry size: 512
 Card Set container configuration: InlinePtr #cards 4 size 8 Array Of Cards #cards 16 size 48 Howl #buckets 8 coarsen threshold 3686 Howl Bitmap #cards 512 size 80 coarsen threshold 460 Card regions per heap region 1 cards per card region 4096
 CPUs: 12 total, 12 available
 Memory: 16313M
 Large Page Support: Disabled
 NUMA Support: Disabled
 Compressed Oops: Enabled (Zero based)
 Heap Region Size: 2M
 Heap Min Capacity: 8M
 Heap Initial Capacity: 256M
 Heap Max Capacity: 4080M
 Pre-touch: Disabled
 Parallel Workers: 10
 Concurrent Workers: 3
 Concurrent Refinement Workers: 10
 Periodic GC: Disabled

Heap:
 garbage-first heap   total reserved 4177920K, committed 262144K, used 46150K [0x0000000701000000, 0x0000000800000000)
  region size 2048K, 20 young (40960K), 2 survivors (4096K)
 Metaspace       used 15681K, committed 16064K, reserved 1114112K
  class space    used 2181K, committed 2368K, reserved 1048576K

Heap Regions: E=young(eden), S=young(survivor), O=old, HS=humongous(starts), HC=humongous(continues), CS=collection set, F=free, TAMS=top-at-mark-start, PB=parsable bottom
|   0|0x0000000701000000, 0x0000000701200000, 0x0000000701200000|100%| O|  |TAMS 0x0000000701000000| PB 0x0000000701000000| Untracked |  0
|   1|0x0000000701200000, 0x00000007013e2410, 0x0000000701400000| 94%| O|  |TAMS 0x0000000701200000| PB 0x0000000701200000| Untracked |  0
|   2|0x0000000701400000, 0x0000000701600000, 0x0000000701600000|100%|HS|  |TAMS 0x0000000701400000| PB 0x0000000701400000| Complete |  0
|   3|0x0000000701600000, 0x0000000701800000, 0x0000000701800000|100%|HS|  |TAMS 0x0000000701600000| PB 0x0000000701600000| Complete |  0
|   4|0x0000000701800000, 0x0000000701800000, 0x0000000701a00000|  0%| F|  |TAMS 0x0000000701800000| PB 0x0000000701800000| Untracked |  0
|   5|0x0000000701a00000, 0x0000000701a00000, 0x0000000701c00000|  0%| F|  |TAMS 0x0000000701a00000| PB 0x0000000701a00000| Untracked |  0
|   6|0x0000000701c00000, 0x0000000701c00000, 0x0000000701e00000|  0%| F|  |TAMS 0x0000000701c00000| PB 0x0000000701c00000| Untracked |  0
|   7|0x0000000701e00000, 0x0000000701e00000, 0x0000000702000000|  0%| F|  |TAMS 0x0000000701e00000| PB 0x0000000701e00000| Untracked |  0
|   8|0x0000000702000000, 0x0000000702000000, 0x0000000702200000|  0%| F|  |TAMS 0x0000000702000000| PB 0x0000000702000000| Untracked |  0
|   9|0x0000000702200000, 0x0000000702200000, 0x0000000702400000|  0%| F|  |TAMS 0x0000000702200000| PB 0x0000000702200000| Untracked |  0
|  10|0x0000000702400000, 0x0000000702400000, 0x0000000702600000|  0%| F|  |TAMS 0x0000000702400000| PB 0x0000000702400000| Untracked |  0
|  11|0x0000000702600000, 0x0000000702600000, 0x0000000702800000|  0%| F|  |TAMS 0x0000000702600000| PB 0x0000000702600000| Untracked |  0
|  12|0x0000000702800000, 0x0000000702800000, 0x0000000702a00000|  0%| F|  |TAMS 0x0000000702800000| PB 0x0000000702800000| Untracked |  0
|  13|0x0000000702a00000, 0x0000000702a00000, 0x0000000702c00000|  0%| F|  |TAMS 0x0000000702a00000| PB 0x0000000702a00000| Untracked |  0
|  14|0x0000000702c00000, 0x0000000702c00000, 0x0000000702e00000|  0%| F|  |TAMS 0x0000000702c00000| PB 0x0000000702c00000| Untracked |  0
|  15|0x0000000702e00000, 0x0000000702e00000, 0x0000000703000000|  0%| F|  |TAMS 0x0000000702e00000| PB 0x0000000702e00000| Untracked |  0
|  16|0x0000000703000000, 0x0000000703000000, 0x0000000703200000|  0%| F|  |TAMS 0x0000000703000000| PB 0x0000000703000000| Untracked |  0
|  17|0x0000000703200000, 0x0000000703200000, 0x0000000703400000|  0%| F|  |TAMS 0x0000000703200000| PB 0x0000000703200000| Untracked |  0
|  18|0x0000000703400000, 0x0000000703400000, 0x0000000703600000|  0%| F|  |TAMS 0x0000000703400000| PB 0x0000000703400000| Untracked |  0
|  19|0x0000000703600000, 0x0000000703600000, 0x0000000703800000|  0%| F|  |TAMS 0x0000000703600000| PB 0x0000000703600000| Untracked |  0
|  20|0x0000000703800000, 0x0000000703800000, 0x0000000703a00000|  0%| F|  |TAMS 0x0000000703800000| PB 0x0000000703800000| Untracked |  0
|  21|0x0000000703a00000, 0x0000000703a00000, 0x0000000703c00000|  0%| F|  |TAMS 0x0000000703a00000| PB 0x0000000703a00000| Untracked |  0
|  22|0x0000000703c00000, 0x0000000703c00000, 0x0000000703e00000|  0%| F|  |TAMS 0x0000000703c00000| PB 0x0000000703c00000| Untracked |  0
|  23|0x0000000703e00000, 0x0000000703e00000, 0x0000000704000000|  0%| F|  |TAMS 0x0000000703e00000| PB 0x0000000703e00000| Untracked |  0
|  24|0x0000000704000000, 0x0000000704000000, 0x0000000704200000|  0%| F|  |TAMS 0x0000000704000000| PB 0x0000000704000000| Untracked |  0
|  25|0x0000000704200000, 0x0000000704200000, 0x0000000704400000|  0%| F|  |TAMS 0x0000000704200000| PB 0x0000000704200000| Untracked |  0
|  26|0x0000000704400000, 0x0000000704400000, 0x0000000704600000|  0%| F|  |TAMS 0x0000000704400000| PB 0x0000000704400000| Untracked |  0
|  27|0x0000000704600000, 0x0000000704600000, 0x0000000704800000|  0%| F|  |TAMS 0x0000000704600000| PB 0x0000000704600000| Untracked |  0
|  28|0x0000000704800000, 0x0000000704800000, 0x0000000704a00000|  0%| F|  |TAMS 0x0000000704800000| PB 0x0000000704800000| Untracked |  0
|  29|0x0000000704a00000, 0x0000000704a00000, 0x0000000704c00000|  0%| F|  |TAMS 0x0000000704a00000| PB 0x0000000704a00000| Untracked |  0
|  30|0x0000000704c00000, 0x0000000704c00000, 0x0000000704e00000|  0%| F|  |TAMS 0x0000000704c00000| PB 0x0000000704c00000| Untracked |  0
|  31|0x0000000704e00000, 0x0000000704e00000, 0x0000000705000000|  0%| F|  |TAMS 0x0000000704e00000| PB 0x0000000704e00000| Untracked |  0
|  32|0x0000000705000000, 0x0000000705000000, 0x0000000705200000|  0%| F|  |TAMS 0x0000000705000000| PB 0x0000000705000000| Untracked |  0
|  33|0x0000000705200000, 0x0000000705200000, 0x0000000705400000|  0%| F|  |TAMS 0x0000000705200000| PB 0x0000000705200000| Untracked |  0
|  34|0x0000000705400000, 0x0000000705400000, 0x0000000705600000|  0%| F|  |TAMS 0x0000000705400000| PB 0x0000000705400000| Untracked |  0
|  35|0x0000000705600000, 0x0000000705600000, 0x0000000705800000|  0%| F|  |TAMS 0x0000000705600000| PB 0x0000000705600000| Untracked |  0
|  36|0x0000000705800000, 0x0000000705800000, 0x0000000705a00000|  0%| F|  |TAMS 0x0000000705800000| PB 0x0000000705800000| Untracked |  0
|  37|0x0000000705a00000, 0x0000000705a00000, 0x0000000705c00000|  0%| F|  |TAMS 0x0000000705a00000| PB 0x0000000705a00000| Untracked |  0
|  38|0x0000000705c00000, 0x0000000705c00000, 0x0000000705e00000|  0%| F|  |TAMS 0x0000000705c00000| PB 0x0000000705c00000| Untracked |  0
|  39|0x0000000705e00000, 0x0000000705e00000, 0x0000000706000000|  0%| F|  |TAMS 0x0000000705e00000| PB 0x0000000705e00000| Untracked |  0
|  40|0x0000000706000000, 0x0000000706000000, 0x0000000706200000|  0%| F|  |TAMS 0x0000000706000000| PB 0x0000000706000000| Untracked |  0
|  41|0x0000000706200000, 0x0000000706200000, 0x0000000706400000|  0%| F|  |TAMS 0x0000000706200000| PB 0x0000000706200000| Untracked |  0
|  42|0x0000000706400000, 0x0000000706400000, 0x0000000706600000|  0%| F|  |TAMS 0x0000000706400000| PB 0x0000000706400000| Untracked |  0
|  43|0x0000000706600000, 0x0000000706600000, 0x0000000706800000|  0%| F|  |TAMS 0x0000000706600000| PB 0x0000000706600000| Untracked |  0
|  44|0x0000000706800000, 0x0000000706800000, 0x0000000706a00000|  0%| F|  |TAMS 0x0000000706800000| PB 0x0000000706800000| Untracked |  0
|  45|0x0000000706a00000, 0x0000000706a00000, 0x0000000706c00000|  0%| F|  |TAMS 0x0000000706a00000| PB 0x0000000706a00000| Untracked |  0
|  46|0x0000000706c00000, 0x0000000706c00000, 0x0000000706e00000|  0%| F|  |TAMS 0x0000000706c00000| PB 0x0000000706c00000| Untracked |  0
|  47|0x0000000706e00000, 0x0000000706e00000, 0x0000000707000000|  0%| F|  |TAMS 0x0000000706e00000| PB 0x0000000706e00000| Untracked |  0
|  48|0x0000000707000000, 0x0000000707000000, 0x0000000707200000|  0%| F|  |TAMS 0x0000000707000000| PB 0x0000000707000000| Untracked |  0
|  49|0x0000000707200000, 0x0000000707200000, 0x0000000707400000|  0%| F|  |TAMS 0x0000000707200000| PB 0x0000000707200000| Untracked |  0
|  50|0x0000000707400000, 0x0000000707400000, 0x0000000707600000|  0%| F|  |TAMS 0x0000000707400000| PB 0x0000000707400000| Untracked |  0
|  51|0x0000000707600000, 0x0000000707600000, 0x0000000707800000|  0%| F|  |TAMS 0x0000000707600000| PB 0x0000000707600000| Untracked |  0
|  52|0x0000000707800000, 0x0000000707800000, 0x0000000707a00000|  0%| F|  |TAMS 0x0000000707800000| PB 0x0000000707800000| Untracked |  0
|  53|0x0000000707a00000, 0x0000000707a00000, 0x0000000707c00000|  0%| F|  |TAMS 0x0000000707a00000| PB 0x0000000707a00000| Untracked |  0
|  54|0x0000000707c00000, 0x0000000707c00000, 0x0000000707e00000|  0%| F|  |TAMS 0x0000000707c00000| PB 0x0000000707c00000| Untracked |  0
|  55|0x0000000707e00000, 0x0000000707e00000, 0x0000000708000000|  0%| F|  |TAMS 0x0000000707e00000| PB 0x0000000707e00000| Untracked |  0
|  56|0x0000000708000000, 0x0000000708000000, 0x0000000708200000|  0%| F|  |TAMS 0x0000000708000000| PB 0x0000000708000000| Untracked |  0
|  57|0x0000000708200000, 0x0000000708200000, 0x0000000708400000|  0%| F|  |TAMS 0x0000000708200000| PB 0x0000000708200000| Untracked |  0
|  58|0x0000000708400000, 0x0000000708400000, 0x0000000708600000|  0%| F|  |TAMS 0x0000000708400000| PB 0x0000000708400000| Untracked |  0
|  59|0x0000000708600000, 0x0000000708600000, 0x0000000708800000|  0%| F|  |TAMS 0x0000000708600000| PB 0x0000000708600000| Untracked |  0
|  60|0x0000000708800000, 0x0000000708800000, 0x0000000708a00000|  0%| F|  |TAMS 0x0000000708800000| PB 0x0000000708800000| Untracked |  0
|  61|0x0000000708a00000, 0x0000000708a00000, 0x0000000708c00000|  0%| F|  |TAMS 0x0000000708a00000| PB 0x0000000708a00000| Untracked |  0
|  62|0x0000000708c00000, 0x0000000708c00000, 0x0000000708e00000|  0%| F|  |TAMS 0x0000000708c00000| PB 0x0000000708c00000| Untracked |  0
|  63|0x0000000708e00000, 0x0000000708e00000, 0x0000000709000000|  0%| F|  |TAMS 0x0000000708e00000| PB 0x0000000708e00000| Untracked |  0
|  64|0x0000000709000000, 0x0000000709000000, 0x0000000709200000|  0%| F|  |TAMS 0x0000000709000000| PB 0x0000000709000000| Untracked |  0
|  65|0x0000000709200000, 0x0000000709200000, 0x0000000709400000|  0%| F|  |TAMS 0x0000000709200000| PB 0x0000000709200000| Untracked |  0
|  66|0x0000000709400000, 0x0000000709400000, 0x0000000709600000|  0%| F|  |TAMS 0x0000000709400000| PB 0x0000000709400000| Untracked |  0
|  67|0x0000000709600000, 0x0000000709600000, 0x0000000709800000|  0%| F|  |TAMS 0x0000000709600000| PB 0x0000000709600000| Untracked |  0
|  68|0x0000000709800000, 0x0000000709800000, 0x0000000709a00000|  0%| F|  |TAMS 0x0000000709800000| PB 0x0000000709800000| Untracked |  0
|  69|0x0000000709a00000, 0x0000000709a00000, 0x0000000709c00000|  0%| F|  |TAMS 0x0000000709a00000| PB 0x0000000709a00000| Untracked |  0
|  70|0x0000000709c00000, 0x0000000709c00000, 0x0000000709e00000|  0%| F|  |TAMS 0x0000000709c00000| PB 0x0000000709c00000| Untracked |  0
|  71|0x0000000709e00000, 0x0000000709e00000, 0x000000070a000000|  0%| F|  |TAMS 0x0000000709e00000| PB 0x0000000709e00000| Untracked |  0
|  72|0x000000070a000000, 0x000000070a000000, 0x000000070a200000|  0%| F|  |TAMS 0x000000070a000000| PB 0x000000070a000000| Untracked |  0
|  73|0x000000070a200000, 0x000000070a200000, 0x000000070a400000|  0%| F|  |TAMS 0x000000070a200000| PB 0x000000070a200000| Untracked |  0
|  74|0x000000070a400000, 0x000000070a400000, 0x000000070a600000|  0%| F|  |TAMS 0x000000070a400000| PB 0x000000070a400000| Untracked |  0
|  75|0x000000070a600000, 0x000000070a600000, 0x000000070a800000|  0%| F|  |TAMS 0x000000070a600000| PB 0x000000070a600000| Untracked |  0
|  76|0x000000070a800000, 0x000000070a800000, 0x000000070aa00000|  0%| F|  |TAMS 0x000000070a800000| PB 0x000000070a800000| Untracked |  0
|  77|0x000000070aa00000, 0x000000070aa00000, 0x000000070ac00000|  0%| F|  |TAMS 0x000000070aa00000| PB 0x000000070aa00000| Untracked |  0
|  78|0x000000070ac00000, 0x000000070ac00000, 0x000000070ae00000|  0%| F|  |TAMS 0x000000070ac00000| PB 0x000000070ac00000| Untracked |  0
|  79|0x000000070ae00000, 0x000000070ae00000, 0x000000070b000000|  0%| F|  |TAMS 0x000000070ae00000| PB 0x000000070ae00000| Untracked |  0
|  80|0x000000070b000000, 0x000000070b000000, 0x000000070b200000|  0%| F|  |TAMS 0x000000070b000000| PB 0x000000070b000000| Untracked |  0
|  81|0x000000070b200000, 0x000000070b200000, 0x000000070b400000|  0%| F|  |TAMS 0x000000070b200000| PB 0x000000070b200000| Untracked |  0
|  82|0x000000070b400000, 0x000000070b400000, 0x000000070b600000|  0%| F|  |TAMS 0x000000070b400000| PB 0x000000070b400000| Untracked |  0
|  83|0x000000070b600000, 0x000000070b600000, 0x000000070b800000|  0%| F|  |TAMS 0x000000070b600000| PB 0x000000070b600000| Untracked |  0
|  84|0x000000070b800000, 0x000000070b800000, 0x000000070ba00000|  0%| F|  |TAMS 0x000000070b800000| PB 0x000000070b800000| Untracked |  0
|  85|0x000000070ba00000, 0x000000070ba00000, 0x000000070bc00000|  0%| F|  |TAMS 0x000000070ba00000| PB 0x000000070ba00000| Untracked |  0
|  86|0x000000070bc00000, 0x000000070bc00000, 0x000000070be00000|  0%| F|  |TAMS 0x000000070bc00000| PB 0x000000070bc00000| Untracked |  0
|  87|0x000000070be00000, 0x000000070be00000, 0x000000070c000000|  0%| F|  |TAMS 0x000000070be00000| PB 0x000000070be00000| Untracked |  0
|  88|0x000000070c000000, 0x000000070c000000, 0x000000070c200000|  0%| F|  |TAMS 0x000000070c000000| PB 0x000000070c000000| Untracked |  0
|  89|0x000000070c200000, 0x000000070c200000, 0x000000070c400000|  0%| F|  |TAMS 0x000000070c200000| PB 0x000000070c200000| Untracked |  0
|  90|0x000000070c400000, 0x000000070c400000, 0x000000070c600000|  0%| F|  |TAMS 0x000000070c400000| PB 0x000000070c400000| Untracked |  0
|  91|0x000000070c600000, 0x000000070c600000, 0x000000070c800000|  0%| F|  |TAMS 0x000000070c600000| PB 0x000000070c600000| Untracked |  0
|  92|0x000000070c800000, 0x000000070c800000, 0x000000070ca00000|  0%| F|  |TAMS 0x000000070c800000| PB 0x000000070c800000| Untracked |  0
|  93|0x000000070ca00000, 0x000000070ca00000, 0x000000070cc00000|  0%| F|  |TAMS 0x000000070ca00000| PB 0x000000070ca00000| Untracked |  0
|  94|0x000000070cc00000, 0x000000070cc00000, 0x000000070ce00000|  0%| F|  |TAMS 0x000000070cc00000| PB 0x000000070cc00000| Untracked |  0
|  95|0x000000070ce00000, 0x000000070ce00000, 0x000000070d000000|  0%| F|  |TAMS 0x000000070ce00000| PB 0x000000070ce00000| Untracked |  0
|  96|0x000000070d000000, 0x000000070d000000, 0x000000070d200000|  0%| F|  |TAMS 0x000000070d000000| PB 0x000000070d000000| Untracked |  0
|  97|0x000000070d200000, 0x000000070d200000, 0x000000070d400000|  0%| F|  |TAMS 0x000000070d200000| PB 0x000000070d200000| Untracked |  0
|  98|0x000000070d400000, 0x000000070d400000, 0x000000070d600000|  0%| F|  |TAMS 0x000000070d400000| PB 0x000000070d400000| Untracked |  0
|  99|0x000000070d600000, 0x000000070d600000, 0x000000070d800000|  0%| F|  |TAMS 0x000000070d600000| PB 0x000000070d600000| Untracked |  0
| 100|0x000000070d800000, 0x000000070d800000, 0x000000070da00000|  0%| F|  |TAMS 0x000000070d800000| PB 0x000000070d800000| Untracked |  0
| 101|0x000000070da00000, 0x000000070da00000, 0x000000070dc00000|  0%| F|  |TAMS 0x000000070da00000| PB 0x000000070da00000| Untracked |  0
| 102|0x000000070dc00000, 0x000000070dc00000, 0x000000070de00000|  0%| F|  |TAMS 0x000000070dc00000| PB 0x000000070dc00000| Untracked |  0
| 103|0x000000070de00000, 0x000000070de00000, 0x000000070e000000|  0%| F|  |TAMS 0x000000070de00000| PB 0x000000070de00000| Untracked |  0
| 104|0x000000070e000000, 0x000000070e000000, 0x000000070e200000|  0%| F|  |TAMS 0x000000070e000000| PB 0x000000070e000000| Untracked |  0
| 105|0x000000070e200000, 0x000000070e200000, 0x000000070e400000|  0%| F|  |TAMS 0x000000070e200000| PB 0x000000070e200000| Untracked |  0
| 106|0x000000070e400000, 0x000000070e400000, 0x000000070e600000|  0%| F|  |TAMS 0x000000070e400000| PB 0x000000070e400000| Untracked |  0
| 107|0x000000070e600000, 0x000000070e600000, 0x000000070e800000|  0%| F|  |TAMS 0x000000070e600000| PB 0x000000070e600000| Untracked |  0
| 108|0x000000070e800000, 0x000000070e8c9e20, 0x000000070ea00000| 39%| E|  |TAMS 0x000000070e800000| PB 0x000000070e800000| Complete |  0
| 109|0x000000070ea00000, 0x000000070ec00000, 0x000000070ec00000|100%| E|CS|TAMS 0x000000070ea00000| PB 0x000000070ea00000| Complete |  0
| 110|0x000000070ec00000, 0x000000070ee00000, 0x000000070ee00000|100%| E|CS|TAMS 0x000000070ec00000| PB 0x000000070ec00000| Complete |  0
| 111|0x000000070ee00000, 0x000000070f000000, 0x000000070f000000|100%| E|CS|TAMS 0x000000070ee00000| PB 0x000000070ee00000| Complete |  0
| 112|0x000000070f000000, 0x000000070f200000, 0x000000070f200000|100%| E|CS|TAMS 0x000000070f000000| PB 0x000000070f000000| Complete |  0
| 113|0x000000070f200000, 0x000000070f32f780, 0x000000070f400000| 59%| S|CS|TAMS 0x000000070f200000| PB 0x000000070f200000| Complete |  0
| 114|0x000000070f400000, 0x000000070f600000, 0x000000070f600000|100%| E|CS|TAMS 0x000000070f400000| PB 0x000000070f400000| Complete |  0
| 115|0x000000070f600000, 0x000000070f800000, 0x000000070f800000|100%| E|CS|TAMS 0x000000070f600000| PB 0x000000070f600000| Complete |  0
| 116|0x000000070f800000, 0x000000070fa00000, 0x000000070fa00000|100%| S|CS|TAMS 0x000000070f800000| PB 0x000000070f800000| Complete |  0
| 117|0x000000070fa00000, 0x000000070fc00000, 0x000000070fc00000|100%| E|CS|TAMS 0x000000070fa00000| PB 0x000000070fa00000| Complete |  0
| 118|0x000000070fc00000, 0x000000070fe00000, 0x000000070fe00000|100%| E|CS|TAMS 0x000000070fc00000| PB 0x000000070fc00000| Complete |  0
| 119|0x000000070fe00000, 0x0000000710000000, 0x0000000710000000|100%| E|CS|TAMS 0x000000070fe00000| PB 0x000000070fe00000| Complete |  0
| 120|0x0000000710000000, 0x0000000710200000, 0x0000000710200000|100%| E|CS|TAMS 0x0000000710000000| PB 0x0000000710000000| Complete |  0
| 121|0x0000000710200000, 0x0000000710400000, 0x0000000710400000|100%| E|CS|TAMS 0x0000000710200000| PB 0x0000000710200000| Complete |  0
| 122|0x0000000710400000, 0x0000000710600000, 0x0000000710600000|100%| E|CS|TAMS 0x0000000710400000| PB 0x0000000710400000| Complete |  0
| 123|0x0000000710600000, 0x0000000710800000, 0x0000000710800000|100%| E|CS|TAMS 0x0000000710600000| PB 0x0000000710600000| Complete |  0
| 124|0x0000000710800000, 0x0000000710a00000, 0x0000000710a00000|100%| E|CS|TAMS 0x0000000710800000| PB 0x0000000710800000| Complete |  0
| 125|0x0000000710a00000, 0x0000000710c00000, 0x0000000710c00000|100%| E|CS|TAMS 0x0000000710a00000| PB 0x0000000710a00000| Complete |  0
| 126|0x0000000710c00000, 0x0000000710e00000, 0x0000000710e00000|100%| E|CS|TAMS 0x0000000710c00000| PB 0x0000000710c00000| Complete |  0
| 127|0x0000000710e00000, 0x0000000711000000, 0x0000000711000000|100%| E|CS|TAMS 0x0000000710e00000| PB 0x0000000710e00000| Complete |  0

Card table byte_map: [0x000001ba730a0000,0x000001ba738a0000] _byte_map_base: 0x000001ba6f898000

Marking Bits: (CMBitMap*) 0x000001ba69b67ed0
 Bits: [0x000001ba738a0000, 0x000001ba77860000)

Polling page: 0x000001ba67960000

Metaspace:

Usage:
  Non-class:     13.18 MB used.
      Class:      2.13 MB used.
       Both:     15.31 MB used.

Virtual space:
  Non-class space:       64.00 MB reserved,      13.38 MB ( 21%) committed,  1 nodes.
      Class space:        1.00 GB reserved,       2.31 MB ( <1%) committed,  1 nodes.
             Both:        1.06 GB reserved,      15.69 MB (  1%) committed. 

Chunk freelists:
   Non-Class:  2.65 MB
       Class:  13.53 MB
        Both:  16.19 MB

MaxMetaspaceSize: unlimited
CompressedClassSpaceSize: 1.00 GB
Initial GC threshold: 21.00 MB
Current GC threshold: 21.00 MB
CDS: on
 - commit_granule_bytes: 65536.
 - commit_granule_words: 8192.
 - virtual_space_node_default_size: 8388608.
 - enlarge_chunks_in_place: 1.
 - use_allocation_guard: 0.


Internal statistics:

num_allocs_failed_limit: 0.
num_arena_births: 380.
num_arena_deaths: 0.
num_vsnodes_births: 2.
num_vsnodes_deaths: 0.
num_space_committed: 251.
num_space_uncommitted: 0.
num_chunks_returned_to_freelist: 0.
num_chunks_taken_from_freelist: 859.
num_chunk_merges: 0.
num_chunk_splits: 577.
num_chunks_enlarged: 407.
num_inconsistent_stats: 0.

CodeHeap 'non-profiled nmethods': size=120064Kb used=1150Kb max_used=1150Kb free=118913Kb
 bounds [0x000001ba07ac0000, 0x000001ba07d30000, 0x000001ba0f000000]
CodeHeap 'profiled nmethods': size=120000Kb used=4378Kb max_used=4378Kb free=115621Kb
 bounds [0x000001ba00000000, 0x000001ba00450000, 0x000001ba07530000]
CodeHeap 'non-nmethods': size=5696Kb used=1772Kb max_used=1802Kb free=3923Kb
 bounds [0x000001ba07530000, 0x000001ba077a0000, 0x000001ba07ac0000]
CodeCache: size=245760Kb, used=7300Kb, max_used=7330Kb, free=238457Kb
 total_blobs=3900, nmethods=3083, adapters=721, full_count=0
Compilation: enabled, stopped_count=0, restarted_count=0

Compilation events (20 events):
Event: 3.986 Thread 0x000001ba7a564220 nmethod 3079 0x000001ba07bdef88 code [0x000001ba07bdf0a0, 0x000001ba07bdf288]
Event: 3.987 Thread 0x000001ba7a588d00 nmethod 3074 0x000001ba0043fb08 code [0x000001ba004400e0, 0x000001ba00443470]
Event: 3.987 Thread 0x000001ba7a588d00 3075   !   3       java.lang.invoke.MethodHandles$Lookup::revealDirect (196 bytes)
Event: 3.988 Thread 0x000001ba7a588d00 nmethod 3075 0x000001ba00443608 code [0x000001ba004438e0, 0x000001ba00444b90]
Event: 3.988 Thread 0x000001ba7a588d00 3076       3       java.lang.invoke.InfoFromMemberName::<init> (72 bytes)
Event: 3.988 Thread 0x000001ba7a588d00 nmethod 3076 0x000001ba00444c88 code [0x000001ba00444da0, 0x000001ba00444f90]
Event: 3.988 Thread 0x000001ba7a588d00 3077       3       java.lang.invoke.InfoFromMemberName::getName (8 bytes)
Event: 3.988 Thread 0x000001ba7a588d00 nmethod 3077 0x000001ba00445008 code [0x000001ba00445160, 0x000001ba00445518]
Event: 3.988 Thread 0x000001ba7a588d00 3078       3       java.lang.invoke.InfoFromMemberName::getMethodType (8 bytes)
Event: 3.988 Thread 0x000001ba7a588d00 nmethod 3078 0x000001ba00445588 code [0x000001ba004456a0, 0x000001ba004457e8]
Event: 3.988 Thread 0x000001ba7a588d00 3081       3       com.sun.javafx.css.PseudoClassState::contains (6 bytes)
Event: 3.988 Thread 0x000001ba7a588d00 nmethod 3081 0x000001ba00445888 code [0x000001ba004459a0, 0x000001ba00445ae0]
Event: 3.988 Thread 0x000001ba7a588d00 3082       3       com.sun.javafx.css.BitSet::contains (77 bytes)
Event: 3.989 Thread 0x000001ba7a588d00 nmethod 3082 0x000001ba00445b88 code [0x000001ba00445d20, 0x000001ba00446410]
Event: 3.989 Thread 0x000001ba7a588d00 3080       1       java.util.concurrent.atomic.AtomicInteger::get (5 bytes)
Event: 3.989 Thread 0x000001ba7a588d00 nmethod 3080 0x000001ba07bdf308 code [0x000001ba07bdf420, 0x000001ba07bdf4e8]
Event: 3.990 Thread 0x000001ba7a564220 3083       4       java.util.concurrent.locks.ReentrantLock::lock (8 bytes)
Event: 3.991 Thread 0x000001ba7a588d00 3084       3       java.util.WeakHashMap$HashIterator::<init> (41 bytes)
Event: 3.991 Thread 0x000001ba7a588d00 nmethod 3084 0x000001ba00446488 code [0x000001ba004465e0, 0x000001ba00446a98]
Event: 3.992 Thread 0x000001ba7a564220 nmethod 3083 0x000001ba07bdf608 code [0x000001ba07bdf740, 0x000001ba07bdf9e8]

GC Heap History (4 events):
Event: 0.548 GC heap before
{Heap before GC invocations=0 (full 0):
 garbage-first heap   total reserved 4177920K, committed 262144K, used 22528K [0x0000000701000000, 0x0000000800000000)
  region size 2048K, 12 young (24576K), 0 survivors (0K)
 Metaspace       used 4666K, committed 4864K, reserved 1114112K
  class space    used 544K, committed 640K, reserved 1048576K
}
Event: 0.551 GC heap after
{Heap after GC invocations=1 (full 0):
 garbage-first heap   total reserved 4177920K, committed 262144K, used 4109K [0x0000000701000000, 0x0000000800000000)
  region size 2048K, 2 young (4096K), 2 survivors (4096K)
 Metaspace       used 4666K, committed 4864K, reserved 1114112K
  class space    used 544K, committed 640K, reserved 1048576K
}
Event: 0.852 GC heap before
{Heap before GC invocations=1 (full 0):
 garbage-first heap   total reserved 4177920K, committed 262144K, used 26637K [0x0000000701000000, 0x0000000800000000)
  region size 2048K, 13 young (26624K), 2 survivors (4096K)
 Metaspace       used 8722K, committed 8896K, reserved 1114112K
  class space    used 1129K, committed 1216K, reserved 1048576K
}
Event: 0.855 GC heap after
{Heap after GC invocations=2 (full 0):
 garbage-first heap   total reserved 4177920K, committed 262144K, used 7238K [0x0000000701000000, 0x0000000800000000)
  region size 2048K, 2 young (4096K), 2 survivors (4096K)
 Metaspace       used 8722K, committed 8896K, reserved 1114112K
  class space    used 1129K, committed 1216K, reserved 1048576K
}

Dll operation events (20 events):
Event: 0.244 Loaded shared library C:\Users\Anwender\Downloads\openjfx-23.0.1_windows-x64_bin-sdk\javafx-sdk-23.0.1\bin\api-ms-win-crt-math-l1-1-0.dll
Event: 0.245 Loaded shared library C:\Users\Anwender\Downloads\openjfx-23.0.1_windows-x64_bin-sdk\javafx-sdk-23.0.1\bin\api-ms-win-crt-multibyte-l1-1-0.dll
Event: 0.246 Loaded shared library C:\Users\Anwender\Downloads\openjfx-23.0.1_windows-x64_bin-sdk\javafx-sdk-23.0.1\bin\api-ms-win-crt-private-l1-1-0.dll
Event: 0.247 Loaded shared library C:\Users\Anwender\Downloads\openjfx-23.0.1_windows-x64_bin-sdk\javafx-sdk-23.0.1\bin\api-ms-win-crt-process-l1-1-0.dll
Event: 0.248 Loaded shared library C:\Users\Anwender\Downloads\openjfx-23.0.1_windows-x64_bin-sdk\javafx-sdk-23.0.1\bin\api-ms-win-crt-runtime-l1-1-0.dll
Event: 0.249 Loaded shared library C:\Users\Anwender\Downloads\openjfx-23.0.1_windows-x64_bin-sdk\javafx-sdk-23.0.1\bin\api-ms-win-crt-stdio-l1-1-0.dll
Event: 0.250 Loaded shared library C:\Users\Anwender\Downloads\openjfx-23.0.1_windows-x64_bin-sdk\javafx-sdk-23.0.1\bin\api-ms-win-crt-string-l1-1-0.dll
Event: 0.251 Loaded shared library C:\Users\Anwender\Downloads\openjfx-23.0.1_windows-x64_bin-sdk\javafx-sdk-23.0.1\bin\api-ms-win-crt-time-l1-1-0.dll
Event: 0.253 Loaded shared library C:\Users\Anwender\Downloads\openjfx-23.0.1_windows-x64_bin-sdk\javafx-sdk-23.0.1\bin\api-ms-win-crt-utility-l1-1-0.dll
Event: 0.254 Loaded shared library C:\Users\Anwender\Downloads\openjfx-23.0.1_windows-x64_bin-sdk\javafx-sdk-23.0.1\bin\ucrtbase.dll
Event: 0.255 Loaded shared library C:\Users\Anwender\Downloads\openjfx-23.0.1_windows-x64_bin-sdk\javafx-sdk-23.0.1\bin\vcruntime140.dll
Event: 0.256 Loaded shared library C:\Users\Anwender\Downloads\openjfx-23.0.1_windows-x64_bin-sdk\javafx-sdk-23.0.1\bin\vcruntime140_1.dll
Event: 0.258 Loaded shared library C:\Users\Anwender\Downloads\openjfx-23.0.1_windows-x64_bin-sdk\javafx-sdk-23.0.1\bin\msvcp140.dll
Event: 0.258 Loaded shared library C:\Users\Anwender\Downloads\openjfx-23.0.1_windows-x64_bin-sdk\javafx-sdk-23.0.1\bin\msvcp140_1.dll
Event: 0.259 Loaded shared library C:\Users\Anwender\Downloads\openjfx-23.0.1_windows-x64_bin-sdk\javafx-sdk-23.0.1\bin\msvcp140_2.dll
Event: 0.286 Loaded shared library C:\Users\Anwender\Downloads\openjfx-23.0.1_windows-x64_bin-sdk\javafx-sdk-23.0.1\bin\prism_d3d.dll
Event: 0.364 Loaded shared library C:\Users\Anwender\Downloads\openjfx-23.0.1_windows-x64_bin-sdk\javafx-sdk-23.0.1\bin\glass.dll
Event: 0.517 Loaded shared library C:\Users\Anwender\.jdks\openjdk-23.0.1\bin\jimage.dll
Event: 0.817 Loaded shared library C:\Users\Anwender\Downloads\openjfx-23.0.1_windows-x64_bin-sdk\javafx-sdk-23.0.1\bin\javafx_iio.dll
Event: 0.861 Loaded shared library C:\Users\Anwender\Downloads\openjfx-23.0.1_windows-x64_bin-sdk\javafx-sdk-23.0.1\bin\javafx_font.dll

Deoptimization events (20 events):
Event: 2.899 Thread 0x000001ba5513c050 DEOPT PACKING pc=0x000001ba0027b9fb sp=0x0000004ac65fbcc0
Event: 2.899 Thread 0x000001ba5513c050 DEOPT UNPACKING pc=0x000001ba07584b22 sp=0x0000004ac65fb1a8 mode 0
Event: 2.900 Thread 0x000001ba5513c050 DEOPT PACKING pc=0x000001ba0027b9fb sp=0x0000004ac65fbd30
Event: 2.900 Thread 0x000001ba5513c050 DEOPT UNPACKING pc=0x000001ba07584b22 sp=0x0000004ac65fb218 mode 0
Event: 2.900 Thread 0x000001ba5513c050 DEOPT PACKING pc=0x000001ba0027b9fb sp=0x0000004ac65fba50
Event: 2.900 Thread 0x000001ba5513c050 DEOPT UNPACKING pc=0x000001ba07584b22 sp=0x0000004ac65faf38 mode 0
Event: 2.902 Thread 0x000001ba5513c050 DEOPT PACKING pc=0x000001ba0027b9fb sp=0x0000004ac65fba90
Event: 2.902 Thread 0x000001ba5513c050 DEOPT UNPACKING pc=0x000001ba07584b22 sp=0x0000004ac65faf78 mode 0
Event: 2.902 Thread 0x000001ba5513c050 DEOPT PACKING pc=0x000001ba0027b9fb sp=0x0000004ac65fbc30
Event: 2.902 Thread 0x000001ba5513c050 DEOPT UNPACKING pc=0x000001ba07584b22 sp=0x0000004ac65fb118 mode 0
Event: 2.907 Thread 0x000001ba5513c050 Uncommon trap: trap_request=0xffffff45 fr.pc=0x000001ba07bb5458 relative=0x0000000000000058
Event: 2.907 Thread 0x000001ba5513c050 Uncommon trap: reason=unstable_if action=reinterpret pc=0x000001ba07bb5458 method=javafx.scene.Node.updateLocalToParentTransform()V @ 4 c2
Event: 2.907 Thread 0x000001ba5513c050 DEOPT PACKING pc=0x000001ba07bb5458 sp=0x0000004ac65fbf40
Event: 2.907 Thread 0x000001ba5513c050 DEOPT UNPACKING pc=0x000001ba07584402 sp=0x0000004ac65fbe98 mode 2
Event: 2.940 Thread 0x000001ba54f04e40 DEOPT PACKING pc=0x000001ba003cfdba sp=0x0000004ac62fd490
Event: 2.940 Thread 0x000001ba54f04e40 DEOPT UNPACKING pc=0x000001ba07584b22 sp=0x0000004ac62fc8e0 mode 0
Event: 2.940 Thread 0x000001ba54f04e40 Uncommon trap: trap_request=0xffffff6e fr.pc=0x000001ba07bc2bf4 relative=0x0000000000002fb4
Event: 2.940 Thread 0x000001ba54f04e40 Uncommon trap: reason=loop_limit_check action=maybe_recompile pc=0x000001ba07bc2bf4 method=com.sun.marlin.Renderer._endRendering(IILcom/sun/marlin/MarlinAlphaConsumer;)V @ 1035 c2
Event: 2.940 Thread 0x000001ba54f04e40 DEOPT PACKING pc=0x000001ba07bc2bf4 sp=0x0000004ac62fd4c0
Event: 2.940 Thread 0x000001ba54f04e40 DEOPT UNPACKING pc=0x000001ba07584402 sp=0x0000004ac62fd3e0 mode 2

Classes loaded (20 events):
Event: 1.264 Loading class java/util/concurrent/ConcurrentLinkedQueue
Event: 1.264 Loading class java/util/concurrent/ConcurrentLinkedQueue done
Event: 1.264 Loading class java/util/concurrent/ConcurrentLinkedQueue$Node
Event: 1.264 Loading class java/util/concurrent/ConcurrentLinkedQueue$Node done
Event: 1.266 Loading class jdk/internal/ref/CleanerImpl$InnocuousThreadFactory
Event: 1.266 Loading class jdk/internal/ref/CleanerImpl$InnocuousThreadFactory done
Event: 1.270 Loading class sun/misc/Unsafe
Event: 1.270 Loading class sun/misc/Unsafe done
Event: 1.270 Loading class sun/misc/Unsafe$MemoryAccessOption
Event: 1.270 Loading class sun/misc/Unsafe$MemoryAccessOption done
Event: 1.270 Loading class java/lang/invoke/DirectMethodHandle$StaticAccessor
Event: 1.270 Loading class java/lang/invoke/DirectMethodHandle$StaticAccessor done
Event: 1.286 Loading class java/nio/ShortBuffer
Event: 1.286 Loading class java/nio/ShortBuffer done
Event: 1.286 Loading class java/nio/DoubleBuffer
Event: 1.286 Loading class java/nio/DoubleBuffer done
Event: 1.286 Loading class java/nio/DirectFloatBufferU
Event: 1.286 Loading class java/nio/DirectFloatBufferU done
Event: 2.784 Loading class java/io/UnsupportedEncodingException
Event: 2.784 Loading class java/io/UnsupportedEncodingException done

Classes unloaded (0 events):
No events

Classes redefined (0 events):
No events

Internal exceptions (20 events):
Event: 0.980 Thread 0x000001ba5513c050 Exception <a 'java/lang/NoSuchMethodError'{0x00000007106ea7c0}: 'java.lang.Object java.lang.invoke.DelegatingMethodHandle$Holder.reinvoke_L(java.lang.Object, double, double, double, double)'> (0x00000007106ea7c0) 
thrown [s\open\src\hotspot\share\interpreter\linkResolver.cpp, line 796]
Event: 0.981 Thread 0x000001ba5513c050 Exception <a 'java/lang/NoSuchMethodError'{0x00000007106f55a8}: 'java.lang.Object java.lang.invoke.DirectMethodHandle$Holder.invokeStatic(java.lang.Object, java.lang.Object, int)'> (0x00000007106f55a8) 
thrown [s\open\src\hotspot\share\interpreter\linkResolver.cpp, line 796]
Event: 0.981 Thread 0x000001ba5513c050 Exception <a 'java/lang/NoSuchMethodError'{0x00000007106f9238}: 'void java.lang.invoke.DirectMethodHandle$Holder.invokeStatic(java.lang.Object, java.lang.Object, int, java.lang.Object)'> (0x00000007106f9238) 
thrown [s\open\src\hotspot\share\interpreter\linkResolver.cpp, line 796]
Event: 0.981 Thread 0x000001ba5513c050 Exception <a 'java/lang/NoSuchMethodError'{0x00000007107000e8}: 'void java.lang.invoke.DelegatingMethodHandle$Holder.delegate(java.lang.Object, java.lang.Object, int, java.lang.Object)'> (0x00000007107000e8) 
thrown [s\open\src\hotspot\share\interpreter\linkResolver.cpp, line 796]
Event: 0.987 Thread 0x000001ba5513c050 Exception <a 'java/lang/NoSuchMethodError'{0x000000071074e230}: 'java.lang.Object java.lang.invoke.DirectMethodHandle$Holder.newInvokeSpecial(java.lang.Object, double)'> (0x000000071074e230) 
thrown [s\open\src\hotspot\share\interpreter\linkResolver.cpp, line 796]
Event: 1.061 Thread 0x000001ba5513c050 Implicit null exception at 0x000001ba07ae8556 to 0x000001ba07ae85fa
Event: 1.068 Thread 0x000001ba5513c050 Exception <a 'java/io/FileNotFoundException'{0x00000007101e8698}> (0x00000007101e8698) 
thrown [s\open\src\hotspot\share\prims\jni.cpp, line 520]
Event: 1.171 Thread 0x000001ba5513c050 Exception <a 'java/lang/NoSuchMethodError'{0x000000070f747a48}: 'java.lang.Object java.lang.invoke.DirectMethodHandle$Holder.invokeInterface(java.lang.Object, java.lang.Object, java.lang.Object)'> (0x000000070f747a48) 
thrown [s\open\src\hotspot\share\interpreter\linkResolver.cpp, line 796]
Event: 1.171 Thread 0x000001ba5513c050 Exception <a 'java/lang/IncompatibleClassChangeError'{0x000000070f74b370}: Found class java.lang.Object, but interface was expected> (0x000000070f74b370) 
thrown [s\open\src\hotspot\share\interpreter\linkResolver.cpp, line 863]
Event: 1.200 Thread 0x000001ba5513c050 Exception <a 'java/lang/NoSuchMethodError'{0x000000070f4f0d30}: 'int java.lang.invoke.DirectMethodHandle$Holder.invokeSpecial(java.lang.Object, java.lang.Object, int)'> (0x000000070f4f0d30) 
thrown [s\open\src\hotspot\share\interpreter\linkResolver.cpp, line 796]
Event: 1.215 Thread 0x000001ba5513c050 Exception <a 'java/lang/NoSuchMethodError'{0x000000070f5ca7c8}: 'java.lang.Object java.lang.invoke.DirectMethodHandle$Holder.newInvokeSpecial(java.lang.Object, java.lang.Object, int)'> (0x000000070f5ca7c8) 
thrown [s\open\src\hotspot\share\interpreter\linkResolver.cpp, line 796]
Event: 1.242 Thread 0x000001ba54f04e40 Exception <a 'java/lang/NoSuchMethodError'{0x000000070f0abf88}: 'int java.lang.invoke.DirectMethodHandle$Holder.invokeStaticInit(java.lang.Object, java.lang.Object)'> (0x000000070f0abf88) 
thrown [s\open\src\hotspot\share\interpreter\linkResolver.cpp, line 796]
Event: 2.802 Thread 0x000001ba5513c050 Exception <a 'java/lang/NoSuchMethodError'{0x000000070ea87490}: 'long java.lang.invoke.DirectMethodHandle$Holder.invokeStatic(java.lang.Object, java.lang.Object, java.lang.Object)'> (0x000000070ea87490) 
thrown [s\open\src\hotspot\share\interpreter\linkResolver.cpp, line 796]
Event: 2.802 Thread 0x000001ba5513c050 Exception <a 'java/lang/NoSuchMethodError'{0x000000070ea8a8a8}: 'long java.lang.invoke.DirectMethodHandle$Holder.invokeStaticInit(java.lang.Object, java.lang.Object, java.lang.Object)'> (0x000000070ea8a8a8) 
thrown [s\open\src\hotspot\share\interpreter\linkResolver.cpp, line 796]
Event: 2.804 Thread 0x000001ba5513c050 Exception <a 'java/lang/NoSuchMethodError'{0x000000070ea9f6d8}: 'java.lang.Object java.lang.invoke.DirectMethodHandle$Holder.newInvokeSpecial(java.lang.Object, java.lang.Object, long)'> (0x000000070ea9f6d8) 
thrown [s\open\src\hotspot\share\interpreter\linkResolver.cpp, line 796]
Event: 2.804 Thread 0x000001ba5513c050 Exception <a 'java/lang/NoSuchMethodError'{0x000000070eaa3028}: 'java.lang.Object java.lang.invoke.Invokers$Holder.linkToTargetMethod(java.lang.Object, long, java.lang.Object)'> (0x000000070eaa3028) 
thrown [s\open\src\hotspot\share\interpreter\linkResolver.cpp, line 796]
Event: 2.919 Thread 0x000001ba5513c050 Exception <a 'java/lang/NoSuchMethodError'{0x000000070eb86220}: 'void java.lang.invoke.DirectMethodHandle$Holder.invokeVirtual(java.lang.Object, java.lang.Object)'> (0x000000070eb86220) 
thrown [s\open\src\hotspot\share\interpreter\linkResolver.cpp, line 796]
Event: 3.598 Thread 0x000001ba5513c050 Exception <a 'java/lang/NoSuchMethodError'{0x000000070ebf5490}: 'java.lang.Object java.lang.invoke.DirectMethodHandle$Holder.newInvokeSpecial(java.lang.Object, java.lang.Object, int, int, int, int, int, java.lang.Object)'> (0x000000070ebf5490) 
thrown [s\open\src\hotspot\share\interpreter\linkResolver.cpp, line 796]
Event: 3.599 Thread 0x000001ba5513c050 Exception <a 'java/lang/NoSuchMethodError'{0x000000070e807cb0}: 'java.lang.Object java.lang.invoke.DirectMethodHandle$Holder.newInvokeSpecial(java.lang.Object, java.lang.Object, java.lang.Object, int, int, int, int, int)'> (0x000000070e807cb0) 
thrown [s\open\src\hotspot\share\interpreter\linkResolver.cpp, line 796]
Event: 3.599 Thread 0x000001ba5513c050 Exception <a 'java/lang/NoSuchMethodError'{0x000000070e80f640}: 'java.lang.Object java.lang.invoke.Invokers$Holder.linkToTargetMethod(java.lang.Object, java.lang.Object, int, int, int, int, int, java.lang.Object)'> (0x000000070e80f640) 
thrown [s\open\src\hotspot\share\interpreter\linkResolver.cpp, line 796]

VM Operations (20 events):
Event: 0.855 Executing VM operation: G1CollectForAllocation (G1 Evacuation Pause) done
Event: 0.864 Executing VM operation: HandshakeAllThreads (Deoptimize)
Event: 0.864 Executing VM operation: HandshakeAllThreads (Deoptimize) done
Event: 0.864 Executing VM operation: HandshakeAllThreads (Deoptimize)
Event: 0.864 Executing VM operation: HandshakeAllThreads (Deoptimize) done
Event: 0.979 Executing VM operation: HandshakeAllThreads (Deoptimize)
Event: 0.979 Executing VM operation: HandshakeAllThreads (Deoptimize) done
Event: 0.980 Executing VM operation: HandshakeAllThreads (Deoptimize)
Event: 0.980 Executing VM operation: HandshakeAllThreads (Deoptimize) done
Event: 1.087 Executing VM operation: HandshakeAllThreads (Deoptimize)
Event: 1.087 Executing VM operation: HandshakeAllThreads (Deoptimize) done
Event: 1.159 Executing VM operation: HandshakeAllThreads (Deoptimize)
Event: 1.159 Executing VM operation: HandshakeAllThreads (Deoptimize) done
Event: 1.160 Executing VM operation: HandshakeAllThreads (Deoptimize)
Event: 1.160 Executing VM operation: HandshakeAllThreads (Deoptimize) done
Event: 1.171 Executing VM operation: HandshakeAllThreads (Deoptimize)
Event: 1.171 Executing VM operation: HandshakeAllThreads (Deoptimize) done
Event: 1.201 Executing VM operation: HandshakeAllThreads (Deoptimize)
Event: 1.201 Executing VM operation: HandshakeAllThreads (Deoptimize) done
Event: 3.994 Executing VM operation: Exit

Memory protections (0 events):
No events

Nmethod flushes (0 events):
No events

Events (20 events):
Event: 0.159 Thread 0x000001ba69b00f10 Thread added: 0x000001ba54d047f0
Event: 0.159 Thread 0x000001ba69b00f10 Thread added: 0x000001ba54d04e60
Event: 0.281 Thread 0x000001ba69b00f10 Thread added: 0x000001ba54f04e40
Event: 0.365 Thread 0x000001ba69b00f10 Thread added: 0x000001ba54cb7d60
Event: 0.367 Thread 0x000001ba69b00f10 Thread added: 0x000001ba5513c050
Event: 0.468 Thread 0x000001ba541257d0 Thread exited: 0x000001ba541257d0
Event: 0.483 Thread 0x000001ba54234460 Thread exited: 0x000001ba54234460
Event: 0.501 Thread 0x000001ba69b00f10 Thread added: 0x000001ba551d7f00
Event: 0.513 Thread 0x000001ba551e24f0 Thread added: 0x000001ba551e24f0
Event: 0.552 Thread 0x000001ba7a588d00 Thread added: 0x000001ba558f5490
Event: 0.559 Thread 0x000001ba7a588d00 Thread added: 0x000001ba558f5b60
Event: 1.166 Thread 0x000001ba5513c050 Thread added: 0x000001ba5528eba0
Event: 1.266 Thread 0x000001ba54f04e40 Thread added: 0x000001ba5528f230
Event: 1.946 Thread 0x000001ba558f5b60 Thread exited: 0x000001ba558f5b60
Event: 1.946 Thread 0x000001ba558f5490 Thread exited: 0x000001ba558f5490
Event: 3.992 Thread 0x000001ba5513c050 Thread added: 0x000001ba552905e0
Event: 3.992 Thread 0x000001ba5513c050 Thread added: 0x000001ba5528de80
Event: 3.993 Thread 0x000001ba5528de80 Thread exited: 0x000001ba5528de80
Event: 3.994 Thread 0x000001ba552905e0 Thread exited: 0x000001ba552905e0
Event: 3.994 Thread 0x000001ba5513c050 Before exit entered


Dynamic libraries:
0x00007ff7d15d0000 - 0x00007ff7d15de000 	C:\Users\Anwender\.jdks\openjdk-23.0.1\bin\java.exe
0x00007ffc59e70000 - 0x00007ffc5a068000 	C:\WINDOWS\SYSTEM32\ntdll.dll
0x00007ffc57e90000 - 0x00007ffc57f52000 	C:\WINDOWS\System32\KERNEL32.DLL
0x00007ffc57930000 - 0x00007ffc57c26000 	C:\WINDOWS\System32\KERNELBASE.dll
0x00007ffc57660000 - 0x00007ffc57760000 	C:\WINDOWS\System32\ucrtbase.dll
0x00007ffc53e70000 - 0x00007ffc53e8b000 	C:\Users\Anwender\.jdks\openjdk-23.0.1\bin\VCRUNTIME140.dll
0x00007ffc53e50000 - 0x00007ffc53e67000 	C:\Users\Anwender\.jdks\openjdk-23.0.1\bin\jli.dll
0x00007ffc584d0000 - 0x00007ffc5866d000 	C:\WINDOWS\System32\USER32.dll
0x00007ffc57500000 - 0x00007ffc57522000 	C:\WINDOWS\System32\win32u.dll
0x00007ffc401a0000 - 0x00007ffc4043a000 	C:\WINDOWS\WinSxS\amd64_microsoft.windows.common-controls_6595b64144ccf1df_6.0.19041.4355_none_60b8b9eb71f62e16\COMCTL32.dll
0x00007ffc57f60000 - 0x00007ffc57f8b000 	C:\WINDOWS\System32\GDI32.dll
0x00007ffc58750000 - 0x00007ffc587ee000 	C:\WINDOWS\System32\msvcrt.dll
0x00007ffc57760000 - 0x00007ffc5787a000 	C:\WINDOWS\System32\gdi32full.dll
0x00007ffc575c0000 - 0x00007ffc5765d000 	C:\WINDOWS\System32\msvcp_win.dll
0x00007ffc59e00000 - 0x00007ffc59e2f000 	C:\WINDOWS\System32\IMM32.DLL
0x00007ffc53ee0000 - 0x00007ffc53eec000 	C:\Users\Anwender\.jdks\openjdk-23.0.1\bin\vcruntime140_1.dll
0x00007ffc3fa70000 - 0x00007ffc3fafe000 	C:\Users\Anwender\.jdks\openjdk-23.0.1\bin\msvcp140.dll
0x00007ffb3f960000 - 0x00007ffb406af000 	C:\Users\Anwender\.jdks\openjdk-23.0.1\bin\server\jvm.dll
0x00007ffc58850000 - 0x00007ffc588ff000 	C:\WINDOWS\System32\ADVAPI32.dll
0x00007ffc58fc0000 - 0x00007ffc5905f000 	C:\WINDOWS\System32\sechost.dll
0x00007ffc59c40000 - 0x00007ffc59d63000 	C:\WINDOWS\System32\RPCRT4.dll
0x00007ffc57cb0000 - 0x00007ffc57cd7000 	C:\WINDOWS\System32\bcrypt.dll
0x00007ffc58ad0000 - 0x00007ffc58b3b000 	C:\WINDOWS\System32\WS2_32.dll
0x00007ffc56a40000 - 0x00007ffc56a8b000 	C:\WINDOWS\SYSTEM32\POWRPROF.dll
0x00007ffc4f5f0000 - 0x00007ffc4f5fa000 	C:\WINDOWS\SYSTEM32\VERSION.dll
0x00007ffc4c830000 - 0x00007ffc4c857000 	C:\WINDOWS\SYSTEM32\WINMM.dll
0x00007ffc56900000 - 0x00007ffc56912000 	C:\WINDOWS\SYSTEM32\UMPDC.dll
0x00007ffc553a0000 - 0x00007ffc553b2000 	C:\WINDOWS\SYSTEM32\kernel.appcore.dll
0x00007ffc53e40000 - 0x00007ffc53e4a000 	C:\Users\Anwender\.jdks\openjdk-23.0.1\bin\jimage.dll
0x00007ffc4b6e0000 - 0x00007ffc4b8c4000 	C:\WINDOWS\SYSTEM32\DBGHELP.DLL
0x00007ffc2fc20000 - 0x00007ffc2fc54000 	C:\WINDOWS\SYSTEM32\dbgcore.DLL
0x00007ffc57530000 - 0x00007ffc575b2000 	C:\WINDOWS\System32\bcryptPrimitives.dll
0x00007ffc53e10000 - 0x00007ffc53e1f000 	C:\Users\Anwender\.jdks\openjdk-23.0.1\bin\instrument.dll
0x00007ffc53e20000 - 0x00007ffc53e3e000 	C:\Users\Anwender\.jdks\openjdk-23.0.1\bin\java.dll
0x00007ffc59b10000 - 0x00007ffc59c3b000 	C:\WINDOWS\System32\ole32.dll
0x00007ffc57ff0000 - 0x00007ffc58345000 	C:\WINDOWS\System32\combase.dll
0x00007ffc592c0000 - 0x00007ffc59a2f000 	C:\WINDOWS\System32\SHELL32.dll
0x00007ffc555a0000 - 0x00007ffc55d43000 	C:\WINDOWS\SYSTEM32\windows.storage.dll
0x00007ffc56f30000 - 0x00007ffc56f5b000 	C:\WINDOWS\SYSTEM32\Wldp.dll
0x00007ffc58670000 - 0x00007ffc5873d000 	C:\WINDOWS\System32\OLEAUT32.dll
0x00007ffc59a60000 - 0x00007ffc59b0d000 	C:\WINDOWS\System32\SHCORE.dll
0x00007ffc57f90000 - 0x00007ffc57fe5000 	C:\WINDOWS\System32\shlwapi.dll
0x00007ffc57430000 - 0x00007ffc57455000 	C:\WINDOWS\SYSTEM32\profapi.dll
0x00007ffc3c360000 - 0x00007ffc3c437000 	C:\Users\Anwender\.jdks\openjdk-23.0.1\bin\jsvml.dll
0x00007ffc53e00000 - 0x00007ffc53e10000 	C:\Users\Anwender\.jdks\openjdk-23.0.1\bin\net.dll
0x00007ffc56c90000 - 0x00007ffc56cfc000 	C:\WINDOWS\system32\mswsock.dll
0x00007ffc51380000 - 0x00007ffc51396000 	C:\Users\Anwender\.jdks\openjdk-23.0.1\bin\nio.dll
0x00007ffc3fa50000 - 0x00007ffc3fa67000 	C:\Users\Anwender\.jdks\openjdk-23.0.1\bin\zip.dll
0x00007ffc3f850000 - 0x00007ffc3f86a000 	C:\Program Files\JetBrains\IntelliJ IDEA 2024.2.4\bin\breakgen64.dll
0x00007ffc53df0000 - 0x00007ffc53df9000 	C:\Users\Anwender\.jdks\openjdk-23.0.1\bin\extnet.dll
0x000001ba55bf0000 - 0x000001ba55bf3000 	C:\Users\Anwender\Downloads\openjfx-23.0.1_windows-x64_bin-sdk\javafx-sdk-23.0.1\bin\api-ms-win-core-console-l1-1-0.dll
0x000001ba55d30000 - 0x000001ba55d33000 	C:\Users\Anwender\Downloads\openjfx-23.0.1_windows-x64_bin-sdk\javafx-sdk-23.0.1\bin\api-ms-win-core-console-l1-2-0.dll
0x000001ba55c00000 - 0x000001ba55c03000 	C:\Users\Anwender\Downloads\openjfx-23.0.1_windows-x64_bin-sdk\javafx-sdk-23.0.1\bin\api-ms-win-core-datetime-l1-1-0.dll
0x000001ba55c10000 - 0x000001ba55c13000 	C:\Users\Anwender\Downloads\openjfx-23.0.1_windows-x64_bin-sdk\javafx-sdk-23.0.1\bin\api-ms-win-core-debug-l1-1-0.dll
0x000001ba55c20000 - 0x000001ba55c23000 	C:\Users\Anwender\Downloads\openjfx-23.0.1_windows-x64_bin-sdk\javafx-sdk-23.0.1\bin\api-ms-win-core-errorhandling-l1-1-0.dll
0x000001ba55c30000 - 0x000001ba55c34000 	C:\Users\Anwender\Downloads\openjfx-23.0.1_windows-x64_bin-sdk\javafx-sdk-23.0.1\bin\api-ms-win-core-file-l1-1-0.dll
0x000001ba55c40000 - 0x000001ba55c43000 	C:\Users\Anwender\Downloads\openjfx-23.0.1_windows-x64_bin-sdk\javafx-sdk-23.0.1\bin\api-ms-win-core-file-l1-2-0.dll
0x000001ba55c50000 - 0x000001ba55c53000 	C:\Users\Anwender\Downloads\openjfx-23.0.1_windows-x64_bin-sdk\javafx-sdk-23.0.1\bin\api-ms-win-core-file-l2-1-0.dll
0x000001ba55c60000 - 0x000001ba55c63000 	C:\Users\Anwender\Downloads\openjfx-23.0.1_windows-x64_bin-sdk\javafx-sdk-23.0.1\bin\api-ms-win-core-handle-l1-1-0.dll
0x000001ba55c70000 - 0x000001ba55c73000 	C:\Users\Anwender\Downloads\openjfx-23.0.1_windows-x64_bin-sdk\javafx-sdk-23.0.1\bin\api-ms-win-core-heap-l1-1-0.dll
0x000001ba55c80000 - 0x000001ba55c83000 	C:\Users\Anwender\Downloads\openjfx-23.0.1_windows-x64_bin-sdk\javafx-sdk-23.0.1\bin\api-ms-win-core-interlocked-l1-1-0.dll
0x000001ba55c90000 - 0x000001ba55c93000 	C:\Users\Anwender\Downloads\openjfx-23.0.1_windows-x64_bin-sdk\javafx-sdk-23.0.1\bin\api-ms-win-core-libraryloader-l1-1-0.dll
0x000001ba55ca0000 - 0x000001ba55ca3000 	C:\Users\Anwender\Downloads\openjfx-23.0.1_windows-x64_bin-sdk\javafx-sdk-23.0.1\bin\api-ms-win-core-localization-l1-2-0.dll
0x000001ba55cb0000 - 0x000001ba55cb3000 	C:\Users\Anwender\Downloads\openjfx-23.0.1_windows-x64_bin-sdk\javafx-sdk-23.0.1\bin\api-ms-win-core-memory-l1-1-0.dll
0x000001ba55cc0000 - 0x000001ba55cc3000 	C:\Users\Anwender\Downloads\openjfx-23.0.1_windows-x64_bin-sdk\javafx-sdk-23.0.1\bin\api-ms-win-core-namedpipe-l1-1-0.dll
0x000001ba55cd0000 - 0x000001ba55cd3000 	C:\Users\Anwender\Downloads\openjfx-23.0.1_windows-x64_bin-sdk\javafx-sdk-23.0.1\bin\api-ms-win-core-processenvironment-l1-1-0.dll
0x000001ba55ce0000 - 0x000001ba55ce3000 	C:\Users\Anwender\Downloads\openjfx-23.0.1_windows-x64_bin-sdk\javafx-sdk-23.0.1\bin\api-ms-win-core-processthreads-l1-1-0.dll
0x000001ba55cf0000 - 0x000001ba55cf3000 	C:\Users\Anwender\Downloads\openjfx-23.0.1_windows-x64_bin-sdk\javafx-sdk-23.0.1\bin\api-ms-win-core-processthreads-l1-1-1.dll
0x000001ba55d00000 - 0x000001ba55d03000 	C:\Users\Anwender\Downloads\openjfx-23.0.1_windows-x64_bin-sdk\javafx-sdk-23.0.1\bin\api-ms-win-core-profile-l1-1-0.dll
0x000001ba55d10000 - 0x000001ba55d13000 	C:\Users\Anwender\Downloads\openjfx-23.0.1_windows-x64_bin-sdk\javafx-sdk-23.0.1\bin\api-ms-win-core-rtlsupport-l1-1-0.dll
0x000001ba55d20000 - 0x000001ba55d23000 	C:\Users\Anwender\Downloads\openjfx-23.0.1_windows-x64_bin-sdk\javafx-sdk-23.0.1\bin\api-ms-win-core-string-l1-1-0.dll
0x000001ba55d40000 - 0x000001ba55d43000 	C:\Users\Anwender\Downloads\openjfx-23.0.1_windows-x64_bin-sdk\javafx-sdk-23.0.1\bin\api-ms-win-core-synch-l1-1-0.dll
0x000001ba55d50000 - 0x000001ba55d53000 	C:\Users\Anwender\Downloads\openjfx-23.0.1_windows-x64_bin-sdk\javafx-sdk-23.0.1\bin\api-ms-win-core-synch-l1-2-0.dll
0x000001ba55d60000 - 0x000001ba55d63000 	C:\Users\Anwender\Downloads\openjfx-23.0.1_windows-x64_bin-sdk\javafx-sdk-23.0.1\bin\api-ms-win-core-sysinfo-l1-1-0.dll
0x000001ba55d70000 - 0x000001ba55d73000 	C:\Users\Anwender\Downloads\openjfx-23.0.1_windows-x64_bin-sdk\javafx-sdk-23.0.1\bin\api-ms-win-core-timezone-l1-1-0.dll
0x000001ba55d80000 - 0x000001ba55d83000 	C:\Users\Anwender\Downloads\openjfx-23.0.1_windows-x64_bin-sdk\javafx-sdk-23.0.1\bin\api-ms-win-core-util-l1-1-0.dll
0x000001ba55d90000 - 0x000001ba55d93000 	C:\Users\Anwender\Downloads\openjfx-23.0.1_windows-x64_bin-sdk\javafx-sdk-23.0.1\bin\api-ms-win-crt-conio-l1-1-0.dll
0x000001ba55da0000 - 0x000001ba55da4000 	C:\Users\Anwender\Downloads\openjfx-23.0.1_windows-x64_bin-sdk\javafx-sdk-23.0.1\bin\api-ms-win-crt-convert-l1-1-0.dll
0x000001ba55db0000 - 0x000001ba55db3000 	C:\Users\Anwender\Downloads\openjfx-23.0.1_windows-x64_bin-sdk\javafx-sdk-23.0.1\bin\api-ms-win-crt-environment-l1-1-0.dll
0x000001ba55dc0000 - 0x000001ba55dc3000 	C:\Users\Anwender\Downloads\openjfx-23.0.1_windows-x64_bin-sdk\javafx-sdk-23.0.1\bin\api-ms-win-crt-filesystem-l1-1-0.dll
0x000001ba55dd0000 - 0x000001ba55dd3000 	C:\Users\Anwender\Downloads\openjfx-23.0.1_windows-x64_bin-sdk\javafx-sdk-23.0.1\bin\api-ms-win-crt-heap-l1-1-0.dll
0x000001ba55de0000 - 0x000001ba55de3000 	C:\Users\Anwender\Downloads\openjfx-23.0.1_windows-x64_bin-sdk\javafx-sdk-23.0.1\bin\api-ms-win-crt-locale-l1-1-0.dll
0x000001ba55df0000 - 0x000001ba55df5000 	C:\Users\Anwender\Downloads\openjfx-23.0.1_windows-x64_bin-sdk\javafx-sdk-23.0.1\bin\api-ms-win-crt-math-l1-1-0.dll
0x000001ba56180000 - 0x000001ba56185000 	C:\Users\Anwender\Downloads\openjfx-23.0.1_windows-x64_bin-sdk\javafx-sdk-23.0.1\bin\api-ms-win-crt-multibyte-l1-1-0.dll
0x000001ba56190000 - 0x000001ba561a0000 	C:\Users\Anwender\Downloads\openjfx-23.0.1_windows-x64_bin-sdk\javafx-sdk-23.0.1\bin\api-ms-win-crt-private-l1-1-0.dll
0x000001ba561a0000 - 0x000001ba561a3000 	C:\Users\Anwender\Downloads\openjfx-23.0.1_windows-x64_bin-sdk\javafx-sdk-23.0.1\bin\api-ms-win-crt-process-l1-1-0.dll
0x000001ba561b0000 - 0x000001ba561b4000 	C:\Users\Anwender\Downloads\openjfx-23.0.1_windows-x64_bin-sdk\javafx-sdk-23.0.1\bin\api-ms-win-crt-runtime-l1-1-0.dll
0x000001ba561c0000 - 0x000001ba561c4000 	C:\Users\Anwender\Downloads\openjfx-23.0.1_windows-x64_bin-sdk\javafx-sdk-23.0.1\bin\api-ms-win-crt-stdio-l1-1-0.dll
0x000001ba561d0000 - 0x000001ba561d4000 	C:\Users\Anwender\Downloads\openjfx-23.0.1_windows-x64_bin-sdk\javafx-sdk-23.0.1\bin\api-ms-win-crt-string-l1-1-0.dll
0x000001ba561e0000 - 0x000001ba561e3000 	C:\Users\Anwender\Downloads\openjfx-23.0.1_windows-x64_bin-sdk\javafx-sdk-23.0.1\bin\api-ms-win-crt-time-l1-1-0.dll
0x000001ba55e00000 - 0x000001ba55e03000 	C:\Users\Anwender\Downloads\openjfx-23.0.1_windows-x64_bin-sdk\javafx-sdk-23.0.1\bin\api-ms-win-crt-utility-l1-1-0.dll
0x00007ffc32430000 - 0x00007ffc3252c000 	C:\Users\Anwender\Downloads\openjfx-23.0.1_windows-x64_bin-sdk\javafx-sdk-23.0.1\bin\ucrtbase.dll
0x00007ffc3f800000 - 0x00007ffc3f81b000 	C:\Users\Anwender\Downloads\openjfx-23.0.1_windows-x64_bin-sdk\javafx-sdk-23.0.1\bin\vcruntime140.dll
0x00007ffc3f9f0000 - 0x00007ffc3f9fc000 	C:\Users\Anwender\Downloads\openjfx-23.0.1_windows-x64_bin-sdk\javafx-sdk-23.0.1\bin\vcruntime140_1.dll
0x00007ffc3bc70000 - 0x00007ffc3bcfe000 	C:\Users\Anwender\Downloads\openjfx-23.0.1_windows-x64_bin-sdk\javafx-sdk-23.0.1\bin\msvcp140.dll
0x00007ffc3f7f0000 - 0x00007ffc3f7f9000 	C:\Users\Anwender\Downloads\openjfx-23.0.1_windows-x64_bin-sdk\javafx-sdk-23.0.1\bin\msvcp140_1.dll
0x00007ffc3c310000 - 0x00007ffc3c351000 	C:\Users\Anwender\Downloads\openjfx-23.0.1_windows-x64_bin-sdk\javafx-sdk-23.0.1\bin\msvcp140_2.dll
0x00007ffc3bb00000 - 0x00007ffc3bb30000 	C:\Users\Anwender\Downloads\openjfx-23.0.1_windows-x64_bin-sdk\javafx-sdk-23.0.1\bin\prism_d3d.dll
0x00007ffc2ef30000 - 0x00007ffc2f101000 	C:\WINDOWS\system32\d3d9.dll
0x00007ffc551c0000 - 0x00007ffc551ef000 	C:\WINDOWS\SYSTEM32\dwmapi.dll
0x00007ffc54eb0000 - 0x00007ffc54f4e000 	C:\WINDOWS\system32\uxtheme.dll
0x00007ffc4a970000 - 0x00007ffc4aa34000 	C:\WINDOWS\System32\DriverStore\FileRepository\nv_dispi.inf_amd64_adf5a840df867035\nvldumdx.dll
0x00007ffc570c0000 - 0x00007ffc570d2000 	C:\WINDOWS\SYSTEM32\msasn1.dll
0x00007ffc4f5b0000 - 0x00007ffc4f5e1000 	C:\WINDOWS\SYSTEM32\cryptnet.dll
0x00007ffc57ce0000 - 0x00007ffc57e3d000 	C:\WINDOWS\System32\CRYPT32.dll
0x00007ffc56ea0000 - 0x00007ffc56eac000 	C:\WINDOWS\SYSTEM32\cryptbase.dll
0x00007ffc4f460000 - 0x00007ffc4f5a7000 	C:\WINDOWS\SYSTEM32\drvstore.dll
0x00007ffc57290000 - 0x00007ffc572c3000 	C:\WINDOWS\SYSTEM32\devobj.dll
0x00007ffc57e40000 - 0x00007ffc57e8e000 	C:\WINDOWS\System32\cfgmgr32.dll
0x00007ffc57c30000 - 0x00007ffc57ca3000 	C:\WINDOWS\System32\wintrust.dll
0x00007ffc59a30000 - 0x00007ffc59a4d000 	C:\WINDOWS\System32\imagehlp.dll
0x00007ffc56e80000 - 0x00007ffc56e98000 	C:\WINDOWS\SYSTEM32\CRYPTSP.dll
0x00007ffc56540000 - 0x00007ffc56578000 	C:\WINDOWS\system32\rsaenh.dll
0x00007ffc47870000 - 0x00007ffc4a580000 	C:\WINDOWS\System32\DriverStore\FileRepository\nv_dispi.inf_amd64_adf5a840df867035\nvgpucomp64.dll
0x00007ffb882e0000 - 0x00007ffb8a06c000 	C:\WINDOWS\System32\DriverStore\FileRepository\nv_dispi.inf_amd64_adf5a840df867035\nvd3dumx.dll
0x00007ffc32590000 - 0x00007ffc325d5000 	C:\Users\Anwender\Downloads\openjfx-23.0.1_windows-x64_bin-sdk\javafx-sdk-23.0.1\bin\glass.dll
0x00007ffc589f0000 - 0x00007ffc58aca000 	C:\WINDOWS\System32\COMDLG32.dll
0x00007ffc583b0000 - 0x00007ffc584c5000 	C:\WINDOWS\System32\MSCTF.dll
0x00007ffbcb3e0000 - 0x00007ffbcb6b0000 	C:\WINDOWS\system32\nvspcap64.dll
0x00007ffc56790000 - 0x00007ffc567c3000 	C:\WINDOWS\SYSTEM32\ntmarta.dll
0x00007ffc55d60000 - 0x00007ffc55d83000 	C:\WINDOWS\SYSTEM32\gpapi.dll
0x00007ffbd2ca0000 - 0x00007ffbd2df5000 	C:\WINDOWS\System32\DriverStore\FileRepository\nv_dispi.inf_amd64_adf5a840df867035\nvppex.dll
0x00007ffc4b2a0000 - 0x00007ffc4b2db000 	C:\WINDOWS\SYSTEM32\dxcore.dll
0x00007ffc59210000 - 0x00007ffc592b9000 	C:\WINDOWS\System32\clbcatq.dll
0x00007ffc4a830000 - 0x00007ffc4a96f000 	C:\Windows\System32\Windows.UI.dll
0x00007ffc4f3b0000 - 0x00007ffc4f451000 	C:\Windows\System32\WindowManagementAPI.dll
0x00007ffc4a730000 - 0x00007ffc4a829000 	C:\Windows\System32\TextInputFramework.dll
0x00007ffc4a5d0000 - 0x00007ffc4a722000 	C:\Windows\System32\InputHost.dll

dbghelp: loaded successfully - version: 4.0.5 - missing functions: none
symbol engine: initialized successfully - sym options: 0x614 - pdb path: .;C:\Users\Anwender\.jdks\openjdk-23.0.1\bin;C:\WINDOWS\SYSTEM32;C:\WINDOWS\WinSxS\amd64_microsoft.windows.common-controls_6595b64144ccf1df_6.0.19041.4355_none_60b8b9eb71f62e16;C:\Users\Anwender\.jdks\openjdk-23.0.1\bin\server;C:\Program Files\JetBrains\IntelliJ IDEA 2024.2.4\bin;C:\Users\Anwender\Downloads\openjfx-23.0.1_windows-x64_bin-sdk\javafx-sdk-23.0.1\bin;C:\WINDOWS\System32\DriverStore\FileRepository\nv_dispi.inf_amd64_adf5a840df867035;C:\Program Files\Common Files\Microsoft Shared\Ink

VM Arguments:
jvm_args: --module-path=C:\Users\Anwender\Downloads\openjfx-23.0.1_windows-x64_bin-sdk\javafx-sdk-23.0.1\lib --add-modules=javafx.controls,javafx.fxml --enable-preview -javaagent:C:\Program Files\JetBrains\IntelliJ IDEA 2024.2.4\lib\idea_rt.jar=29009:C:\Program Files\JetBrains\IntelliJ IDEA 2024.2.4\bin -Dfile.encoding=UTF-8 -Dsun.stdout.encoding=UTF-8 -Dsun.stderr.encoding=UTF-8 
java_command: Main
java_class_path (initial): C:\Users\Anwender\IdeaProjects\demo3\target\classes;C:\Users\Anwender\.m2\repository\org\openjfx\javafx-controls\17.0.6\javafx-controls-17.0.6.jar;C:\Users\Anwender\.m2\repository\org\openjfx\javafx-controls\17.0.6\javafx-controls-17.0.6-win.jar;C:\Users\Anwender\.m2\repository\org\openjfx\javafx-graphics\17.0.6\javafx-graphics-17.0.6.jar;C:\Users\Anwender\.m2\repository\org\openjfx\javafx-graphics\17.0.6\javafx-graphics-17.0.6-win.jar;C:\Users\Anwender\.m2\repository\org\openjfx\javafx-base\17.0.6\javafx-base-17.0.6.jar;C:\Users\Anwender\.m2\repository\org\openjfx\javafx-base\17.0.6\javafx-base-17.0.6-win.jar;C:\Users\Anwender\.m2\repository\org\openjfx\javafx-fxml\17.0.6\javafx-fxml-17.0.6.jar;C:\Users\Anwender\.m2\repository\org\openjfx\javafx-fxml\17.0.6\javafx-fxml-17.0.6-win.jar;C:\Users\Anwender\.m2\repository\com\itextpdf\itextpdf\5.5.13.2\itextpdf-5.5.13.2.jar;C:\Users\Anwender\Downloads\postgresql-42.7.4.jar
Launcher Type: SUN_STANDARD

[Global flags]
     intx CICompilerCount                          = 4                                         {product} {ergonomic}
     uint ConcGCThreads                            = 3                                         {product} {ergonomic}
     uint G1ConcRefinementThreads                  = 10                                        {product} {ergonomic}
   size_t G1HeapRegionSize                         = 2097152                                   {product} {ergonomic}
   size_t InitialHeapSize                          = 268435456                                 {product} {ergonomic}
   size_t MarkStackSize                            = 4194304                                   {product} {ergonomic}
   size_t MarkStackSizeMax                         = 536870912                                 {product} {ergonomic}
   size_t MaxHeapSize                              = 4278190080                                {product} {ergonomic}
   size_t MaxNewSize                               = 2566914048                                {product} {ergonomic}
   size_t MinHeapDeltaBytes                        = 2097152                                   {product} {ergonomic}
   size_t MinHeapSize                              = 8388608                                   {product} {ergonomic}
    uintx NonNMethodCodeHeapSize                   = 5832704                                {pd product} {ergonomic}
    uintx NonProfiledCodeHeapSize                  = 122945536                              {pd product} {ergonomic}
    uintx ProfiledCodeHeapSize                     = 122880000                              {pd product} {ergonomic}
    uintx ReservedCodeCacheSize                    = 251658240                              {pd product} {ergonomic}
     bool SegmentedCodeCache                       = true                                      {product} {ergonomic}
   size_t SoftMaxHeapSize                          = 4278190080                             {manageable} {ergonomic}
     bool UseCompressedOops                        = true                           {product lp64_product} {ergonomic}
     bool UseG1GC                                  = true                                      {product} {ergonomic}
     bool UseLargePagesIndividualAllocation        = false                                  {pd product} {ergonomic}

Logging:
Log output configuration:
 #0: stdout all=off uptime,level,tags foldmultilines=false
 #1: stderr all=off uptime,level,tags foldmultilines=false

Environment Variables:
CLASSPATH=C:\Users\Anwender\Downloads\openjfx-23.0.1_windows-x64_bin-sdk\javafx-sdk-23.0.1\bin
PATH=C:\Program Files\Common Files\Oracle\Java\javapath;C:\WINDOWS\system32;C:\WINDOWS;C:\WINDOWS\System32\Wbem;C:\WINDOWS\System32\WindowsPowerShell\v1.0\;C:\WINDOWS\System32\OpenSSH\;C:\Program Files\NVIDIA Corporation\NVIDIA NvDLISR;C:\Program Files (x86)\NVIDIA Corporation\PhysX\Common;C:\Program Files\dotnet\;C:\Users\Anwender\.jdks\openjdk-23.0.1\bin;C:\Users\Anwender\Downloads\openjfx-23.0.1_windows-x64_bin-sdk\javafx-sdk-23.0.1\bin;C:\Program Files\Git\cmd;C:\Users\Anwender\AppData\Local\Programs\Python\Python312\Scripts\;C:\Users\Anwender\AppData\Local\Programs\Python\Python312\;C:\Users\Anwender\AppData\Local\Microsoft\WindowsApps;C:\Users\Anwender\AppData\Local\Programs\Microsoft VS Code\bin;C:\Users\Anwender\.jdks\openjdk-23.0.1\bin;
USERNAME=Anwender
OS=Windows_NT
PROCESSOR_IDENTIFIER=AMD64 Family 23 Model 113 Stepping 0, AuthenticAMD
TMP=C:\Users\Anwender\AppData\Local\Temp
TEMP=C:\Users\Anwender\AppData\Local\Temp




Periodic native trim disabled

---------------  S Y S T E M  ---------------

OS:
 Windows 10 , 64 bit Build 19041 (10.0.19041.5678)
OS uptime: 0 days 1:56 hours

CPU: total 12 (initial active 12) (12 cores per cpu, 2 threads per core) family 23 model 113 stepping 0 microcode 0x0, cx8, cmov, fxsr, ht, mmx, 3dnowpref, sse, sse2, sse3, ssse3, sse4a, sse4.1, sse4.2, popcnt, lzcnt, tsc, tscinvbit, avx, avx2, aes, clmul, bmi1, bmi2, adx, sha, fma, vzeroupper, clflush, clflushopt, rdtscp, rdpid, f16c
Processor Information for the first 12 processors :
  Max Mhz: 3593, Current Mhz: 3593, Mhz Limit: 3593

Memory: 4k page, system-wide physical 16313M (5766M free)
TotalPageFile size 23993M (AvailPageFile size 5152M)
current process WorkingSet (physical memory assigned to process): 162M, peak: 164M
current process commit charge ("private bytes"): 465M, peak: 468M

vm_info: OpenJDK 64-Bit Server VM (23.0.1+11-39) for windows-amd64 JRE (23.0.1+11-39), built on 2024-09-30T07:20:43Z with MS VC++ 17.6 (VS2022)

END.
