#
# A fatal error has been detected by the Java Runtime Environment:
#
#  EXCEPTION_ACCESS_VIOLATION (0xc0000005) at pc=0x00007ff9c5fd8427, pid=17704, tid=14192
#
# JRE version: OpenJDK Runtime Environment (23.0.1+11) (build 23.0.1+11-39)
# Java VM: OpenJDK 64-Bit Server VM (23.0.1+11-39, mixed mode, sharing, tiered, compressed oops, compressed class ptrs, g1 gc, windows-amd64)
# Problematic frame:
# C  [glass.dll+0x28427]
#
# No core dump will be written. Minidumps are not enabled by default on client versions of Windows
#
# If you would like to submit a bug report, please visit:
#   https://bugreport.java.com/bugreport/crash.jsp
#

---------------  S U M M A R Y ------------

Command Line: --module-path=C:\Users\Anwender\Downloads\openjfx-23.0.1_windows-x64_bin-sdk\javafx-sdk-23.0.1\lib --add-modules=javafx.controls,javafx.fxml --enable-preview -javaagent:C:\Program Files\JetBrains\IntelliJ IDEA 2024.2.4\lib\idea_rt.jar=8565:C:\Program Files\JetBrains\IntelliJ IDEA 2024.2.4\bin -Dfile.encoding=UTF-8 -Dsun.stdout.encoding=UTF-8 -Dsun.stderr.encoding=UTF-8 Main

Host: AMD Ryzen 5 3600 6-Core Processor              , 12 cores, 15G,  Windows 10 , 64 bit Build 19041 (10.0.19041.5198)
Time: Sun Feb  2 10:05:53 2025 Mitteleuropäische Zeit elapsed time: 64.213960 seconds (0d 0h 1m 4s)

---------------  T H R E A D  ---------------

Current thread (0x00000248d7603630):  VMThread "VM Thread"          [id=14192, stack(0x0000009730f00000,0x0000009731000000) (1024K)]

Stack: [0x0000009730f00000,0x0000009731000000],  sp=0x0000009730fff3f0,  free space=1020k
Native frames: (J=compiled Java code, j=interpreted, Vv=VM code, C=native code)
C  [glass.dll+0x28427]  (no source info available)
C  [ucrtbase.dll+0x142d6]  (no source info available)
C  [ucrtbase.dll+0x141fb]  (no source info available)
C  [ucrtbase.dll+0x141b4]  (no source info available)
C  [glass.dll+0x25bbd]  (no source info available)
C  [glass.dll+0x25ce2]  (no source info available)
C  [ntdll.dll+0x19a1d]  (no source info available)
C  [ntdll.dll+0x5f1ca]  (no source info available)
C  [ntdll.dll+0x5ef7d]  (no source info available)
C  [KERNEL32.DLL+0x1e3eb]  (no source info available)
C  [ucrtbase.dll+0x205bc]  (no source info available)
C  [ucrtbase.dll+0x2045f]  (no source info available)
V  [jvm.dll+0x6d990c]  (no source info available)
V  [jvm.dll+0x6d9440]  (no source info available)
V  [jvm.dll+0x3da534]  (no source info available)
V  [jvm.dll+0x886720]  (no source info available)
V  [jvm.dll+0x887a47]  (no source info available)
V  [jvm.dll+0x887f78]  (no source info available)
V  [jvm.dll+0x888213]  (no source info available)
V  [jvm.dll+0x824f8b]  (no source info available)
V  [jvm.dll+0x6df065]  (no source info available)
C  [ucrtbase.dll+0x21bb2]  (no source info available)
C  [KERNEL32.DLL+0x17374]  (no source info available)
C  [ntdll.dll+0x4cc91]  (no source info available)


siginfo: EXCEPTION_ACCESS_VIOLATION (0xc0000005), reading address 0x0000000000000000


Registers:
RAX=0x0000000000000000, RBX=0x00000248d760750a, RCX=0x00000248d7603630, RDX=0x0000009730fff3f0
RSP=0x0000009730fff3f0, RBP=0x000002491e480678, RSI=0x000002491e480650, RDI=0x0000a61769c4a4fa
R8 =0x0000000000010002, R9 =0x0000a61769c4a4fa, R10=0x0000000000008000, R11=0x0000009730fff380
R12=0x00007ff9c5fd5d30, R13=0x00007ff8f84db760, R14=0x0000009730fff4e8, R15=0x000002491e480650
RIP=0x00007ff9c5fd8427, EFLAGS=0x0000000000010206


Register to memory mapping:

RAX=0x0 is null
RBX=0x00000248d760750a is a global jni handle
RCX=0x00000248d7603630 points into unknown readable memory: 0x00007ff8f82df688 | 88 f6 2d f8 f8 7f 00 00
RDX=0x0000009730fff3f0 points into unknown readable memory: 0x0000000000000000 | 00 00 00 00 00 00 00 00
RSP=0x0000009730fff3f0 points into unknown readable memory: 0x0000000000000000 | 00 00 00 00 00 00 00 00
RBP=0x000002491e480678 points into unknown readable memory: 0x0000a61769c4a4fa | fa a4 c4 69 17 a6 00 00
RSI=0x000002491e480650 points into unknown readable memory: 0x2000a7e88ed3519b | 9b 51 d3 8e e8 a7 00 20
RDI=0x0000a61769c4a4fa is an unknown value
R8 =0x0000000000010002 is an unknown value
R9 =0x0000a61769c4a4fa is an unknown value
R10=0x0000000000008000 is an unknown value
R11=0x0000009730fff380 points into unknown readable memory: 0x000002491e480650 | 50 06 48 1e 49 02 00 00
R12=0x00007ff9c5fd5d30 glass.dll
R13=0x00007ff8f84db760 jvm.dll
R14=0x0000009730fff4e8 points into unknown readable memory: 0x0000009730fff4d0 | d0 f4 ff 30 97 00 00 00
R15=0x000002491e480650 points into unknown readable memory: 0x2000a7e88ed3519b | 9b 51 d3 8e e8 a7 00 20

Top of Stack: (sp=0x0000009730fff3f0)
0x0000009730fff3f0:   0000000000000000 000002491e480650
0x0000009730fff400:   00007ff8f84db760 00007ff9c5fd5d30
0x0000009730fff410:   000002491e480658 00007ff9f6f942d6
0x0000009730fff420:   0000a61769c4a4fa 0000024900000000
0x0000009730fff430:   000002491e480678 000002491e480650
0x0000009730fff440:   fffffffffffffffe 0000000000000000
0x0000009730fff450:   0000000000000001 00007ff9c5fb0000
0x0000009730fff460:   0000009730fff4d8 00007ff9f6f941fb
0x0000009730fff470:   0000000000000000 0000009730fff4e8
0x0000009730fff480:   0000009730fff7c0 00007ff9f7070e40
0x0000009730fff490:   0000000000000001 00007ff9f6f941b4
0x0000009730fff4a0:   0000000000000000 0000000000000001
0x0000009730fff4b0:   000000007ffe0385 0000009730fff4d8
0x0000009730fff4c0:   ffffffff00000001 00007ff9c5fd5bbd
0x0000009730fff4d0:   00007ff9c5fed078 00007ff900000002
0x0000009730fff4e0:   0000000000000002 0000009730fff4d0
0x0000009730fff4f0:   00007ff9f5d30000 00007ff9f9429993
0x0000009730fff500:   0000000000000000 00007ff9c5fd5ce2
0x0000009730fff510:   0000000000000001 0000000000000000
0x0000009730fff520:   000000000000003c 0000000000000001
0x0000009730fff530:   00007ff9a6511094 0000000000000000
0x0000009730fff540:   0000000000000001 00007ff9a651083c
0x0000009730fff550:   00007ff9c5fb0000 000000007ffe0384
0x0000009730fff560:   0000000000000000 00007ff9f9429a1d
0x0000009730fff570:   00007ff9c5fb0000 0000000000000000
0x0000009730fff580:   0000000000000001 000000007ffe0385
0x0000009730fff590:   0000000000000000 00007ff9f946f331
0x0000009730fff5a0:   00001d08db652a00 0000000000000014
0x0000009730fff5b0:   00007ff9c5fd5d30 0000000000000000
0x0000009730fff5c0:   0000000000000000 0000009730314000
0x0000009730fff5d0:   000002491e397a50 00007ff9f946f1ca
0x0000009730fff5e0:   000002491e396f80 00007ff9c5fb0000 

Instructions: (pc=0x00007ff9c5fd8427)
0x00007ff9c5fd8327:   8b 4d 58 e8 49 cf ff ff 48 8b 4d 60 e8 40 cf ff
0x00007ff9c5fd8337:   ff 48 8b 95 80 00 00 00 48 8b 8d 18 01 00 00 e8
0x00007ff9c5fd8347:   26 c5 ff ff 33 d2 33 c9 e8 8c e1 ff ff 90 48 89
0x00007ff9c5fd8357:   54 24 10 55 48 83 ec 20 48 8b ea 48 b8 00 00 00
0x00007ff9c5fd8367:   00 00 00 00 00 48 83 c4 20 5d c3 cc 40 55 48 8b
0x00007ff9c5fd8377:   ea 48 8b 01 33 c9 81 38 05 00 00 c0 0f 94 c1 8b
0x00007ff9c5fd8387:   c1 5d c3 cc 40 55 48 83 ec 20 48 8b ea 8a 4d 40
0x00007ff9c5fd8397:   48 83 c4 20 5d e9 33 d3 ff ff cc 40 55 48 83 ec
0x00007ff9c5fd83a7:   20 48 8b ea 8a 4d 20 e8 21 d3 ff ff 90 48 83 c4
0x00007ff9c5fd83b7:   20 5d c3 cc 40 55 48 83 ec 20 48 8b ea 48 83 c4
0x00007ff9c5fd83c7:   20 5d e9 82 d1 ff ff cc 40 55 48 83 ec 30 48 8b
0x00007ff9c5fd83d7:   ea 48 8b 01 8b 10 48 89 4c 24 28 89 54 24 20 4c
0x00007ff9c5fd83e7:   8d 0d 23 d6 ff ff 4c 8b 45 70 8b 55 68 48 8b 4d
0x00007ff9c5fd83f7:   60 e8 c3 d0 ff ff 90 48 83 c4 30 5d c3 cc cc cc
0x00007ff9c5fd8407:   cc cc cc cc cc cc cc cc cc 40 53 48 83 ec 20 48
0x00007ff9c5fd8417:   8b 1d 1b 46 01 00 48 85 db 74 16 e8 59 90 ff ff
0x00007ff9c5fd8427:   4c 8b 00 48 8b d3 48 8b c8 41 ff 90 b0 00 00 00
0x00007ff9c5fd8437:   90 48 83 c4 20 5b c3 cc cc 40 53 48 83 ec 20 48
0x00007ff9c5fd8447:   8b 1d 5b 47 01 00 48 85 db 74 57 b8 ff ff ff ff
0x00007ff9c5fd8457:   f0 0f c1 43 10 83 f8 01 75 3d 48 85 db 74 38 48
0x00007ff9c5fd8467:   8b 0b 48 85 c9 74 0d ff 15 3c 0e 00 00 48 c7 03
0x00007ff9c5fd8477:   00 00 00 00 48 8b 4b 08 48 85 c9 74 0d e8 ef cd
0x00007ff9c5fd8487:   ff ff 48 c7 43 08 00 00 00 00 ba 18 00 00 00 48
0x00007ff9c5fd8497:   8b cb e8 da cd ff ff 48 c7 05 ff 46 01 00 00 00
0x00007ff9c5fd84a7:   00 00 48 83 c4 20 5b c3 cc 40 53 48 83 ec 20 48
0x00007ff9c5fd84b7:   8b 1d cb 46 01 00 48 85 db 74 57 b8 ff ff ff ff
0x00007ff9c5fd84c7:   f0 0f c1 43 10 83 f8 01 75 3d 48 85 db 74 38 48
0x00007ff9c5fd84d7:   8b 0b 48 85 c9 74 0d ff 15 cc 0d 00 00 48 c7 03
0x00007ff9c5fd84e7:   00 00 00 00 48 8b 4b 08 48 85 c9 74 0d e8 7f cd
0x00007ff9c5fd84f7:   ff ff 48 c7 43 08 00 00 00 00 ba 18 00 00 00 48
0x00007ff9c5fd8507:   8b cb e8 6a cd ff ff 48 c7 05 6f 46 01 00 00 00
0x00007ff9c5fd8517:   00 00 48 83 c4 20 5b c3 cc 40 53 48 83 ec 20 48 


Stack slot to memory mapping:

stack at sp + 0 slots: 0x0 is null
stack at sp + 1 slots: 0x000002491e480650 points into unknown readable memory: 0x2000a7e88ed3519b | 9b 51 d3 8e e8 a7 00 20
stack at sp + 2 slots: 0x00007ff8f84db760 jvm.dll
stack at sp + 3 slots: 0x00007ff9c5fd5d30 glass.dll
stack at sp + 4 slots: 0x000002491e480658 points into unknown readable memory: 0x0000a61769c4a4fa | fa a4 c4 69 17 a6 00 00
stack at sp + 5 slots: 0x00007ff9f6f942d6 ucrtbase.dll
stack at sp + 6 slots: 0x0000a61769c4a4fa is an unknown value
stack at sp + 7 slots: 0x0000024900000000 is an unknown value

VM_Operation (0x00000097320fb0a0): Exit, mode: safepoint, requested by thread 0x000002491d6116f0


---------------  P R O C E S S  ---------------

Threads class SMR info:
_java_thread_list=0x000002491d7c82d0, length=20, elements={
0x00000248b7bd2420, 0x00000248d761e080, 0x00000248d761ffb0, 0x00000248d7622cc0,
0x00000248d76259b0, 0x00000248d76271c0, 0x00000248d762b8c0, 0x00000248d762f250,
0x00000248d7635d20, 0x00000248d771f4e0, 0x000002491d199b50, 0x000002491d0954c0,
0x000002491dd22130, 0x000002491df9e030, 0x000002491d6116f0, 0x000002491dc65150,
0x000002491e322200, 0x000002491e500b40, 0x000002491e4fe3e0, 0x000002491d474e00
}

Java Threads: ( => current thread )
  0x00000248b7bd2420 JavaThread "main"                              [_thread_blocked, id=17644, stack(0x0000009730800000,0x0000009730900000) (1024K)]
  0x00000248d761e080 JavaThread "Reference Handler"          daemon [_thread_blocked, id=16108, stack(0x0000009731000000,0x0000009731100000) (1024K)]
  0x00000248d761ffb0 JavaThread "Finalizer"                  daemon [_thread_blocked, id=15192, stack(0x0000009731100000,0x0000009731200000) (1024K)]
  0x00000248d7622cc0 JavaThread "Signal Dispatcher"          daemon [_thread_blocked, id=18272, stack(0x0000009731200000,0x0000009731300000) (1024K)]
  0x00000248d76259b0 JavaThread "Attach Listener"            daemon [_thread_blocked, id=21704, stack(0x0000009731300000,0x0000009731400000) (1024K)]
  0x00000248d76271c0 JavaThread "Service Thread"             daemon [_thread_blocked, id=19752, stack(0x0000009731400000,0x0000009731500000) (1024K)]
  0x00000248d762b8c0 JavaThread "Monitor Deflation Thread"   daemon [_thread_blocked, id=14580, stack(0x0000009731500000,0x0000009731600000) (1024K)]
  0x00000248d762f250 JavaThread "C2 CompilerThread0"         daemon [_thread_blocked, id=7284, stack(0x0000009731600000,0x0000009731700000) (1024K)]
  0x00000248d7635d20 JavaThread "C1 CompilerThread0"         daemon [_thread_blocked, id=19812, stack(0x0000009731700000,0x0000009731800000) (1024K)]
  0x00000248d771f4e0 JavaThread "Common-Cleaner"             daemon [_thread_blocked, id=4200, stack(0x0000009731800000,0x0000009731900000) (1024K)]
  0x000002491d199b50 JavaThread "Monitor Ctrl-Break"         daemon [_thread_in_native, id=12900, stack(0x0000009731b00000,0x0000009731c00000) (1024K)]
  0x000002491d0954c0 JavaThread "Notification Thread"        daemon [_thread_blocked, id=12476, stack(0x0000009731c00000,0x0000009731d00000) (1024K)]
  0x000002491dd22130 JavaThread "QuantumRenderer-0"          daemon [_thread_blocked, id=16076, stack(0x0000009731d00000,0x0000009731e00000) (1024K)]
  0x000002491df9e030 JavaThread "InvokeLaterDispatcher"      daemon [_thread_blocked, id=4868, stack(0x0000009731f00000,0x0000009732000000) (1024K)]
  0x000002491d6116f0 JavaThread "JavaFX Application Thread"         [_thread_blocked, id=15040, stack(0x0000009732000000,0x0000009732100000) (1024K)]
  0x000002491dc65150 JavaThread "JavaFX-Launcher"                   [_thread_blocked, id=12408, stack(0x0000009731a00000,0x0000009731b00000) (1024K)]
  0x000002491e322200 JavaThread "Thread-2"                   daemon [_thread_in_native, id=15440, stack(0x0000009731900000,0x0000009731a00000) (1024K)]
  0x000002491e500b40 JavaThread "Prism Font Disposer"        daemon [_thread_blocked, id=3332, stack(0x0000009732810000,0x0000009732910000) (1024K)]
  0x000002491e4fe3e0 JavaThread "Cleaner-0"                  daemon [_thread_blocked, id=17204, stack(0x0000009732f10000,0x0000009733010000) (1024K)]
  0x000002491d474e00 JavaThread "PostgreSQL-JDBC-Cleaner"    daemon [_thread_blocked, id=12252, stack(0x0000009733520000,0x0000009733620000) (1024K)]
Total: 20

Other Threads:
=>0x00000248d7603630 VMThread "VM Thread"                           [id=14192, stack(0x0000009730f00000,0x0000009731000000) (1024K)]
  0x00000248b7c38f70 WorkerThread "GC Thread#0"                     [id=15012, stack(0x0000009730900000,0x0000009730a00000) (1024K)]
  0x000002491e650e40 WorkerThread "GC Thread#1"                     [id=15412, stack(0x0000009732210000,0x0000009732310000) (1024K)]
  0x000002491e6511f0 WorkerThread "GC Thread#2"                     [id=18952, stack(0x0000009732310000,0x0000009732410000) (1024K)]
  0x000002491e6515a0 WorkerThread "GC Thread#3"                     [id=19628, stack(0x0000009732410000,0x0000009732510000) (1024K)]
  0x000002491e651950 WorkerThread "GC Thread#4"                     [id=16860, stack(0x0000009732510000,0x0000009732610000) (1024K)]
  0x000002491e651d00 WorkerThread "GC Thread#5"                     [id=7308, stack(0x0000009732610000,0x0000009732710000) (1024K)]
  0x000002491e68e810 WorkerThread "GC Thread#6"                     [id=6560, stack(0x0000009732910000,0x0000009732a10000) (1024K)]
  0x000002491e68ebc0 WorkerThread "GC Thread#7"                     [id=24168, stack(0x0000009732a10000,0x0000009732b10000) (1024K)]
  0x000002491e68fa80 WorkerThread "GC Thread#8"                     [id=7460, stack(0x0000009732b10000,0x0000009732c10000) (1024K)]
  0x000002491dac5af0 WorkerThread "GC Thread#9"                     [id=22392, stack(0x0000009733020000,0x0000009733120000) (1024K)]
  0x00000248b7c4e030 ConcurrentGCThread "G1 Main Marker"            terminated
  0x00000248b7c502f0 WorkerThread "G1 Conc#0"                       [id=7404, stack(0x0000009730b00000,0x0000009730c00000) (1024K)]
  0x00000249260bf6e0 WorkerThread "G1 Conc#1"                       [id=7212, stack(0x0000009733220000,0x0000009733320000) (1024K)]
  0x00000249260bebd0 WorkerThread "G1 Conc#2"                       [id=20728, stack(0x0000009733320000,0x0000009733420000) (1024K)]
  0x00000248d74b59a0 ConcurrentGCThread "G1 Refine#0"               terminated
  0x00000248d74b61d0 ConcurrentGCThread "G1 Service"                terminated
Total: 17

Threads with active compile tasks:
Total: 0

VM state: at safepoint (shutting down)

VM Mutex/Monitor currently owned by a thread:  ([mutex/lock_event])
[0x00007ff8f84b3910] Threads_lock - owner thread: 0x00000248d7603630
[0x00007ff8f84b3a10] Heap_lock - owner thread: 0x000002491d6116f0

Heap address: 0x0000000701000000, size: 4080 MB, Compressed Oops mode: Zero based, Oop shift amount: 3

CDS archive(s) mapped at: [0x00000248d8000000-0x00000248d8d70000-0x00000248d8d70000), size 14090240, SharedBaseAddress: 0x00000248d8000000, ArchiveRelocationMode: 1.
Compressed class space mapped at: 0x00000248d9000000-0x0000024919000000, reserved size: 1073741824
Narrow klass base: 0x00000248d8000000, Narrow klass shift: 0, Narrow klass range: 0x41000000

GC Precious Log:
 CardTable entry size: 512
 Card Set container configuration: InlinePtr #cards 4 size 8 Array Of Cards #cards 16 size 48 Howl #buckets 8 coarsen threshold 3686 Howl Bitmap #cards 512 size 80 coarsen threshold 460 Card regions per heap region 1 cards per card region 4096
 CPUs: 12 total, 12 available
 Memory: 16313M
 Large Page Support: Disabled
 NUMA Support: Disabled
 Compressed Oops: Enabled (Zero based)
 Heap Region Size: 2M
 Heap Min Capacity: 8M
 Heap Initial Capacity: 256M
 Heap Max Capacity: 4080M
 Pre-touch: Disabled
 Parallel Workers: 10
 Concurrent Workers: 3
 Concurrent Refinement Workers: 10
 Periodic GC: Disabled

Heap:
 garbage-first heap   total reserved 4177920K, committed 61440K, used 33123K [0x0000000701000000, 0x0000000800000000)
  region size 2048K, 10 young (20480K), 2 survivors (4096K)
 Metaspace       used 22317K, committed 22656K, reserved 1114112K
  class space    used 3024K, committed 3200K, reserved 1048576K

Heap Regions: E=young(eden), S=young(survivor), O=old, HS=humongous(starts), HC=humongous(continues), CS=collection set, F=free, TAMS=top-at-mark-start, PB=parsable bottom
|   0|0x0000000701000000, 0x0000000701200000, 0x0000000701200000|100%| O|  |TAMS 0x0000000701000000| PB 0x0000000701000000| Untracked |  0
|   1|0x0000000701200000, 0x0000000701400000, 0x0000000701400000|100%| O|  |TAMS 0x0000000701200000| PB 0x0000000701200000| Untracked |  0
|   2|0x0000000701400000, 0x0000000701600000, 0x0000000701600000|100%| O|  |TAMS 0x0000000701400000| PB 0x0000000701400000| Untracked |  0
|   3|0x0000000701600000, 0x0000000701800000, 0x0000000701800000|100%|HS|  |TAMS 0x0000000701600000| PB 0x0000000701600000| Complete |  0
|   4|0x0000000701800000, 0x0000000701a00000, 0x0000000701a00000|100%| O|  |TAMS 0x0000000701800000| PB 0x0000000701800000| Untracked |  0
|   5|0x0000000701a00000, 0x0000000701c00000, 0x0000000701c00000|100%| O|  |TAMS 0x0000000701a00000| PB 0x0000000701a00000| Untracked |  0
|   6|0x0000000701c00000, 0x0000000701db5380, 0x0000000701e00000| 85%| O|  |TAMS 0x0000000701c00000| PB 0x0000000701c00000| Untracked |  0
|   7|0x0000000701e00000, 0x0000000702000000, 0x0000000702000000|100%|HS|  |TAMS 0x0000000701e00000| PB 0x0000000701e00000| Complete |  0
|   8|0x0000000702000000, 0x0000000702000000, 0x0000000702200000|  0%| F|  |TAMS 0x0000000702000000| PB 0x0000000702000000| Untracked |  0
|   9|0x0000000702200000, 0x0000000702200000, 0x0000000702400000|  0%| F|  |TAMS 0x0000000702200000| PB 0x0000000702200000| Untracked |  0
|  10|0x0000000702400000, 0x0000000702400000, 0x0000000702600000|  0%| F|  |TAMS 0x0000000702400000| PB 0x0000000702400000| Untracked |  0
|  11|0x0000000702600000, 0x0000000702600000, 0x0000000702800000|  0%| F|  |TAMS 0x0000000702600000| PB 0x0000000702600000| Untracked |  0
|  12|0x0000000702800000, 0x0000000702800000, 0x0000000702a00000|  0%| F|  |TAMS 0x0000000702800000| PB 0x0000000702800000| Untracked |  0
|  13|0x0000000702a00000, 0x0000000702a00000, 0x0000000702c00000|  0%| F|  |TAMS 0x0000000702a00000| PB 0x0000000702a00000| Untracked |  0
|  14|0x0000000702c00000, 0x0000000702c00000, 0x0000000702e00000|  0%| F|  |TAMS 0x0000000702c00000| PB 0x0000000702c00000| Untracked |  0
|  15|0x0000000702e00000, 0x0000000702e00000, 0x0000000703000000|  0%| F|  |TAMS 0x0000000702e00000| PB 0x0000000702e00000| Untracked |  0
|  16|0x0000000703000000, 0x0000000703000000, 0x0000000703200000|  0%| F|  |TAMS 0x0000000703000000| PB 0x0000000703000000| Untracked |  0
|  17|0x0000000703200000, 0x0000000703200000, 0x0000000703400000|  0%| F|  |TAMS 0x0000000703200000| PB 0x0000000703200000| Untracked |  0
|  18|0x0000000703400000, 0x0000000703400000, 0x0000000703600000|  0%| F|  |TAMS 0x0000000703400000| PB 0x0000000703400000| Untracked |  0
|  19|0x0000000703600000, 0x0000000703600000, 0x0000000703800000|  0%| F|  |TAMS 0x0000000703600000| PB 0x0000000703600000| Untracked |  0
|  20|0x0000000703800000, 0x00000007038a3dc0, 0x0000000703a00000| 32%| E|  |TAMS 0x0000000703800000| PB 0x0000000703800000| Complete |  0
|  21|0x0000000703a00000, 0x0000000703c00000, 0x0000000703c00000|100%| E|CS|TAMS 0x0000000703a00000| PB 0x0000000703a00000| Complete |  0
|  22|0x0000000703c00000, 0x0000000703e00000, 0x0000000703e00000|100%| E|CS|TAMS 0x0000000703c00000| PB 0x0000000703c00000| Complete |  0
|  23|0x0000000703e00000, 0x0000000704000000, 0x0000000704000000|100%| E|CS|TAMS 0x0000000703e00000| PB 0x0000000703e00000| Complete |  0
|  24|0x0000000704000000, 0x0000000704200000, 0x0000000704200000|100%| E|CS|TAMS 0x0000000704000000| PB 0x0000000704000000| Complete |  0
|  25|0x0000000704200000, 0x0000000704400000, 0x0000000704400000|100%| E|CS|TAMS 0x0000000704200000| PB 0x0000000704200000| Complete |  0
|  26|0x0000000704400000, 0x0000000704600000, 0x0000000704600000|100%| E|CS|TAMS 0x0000000704400000| PB 0x0000000704400000| Complete |  0
| 111|0x000000070ee00000, 0x000000070eea3a50, 0x000000070f000000| 31%| S|CS|TAMS 0x000000070ee00000| PB 0x000000070ee00000| Complete |  0
| 112|0x000000070f000000, 0x000000070f200000, 0x000000070f200000|100%| S|CS|TAMS 0x000000070f000000| PB 0x000000070f000000| Complete |  0
| 127|0x0000000710e00000, 0x0000000711000000, 0x0000000711000000|100%| E|CS|TAMS 0x0000000710e00000| PB 0x0000000710e00000| Complete |  0

Card table byte_map: [0x00000248d0170000,0x00000248d0970000] _byte_map_base: 0x00000248cc968000

Marking Bits: (CMBitMap*) 0x00000248b7c39680
 Bits: [0x00000248d0970000, 0x00000248d4930000)

Polling page: 0x00000248b5bd0000

Metaspace:

Usage:
  Non-class:     18.84 MB used.
      Class:      2.95 MB used.
       Both:     21.79 MB used.

Virtual space:
  Non-class space:       64.00 MB reserved,      19.00 MB ( 30%) committed,  1 nodes.
      Class space:        1.00 GB reserved,       3.12 MB ( <1%) committed,  1 nodes.
             Both:        1.06 GB reserved,      22.12 MB (  2%) committed. 

Chunk freelists:
   Non-Class:  12.19 MB
       Class:  12.89 MB
        Both:  25.08 MB

MaxMetaspaceSize: unlimited
CompressedClassSpaceSize: 1.00 GB
Initial GC threshold: 21.00 MB
Current GC threshold: 35.12 MB
CDS: on
 - commit_granule_bytes: 65536.
 - commit_granule_words: 8192.
 - virtual_space_node_default_size: 8388608.
 - enlarge_chunks_in_place: 1.
 - use_allocation_guard: 0.


Internal statistics:

num_allocs_failed_limit: 3.
num_arena_births: 432.
num_arena_deaths: 0.
num_vsnodes_births: 2.
num_vsnodes_deaths: 0.
num_space_committed: 354.
num_space_uncommitted: 0.
num_chunks_returned_to_freelist: 3.
num_chunks_taken_from_freelist: 1147.
num_chunk_merges: 0.
num_chunk_splits: 761.
num_chunks_enlarged: 542.
num_inconsistent_stats: 0.

CodeHeap 'non-profiled nmethods': size=120064Kb used=2787Kb max_used=2787Kb free=117276Kb
 bounds [0x00000248c7dd0000, 0x00000248c8090000, 0x00000248cf310000]
CodeHeap 'profiled nmethods': size=120000Kb used=9820Kb max_used=9820Kb free=110179Kb
 bounds [0x00000248c0310000, 0x00000248c0cb0000, 0x00000248c7840000]
CodeHeap 'non-nmethods': size=5696Kb used=1840Kb max_used=1910Kb free=3855Kb
 bounds [0x00000248c7840000, 0x00000248c7ab0000, 0x00000248c7dd0000]
CodeCache: size=245760Kb, used=14447Kb, max_used=14517Kb, free=231310Kb
 total_blobs=6953, nmethods=6085, adapters=770, full_count=0
Compilation: enabled, stopped_count=0, restarted_count=0

Compilation events (20 events):
Event: 61.964 Thread 0x00000248d762f250 6076       4       com.sun.javafx.event.EventUtil::fireEventImpl (16 bytes)
Event: 61.965 Thread 0x00000248d762f250 nmethod 6076 0x00000248c807d508 code [0x00000248c807d620, 0x00000248c807d858]
Event: 62.039 Thread 0x00000248d762f250 6077   !   4       javafx.scene.CssStyleHelper::transitionToState (1050 bytes)
Event: 62.266 Thread 0x00000248d762f250 nmethod 6077 0x00000248c807d888 code [0x00000248c807e380, 0x00000248c8087d80]
Event: 62.710 Thread 0x00000248d762f250 6078       4       javafx.beans.property.BooleanPropertyBase::set (76 bytes)
Event: 62.711 Thread 0x00000248d762f250 nmethod 6078 0x00000248c8088308 code [0x00000248c8088420, 0x00000248c8088528]
Event: 63.782 Thread 0x00000248d7635d20 6079       1       javafx.animation.KeyFrame::getValues (5 bytes)
Event: 63.783 Thread 0x00000248d7635d20 nmethod 6079 0x00000248c8088608 code [0x00000248c8088720, 0x00000248c80887f0]
Event: 63.783 Thread 0x00000248d7635d20 6080       3       com.sun.javafx.css.TransitionDefinitionCssMetaData::getInstance (4 bytes)
Event: 63.783 Thread 0x00000248d7635d20 nmethod 6080 0x00000248c0ca4888 code [0x00000248c0ca49a0, 0x00000248c0ca4a98]
Event: 63.783 Thread 0x00000248d762f250 6081       4       javafx.scene.Node::isManaged (23 bytes)
Event: 63.783 Thread 0x00000248d7635d20 6082       3       javafx.scene.layout.Region::positionInArea (112 bytes)
Event: 63.784 Thread 0x00000248d7635d20 nmethod 6082 0x00000248c0ca4b88 code [0x00000248c0ca4ea0, 0x00000248c0ca6500]
Event: 63.786 Thread 0x00000248d762f250 nmethod 6081 0x00000248c8088908 code [0x00000248c8088a40, 0x00000248c8088ca8]
Event: 63.890 Thread 0x00000248d7635d20 6083       3       java.util.ArrayList::remove (26 bytes)
Event: 63.891 Thread 0x00000248d7635d20 nmethod 6083 0x00000248c0ca6608 code [0x00000248c0ca6740, 0x00000248c0ca6970]
Event: 63.895 Thread 0x00000248d7635d20 6084       3       javafx.scene.Scene::getUserAgentStylesheet (22 bytes)
Event: 63.895 Thread 0x00000248d7635d20 nmethod 6084 0x00000248c0ca6a08 code [0x00000248c0ca6b60, 0x00000248c0ca6fc0]
Event: 63.901 Thread 0x00000248d7635d20 6085       3       java.util.concurrent.ConcurrentHashMap$BaseIterator::<init> (21 bytes)
Event: 63.901 Thread 0x00000248d7635d20 nmethod 6085 0x00000248c0ca7008 code [0x00000248c0ca7140, 0x00000248c0ca7320]

GC Heap History (8 events):
Event: 0.504 GC heap before
{Heap before GC invocations=0 (full 0):
 garbage-first heap   total reserved 4177920K, committed 262144K, used 22528K [0x0000000701000000, 0x0000000800000000)
  region size 2048K, 12 young (24576K), 0 survivors (0K)
 Metaspace       used 4660K, committed 4864K, reserved 1114112K
  class space    used 545K, committed 640K, reserved 1048576K
}
Event: 0.507 GC heap after
{Heap after GC invocations=1 (full 0):
 garbage-first heap   total reserved 4177920K, committed 262144K, used 3993K [0x0000000701000000, 0x0000000800000000)
  region size 2048K, 2 young (4096K), 2 survivors (4096K)
 Metaspace       used 4660K, committed 4864K, reserved 1114112K
  class space    used 545K, committed 640K, reserved 1048576K
}
Event: 0.782 GC heap before
{Heap before GC invocations=1 (full 0):
 garbage-first heap   total reserved 4177920K, committed 262144K, used 26521K [0x0000000701000000, 0x0000000800000000)
  region size 2048K, 13 young (26624K), 2 survivors (4096K)
 Metaspace       used 8711K, committed 8896K, reserved 1114112K
  class space    used 1129K, committed 1216K, reserved 1048576K
}
Event: 0.785 GC heap after
{Heap after GC invocations=2 (full 0):
 garbage-first heap   total reserved 4177920K, committed 262144K, used 6867K [0x0000000701000000, 0x0000000800000000)
  region size 2048K, 2 young (4096K), 2 survivors (4096K)
 Metaspace       used 8711K, committed 8896K, reserved 1114112K
  class space    used 1129K, committed 1216K, reserved 1048576K
}
Event: 23.879 GC heap before
{Heap before GC invocations=2 (full 0):
 garbage-first heap   total reserved 4177920K, committed 262144K, used 68307K [0x0000000701000000, 0x0000000800000000)
  region size 2048K, 31 young (63488K), 2 survivors (4096K)
 Metaspace       used 18312K, committed 18688K, reserved 1114112K
  class space    used 2616K, committed 2816K, reserved 1048576K
}
Event: 23.883 GC heap after
{Heap after GC invocations=3 (full 0):
 garbage-first heap   total reserved 4177920K, committed 262144K, used 14167K [0x0000000701000000, 0x0000000800000000)
  region size 2048K, 4 young (8192K), 4 survivors (8192K)
 Metaspace       used 18312K, committed 18688K, reserved 1114112K
  class space    used 2616K, committed 2816K, reserved 1048576K
}
Event: 49.394 GC heap before
{Heap before GC invocations=3 (full 0):
 garbage-first heap   total reserved 4177920K, committed 262144K, used 42839K [0x0000000701000000, 0x0000000800000000)
  region size 2048K, 19 young (38912K), 4 survivors (8192K)
 Metaspace       used 21103K, committed 21504K, reserved 1114112K
  class space    used 2906K, committed 3136K, reserved 1048576K
}
Event: 49.399 GC heap after
{Heap after GC invocations=4 (full 0):
 garbage-first heap   total reserved 4177920K, committed 262144K, used 16739K [0x0000000701000000, 0x0000000800000000)
  region size 2048K, 2 young (4096K), 2 survivors (4096K)
 Metaspace       used 21103K, committed 21504K, reserved 1114112K
  class space    used 2906K, committed 3136K, reserved 1048576K
}

Dll operation events (20 events):
Event: 0.217 Loaded shared library C:\Users\Anwender\Downloads\openjfx-23.0.1_windows-x64_bin-sdk\javafx-sdk-23.0.1\bin\api-ms-win-crt-private-l1-1-0.dll
Event: 0.218 Loaded shared library C:\Users\Anwender\Downloads\openjfx-23.0.1_windows-x64_bin-sdk\javafx-sdk-23.0.1\bin\api-ms-win-crt-process-l1-1-0.dll
Event: 0.218 Loaded shared library C:\Users\Anwender\Downloads\openjfx-23.0.1_windows-x64_bin-sdk\javafx-sdk-23.0.1\bin\api-ms-win-crt-runtime-l1-1-0.dll
Event: 0.219 Loaded shared library C:\Users\Anwender\Downloads\openjfx-23.0.1_windows-x64_bin-sdk\javafx-sdk-23.0.1\bin\api-ms-win-crt-stdio-l1-1-0.dll
Event: 0.220 Loaded shared library C:\Users\Anwender\Downloads\openjfx-23.0.1_windows-x64_bin-sdk\javafx-sdk-23.0.1\bin\api-ms-win-crt-string-l1-1-0.dll
Event: 0.221 Loaded shared library C:\Users\Anwender\Downloads\openjfx-23.0.1_windows-x64_bin-sdk\javafx-sdk-23.0.1\bin\api-ms-win-crt-time-l1-1-0.dll
Event: 0.222 Loaded shared library C:\Users\Anwender\Downloads\openjfx-23.0.1_windows-x64_bin-sdk\javafx-sdk-23.0.1\bin\api-ms-win-crt-utility-l1-1-0.dll
Event: 0.224 Loaded shared library C:\Users\Anwender\Downloads\openjfx-23.0.1_windows-x64_bin-sdk\javafx-sdk-23.0.1\bin\ucrtbase.dll
Event: 0.225 Loaded shared library C:\Users\Anwender\Downloads\openjfx-23.0.1_windows-x64_bin-sdk\javafx-sdk-23.0.1\bin\vcruntime140.dll
Event: 0.225 Loaded shared library C:\Users\Anwender\Downloads\openjfx-23.0.1_windows-x64_bin-sdk\javafx-sdk-23.0.1\bin\vcruntime140_1.dll
Event: 0.227 Loaded shared library C:\Users\Anwender\Downloads\openjfx-23.0.1_windows-x64_bin-sdk\javafx-sdk-23.0.1\bin\msvcp140.dll
Event: 0.228 Loaded shared library C:\Users\Anwender\Downloads\openjfx-23.0.1_windows-x64_bin-sdk\javafx-sdk-23.0.1\bin\msvcp140_1.dll
Event: 0.229 Loaded shared library C:\Users\Anwender\Downloads\openjfx-23.0.1_windows-x64_bin-sdk\javafx-sdk-23.0.1\bin\msvcp140_2.dll
Event: 0.252 Loaded shared library C:\Users\Anwender\Downloads\openjfx-23.0.1_windows-x64_bin-sdk\javafx-sdk-23.0.1\bin\prism_d3d.dll
Event: 0.333 Loaded shared library C:\Users\Anwender\Downloads\openjfx-23.0.1_windows-x64_bin-sdk\javafx-sdk-23.0.1\bin\glass.dll
Event: 0.475 Loaded shared library C:\Users\Anwender\.jdks\openjdk-23.0.1\bin\jimage.dll
Event: 0.748 Loaded shared library C:\Users\Anwender\Downloads\openjfx-23.0.1_windows-x64_bin-sdk\javafx-sdk-23.0.1\bin\javafx_iio.dll
Event: 0.791 Loaded shared library C:\Users\Anwender\Downloads\openjfx-23.0.1_windows-x64_bin-sdk\javafx-sdk-23.0.1\bin\javafx_font.dll
Event: 49.327 Loaded shared library C:\Users\Anwender\.jdks\openjdk-23.0.1\bin\management.dll
Event: 49.328 Loaded shared library C:\Users\Anwender\.jdks\openjdk-23.0.1\bin\management_ext.dll

Deoptimization events (20 events):
Event: 54.780 Thread 0x000002491dd22130 Uncommon trap: trap_request=0xffffff45 fr.pc=0x00000248c7f8fe58 relative=0x00000000000000d8
Event: 54.780 Thread 0x000002491dd22130 Uncommon trap: reason=unstable_if action=reinterpret pc=0x00000248c7f8fe58 method=com.sun.javafx.geom.transform.AffineBase.transform2DBounds(Lcom/sun/javafx/geom/RectBounds;Lcom/sun/javafx/geom/RectBounds;)Lcom/sun/javafx/geom/BaseBounds; @ 7 c2
Event: 54.780 Thread 0x000002491dd22130 DEOPT PACKING pc=0x00000248c7f8fe58 sp=0x0000009731dfe740
Event: 54.780 Thread 0x000002491dd22130 DEOPT UNPACKING pc=0x00000248c7894402 sp=0x0000009731dfe698 mode 2
Event: 63.783 Thread 0x000002491d6116f0 Uncommon trap: trap_request=0xffffffd6 fr.pc=0x00000248c8083f6c relative=0x0000000000005bec
Event: 63.783 Thread 0x000002491d6116f0 Uncommon trap: reason=array_check action=maybe_recompile pc=0x00000248c8083f6c method=com.sun.javafx.css.StyleCacheEntry$Key.<init>([Ljava/util/Set;Ljavafx/scene/text/Font;)V @ 38 c2
Event: 63.783 Thread 0x000002491d6116f0 DEOPT PACKING pc=0x00000248c8083f6c sp=0x00000097320fc000
Event: 63.783 Thread 0x000002491d6116f0 DEOPT UNPACKING pc=0x00000248c7894402 sp=0x00000097320fbee0 mode 2
Event: 63.783 Thread 0x000002491d6116f0 Uncommon trap: trap_request=0xffffffd6 fr.pc=0x00000248c8083f6c relative=0x0000000000005bec
Event: 63.783 Thread 0x000002491d6116f0 Uncommon trap: reason=array_check action=maybe_recompile pc=0x00000248c8083f6c method=com.sun.javafx.css.StyleCacheEntry$Key.<init>([Ljava/util/Set;Ljavafx/scene/text/Font;)V @ 38 c2
Event: 63.783 Thread 0x000002491d6116f0 DEOPT PACKING pc=0x00000248c8083f6c sp=0x00000097320fbfc0
Event: 63.783 Thread 0x000002491d6116f0 DEOPT UNPACKING pc=0x00000248c7894402 sp=0x00000097320fbea0 mode 2
Event: 63.783 Thread 0x000002491d6116f0 Uncommon trap: trap_request=0xffffffd6 fr.pc=0x00000248c8083f6c relative=0x0000000000005bec
Event: 63.783 Thread 0x000002491d6116f0 Uncommon trap: reason=array_check action=maybe_recompile pc=0x00000248c8083f6c method=com.sun.javafx.css.StyleCacheEntry$Key.<init>([Ljava/util/Set;Ljavafx/scene/text/Font;)V @ 38 c2
Event: 63.783 Thread 0x000002491d6116f0 DEOPT PACKING pc=0x00000248c8083f6c sp=0x00000097320fc000
Event: 63.783 Thread 0x000002491d6116f0 DEOPT UNPACKING pc=0x00000248c7894402 sp=0x00000097320fbee0 mode 2
Event: 63.783 Thread 0x000002491d6116f0 Uncommon trap: trap_request=0xffffffd6 fr.pc=0x00000248c8083f6c relative=0x0000000000005bec
Event: 63.783 Thread 0x000002491d6116f0 Uncommon trap: reason=array_check action=maybe_recompile pc=0x00000248c8083f6c method=com.sun.javafx.css.StyleCacheEntry$Key.<init>([Ljava/util/Set;Ljavafx/scene/text/Font;)V @ 38 c2
Event: 63.783 Thread 0x000002491d6116f0 DEOPT PACKING pc=0x00000248c8083f6c sp=0x00000097320fbfc0
Event: 63.783 Thread 0x000002491d6116f0 DEOPT UNPACKING pc=0x00000248c7894402 sp=0x00000097320fbea0 mode 2

Classes loaded (20 events):
Event: 49.453 Loading class java/time/Instant$1
Event: 49.453 Loading class java/time/Instant$1 done
Event: 49.465 Loading class java/util/TimerTask
Event: 49.465 Loading class java/util/TimerTask done
Event: 49.466 Loading class java/util/concurrent/atomic/AtomicIntegerFieldUpdater
Event: 49.466 Loading class java/util/concurrent/atomic/AtomicIntegerFieldUpdater done
Event: 49.466 Loading class java/util/concurrent/atomic/AtomicIntegerFieldUpdater$AtomicIntegerFieldUpdaterImpl
Event: 49.466 Loading class java/util/concurrent/atomic/AtomicIntegerFieldUpdater$AtomicIntegerFieldUpdaterImpl done
Event: 49.466 Loading class java/util/concurrent/atomic/AtomicIntegerFieldUpdater$AtomicIntegerFieldUpdaterImpl$1
Event: 49.466 Loading class java/util/concurrent/atomic/AtomicIntegerFieldUpdater$AtomicIntegerFieldUpdaterImpl$1 done
Event: 49.469 Loading class java/lang/invoke/DirectMethodHandle$Special
Event: 49.469 Loading class java/lang/invoke/DirectMethodHandle$Special done
Event: 49.473 Loading class java/net/UnknownHostException
Event: 49.473 Loading class java/net/UnknownHostException done
Event: 49.475 Loading class java/lang/invoke/StringConcatFactory$SimpleStringBuilderStrategy
Event: 49.475 Loading class java/lang/invoke/StringConcatFactory$SimpleStringBuilderStrategy done
Event: 49.475 Loading class java/lang/invoke/StringConcatFactory$SimpleStringBuilderStrategy$1
Event: 49.475 Loading class java/lang/invoke/StringConcatFactory$SimpleStringBuilderStrategy$1 done
Event: 49.475 Loading class java/lang/invoke/StringConcatFactory$SimpleStringBuilderStrategy$2
Event: 49.475 Loading class java/lang/invoke/StringConcatFactory$SimpleStringBuilderStrategy$2 done

Classes unloaded (0 events):
No events

Classes redefined (0 events):
No events

Internal exceptions (20 events):
Event: 49.299 Thread 0x000002491d6116f0 Exception <a 'java/lang/NoSuchMethodError'{0x000000070f999a28}: method resolution failed> (0x000000070f999a28) 
thrown [s\open\src\hotspot\share\prims\methodHandles.cpp, line 1145]
Event: 49.304 Thread 0x000002491d6116f0 Exception <a 'java/lang/NoSuchMethodError'{0x000000070f61e128}: 'java.lang.Object java.lang.invoke.DirectMethodHandle$Holder.invokeVirtual(java.lang.Object, java.lang.Object, java.lang.Object, java.lang.Object)'> (0x000000070f61e128) 
thrown [s\open\src\hotspot\share\interpreter\linkResolver.cpp, line 796]
Event: 49.310 Thread 0x000002491d6116f0 Exception <a 'java/lang/NoSuchMethodError'{0x000000070f66c738}: 'int java.lang.invoke.DirectMethodHandle$Holder.invokeStatic(java.lang.Object, java.lang.Object, java.lang.Object, java.lang.Object)'> (0x000000070f66c738) 
thrown [s\open\src\hotspot\share\interpreter\linkResolver.cpp, line 796]
Event: 49.310 Thread 0x000002491d6116f0 Exception <a 'java/lang/NoSuchMethodError'{0x000000070f670428}: 'int java.lang.invoke.DirectMethodHandle$Holder.invokeStaticInit(java.lang.Object, java.lang.Object, java.lang.Object, java.lang.Object)'> (0x000000070f670428) 
thrown [s\open\src\hotspot\share\interpreter\linkResolver.cpp, line 796]
Event: 49.311 Thread 0x000002491d6116f0 Exception <a 'java/lang/IncompatibleClassChangeError'{0x000000070f678a60}: Found class java.lang.Object, but interface was expected> (0x000000070f678a60) 
thrown [s\open\src\hotspot\share\interpreter\linkResolver.cpp, line 863]
Event: 49.334 Thread 0x000002491d6116f0 Implicit null exception at 0x00000248c7ee7175 to 0x00000248c7ee722c
Event: 49.356 Thread 0x000002491d6116f0 Exception <a 'java/lang/NoSuchMethodError'{0x000000070f407408}: 'java.lang.Object java.lang.invoke.DirectMethodHandle$Holder.invokeStaticInit(java.lang.Object, int, int, int, int)'> (0x000000070f407408) 
thrown [s\open\src\hotspot\share\interpreter\linkResolver.cpp, line 796]
Event: 49.363 Thread 0x000002491d6116f0 Exception <a 'java/lang/NoSuchMethodError'{0x000000070f45bb68}: 'java.lang.Object java.lang.invoke.DirectMethodHandle$Holder.invokeStaticInit(java.lang.Object, java.lang.Object, int, int, int, int)'> (0x000000070f45bb68) 
thrown [s\open\src\hotspot\share\interpreter\linkResolver.cpp, line 796]
Event: 49.368 Thread 0x000002491d6116f0 Exception <a 'java/lang/NoSuchMethodError'{0x000000070f477440}: 'java.lang.Object java.lang.invoke.DirectMethodHandle$Holder.invokeSpecialIFC(java.lang.Object, java.lang.Object, java.lang.Object, java.lang.Object)'> (0x000000070f477440) 
thrown [s\open\src\hotspot\share\interpreter\linkResolver.cpp, line 796]
Event: 49.377 Thread 0x000002491d6116f0 Exception <a 'sun/nio/fs/WindowsException'{0x000000070f531810}> (0x000000070f531810) 
thrown [s\open\src\hotspot\share\prims\jni.cpp, line 520]
Event: 49.391 Thread 0x000002491d6116f0 Exception <a 'java/lang/NoSuchMethodError'{0x000000070f5e3470}: 'int java.lang.invoke.DirectMethodHandle$Holder.invokeInterface(java.lang.Object, java.lang.Object, int)'> (0x000000070f5e3470) 
thrown [s\open\src\hotspot\share\interpreter\linkResolver.cpp, line 796]
Event: 49.391 Thread 0x000002491d6116f0 Exception <a 'java/lang/IncompatibleClassChangeError'{0x000000070f5e6a50}: Found class java.lang.Object, but interface was expected> (0x000000070f5e6a50) 
thrown [s\open\src\hotspot\share\interpreter\linkResolver.cpp, line 863]
Event: 49.432 Thread 0x000002491d6116f0 Implicit null exception at 0x00000248c8020df4 to 0x00000248c80216b0
Event: 49.462 Thread 0x000002491d6116f0 Exception <a 'java/lang/NoSuchMethodError'{0x00000007044c7cd0}: 'java.lang.Object java.lang.invoke.DirectMethodHandle$Holder.invokeStaticInit(java.lang.Object, java.lang.Object, java.lang.Object)'> (0x00000007044c7cd0) 
thrown [s\open\src\hotspot\share\interpreter\linkResolver.cpp, line 796]
Event: 49.478 Thread 0x000002491d6116f0 Exception <a 'java/lang/NoSuchMethodError'{0x00000007045ba038}: 'java.lang.Object java.lang.invoke.Invokers$Holder.linkToTargetMethod(java.lang.Object, java.lang.Object, java.lang.Object, java.lang.Object, java.lang.Object, java.lang.Object, java.lang.Object, java.lang.Object, java.lang.Object, java.lang.Object, java.lang.Object, java.lang.Object, java.lang.Object, java.lang.Object, java.lang.Object, java.lang.Object, java.lang.Object, java.lang.Object, java.lang.Object, java.lang.Object, java.lang.Object,
Event: 49.591 Thread 0x000002491d6116f0 Implicit null exception at 0x00000248c8025f1a to 0x00000248c80268b4
Event: 49.592 Thread 0x000002491d6116f0 Implicit null exception at 0x00000248c802af64 to 0x00000248c80329e8
Event: 49.748 Thread 0x000002491d6116f0 Exception <a 'java/io/FileNotFoundException'{0x00000007040ed738}> (0x00000007040ed738) 
thrown [s\open\src\hotspot\share\prims\jni.cpp, line 520]
Event: 49.782 Thread 0x000002491dd22130 Implicit null exception at 0x00000248c7fb2af7 to 0x00000248c7fb486c
Event: 49.782 Thread 0x000002491dd22130 Implicit null exception at 0x00000248c7fa1f29 to 0x00000248c7fa4f38

VM Operations (20 events):
Event: 49.303 Executing VM operation: HandshakeAllThreads (Deoptimize) done
Event: 49.345 Executing VM operation: HandshakeAllThreads (Deoptimize)
Event: 49.346 Executing VM operation: HandshakeAllThreads (Deoptimize) done
Event: 49.381 Executing VM operation: HandshakeAllThreads (Deoptimize)
Event: 49.382 Executing VM operation: HandshakeAllThreads (Deoptimize) done
Event: 49.390 Executing VM operation: HandshakeAllThreads (Deoptimize)
Event: 49.390 Executing VM operation: HandshakeAllThreads (Deoptimize) done
Event: 49.394 Executing VM operation: CollectForMetadataAllocation (Metadata GC Threshold)
Event: 49.399 Executing VM operation: CollectForMetadataAllocation (Metadata GC Threshold) done
Event: 49.403 Executing VM operation: G1PauseRemark
Event: 49.405 Executing VM operation: G1PauseRemark done
Event: 49.406 Executing VM operation: G1PauseCleanup
Event: 49.406 Executing VM operation: G1PauseCleanup done
Event: 49.769 Executing VM operation: HandshakeAllThreads (Deoptimize)
Event: 49.769 Executing VM operation: HandshakeAllThreads (Deoptimize) done
Event: 60.044 Executing VM operation: HandshakeAllThreads (HandshakeForDeflation)
Event: 60.044 Executing VM operation: HandshakeAllThreads (HandshakeForDeflation) done
Event: 60.044 Executing VM operation: RendezvousGCThreads
Event: 60.044 Executing VM operation: RendezvousGCThreads done
Event: 63.902 Executing VM operation: Exit

Memory protections (0 events):
No events

Nmethod flushes (0 events):
No events

Events (20 events):
Event: 2.344 Thread 0x0000024925adec70 Thread exited: 0x0000024925adec70
Event: 2.471 Thread 0x0000024925aff8f0 Thread exited: 0x0000024925aff8f0
Event: 6.300 Thread 0x00000248d7635d20 Thread added: 0x000002491de4d840
Event: 6.371 Thread 0x00000248d7635d20 Thread added: 0x000002491d284750
Event: 6.715 Thread 0x000002491d284750 Thread exited: 0x000002491d284750
Event: 6.742 Thread 0x000002491de4d840 Thread exited: 0x000002491de4d840
Event: 26.317 Thread 0x00000248d7635d20 Thread added: 0x000002491e030b90
Event: 26.579 Thread 0x000002491e030b90 Thread exited: 0x000002491e030b90
Event: 40.471 Thread 0x00000248d762f250 Thread added: 0x000002491d6169f0
Event: 41.133 Thread 0x000002491d6169f0 Thread exited: 0x000002491d6169f0
Event: 49.374 Thread 0x00000248d7635d20 Thread added: 0x00000248d76cf6b0
Event: 49.422 Thread 0x00000248d7635d20 Thread added: 0x00000248d76cfd80
Event: 49.463 Thread 0x000002491d6116f0 Thread added: 0x000002491d474e00
Event: 50.550 Thread 0x00000248d76cfd80 Thread exited: 0x00000248d76cfd80
Event: 50.550 Thread 0x00000248d76cf6b0 Thread exited: 0x00000248d76cf6b0
Event: 63.901 Thread 0x000002491d6116f0 Thread added: 0x000002491d478280
Event: 63.901 Thread 0x000002491d6116f0 Thread added: 0x000002491d472010
Event: 63.901 Thread 0x000002491d478280 Thread exited: 0x000002491d478280
Event: 63.902 Thread 0x000002491d472010 Thread exited: 0x000002491d472010
Event: 63.902 Thread 0x000002491d6116f0 Before exit entered


Dynamic libraries:
0x00007ff744120000 - 0x00007ff74412e000 	C:\Users\Anwender\.jdks\openjdk-23.0.1\bin\java.exe
0x00007ff9f9410000 - 0x00007ff9f9608000 	C:\WINDOWS\SYSTEM32\ntdll.dll
0x00007ff9f8130000 - 0x00007ff9f81f2000 	C:\WINDOWS\System32\KERNEL32.DLL
0x00007ff9f6c00000 - 0x00007ff9f6eff000 	C:\WINDOWS\System32\KERNELBASE.dll
0x00007ff9f6f80000 - 0x00007ff9f7080000 	C:\WINDOWS\System32\ucrtbase.dll
0x00007ff9f3860000 - 0x00007ff9f387b000 	C:\Users\Anwender\.jdks\openjdk-23.0.1\bin\VCRUNTIME140.dll
0x00007ff9f3880000 - 0x00007ff9f3897000 	C:\Users\Anwender\.jdks\openjdk-23.0.1\bin\jli.dll
0x00007ff9f88e0000 - 0x00007ff9f8a7d000 	C:\WINDOWS\System32\USER32.dll
0x00007ff9e26d0000 - 0x00007ff9e296a000 	C:\WINDOWS\WinSxS\amd64_microsoft.windows.common-controls_6595b64144ccf1df_6.0.19041.4355_none_60b8b9eb71f62e16\COMCTL32.dll
0x00007ff9f73f0000 - 0x00007ff9f7412000 	C:\WINDOWS\System32\win32u.dll
0x00007ff9f8c50000 - 0x00007ff9f8c7b000 	C:\WINDOWS\System32\GDI32.dll
0x00007ff9f78c0000 - 0x00007ff9f795e000 	C:\WINDOWS\System32\msvcrt.dll
0x00007ff9f7180000 - 0x00007ff9f7297000 	C:\WINDOWS\System32\gdi32full.dll
0x00007ff9f7350000 - 0x00007ff9f73ed000 	C:\WINDOWS\System32\msvcp_win.dll
0x00007ff9f8c80000 - 0x00007ff9f8caf000 	C:\WINDOWS\System32\IMM32.DLL
0x00007ff9f4110000 - 0x00007ff9f411c000 	C:\Users\Anwender\.jdks\openjdk-23.0.1\bin\vcruntime140_1.dll
0x00007ff98ce40000 - 0x00007ff98cece000 	C:\Users\Anwender\.jdks\openjdk-23.0.1\bin\msvcp140.dll
0x00007ff8f7840000 - 0x00007ff8f858f000 	C:\Users\Anwender\.jdks\openjdk-23.0.1\bin\server\jvm.dll
0x00007ff9f9310000 - 0x00007ff9f93c1000 	C:\WINDOWS\System32\ADVAPI32.dll
0x00007ff9f8ae0000 - 0x00007ff9f8b7f000 	C:\WINDOWS\System32\sechost.dll
0x00007ff9f8d80000 - 0x00007ff9f8ea3000 	C:\WINDOWS\System32\RPCRT4.dll
0x00007ff9f6f00000 - 0x00007ff9f6f27000 	C:\WINDOWS\System32\bcrypt.dll
0x00007ff9f8b80000 - 0x00007ff9f8beb000 	C:\WINDOWS\System32\WS2_32.dll
0x00007ff9f6030000 - 0x00007ff9f607b000 	C:\WINDOWS\SYSTEM32\POWRPROF.dll
0x00007ff9eef20000 - 0x00007ff9eef2a000 	C:\WINDOWS\SYSTEM32\VERSION.dll
0x00007ff9ed3c0000 - 0x00007ff9ed3e7000 	C:\WINDOWS\SYSTEM32\WINMM.dll
0x00007ff9f5ea0000 - 0x00007ff9f5eb2000 	C:\WINDOWS\SYSTEM32\UMPDC.dll
0x00007ff9f4940000 - 0x00007ff9f4952000 	C:\WINDOWS\SYSTEM32\kernel.appcore.dll
0x00007ff9f3850000 - 0x00007ff9f385a000 	C:\Users\Anwender\.jdks\openjdk-23.0.1\bin\jimage.dll
0x00007ff9ec410000 - 0x00007ff9ec5f4000 	C:\WINDOWS\SYSTEM32\DBGHELP.DLL
0x00007ff9d0fc0000 - 0x00007ff9d0ff4000 	C:\WINDOWS\SYSTEM32\dbgcore.DLL
0x00007ff9f70f0000 - 0x00007ff9f7172000 	C:\WINDOWS\System32\bcryptPrimitives.dll
0x00007ff9f3820000 - 0x00007ff9f382f000 	C:\Users\Anwender\.jdks\openjdk-23.0.1\bin\instrument.dll
0x00007ff9f3830000 - 0x00007ff9f384e000 	C:\Users\Anwender\.jdks\openjdk-23.0.1\bin\java.dll
0x00007ff9f8660000 - 0x00007ff9f878b000 	C:\WINDOWS\System32\ole32.dll
0x00007ff9f8ec0000 - 0x00007ff9f9215000 	C:\WINDOWS\System32\combase.dll
0x00007ff9f79c0000 - 0x00007ff9f812e000 	C:\WINDOWS\System32\SHELL32.dll
0x00007ff9f4b40000 - 0x00007ff9f52e4000 	C:\WINDOWS\SYSTEM32\windows.storage.dll
0x00007ff9f64d0000 - 0x00007ff9f64ff000 	C:\WINDOWS\SYSTEM32\Wldp.dll
0x00007ff9f8cb0000 - 0x00007ff9f8d7d000 	C:\WINDOWS\System32\OLEAUT32.dll
0x00007ff9f8830000 - 0x00007ff9f88dd000 	C:\WINDOWS\System32\SHCORE.dll
0x00007ff9f8bf0000 - 0x00007ff9f8c45000 	C:\WINDOWS\System32\shlwapi.dll
0x00007ff9f69d0000 - 0x00007ff9f69f4000 	C:\WINDOWS\SYSTEM32\profapi.dll
0x00007ff971580000 - 0x00007ff971657000 	C:\Users\Anwender\.jdks\openjdk-23.0.1\bin\jsvml.dll
0x00007ff9f3810000 - 0x00007ff9f3820000 	C:\Users\Anwender\.jdks\openjdk-23.0.1\bin\net.dll
0x00007ff9f6230000 - 0x00007ff9f629a000 	C:\WINDOWS\system32\mswsock.dll
0x00007ff9f0b60000 - 0x00007ff9f0b76000 	C:\Users\Anwender\.jdks\openjdk-23.0.1\bin\nio.dll
0x00007ff9e5f90000 - 0x00007ff9e5fa7000 	C:\Users\Anwender\.jdks\openjdk-23.0.1\bin\zip.dll
0x00007ff9e4190000 - 0x00007ff9e41aa000 	C:\Program Files\JetBrains\IntelliJ IDEA 2024.2.4\bin\breakgen64.dll
0x00007ff9f2f20000 - 0x00007ff9f2f29000 	C:\Users\Anwender\.jdks\openjdk-23.0.1\bin\extnet.dll
0x00000248b7b80000 - 0x00000248b7b83000 	C:\Users\Anwender\Downloads\openjfx-23.0.1_windows-x64_bin-sdk\javafx-sdk-23.0.1\bin\api-ms-win-core-console-l1-1-0.dll
0x00000248b7b90000 - 0x00000248b7b93000 	C:\Users\Anwender\Downloads\openjfx-23.0.1_windows-x64_bin-sdk\javafx-sdk-23.0.1\bin\api-ms-win-core-console-l1-2-0.dll
0x00000248d7a60000 - 0x00000248d7a63000 	C:\Users\Anwender\Downloads\openjfx-23.0.1_windows-x64_bin-sdk\javafx-sdk-23.0.1\bin\api-ms-win-core-datetime-l1-1-0.dll
0x00000248d7a70000 - 0x00000248d7a73000 	C:\Users\Anwender\Downloads\openjfx-23.0.1_windows-x64_bin-sdk\javafx-sdk-23.0.1\bin\api-ms-win-core-debug-l1-1-0.dll
0x00000248d7a80000 - 0x00000248d7a83000 	C:\Users\Anwender\Downloads\openjfx-23.0.1_windows-x64_bin-sdk\javafx-sdk-23.0.1\bin\api-ms-win-core-errorhandling-l1-1-0.dll
0x00000248d7a90000 - 0x00000248d7a94000 	C:\Users\Anwender\Downloads\openjfx-23.0.1_windows-x64_bin-sdk\javafx-sdk-23.0.1\bin\api-ms-win-core-file-l1-1-0.dll
0x00000248d7be0000 - 0x00000248d7be3000 	C:\Users\Anwender\Downloads\openjfx-23.0.1_windows-x64_bin-sdk\javafx-sdk-23.0.1\bin\api-ms-win-core-file-l1-2-0.dll
0x00000248d7aa0000 - 0x00000248d7aa3000 	C:\Users\Anwender\Downloads\openjfx-23.0.1_windows-x64_bin-sdk\javafx-sdk-23.0.1\bin\api-ms-win-core-file-l2-1-0.dll
0x00000248d7ab0000 - 0x00000248d7ab3000 	C:\Users\Anwender\Downloads\openjfx-23.0.1_windows-x64_bin-sdk\javafx-sdk-23.0.1\bin\api-ms-win-core-handle-l1-1-0.dll
0x00000248d7ac0000 - 0x00000248d7ac3000 	C:\Users\Anwender\Downloads\openjfx-23.0.1_windows-x64_bin-sdk\javafx-sdk-23.0.1\bin\api-ms-win-core-heap-l1-1-0.dll
0x00000248d7ad0000 - 0x00000248d7ad3000 	C:\Users\Anwender\Downloads\openjfx-23.0.1_windows-x64_bin-sdk\javafx-sdk-23.0.1\bin\api-ms-win-core-interlocked-l1-1-0.dll
0x00000248d7ae0000 - 0x00000248d7ae3000 	C:\Users\Anwender\Downloads\openjfx-23.0.1_windows-x64_bin-sdk\javafx-sdk-23.0.1\bin\api-ms-win-core-libraryloader-l1-1-0.dll
0x00000248d7af0000 - 0x00000248d7af3000 	C:\Users\Anwender\Downloads\openjfx-23.0.1_windows-x64_bin-sdk\javafx-sdk-23.0.1\bin\api-ms-win-core-localization-l1-2-0.dll
0x00000248d7b00000 - 0x00000248d7b03000 	C:\Users\Anwender\Downloads\openjfx-23.0.1_windows-x64_bin-sdk\javafx-sdk-23.0.1\bin\api-ms-win-core-memory-l1-1-0.dll
0x00000248d7b10000 - 0x00000248d7b13000 	C:\Users\Anwender\Downloads\openjfx-23.0.1_windows-x64_bin-sdk\javafx-sdk-23.0.1\bin\api-ms-win-core-namedpipe-l1-1-0.dll
0x00000248d7b20000 - 0x00000248d7b23000 	C:\Users\Anwender\Downloads\openjfx-23.0.1_windows-x64_bin-sdk\javafx-sdk-23.0.1\bin\api-ms-win-core-processenvironment-l1-1-0.dll
0x00000248d7b30000 - 0x00000248d7b33000 	C:\Users\Anwender\Downloads\openjfx-23.0.1_windows-x64_bin-sdk\javafx-sdk-23.0.1\bin\api-ms-win-core-processthreads-l1-1-0.dll
0x00000248d7b40000 - 0x00000248d7b43000 	C:\Users\Anwender\Downloads\openjfx-23.0.1_windows-x64_bin-sdk\javafx-sdk-23.0.1\bin\api-ms-win-core-processthreads-l1-1-1.dll
0x00000248d7b50000 - 0x00000248d7b53000 	C:\Users\Anwender\Downloads\openjfx-23.0.1_windows-x64_bin-sdk\javafx-sdk-23.0.1\bin\api-ms-win-core-profile-l1-1-0.dll
0x00000248d7b60000 - 0x00000248d7b63000 	C:\Users\Anwender\Downloads\openjfx-23.0.1_windows-x64_bin-sdk\javafx-sdk-23.0.1\bin\api-ms-win-core-rtlsupport-l1-1-0.dll
0x00000248d7b70000 - 0x00000248d7b73000 	C:\Users\Anwender\Downloads\openjfx-23.0.1_windows-x64_bin-sdk\javafx-sdk-23.0.1\bin\api-ms-win-core-string-l1-1-0.dll
0x00000248d7b80000 - 0x00000248d7b83000 	C:\Users\Anwender\Downloads\openjfx-23.0.1_windows-x64_bin-sdk\javafx-sdk-23.0.1\bin\api-ms-win-core-synch-l1-1-0.dll
0x00000248d7b90000 - 0x00000248d7b93000 	C:\Users\Anwender\Downloads\openjfx-23.0.1_windows-x64_bin-sdk\javafx-sdk-23.0.1\bin\api-ms-win-core-synch-l1-2-0.dll
0x00000248d7ba0000 - 0x00000248d7ba3000 	C:\Users\Anwender\Downloads\openjfx-23.0.1_windows-x64_bin-sdk\javafx-sdk-23.0.1\bin\api-ms-win-core-sysinfo-l1-1-0.dll
0x00000248d7bb0000 - 0x00000248d7bb3000 	C:\Users\Anwender\Downloads\openjfx-23.0.1_windows-x64_bin-sdk\javafx-sdk-23.0.1\bin\api-ms-win-core-timezone-l1-1-0.dll
0x00000248d7bc0000 - 0x00000248d7bc3000 	C:\Users\Anwender\Downloads\openjfx-23.0.1_windows-x64_bin-sdk\javafx-sdk-23.0.1\bin\api-ms-win-core-util-l1-1-0.dll
0x00000248d7bd0000 - 0x00000248d7bd3000 	C:\Users\Anwender\Downloads\openjfx-23.0.1_windows-x64_bin-sdk\javafx-sdk-23.0.1\bin\api-ms-win-crt-conio-l1-1-0.dll
0x00000248d7bf0000 - 0x00000248d7bf4000 	C:\Users\Anwender\Downloads\openjfx-23.0.1_windows-x64_bin-sdk\javafx-sdk-23.0.1\bin\api-ms-win-crt-convert-l1-1-0.dll
0x00000248d7c00000 - 0x00000248d7c03000 	C:\Users\Anwender\Downloads\openjfx-23.0.1_windows-x64_bin-sdk\javafx-sdk-23.0.1\bin\api-ms-win-crt-environment-l1-1-0.dll
0x00000248d7c10000 - 0x00000248d7c13000 	C:\Users\Anwender\Downloads\openjfx-23.0.1_windows-x64_bin-sdk\javafx-sdk-23.0.1\bin\api-ms-win-crt-filesystem-l1-1-0.dll
0x00000248d7c20000 - 0x00000248d7c23000 	C:\Users\Anwender\Downloads\openjfx-23.0.1_windows-x64_bin-sdk\javafx-sdk-23.0.1\bin\api-ms-win-crt-heap-l1-1-0.dll
0x00000248d7c30000 - 0x00000248d7c33000 	C:\Users\Anwender\Downloads\openjfx-23.0.1_windows-x64_bin-sdk\javafx-sdk-23.0.1\bin\api-ms-win-crt-locale-l1-1-0.dll
0x00000248d7c40000 - 0x00000248d7c45000 	C:\Users\Anwender\Downloads\openjfx-23.0.1_windows-x64_bin-sdk\javafx-sdk-23.0.1\bin\api-ms-win-crt-math-l1-1-0.dll
0x00000248d7c50000 - 0x00000248d7c55000 	C:\Users\Anwender\Downloads\openjfx-23.0.1_windows-x64_bin-sdk\javafx-sdk-23.0.1\bin\api-ms-win-crt-multibyte-l1-1-0.dll
0x00000248d7c60000 - 0x00000248d7c70000 	C:\Users\Anwender\Downloads\openjfx-23.0.1_windows-x64_bin-sdk\javafx-sdk-23.0.1\bin\api-ms-win-crt-private-l1-1-0.dll
0x00000248d7fd0000 - 0x00000248d7fd3000 	C:\Users\Anwender\Downloads\openjfx-23.0.1_windows-x64_bin-sdk\javafx-sdk-23.0.1\bin\api-ms-win-crt-process-l1-1-0.dll
0x00000248d7fe0000 - 0x00000248d7fe4000 	C:\Users\Anwender\Downloads\openjfx-23.0.1_windows-x64_bin-sdk\javafx-sdk-23.0.1\bin\api-ms-win-crt-runtime-l1-1-0.dll
0x00000248d7ff0000 - 0x00000248d7ff4000 	C:\Users\Anwender\Downloads\openjfx-23.0.1_windows-x64_bin-sdk\javafx-sdk-23.0.1\bin\api-ms-win-crt-stdio-l1-1-0.dll
0x000002491e7d0000 - 0x000002491e7d4000 	C:\Users\Anwender\Downloads\openjfx-23.0.1_windows-x64_bin-sdk\javafx-sdk-23.0.1\bin\api-ms-win-crt-string-l1-1-0.dll
0x000002491e7e0000 - 0x000002491e7e3000 	C:\Users\Anwender\Downloads\openjfx-23.0.1_windows-x64_bin-sdk\javafx-sdk-23.0.1\bin\api-ms-win-crt-time-l1-1-0.dll
0x000002491e7f0000 - 0x000002491e7f3000 	C:\Users\Anwender\Downloads\openjfx-23.0.1_windows-x64_bin-sdk\javafx-sdk-23.0.1\bin\api-ms-win-crt-utility-l1-1-0.dll
0x00007ff93ae00000 - 0x00007ff93aefc000 	C:\Users\Anwender\Downloads\openjfx-23.0.1_windows-x64_bin-sdk\javafx-sdk-23.0.1\bin\ucrtbase.dll
0x00007ff9d8d30000 - 0x00007ff9d8d4b000 	C:\Users\Anwender\Downloads\openjfx-23.0.1_windows-x64_bin-sdk\javafx-sdk-23.0.1\bin\vcruntime140.dll
0x00007ff9eab80000 - 0x00007ff9eab8c000 	C:\Users\Anwender\Downloads\openjfx-23.0.1_windows-x64_bin-sdk\javafx-sdk-23.0.1\bin\vcruntime140_1.dll
0x00007ff97bf00000 - 0x00007ff97bf8e000 	C:\Users\Anwender\Downloads\openjfx-23.0.1_windows-x64_bin-sdk\javafx-sdk-23.0.1\bin\msvcp140.dll
0x00007ff9e4eb0000 - 0x00007ff9e4eb9000 	C:\Users\Anwender\Downloads\openjfx-23.0.1_windows-x64_bin-sdk\javafx-sdk-23.0.1\bin\msvcp140_1.dll
0x00007ff9c70d0000 - 0x00007ff9c7111000 	C:\Users\Anwender\Downloads\openjfx-23.0.1_windows-x64_bin-sdk\javafx-sdk-23.0.1\bin\msvcp140_2.dll
0x00007ff9d76f0000 - 0x00007ff9d7720000 	C:\Users\Anwender\Downloads\openjfx-23.0.1_windows-x64_bin-sdk\javafx-sdk-23.0.1\bin\prism_d3d.dll
0x00007ff9d3970000 - 0x00007ff9d3b41000 	C:\WINDOWS\system32\d3d9.dll
0x00007ff9f4760000 - 0x00007ff9f478f000 	C:\WINDOWS\SYSTEM32\dwmapi.dll
0x00007ff9f4450000 - 0x00007ff9f44ee000 	C:\WINDOWS\system32\uxtheme.dll
0x00007ff9e9c60000 - 0x00007ff9e9d24000 	C:\WINDOWS\System32\DriverStore\FileRepository\nv_dispi.inf_amd64_adf5a840df867035\nvldumdx.dll
0x00007ff9f6660000 - 0x00007ff9f6672000 	C:\WINDOWS\SYSTEM32\msasn1.dll
0x00007ff9eed70000 - 0x00007ff9eeda1000 	C:\WINDOWS\SYSTEM32\cryptnet.dll
0x00007ff9f6aa0000 - 0x00007ff9f6bfc000 	C:\WINDOWS\System32\CRYPT32.dll
0x00007ff9f6420000 - 0x00007ff9f642c000 	C:\WINDOWS\SYSTEM32\cryptbase.dll
0x00007ff9eec00000 - 0x00007ff9eed47000 	C:\WINDOWS\SYSTEM32\drvstore.dll
0x00007ff9f6830000 - 0x00007ff9f6863000 	C:\WINDOWS\SYSTEM32\devobj.dll
0x00007ff9f6f30000 - 0x00007ff9f6f7e000 	C:\WINDOWS\System32\cfgmgr32.dll
0x00007ff9f7080000 - 0x00007ff9f70e9000 	C:\WINDOWS\System32\wintrust.dll
0x00007ff9f78a0000 - 0x00007ff9f78bd000 	C:\WINDOWS\System32\imagehlp.dll
0x00007ff9f6430000 - 0x00007ff9f6448000 	C:\WINDOWS\SYSTEM32\CRYPTSP.dll
0x00007ff9f5ae0000 - 0x00007ff9f5b14000 	C:\WINDOWS\system32\rsaenh.dll
0x00007ff9e6140000 - 0x00007ff9e8e50000 	C:\WINDOWS\System32\DriverStore\FileRepository\nv_dispi.inf_amd64_adf5a840df867035\nvgpucomp64.dll
0x00007ff93c440000 - 0x00007ff93e1cc000 	C:\WINDOWS\System32\DriverStore\FileRepository\nv_dispi.inf_amd64_adf5a840df867035\nvd3dumx.dll
0x00007ff9c5fb0000 - 0x00007ff9c5ff5000 	C:\Users\Anwender\Downloads\openjfx-23.0.1_windows-x64_bin-sdk\javafx-sdk-23.0.1\bin\glass.dll
0x00007ff9f8320000 - 0x00007ff9f83fa000 	C:\WINDOWS\System32\COMDLG32.dll
0x00007ff9f8200000 - 0x00007ff9f8315000 	C:\WINDOWS\System32\MSCTF.dll
0x00007ff98bc50000 - 0x00007ff98bf20000 	C:\WINDOWS\system32\nvspcap64.dll
0x00007ff9f5d30000 - 0x00007ff9f5d63000 	C:\WINDOWS\SYSTEM32\ntmarta.dll
0x00007ff9f5300000 - 0x00007ff9f5323000 	C:\WINDOWS\SYSTEM32\gpapi.dll
0x00007ff9a64c0000 - 0x00007ff9a6615000 	C:\WINDOWS\System32\DriverStore\FileRepository\nv_dispi.inf_amd64_adf5a840df867035\nvppex.dll
0x00007ff9ea0d0000 - 0x00007ff9ea10b000 	C:\WINDOWS\SYSTEM32\dxcore.dll
0x00007ff9f8400000 - 0x00007ff9f84a9000 	C:\WINDOWS\System32\clbcatq.dll
0x00007ff9e9620000 - 0x00007ff9e975f000 	C:\Windows\System32\Windows.UI.dll
0x00007ff9e93c0000 - 0x00007ff9e9512000 	C:\Windows\System32\InputHost.dll
0x00007ff9edbe0000 - 0x00007ff9edc81000 	C:\Windows\System32\WindowManagementAPI.dll
0x00007ff9e9520000 - 0x00007ff9e9619000 	C:\Windows\System32\TextInputFramework.dll

dbghelp: loaded successfully - version: 4.0.5 - missing functions: none
symbol engine: initialized successfully - sym options: 0x614 - pdb path: .;C:\Users\Anwender\.jdks\openjdk-23.0.1\bin;C:\WINDOWS\SYSTEM32;C:\WINDOWS\WinSxS\amd64_microsoft.windows.common-controls_6595b64144ccf1df_6.0.19041.4355_none_60b8b9eb71f62e16;C:\Users\Anwender\.jdks\openjdk-23.0.1\bin\server;C:\Program Files\JetBrains\IntelliJ IDEA 2024.2.4\bin;C:\Users\Anwender\Downloads\openjfx-23.0.1_windows-x64_bin-sdk\javafx-sdk-23.0.1\bin;C:\WINDOWS\System32\DriverStore\FileRepository\nv_dispi.inf_amd64_adf5a840df867035;C:\Program Files\Common Files\Microsoft Shared\Ink

VM Arguments:
jvm_args: --module-path=C:\Users\Anwender\Downloads\openjfx-23.0.1_windows-x64_bin-sdk\javafx-sdk-23.0.1\lib --add-modules=javafx.controls,javafx.fxml --enable-preview -javaagent:C:\Program Files\JetBrains\IntelliJ IDEA 2024.2.4\lib\idea_rt.jar=8565:C:\Program Files\JetBrains\IntelliJ IDEA 2024.2.4\bin -Dfile.encoding=UTF-8 -Dsun.stdout.encoding=UTF-8 -Dsun.stderr.encoding=UTF-8 
java_command: Main
java_class_path (initial): C:\Users\Anwender\IdeaProjects\demo3\target\classes;C:\Users\Anwender\.m2\repository\org\openjfx\javafx-controls\17.0.6\javafx-controls-17.0.6.jar;C:\Users\Anwender\.m2\repository\org\openjfx\javafx-controls\17.0.6\javafx-controls-17.0.6-win.jar;C:\Users\Anwender\.m2\repository\org\openjfx\javafx-graphics\17.0.6\javafx-graphics-17.0.6.jar;C:\Users\Anwender\.m2\repository\org\openjfx\javafx-graphics\17.0.6\javafx-graphics-17.0.6-win.jar;C:\Users\Anwender\.m2\repository\org\openjfx\javafx-base\17.0.6\javafx-base-17.0.6.jar;C:\Users\Anwender\.m2\repository\org\openjfx\javafx-base\17.0.6\javafx-base-17.0.6-win.jar;C:\Users\Anwender\.m2\repository\org\openjfx\javafx-fxml\17.0.6\javafx-fxml-17.0.6.jar;C:\Users\Anwender\.m2\repository\org\openjfx\javafx-fxml\17.0.6\javafx-fxml-17.0.6-win.jar;C:\Users\Anwender\.m2\repository\com\itextpdf\itextpdf\5.5.13.2\itextpdf-5.5.13.2.jar;C:\Users\Anwender\Downloads\postgresql-42.7.4.jar
Launcher Type: SUN_STANDARD

[Global flags]
     intx CICompilerCount                          = 4                                         {product} {ergonomic}
     uint ConcGCThreads                            = 3                                         {product} {ergonomic}
     uint G1ConcRefinementThreads                  = 10                                        {product} {ergonomic}
   size_t G1HeapRegionSize                         = 2097152                                   {product} {ergonomic}
   size_t InitialHeapSize                          = 268435456                                 {product} {ergonomic}
   size_t MarkStackSize                            = 4194304                                   {product} {ergonomic}
   size_t MarkStackSizeMax                         = 536870912                                 {product} {ergonomic}
   size_t MaxHeapSize                              = 4278190080                                {product} {ergonomic}
   size_t MaxNewSize                               = 2566914048                                {product} {ergonomic}
   size_t MinHeapDeltaBytes                        = 2097152                                   {product} {ergonomic}
   size_t MinHeapSize                              = 8388608                                   {product} {ergonomic}
    uintx NonNMethodCodeHeapSize                   = 5832704                                {pd product} {ergonomic}
    uintx NonProfiledCodeHeapSize                  = 122945536                              {pd product} {ergonomic}
    uintx ProfiledCodeHeapSize                     = 122880000                              {pd product} {ergonomic}
    uintx ReservedCodeCacheSize                    = 251658240                              {pd product} {ergonomic}
     bool SegmentedCodeCache                       = true                                      {product} {ergonomic}
   size_t SoftMaxHeapSize                          = 4278190080                             {manageable} {ergonomic}
     bool UseCompressedOops                        = true                           {product lp64_product} {ergonomic}
     bool UseG1GC                                  = true                                      {product} {ergonomic}
     bool UseLargePagesIndividualAllocation        = false                                  {pd product} {ergonomic}

Logging:
Log output configuration:
 #0: stdout all=off uptime,level,tags foldmultilines=false
 #1: stderr all=off uptime,level,tags foldmultilines=false

Environment Variables:
CLASSPATH=C:\Users\Anwender\Downloads\openjfx-23.0.1_windows-x64_bin-sdk\javafx-sdk-23.0.1\bin
PATH=C:\Program Files\Common Files\Oracle\Java\javapath;C:\WINDOWS\system32;C:\WINDOWS;C:\WINDOWS\System32\Wbem;C:\WINDOWS\System32\WindowsPowerShell\v1.0\;C:\WINDOWS\System32\OpenSSH\;C:\Program Files\NVIDIA Corporation\NVIDIA NvDLISR;C:\Program Files (x86)\NVIDIA Corporation\PhysX\Common;C:\Program Files\dotnet\;C:\Users\Anwender\.jdks\openjdk-23.0.1\bin;C:\Users\Anwender\Downloads\openjfx-23.0.1_windows-x64_bin-sdk\javafx-sdk-23.0.1\bin;C:\Users\Anwender\AppData\Local\Programs\Python\Python312\Scripts\;C:\Users\Anwender\AppData\Local\Programs\Python\Python312\;C:\Users\Anwender\AppData\Local\Microsoft\WindowsApps;C:\Users\Anwender\AppData\Local\Programs\Microsoft VS Code\bin;C:\Users\Anwender\.jdks\openjdk-23.0.1\bin;
USERNAME=Anwender
OS=Windows_NT
PROCESSOR_IDENTIFIER=AMD64 Family 23 Model 113 Stepping 0, AuthenticAMD
TMP=C:\Users\Anwender\AppData\Local\Temp
TEMP=C:\Users\Anwender\AppData\Local\Temp




Periodic native trim disabled

---------------  S Y S T E M  ---------------

OS:
 Windows 10 , 64 bit Build 19041 (10.0.19041.5198)
OS uptime: 6 days 15:00 hours

CPU: total 12 (initial active 12) (12 cores per cpu, 2 threads per core) family 23 model 113 stepping 0 microcode 0x0, cx8, cmov, fxsr, ht, mmx, 3dnowpref, sse, sse2, sse3, ssse3, sse4a, sse4.1, sse4.2, popcnt, lzcnt, tsc, tscinvbit, avx, avx2, aes, clmul, bmi1, bmi2, adx, sha, fma, vzeroupper, clflush, clflushopt, rdtscp, rdpid, f16c
Processor Information for the first 12 processors :
  Max Mhz: 3593, Current Mhz: 3593, Mhz Limit: 3593

Memory: 4k page, system-wide physical 16313M (5637M free)
TotalPageFile size 23993M (AvailPageFile size 8428M)
current process WorkingSet (physical memory assigned to process): 181M, peak: 211M
current process commit charge ("private bytes"): 322M, peak: 498M

vm_info: OpenJDK 64-Bit Server VM (23.0.1+11-39) for windows-amd64 JRE (23.0.1+11-39), built on 2024-09-30T07:20:43Z with MS VC++ 17.6 (VS2022)

END.
