#
# A fatal error has been detected by the Java Runtime Environment:
#
#  EXCEPTION_ACCESS_VIOLATION (0xc0000005) at pc=0x00007ffc32c58427, pid=23720, tid=23504
#
# JRE version: OpenJDK Runtime Environment (23.0.1+11) (build 23.0.1+11-39)
# Java VM: OpenJDK 64-Bit Server VM (23.0.1+11-39, mixed mode, sharing, tiered, compressed oops, compressed class ptrs, g1 gc, windows-amd64)
# Problematic frame:
# C  [glass.dll+0x28427]
#
# No core dump will be written. Minidumps are not enabled by default on client versions of Windows
#
# If you would like to submit a bug report, please visit:
#   https://bugreport.java.com/bugreport/crash.jsp
#

---------------  S U M M A R Y ------------

Command Line: --module-path=C:\Users\Anwender\Downloads\openjfx-23.0.1_windows-x64_bin-sdk\javafx-sdk-23.0.1\lib --add-modules=javafx.controls,javafx.fxml --enable-preview -javaagent:C:\Program Files\JetBrains\IntelliJ IDEA 2024.2.4\lib\idea_rt.jar=32562:C:\Program Files\JetBrains\IntelliJ IDEA 2024.2.4\bin -Dfile.encoding=UTF-8 -Dsun.stdout.encoding=UTF-8 -Dsun.stderr.encoding=UTF-8 Main

Host: AMD Ryzen 5 3600 6-Core Processor              , 12 cores, 15G,  Windows 10 , 64 bit Build 19041 (10.0.19041.5678)
Time: Tue Apr 15 21:34:29 2025 Mitteleuropäische Sommerzeit elapsed time: 60.465395 seconds (0d 0h 1m 0s)

---------------  T H R E A D  ---------------

Current thread (0x0000025037c85420):  VMThread "VM Thread"          [id=23504, stack(0x000000b145b00000,0x000000b145c00000) (1024K)]

Stack: [0x000000b145b00000,0x000000b145c00000],  sp=0x000000b145bff0a0,  free space=1020k
Native frames: (J=compiled Java code, j=interpreted, Vv=VM code, C=native code)
C  [glass.dll+0x28427]  (no source info available)
C  [ucrtbase.dll+0x142d6]  (no source info available)
C  [ucrtbase.dll+0x141fb]  (no source info available)
C  [ucrtbase.dll+0x141b4]  (no source info available)
C  [glass.dll+0x25bbd]  (no source info available)
C  [glass.dll+0x25ce2]  (no source info available)
C  [ntdll.dll+0x19a1d]  (no source info available)
C  [ntdll.dll+0x5f1ca]  (no source info available)
C  [ntdll.dll+0x5ef7d]  (no source info available)
C  [KERNEL32.DLL+0x1e3eb]  (no source info available)
C  [ucrtbase.dll+0x205bc]  (no source info available)
C  [ucrtbase.dll+0x2045f]  (no source info available)
V  [jvm.dll+0x6d990c]  (no source info available)
V  [jvm.dll+0x6d9440]  (no source info available)
V  [jvm.dll+0x3da534]  (no source info available)
V  [jvm.dll+0x886720]  (no source info available)
V  [jvm.dll+0x887a47]  (no source info available)
V  [jvm.dll+0x887f78]  (no source info available)
V  [jvm.dll+0x888213]  (no source info available)
V  [jvm.dll+0x824f8b]  (no source info available)
V  [jvm.dll+0x6df065]  (no source info available)
C  [ucrtbase.dll+0x21bb2]  (no source info available)
C  [KERNEL32.DLL+0x17374]  (no source info available)
C  [ntdll.dll+0x4cc91]  (no source info available)


siginfo: EXCEPTION_ACCESS_VIOLATION (0xc0000005), reading address 0x0000000000000000


Registers:
RAX=0x0000000000000000, RBX=0x0000025037c91072, RCX=0x0000025037c85420, RDX=0x000000b145bff0a0
RSP=0x000000b145bff0a0, RBP=0x000002507df22058, RSI=0x000002507df22030, RDI=0x0000ac6e0fad7b87
R8 =0x0000000000010002, R9 =0x0000ac6e0fad7b87, R10=0x0000000000008000, R11=0x000000b145bff030
R12=0x00007ffc32c55d30, R13=0x00007ffbafc6b760, R14=0x000000b145bff198, R15=0x000002507df22030
RIP=0x00007ffc32c58427, EFLAGS=0x0000000000010202


Register to memory mapping:

RAX=0x0 is null
RBX=0x0000025037c91072 is a global jni handle
RCX=0x0000025037c85420 points into unknown readable memory: 0x00007ffbafa6f688 | 88 f6 a6 af fb 7f 00 00
RDX=0x000000b145bff0a0 points into unknown readable memory: 0x0000000000000000 | 00 00 00 00 00 00 00 00
RSP=0x000000b145bff0a0 points into unknown readable memory: 0x0000000000000000 | 00 00 00 00 00 00 00 00
RBP=0x000002507df22058 points into unknown readable memory: 0x0000ac6e0fad7b87 | 87 7b ad 0f 6e ac 00 00
RSI=0x000002507df22030 points into unknown readable memory: 0x003f52776d015f87 | 87 5f 01 6d 77 52 3f 00
RDI=0x0000ac6e0fad7b87 is an unknown value
R8 =0x0000000000010002 is an unknown value
R9 =0x0000ac6e0fad7b87 is an unknown value
R10=0x0000000000008000 is an unknown value
R11=0x000000b145bff030 points into unknown readable memory: 0x000002507df22030 | 30 20 f2 7d 50 02 00 00
R12=0x00007ffc32c55d30 glass.dll
R13=0x00007ffbafc6b760 jvm.dll
R14=0x000000b145bff198 points into unknown readable memory: 0x000000b145bff180 | 80 f1 bf 45 b1 00 00 00
R15=0x000002507df22030 points into unknown readable memory: 0x003f52776d015f87 | 87 5f 01 6d 77 52 3f 00

Top of Stack: (sp=0x000000b145bff0a0)
0x000000b145bff0a0:   0000000000000000 000002507df22030
0x000000b145bff0b0:   00007ffbafc6b760 00007ffc32c55d30
0x000000b145bff0c0:   000002507df22038 00007ffc576742d6
0x000000b145bff0d0:   0000ac6e0fad7b87 0000025000000000
0x000000b145bff0e0:   000002507df22058 000002507df22030
0x000000b145bff0f0:   fffffffffffffffe 0000000000000000
0x000000b145bff100:   0000000000000001 00007ffc32c30000
0x000000b145bff110:   000000b145bff188 00007ffc576741fb
0x000000b145bff120:   0000000000000000 000000b145bff198
0x000000b145bff130:   000000b145bff470 00007ffc57750e40
0x000000b145bff140:   0000000000000001 00007ffc576741b4
0x000000b145bff150:   0000000000000000 0000000000000001
0x000000b145bff160:   000000007ffe0385 000000b145bff188
0x000000b145bff170:   ffffffff00000001 00007ffc32c55bbd
0x000000b145bff180:   00007ffc32c6d078 00007ffc00000002
0x000000b145bff190:   0000000000000002 000000b145bff180
0x000000b145bff1a0:   00007ffc56790000 00007ffc59e89993
0x000000b145bff1b0:   0000000000000000 00007ffc32c55ce2
0x000000b145bff1c0:   0000000000000001 0000000000000000
0x000000b145bff1d0:   000000000000003c 0000000000000001
0x000000b145bff1e0:   00007ffbd2cf1094 0000000000000000
0x000000b145bff1f0:   0000000000000001 00007ffbd2cf083c
0x000000b145bff200:   00007ffc32c30000 000000007ffe0384
0x000000b145bff210:   0000000000000000 00007ffc59e89a1d
0x000000b145bff220:   00007ffc32c30000 0000000000000000
0x000000b145bff230:   0000000000000001 000000007ffe0385
0x000000b145bff240:   0000000000000000 00007ffc59ecf331
0x000000b145bff250:   0000beabaff41c00 0000000000000014
0x000000b145bff260:   00007ffc32c55d30 0000000000000000
0x000000b145bff270:   0000000000000000 000000b144fbf000
0x000000b145bff280:   000002507e7ccf10 00007ffc59ecf1ca
0x000000b145bff290:   000002507e7ccdc0 00007ffc32c30000 

Instructions: (pc=0x00007ffc32c58427)
0x00007ffc32c58327:   8b 4d 58 e8 49 cf ff ff 48 8b 4d 60 e8 40 cf ff
0x00007ffc32c58337:   ff 48 8b 95 80 00 00 00 48 8b 8d 18 01 00 00 e8
0x00007ffc32c58347:   26 c5 ff ff 33 d2 33 c9 e8 8c e1 ff ff 90 48 89
0x00007ffc32c58357:   54 24 10 55 48 83 ec 20 48 8b ea 48 b8 00 00 00
0x00007ffc32c58367:   00 00 00 00 00 48 83 c4 20 5d c3 cc 40 55 48 8b
0x00007ffc32c58377:   ea 48 8b 01 33 c9 81 38 05 00 00 c0 0f 94 c1 8b
0x00007ffc32c58387:   c1 5d c3 cc 40 55 48 83 ec 20 48 8b ea 8a 4d 40
0x00007ffc32c58397:   48 83 c4 20 5d e9 33 d3 ff ff cc 40 55 48 83 ec
0x00007ffc32c583a7:   20 48 8b ea 8a 4d 20 e8 21 d3 ff ff 90 48 83 c4
0x00007ffc32c583b7:   20 5d c3 cc 40 55 48 83 ec 20 48 8b ea 48 83 c4
0x00007ffc32c583c7:   20 5d e9 82 d1 ff ff cc 40 55 48 83 ec 30 48 8b
0x00007ffc32c583d7:   ea 48 8b 01 8b 10 48 89 4c 24 28 89 54 24 20 4c
0x00007ffc32c583e7:   8d 0d 23 d6 ff ff 4c 8b 45 70 8b 55 68 48 8b 4d
0x00007ffc32c583f7:   60 e8 c3 d0 ff ff 90 48 83 c4 30 5d c3 cc cc cc
0x00007ffc32c58407:   cc cc cc cc cc cc cc cc cc 40 53 48 83 ec 20 48
0x00007ffc32c58417:   8b 1d 1b 46 01 00 48 85 db 74 16 e8 59 90 ff ff
0x00007ffc32c58427:   4c 8b 00 48 8b d3 48 8b c8 41 ff 90 b0 00 00 00
0x00007ffc32c58437:   90 48 83 c4 20 5b c3 cc cc 40 53 48 83 ec 20 48
0x00007ffc32c58447:   8b 1d 5b 47 01 00 48 85 db 74 57 b8 ff ff ff ff
0x00007ffc32c58457:   f0 0f c1 43 10 83 f8 01 75 3d 48 85 db 74 38 48
0x00007ffc32c58467:   8b 0b 48 85 c9 74 0d ff 15 3c 0e 00 00 48 c7 03
0x00007ffc32c58477:   00 00 00 00 48 8b 4b 08 48 85 c9 74 0d e8 ef cd
0x00007ffc32c58487:   ff ff 48 c7 43 08 00 00 00 00 ba 18 00 00 00 48
0x00007ffc32c58497:   8b cb e8 da cd ff ff 48 c7 05 ff 46 01 00 00 00
0x00007ffc32c584a7:   00 00 48 83 c4 20 5b c3 cc 40 53 48 83 ec 20 48
0x00007ffc32c584b7:   8b 1d cb 46 01 00 48 85 db 74 57 b8 ff ff ff ff
0x00007ffc32c584c7:   f0 0f c1 43 10 83 f8 01 75 3d 48 85 db 74 38 48
0x00007ffc32c584d7:   8b 0b 48 85 c9 74 0d ff 15 cc 0d 00 00 48 c7 03
0x00007ffc32c584e7:   00 00 00 00 48 8b 4b 08 48 85 c9 74 0d e8 7f cd
0x00007ffc32c584f7:   ff ff 48 c7 43 08 00 00 00 00 ba 18 00 00 00 48
0x00007ffc32c58507:   8b cb e8 6a cd ff ff 48 c7 05 6f 46 01 00 00 00
0x00007ffc32c58517:   00 00 48 83 c4 20 5b c3 cc 40 53 48 83 ec 20 48 


Stack slot to memory mapping:

stack at sp + 0 slots: 0x0 is null
stack at sp + 1 slots: 0x000002507df22030 points into unknown readable memory: 0x003f52776d015f87 | 87 5f 01 6d 77 52 3f 00
stack at sp + 2 slots: 0x00007ffbafc6b760 jvm.dll
stack at sp + 3 slots: 0x00007ffc32c55d30 glass.dll
stack at sp + 4 slots: 0x000002507df22038 points into unknown readable memory: 0x0000ac6e0fad7b87 | 87 7b ad 0f 6e ac 00 00
stack at sp + 5 slots: 0x00007ffc576742d6 ucrtbase.dll
stack at sp + 6 slots: 0x0000ac6e0fad7b87 is an unknown value
stack at sp + 7 slots: 0x0000025000000000 points into unknown readable memory: 0x00001202003e0000 | 00 00 3e 00 02 12 00 00

VM_Operation (0x000000b146cfba10): Exit, mode: safepoint, requested by thread 0x000002507e7c8a30


---------------  P R O C E S S  ---------------

Threads class SMR info:
_java_thread_list=0x0000025007052d60, length=19, elements={
0x0000025015dd2550, 0x0000025037ca2200, 0x0000025037ca3020, 0x0000025037ca5070,
0x0000025037ca7ae0, 0x0000025037ca8540, 0x0000025037ca8fa0, 0x0000025037cad230,
0x0000025037cbaf80, 0x000002507d0e5370, 0x000002507d9942c0, 0x000002507d52fe90,
0x000002507e7cab00, 0x000002507e7c9de0, 0x000002507e7c8a30, 0x000002507e7ca470,
0x000002507e7cb190, 0x000002507e7c9750, 0x000002507e99e7d0
}

Java Threads: ( => current thread )
  0x0000025015dd2550 JavaThread "main"                              [_thread_blocked, id=26188, stack(0x000000b145400000,0x000000b145500000) (1024K)]
  0x0000025037ca2200 JavaThread "Reference Handler"          daemon [_thread_blocked, id=7484, stack(0x000000b145c00000,0x000000b145d00000) (1024K)]
  0x0000025037ca3020 JavaThread "Finalizer"                  daemon [_thread_blocked, id=24772, stack(0x000000b145d00000,0x000000b145e00000) (1024K)]
  0x0000025037ca5070 JavaThread "Signal Dispatcher"          daemon [_thread_blocked, id=2772, stack(0x000000b145e00000,0x000000b145f00000) (1024K)]
  0x0000025037ca7ae0 JavaThread "Attach Listener"            daemon [_thread_blocked, id=25532, stack(0x000000b145f00000,0x000000b146000000) (1024K)]
  0x0000025037ca8540 JavaThread "Service Thread"             daemon [_thread_blocked, id=16248, stack(0x000000b146000000,0x000000b146100000) (1024K)]
  0x0000025037ca8fa0 JavaThread "Monitor Deflation Thread"   daemon [_thread_blocked, id=21280, stack(0x000000b146100000,0x000000b146200000) (1024K)]
  0x0000025037cad230 JavaThread "C2 CompilerThread0"         daemon [_thread_blocked, id=26028, stack(0x000000b146200000,0x000000b146300000) (1024K)]
  0x0000025037cbaf80 JavaThread "C1 CompilerThread0"         daemon [_thread_blocked, id=20656, stack(0x000000b146300000,0x000000b146400000) (1024K)]
  0x000002507d0e5370 JavaThread "Common-Cleaner"             daemon [_thread_blocked, id=8772, stack(0x000000b146400000,0x000000b146500000) (1024K)]
  0x000002507d9942c0 JavaThread "Monitor Ctrl-Break"         daemon [_thread_in_native, id=22312, stack(0x000000b146700000,0x000000b146800000) (1024K)]
  0x000002507d52fe90 JavaThread "Notification Thread"        daemon [_thread_blocked, id=21816, stack(0x000000b146800000,0x000000b146900000) (1024K)]
  0x000002507e7cab00 JavaThread "QuantumRenderer-0"          daemon [_thread_blocked, id=18868, stack(0x000000b146900000,0x000000b146a00000) (1024K)]
  0x000002507e7c9de0 JavaThread "InvokeLaterDispatcher"      daemon [_thread_blocked, id=12144, stack(0x000000b146b00000,0x000000b146c00000) (1024K)]
  0x000002507e7c8a30 JavaThread "JavaFX Application Thread"         [_thread_blocked, id=13204, stack(0x000000b146c00000,0x000000b146d00000) (1024K)]
  0x000002507e7ca470 JavaThread "JavaFX-Launcher"                   [_thread_blocked, id=21036, stack(0x000000b146e00000,0x000000b146f00000) (1024K)]
  0x000002507e7cb190 JavaThread "Thread-2"                   daemon [_thread_in_native, id=8596, stack(0x000000b146500000,0x000000b146600000) (1024K)]
  0x000002507e7c9750 JavaThread "Prism Font Disposer"        daemon [_thread_blocked, id=23980, stack(0x000000b147c00000,0x000000b147d00000) (1024K)]
  0x000002507e99e7d0 JavaThread "Cleaner-0"                  daemon [_thread_blocked, id=20692, stack(0x000000b147d00000,0x000000b147e00000) (1024K)]
Total: 19

Other Threads:
=>0x0000025037c85420 VMThread "VM Thread"                           [id=23504, stack(0x000000b145b00000,0x000000b145c00000) (1024K)]
  0x00000250182a8fa0 WorkerThread "GC Thread#0"                     [id=24916, stack(0x000000b145500000,0x000000b145600000) (1024K)]
  0x0000025037c86a40 WorkerThread "GC Thread#1"                     [id=11284, stack(0x000000b147000000,0x000000b147100000) (1024K)]
  0x000002507e75dcf0 WorkerThread "GC Thread#2"                     [id=25212, stack(0x000000b147100000,0x000000b147200000) (1024K)]
  0x000002507e75f6c0 WorkerThread "GC Thread#3"                     [id=20608, stack(0x000000b147200000,0x000000b147300000) (1024K)]
  0x000002507e7601d0 WorkerThread "GC Thread#4"                     [id=21348, stack(0x000000b147300000,0x000000b147400000) (1024K)]
  0x000002507e75fa70 WorkerThread "GC Thread#5"                     [id=23288, stack(0x000000b147400000,0x000000b147500000) (1024K)]
  0x000002507e75f310 WorkerThread "GC Thread#6"                     [id=23612, stack(0x000000b147600000,0x000000b147700000) (1024K)]
  0x000002507e75e800 WorkerThread "GC Thread#7"                     [id=452, stack(0x000000b147700000,0x000000b147800000) (1024K)]
  0x000002507e75ef60 WorkerThread "GC Thread#8"                     [id=22920, stack(0x000000b147800000,0x000000b147900000) (1024K)]
  0x00000250072cd770 WorkerThread "GC Thread#9"                     [id=20060, stack(0x000000b146f00000,0x000000b147000000) (1024K)]
  0x00000250182be060 ConcurrentGCThread "G1 Main Marker"            terminated
  0x00000250182bf310 WorkerThread "G1 Conc#0"                       [id=23092, stack(0x000000b145700000,0x000000b145800000) (1024K)]
  0x00000250072ce9e0 WorkerThread "G1 Conc#1"                       [id=19828, stack(0x000000b147e00000,0x000000b147f00000) (1024K)]
  0x00000250072cdb20 WorkerThread "G1 Conc#2"                       [id=26616, stack(0x000000b148000000,0x000000b148100000) (1024K)]
  0x000002501830e100 ConcurrentGCThread "G1 Refine#0"               terminated
  0x0000025037b35990 ConcurrentGCThread "G1 Service"                terminated
Total: 17

Threads with active compile tasks:
Total: 0

VM state: at safepoint (shutting down)

VM Mutex/Monitor currently owned by a thread:  ([mutex/lock_event])
[0x00007ffbafc43910] Threads_lock - owner thread: 0x0000025037c85420
[0x00007ffbafc43a10] Heap_lock - owner thread: 0x000002507e7c8a30

Heap address: 0x0000000701000000, size: 4080 MB, Compressed Oops mode: Zero based, Oop shift amount: 3

CDS archive(s) mapped at: [0x0000025038000000-0x0000025038d70000-0x0000025038d70000), size 14090240, SharedBaseAddress: 0x0000025038000000, ArchiveRelocationMode: 1.
Compressed class space mapped at: 0x0000025039000000-0x0000025079000000, reserved size: 1073741824
Narrow klass base: 0x0000025038000000, Narrow klass shift: 0, Narrow klass range: 0x41000000

GC Precious Log:
 CardTable entry size: 512
 Card Set container configuration: InlinePtr #cards 4 size 8 Array Of Cards #cards 16 size 48 Howl #buckets 8 coarsen threshold 3686 Howl Bitmap #cards 512 size 80 coarsen threshold 460 Card regions per heap region 1 cards per card region 4096
 CPUs: 12 total, 12 available
 Memory: 16313M
 Large Page Support: Disabled
 NUMA Support: Disabled
 Compressed Oops: Enabled (Zero based)
 Heap Region Size: 2M
 Heap Min Capacity: 8M
 Heap Initial Capacity: 256M
 Heap Max Capacity: 4080M
 Pre-touch: Disabled
 Parallel Workers: 10
 Concurrent Workers: 3
 Concurrent Refinement Workers: 10
 Periodic GC: Disabled

Heap:
 garbage-first heap   total reserved 4177920K, committed 69632K, used 25211K [0x0000000701000000, 0x0000000800000000)
  region size 2048K, 3 young (6144K), 2 survivors (4096K)
 Metaspace       used 24357K, committed 24768K, reserved 1114112K
  class space    used 3088K, committed 3264K, reserved 1048576K

Heap Regions: E=young(eden), S=young(survivor), O=old, HS=humongous(starts), HC=humongous(continues), CS=collection set, F=free, TAMS=top-at-mark-start, PB=parsable bottom
|   0|0x0000000701000000, 0x0000000701200000, 0x0000000701200000|100%| O|  |TAMS 0x0000000701000000| PB 0x0000000701000000| Untracked |  0
|   1|0x0000000701200000, 0x0000000701400000, 0x0000000701400000|100%| O|  |TAMS 0x0000000701200000| PB 0x0000000701200000| Untracked |  0
|   2|0x0000000701400000, 0x0000000701600000, 0x0000000701600000|100%| O|  |TAMS 0x0000000701400000| PB 0x0000000701400000| Untracked |  0
|   3|0x0000000701600000, 0x0000000701800000, 0x0000000701800000|100%|HS|  |TAMS 0x0000000701600000| PB 0x0000000701600000| Complete |  0
|   4|0x0000000701800000, 0x0000000701a00000, 0x0000000701a00000|100%| O|  |TAMS 0x0000000701800000| PB 0x0000000701800000| Untracked |  0
|   5|0x0000000701a00000, 0x0000000701c00000, 0x0000000701c00000|100%| O|  |TAMS 0x0000000701a00000| PB 0x0000000701a00000| Untracked |  0
|   6|0x0000000701c00000, 0x0000000701e00000, 0x0000000701e00000|100%| O|  |TAMS 0x0000000701c00000| PB 0x0000000701c00000| Untracked |  0
|   7|0x0000000701e00000, 0x0000000701e6d320, 0x0000000702000000| 21%| O|  |TAMS 0x0000000701e00000| PB 0x0000000701e00000| Untracked |  0
|   8|0x0000000702000000, 0x0000000702200000, 0x0000000702200000|100%|HS|  |TAMS 0x0000000702000000| PB 0x0000000702000000| Complete |  0
|   9|0x0000000702200000, 0x0000000702200000, 0x0000000702400000|  0%| F|  |TAMS 0x0000000702200000| PB 0x0000000702200000| Untracked |  0
|  10|0x0000000702400000, 0x0000000702600000, 0x0000000702600000|100%|HS|  |TAMS 0x0000000702400000| PB 0x0000000702400000| Complete |  0
|  11|0x0000000702600000, 0x0000000702800000, 0x0000000702800000|100%| O|  |TAMS 0x0000000702600000| PB 0x0000000702600000| Untracked |  0
|  12|0x0000000702800000, 0x0000000702940418, 0x0000000702a00000| 62%| O|  |TAMS 0x0000000702800000| PB 0x0000000702800000| Untracked |  0
|  13|0x0000000702a00000, 0x0000000702a00000, 0x0000000702c00000|  0%| F|  |TAMS 0x0000000702a00000| PB 0x0000000702a00000| Untracked |  0
|  14|0x0000000702c00000, 0x0000000702cf1708, 0x0000000702e00000| 47%| S|CS|TAMS 0x0000000702c00000| PB 0x0000000702c00000| Complete |  0
|  15|0x0000000702e00000, 0x0000000703000000, 0x0000000703000000|100%| S|CS|TAMS 0x0000000702e00000| PB 0x0000000702e00000| Complete |  0
|  16|0x0000000703000000, 0x0000000703000000, 0x0000000703200000|  0%| F|  |TAMS 0x0000000703000000| PB 0x0000000703000000| Untracked |  0
|  17|0x0000000703200000, 0x0000000703200000, 0x0000000703400000|  0%| F|  |TAMS 0x0000000703200000| PB 0x0000000703200000| Untracked |  0
|  18|0x0000000703400000, 0x0000000703400000, 0x0000000703600000|  0%| F|  |TAMS 0x0000000703400000| PB 0x0000000703400000| Untracked |  0
|  19|0x0000000703600000, 0x0000000703600000, 0x0000000703800000|  0%| F|  |TAMS 0x0000000703600000| PB 0x0000000703600000| Untracked |  0
|  20|0x0000000703800000, 0x0000000703800000, 0x0000000703a00000|  0%| F|  |TAMS 0x0000000703800000| PB 0x0000000703800000| Untracked |  0
|  21|0x0000000703a00000, 0x0000000703a00000, 0x0000000703c00000|  0%| F|  |TAMS 0x0000000703a00000| PB 0x0000000703a00000| Untracked |  0
|  22|0x0000000703c00000, 0x0000000703c00000, 0x0000000703e00000|  0%| F|  |TAMS 0x0000000703c00000| PB 0x0000000703c00000| Untracked |  0
|  23|0x0000000703e00000, 0x0000000703e00000, 0x0000000704000000|  0%| F|  |TAMS 0x0000000703e00000| PB 0x0000000703e00000| Untracked |  0
|  24|0x0000000704000000, 0x0000000704000000, 0x0000000704200000|  0%| F|  |TAMS 0x0000000704000000| PB 0x0000000704000000| Untracked |  0
|  25|0x0000000704200000, 0x0000000704200000, 0x0000000704400000|  0%| F|  |TAMS 0x0000000704200000| PB 0x0000000704200000| Untracked |  0
|  26|0x0000000704400000, 0x0000000704400000, 0x0000000704600000|  0%| F|  |TAMS 0x0000000704400000| PB 0x0000000704400000| Untracked |  0
|  27|0x0000000704600000, 0x0000000704600000, 0x0000000704800000|  0%| F|  |TAMS 0x0000000704600000| PB 0x0000000704600000| Untracked |  0
|  28|0x0000000704800000, 0x0000000704800000, 0x0000000704a00000|  0%| F|  |TAMS 0x0000000704800000| PB 0x0000000704800000| Untracked |  0
|  29|0x0000000704a00000, 0x0000000704a00000, 0x0000000704c00000|  0%| F|  |TAMS 0x0000000704a00000| PB 0x0000000704a00000| Untracked |  0
|  30|0x0000000704c00000, 0x0000000704c00000, 0x0000000704e00000|  0%| F|  |TAMS 0x0000000704c00000| PB 0x0000000704c00000| Untracked |  0
|  31|0x0000000704e00000, 0x0000000704e00000, 0x0000000705000000|  0%| F|  |TAMS 0x0000000704e00000| PB 0x0000000704e00000| Untracked |  0
| 125|0x0000000710a00000, 0x0000000710a00000, 0x0000000710c00000|  0%| F|  |TAMS 0x0000000710a00000| PB 0x0000000710a00000| Untracked |  0
| 127|0x0000000710e00000, 0x0000000710ff5f50, 0x0000000711000000| 98%| E|  |TAMS 0x0000000710e00000| PB 0x0000000710e00000| Complete |  0

Card table byte_map: [0x00000250307e0000,0x0000025030fe0000] _byte_map_base: 0x000002502cfd8000

Marking Bits: (CMBitMap*) 0x00000250182a96b0
 Bits: [0x0000025030fe0000, 0x0000025034fa0000)

Polling page: 0x0000025016080000

Metaspace:

Usage:
  Non-class:     20.77 MB used.
      Class:      3.02 MB used.
       Both:     23.79 MB used.

Virtual space:
  Non-class space:       64.00 MB reserved,      21.00 MB ( 33%) committed,  1 nodes.
      Class space:        1.00 GB reserved,       3.19 MB ( <1%) committed,  1 nodes.
             Both:        1.06 GB reserved,      24.19 MB (  2%) committed. 

Chunk freelists:
   Non-Class:  10.17 MB
       Class:  12.85 MB
        Both:  23.02 MB

MaxMetaspaceSize: unlimited
CompressedClassSpaceSize: 1.00 GB
Initial GC threshold: 21.00 MB
Current GC threshold: 35.25 MB
CDS: on
 - commit_granule_bytes: 65536.
 - commit_granule_words: 8192.
 - virtual_space_node_default_size: 8388608.
 - enlarge_chunks_in_place: 1.
 - use_allocation_guard: 0.


Internal statistics:

num_allocs_failed_limit: 3.
num_arena_births: 480.
num_arena_deaths: 0.
num_vsnodes_births: 2.
num_vsnodes_deaths: 0.
num_space_committed: 387.
num_space_uncommitted: 0.
num_chunks_returned_to_freelist: 3.
num_chunks_taken_from_freelist: 1268.
num_chunk_merges: 3.
num_chunk_splits: 841.
num_chunks_enlarged: 583.
num_inconsistent_stats: 0.

CodeHeap 'non-profiled nmethods': size=120064Kb used=2700Kb max_used=2700Kb free=117364Kb
 bounds [0x0000025028440000, 0x00000250286f0000, 0x000002502f980000]
CodeHeap 'profiled nmethods': size=120000Kb used=9379Kb max_used=9379Kb free=110620Kb
 bounds [0x0000025020980000, 0x00000250212b0000, 0x0000025027eb0000]
CodeHeap 'non-nmethods': size=5696Kb used=1934Kb max_used=1967Kb free=3761Kb
 bounds [0x0000025027eb0000, 0x0000025028120000, 0x0000025028440000]
CodeCache: size=245760Kb, used=14013Kb, max_used=14046Kb, free=231745Kb
 total_blobs=6904, nmethods=5953, adapters=855, full_count=0
Compilation: enabled, stopped_count=0, restarted_count=0

Compilation events (20 events):
Event: 58.874 Thread 0x0000025037cbaf80 nmethod 5945 0x00000250286ded08 code [0x00000250286dee20, 0x00000250286deee8]
Event: 58.907 Thread 0x0000025037cad230 nmethod 5925% 0x00000250286df008 code [0x00000250286df360, 0x00000250286e2790]
Event: 58.908 Thread 0x0000025037cad230 5931       4       java.lang.StringLatin1::toChars (16 bytes)
Event: 58.908 Thread 0x0000025037cad230 nmethod 5931 0x00000250286e2908 code [0x00000250286e2a00, 0x00000250286e2bc8]
Event: 59.615 Thread 0x0000025037cbaf80 5946       3       javafx.scene.paint.Color::isOpaque (15 bytes)
Event: 59.615 Thread 0x0000025037cbaf80 nmethod 5946 0x00000250212a5708 code [0x00000250212a5840, 0x00000250212a59c8]
Event: 60.064 Thread 0x0000025037cbaf80 5947       3       javafx.scene.paint.Color::hashCode (66 bytes)
Event: 60.064 Thread 0x0000025037cbaf80 nmethod 5947 0x00000250212a5a08 code [0x00000250212a5ba0, 0x00000250212a5df8]
Event: 60.064 Thread 0x0000025037cbaf80 5949       3       javafx.scene.text.Font::font (54 bytes)
Event: 60.064 Thread 0x0000025037cad230 5952       4       javafx.scene.layout.Region::_getSnapScaleXimpl (22 bytes)
Event: 60.064 Thread 0x0000025037cbaf80 nmethod 5949 0x00000250212a5e88 code [0x00000250212a6060, 0x00000250212a6698]
Event: 60.064 Thread 0x0000025037cbaf80 5950       3       javafx.scene.layout.Region::boundedNodeSizeWithBias (285 bytes)
Event: 60.065 Thread 0x0000025037cbaf80 nmethod 5950 0x00000250212a6708 code [0x00000250212a6b00, 0x00000250212a82f0]
Event: 60.065 Thread 0x0000025037cbaf80 5951       3       com.sun.javafx.geom.Vec2d::set (11 bytes)
Event: 60.065 Thread 0x0000025037cbaf80 nmethod 5951 0x00000250212a8388 code [0x00000250212a84a0, 0x00000250212a85b8]
Event: 60.065 Thread 0x0000025037cbaf80 5948       3       javafx.scene.paint.Color::to32BitInteger (45 bytes)
Event: 60.065 Thread 0x0000025037cbaf80 nmethod 5948 0x00000250212a8688 code [0x00000250212a87a0, 0x00000250212a88a0]
Event: 60.066 Thread 0x0000025037cad230 nmethod 5952 0x00000250286e2c08 code [0x00000250286e2d60, 0x00000250286e2f40]
Event: 60.147 Thread 0x0000025037cbaf80 5953       3       java.util.HashMap$HashIterator::remove (75 bytes)
Event: 60.147 Thread 0x0000025037cbaf80 nmethod 5953 0x00000250212a8988 code [0x00000250212a8ae0, 0x00000250212a8ed8]

GC Heap History (12 events):
Event: 0.537 GC heap before
{Heap before GC invocations=0 (full 0):
 garbage-first heap   total reserved 4177920K, committed 262144K, used 22528K [0x0000000701000000, 0x0000000800000000)
  region size 2048K, 12 young (24576K), 0 survivors (0K)
 Metaspace       used 4673K, committed 4864K, reserved 1114112K
  class space    used 544K, committed 640K, reserved 1048576K
}
Event: 0.540 GC heap after
{Heap after GC invocations=1 (full 0):
 garbage-first heap   total reserved 4177920K, committed 262144K, used 4016K [0x0000000701000000, 0x0000000800000000)
  region size 2048K, 2 young (4096K), 2 survivors (4096K)
 Metaspace       used 4673K, committed 4864K, reserved 1114112K
  class space    used 544K, committed 640K, reserved 1048576K
}
Event: 0.868 GC heap before
{Heap before GC invocations=1 (full 0):
 garbage-first heap   total reserved 4177920K, committed 262144K, used 26544K [0x0000000701000000, 0x0000000800000000)
  region size 2048K, 13 young (26624K), 2 survivors (4096K)
 Metaspace       used 8729K, committed 8960K, reserved 1114112K
  class space    used 1129K, committed 1216K, reserved 1048576K
}
Event: 0.872 GC heap after
{Heap after GC invocations=2 (full 0):
 garbage-first heap   total reserved 4177920K, committed 262144K, used 7129K [0x0000000701000000, 0x0000000800000000)
  region size 2048K, 2 young (4096K), 2 survivors (4096K)
 Metaspace       used 8729K, committed 8960K, reserved 1114112K
  class space    used 1129K, committed 1216K, reserved 1048576K
}
Event: 5.791 GC heap before
{Heap before GC invocations=2 (full 0):
 garbage-first heap   total reserved 4177920K, committed 262144K, used 68569K [0x0000000701000000, 0x0000000800000000)
  region size 2048K, 31 young (63488K), 2 survivors (4096K)
 Metaspace       used 20944K, committed 21312K, reserved 1114112K
  class space    used 2871K, committed 3008K, reserved 1048576K
}
Event: 5.796 GC heap after
{Heap after GC invocations=3 (full 0):
 garbage-first heap   total reserved 4177920K, committed 262144K, used 14488K [0x0000000701000000, 0x0000000800000000)
  region size 2048K, 4 young (8192K), 4 survivors (8192K)
 Metaspace       used 20944K, committed 21312K, reserved 1114112K
  class space    used 2871K, committed 3008K, reserved 1048576K
}
Event: 6.034 GC heap before
{Heap before GC invocations=3 (full 0):
 garbage-first heap   total reserved 4177920K, committed 262144K, used 16536K [0x0000000701000000, 0x0000000800000000)
  region size 2048K, 6 young (12288K), 4 survivors (8192K)
 Metaspace       used 21158K, committed 21504K, reserved 1114112K
  class space    used 2885K, committed 3072K, reserved 1048576K
}
Event: 6.039 GC heap after
{Heap after GC invocations=4 (full 0):
 garbage-first heap   total reserved 4177920K, committed 262144K, used 16051K [0x0000000701000000, 0x0000000800000000)
  region size 2048K, 1 young (2048K), 1 survivors (2048K)
 Metaspace       used 21158K, committed 21504K, reserved 1114112K
  class space    used 2885K, committed 3072K, reserved 1048576K
}
Event: 9.004 GC heap before
{Heap before GC invocations=5 (full 0):
 garbage-first heap   total reserved 4177920K, committed 61440K, used 59059K [0x0000000701000000, 0x0000000800000000)
  region size 2048K, 22 young (45056K), 1 survivors (2048K)
 Metaspace       used 23461K, committed 23936K, reserved 1114112K
  class space    used 3078K, committed 3264K, reserved 1048576K
}
Event: 9.009 GC heap after
{Heap after GC invocations=6 (full 0):
 garbage-first heap   total reserved 4177920K, committed 69632K, used 21929K [0x0000000701000000, 0x0000000800000000)
  region size 2048K, 4 young (8192K), 4 survivors (8192K)
 Metaspace       used 23461K, committed 23936K, reserved 1114112K
  class space    used 3078K, committed 3264K, reserved 1048576K
}
Event: 58.871 GC heap before
{Heap before GC invocations=6 (full 0):
 garbage-first heap   total reserved 4177920K, committed 69632K, used 56745K [0x0000000701000000, 0x0000000800000000)
  region size 2048K, 18 young (36864K), 4 survivors (8192K)
 Metaspace       used 24346K, committed 24768K, reserved 1114112K
  class space    used 3087K, committed 3264K, reserved 1048576K
}
Event: 58.873 GC heap after
{Heap after GC invocations=7 (full 0):
 garbage-first heap   total reserved 4177920K, committed 69632K, used 25211K [0x0000000701000000, 0x0000000800000000)
  region size 2048K, 2 young (4096K), 2 survivors (4096K)
 Metaspace       used 24346K, committed 24768K, reserved 1114112K
  class space    used 3087K, committed 3264K, reserved 1048576K
}

Dll operation events (20 events):
Event: 0.228 Loaded shared library C:\Users\Anwender\Downloads\openjfx-23.0.1_windows-x64_bin-sdk\javafx-sdk-23.0.1\bin\api-ms-win-crt-process-l1-1-0.dll
Event: 0.229 Loaded shared library C:\Users\Anwender\Downloads\openjfx-23.0.1_windows-x64_bin-sdk\javafx-sdk-23.0.1\bin\api-ms-win-crt-runtime-l1-1-0.dll
Event: 0.230 Loaded shared library C:\Users\Anwender\Downloads\openjfx-23.0.1_windows-x64_bin-sdk\javafx-sdk-23.0.1\bin\api-ms-win-crt-stdio-l1-1-0.dll
Event: 0.231 Loaded shared library C:\Users\Anwender\Downloads\openjfx-23.0.1_windows-x64_bin-sdk\javafx-sdk-23.0.1\bin\api-ms-win-crt-string-l1-1-0.dll
Event: 0.232 Loaded shared library C:\Users\Anwender\Downloads\openjfx-23.0.1_windows-x64_bin-sdk\javafx-sdk-23.0.1\bin\api-ms-win-crt-time-l1-1-0.dll
Event: 0.233 Loaded shared library C:\Users\Anwender\Downloads\openjfx-23.0.1_windows-x64_bin-sdk\javafx-sdk-23.0.1\bin\api-ms-win-crt-utility-l1-1-0.dll
Event: 0.234 Loaded shared library C:\Users\Anwender\Downloads\openjfx-23.0.1_windows-x64_bin-sdk\javafx-sdk-23.0.1\bin\ucrtbase.dll
Event: 0.235 Loaded shared library C:\Users\Anwender\Downloads\openjfx-23.0.1_windows-x64_bin-sdk\javafx-sdk-23.0.1\bin\vcruntime140.dll
Event: 0.236 Loaded shared library C:\Users\Anwender\Downloads\openjfx-23.0.1_windows-x64_bin-sdk\javafx-sdk-23.0.1\bin\vcruntime140_1.dll
Event: 0.237 Loaded shared library C:\Users\Anwender\Downloads\openjfx-23.0.1_windows-x64_bin-sdk\javafx-sdk-23.0.1\bin\msvcp140.dll
Event: 0.238 Loaded shared library C:\Users\Anwender\Downloads\openjfx-23.0.1_windows-x64_bin-sdk\javafx-sdk-23.0.1\bin\msvcp140_1.dll
Event: 0.240 Loaded shared library C:\Users\Anwender\Downloads\openjfx-23.0.1_windows-x64_bin-sdk\javafx-sdk-23.0.1\bin\msvcp140_2.dll
Event: 0.265 Loaded shared library C:\Users\Anwender\Downloads\openjfx-23.0.1_windows-x64_bin-sdk\javafx-sdk-23.0.1\bin\prism_d3d.dll
Event: 0.353 Loaded shared library C:\Users\Anwender\Downloads\openjfx-23.0.1_windows-x64_bin-sdk\javafx-sdk-23.0.1\bin\glass.dll
Event: 0.503 Loaded shared library C:\Users\Anwender\.jdks\openjdk-23.0.1\bin\jimage.dll
Event: 0.831 Loaded shared library C:\Users\Anwender\Downloads\openjfx-23.0.1_windows-x64_bin-sdk\javafx-sdk-23.0.1\bin\javafx_iio.dll
Event: 0.879 Loaded shared library C:\Users\Anwender\Downloads\openjfx-23.0.1_windows-x64_bin-sdk\javafx-sdk-23.0.1\bin\javafx_font.dll
Event: 3.677 Loaded shared library C:\Users\Anwender\.jdks\openjdk-23.0.1\bin\management.dll
Event: 3.678 Loaded shared library C:\Users\Anwender\.jdks\openjdk-23.0.1\bin\management_ext.dll
Event: 5.751 Loaded shared library C:\Users\Anwender\.jdks\openjdk-23.0.1\bin\verify.dll

Deoptimization events (20 events):
Event: 56.143 Thread 0x000002507e7cab00 Uncommon trap: trap_request=0xffffffd6 fr.pc=0x00000250286d1950 relative=0x00000000000004f0
Event: 56.143 Thread 0x000002507e7cab00 Uncommon trap: reason=array_check action=maybe_recompile pc=0x00000250286d1950 method=com.sun.prism.impl.ps.BaseShaderContext.setTexture(ILcom/sun/prism/Texture;)V @ 50 c2
Event: 56.143 Thread 0x000002507e7cab00 DEOPT PACKING pc=0x00000250286d1950 sp=0x000000b1469fe3d0
Event: 56.143 Thread 0x000002507e7cab00 DEOPT UNPACKING pc=0x0000025027f04402 sp=0x000000b1469fe3a8 mode 2
Event: 56.143 Thread 0x000002507e7cab00 Uncommon trap: trap_request=0xffffffd6 fr.pc=0x00000250286d1950 relative=0x00000000000004f0
Event: 56.143 Thread 0x000002507e7cab00 Uncommon trap: reason=array_check action=maybe_recompile pc=0x00000250286d1950 method=com.sun.prism.impl.ps.BaseShaderContext.setTexture(ILcom/sun/prism/Texture;)V @ 50 c2
Event: 56.143 Thread 0x000002507e7cab00 DEOPT PACKING pc=0x00000250286d1950 sp=0x000000b1469fd240
Event: 56.144 Thread 0x000002507e7cab00 DEOPT UNPACKING pc=0x0000025027f04402 sp=0x000000b1469fd218 mode 2
Event: 56.144 Thread 0x000002507e7cab00 Uncommon trap: trap_request=0xffffffd6 fr.pc=0x00000250286d1950 relative=0x00000000000004f0
Event: 56.144 Thread 0x000002507e7cab00 Uncommon trap: reason=array_check action=maybe_recompile pc=0x00000250286d1950 method=com.sun.prism.impl.ps.BaseShaderContext.setTexture(ILcom/sun/prism/Texture;)V @ 50 c2
Event: 56.144 Thread 0x000002507e7cab00 DEOPT PACKING pc=0x00000250286d1950 sp=0x000000b1469fd350
Event: 56.144 Thread 0x000002507e7cab00 DEOPT UNPACKING pc=0x0000025027f04402 sp=0x000000b1469fd328 mode 2
Event: 56.144 Thread 0x000002507e7cab00 Uncommon trap: trap_request=0xffffffd6 fr.pc=0x00000250286d1950 relative=0x00000000000004f0
Event: 56.144 Thread 0x000002507e7cab00 Uncommon trap: reason=array_check action=maybe_recompile pc=0x00000250286d1950 method=com.sun.prism.impl.ps.BaseShaderContext.setTexture(ILcom/sun/prism/Texture;)V @ 50 c2
Event: 56.144 Thread 0x000002507e7cab00 DEOPT PACKING pc=0x00000250286d1950 sp=0x000000b1469fd350
Event: 56.144 Thread 0x000002507e7cab00 DEOPT UNPACKING pc=0x0000025027f04402 sp=0x000000b1469fd328 mode 2
Event: 57.035 Thread 0x000002507e7c8a30 DEOPT PACKING pc=0x00000250211f8ecd sp=0x000000b146cfce80
Event: 57.035 Thread 0x000002507e7c8a30 DEOPT UNPACKING pc=0x0000025027f04b22 sp=0x000000b146cfc2c8 mode 0
Event: 57.036 Thread 0x000002507e7c8a30 DEOPT PACKING pc=0x00000250211f9b67 sp=0x000000b146cfce80
Event: 57.036 Thread 0x000002507e7c8a30 DEOPT UNPACKING pc=0x0000025027f04b22 sp=0x000000b146cfc2c8 mode 0

Classes loaded (20 events):
Event: 6.096 Loading class java/lang/foreign/MemorySegment
Event: 6.096 Loading class java/lang/foreign/MemorySegment done
Event: 6.114 Loading class java/util/StringTokenizer
Event: 6.114 Loading class java/util/StringTokenizer done
Event: 8.967 Loading class java/util/zip/Deflater
Event: 8.967 Loading class java/util/zip/Deflater done
Event: 8.968 Loading class java/util/zip/Deflater$DeflaterZStreamRef
Event: 8.968 Loading class java/util/zip/Deflater$DeflaterZStreamRef done
Event: 8.994 Loading class java/lang/Math$RandomNumberGeneratorHolder
Event: 8.994 Loading class java/lang/Math$RandomNumberGeneratorHolder done
Event: 8.998 Loading class java/util/DualPivotQuicksort
Event: 8.998 Loading class java/util/DualPivotQuicksort done
Event: 8.998 Loading class java/util/DualPivotQuicksort$PartitionOperation
Event: 8.998 Loading class java/util/DualPivotQuicksort$PartitionOperation done
Event: 8.999 Loading class java/util/DualPivotQuicksort$SortOperation
Event: 8.999 Loading class java/util/DualPivotQuicksort$SortOperation done
Event: 9.013 Loading class java/util/Formatter$FixedString
Event: 9.013 Loading class java/util/Formatter$FixedString done
Event: 9.013 Loading class java/io/FileOutputStream$1
Event: 9.013 Loading class java/io/FileOutputStream$1 done

Classes unloaded (0 events):
No events

Classes redefined (0 events):
No events

Internal exceptions (20 events):
Event: 3.745 Thread 0x000002507e7c8a30 Exception <a 'java/lang/NoSuchMethodError'{0x000000070e365bc0}: 'int java.lang.invoke.DirectMethodHandle$Holder.invokeInterface(java.lang.Object, java.lang.Object, int)'> (0x000000070e365bc0) 
thrown [s\open\src\hotspot\share\interpreter\linkResolver.cpp, line 796]
Event: 3.746 Thread 0x000002507e7c8a30 Exception <a 'java/lang/IncompatibleClassChangeError'{0x000000070e3691a0}: Found class java.lang.Object, but interface was expected> (0x000000070e3691a0) 
thrown [s\open\src\hotspot\share\interpreter\linkResolver.cpp, line 863]
Event: 3.782 Thread 0x000002507e7c8a30 Implicit null exception at 0x00000250285860f4 to 0x00000250285869b0
Event: 3.814 Thread 0x000002507e7c8a30 Exception <a 'java/lang/NoSuchMethodError'{0x000000070e1dcd80}: 'java.lang.Object java.lang.invoke.DirectMethodHandle$Holder.invokeStaticInit(java.lang.Object, java.lang.Object, java.lang.Object)'> (0x000000070e1dcd80) 
thrown [s\open\src\hotspot\share\interpreter\linkResolver.cpp, line 796]
Event: 3.899 Thread 0x000002507e7c8a30 Implicit null exception at 0x000002502858719a to 0x0000025028587b34
Event: 4.031 Thread 0x000002507e7c8a30 Implicit null exception at 0x00000250285a1f45 to 0x00000250285ab954
Event: 4.648 Thread 0x000002507e7c8a30 Exception <a 'java/lang/NoSuchMethodError'{0x000000070db4bf50}: 'void java.lang.invoke.DirectMethodHandle$Holder.invokeSpecial(java.lang.Object, java.lang.Object, java.lang.Object, java.lang.Object, java.lang.Object, java.lang.Object)'> (0x000000070db4bf50) 
thrown [s\open\src\hotspot\share\interpreter\linkResolver.cpp, line 796]
Event: 5.225 Thread 0x000002507e7cab00 Exception <a 'java/lang/NoSuchMethodError'{0x000000070d57e5b8}: 'java.lang.Object java.lang.invoke.DirectMethodHandle$Holder.invokeStaticInit(java.lang.Object, int)'> (0x000000070d57e5b8) 
thrown [s\open\src\hotspot\share\interpreter\linkResolver.cpp, line 796]
Event: 5.748 Thread 0x000002507e7c8a30 Exception <a 'java/lang/NoSuchMethodError'{0x000000070d33bd30}: 'java.lang.Object java.lang.invoke.DirectMethodHandle$Holder.invokeStatic(java.lang.Object, int, java.lang.Object)'> (0x000000070d33bd30) 
thrown [s\open\src\hotspot\share\interpreter\linkResolver.cpp, line 796]
Event: 6.096 Thread 0x000002507e7c8a30 Exception <a 'java/lang/NoSuchMethodError'{0x000000070471bb28}: 'long java.lang.invoke.DirectMethodHandle$Holder.invokeStatic(java.lang.Object, java.lang.Object, int)'> (0x000000070471bb28) 
thrown [s\open\src\hotspot\share\interpreter\linkResolver.cpp, line 796]
Event: 6.097 Thread 0x000002507e7c8a30 Exception <a 'java/lang/NoSuchMethodError'{0x00000007047263f0}: 'java.lang.Object java.lang.invoke.DelegatingMethodHandle$Holder.reinvoke_L(java.lang.Object, int, long, java.lang.Object, java.lang.Object, int, java.lang.Object)'> (0x00000007047263f0) 
thrown [s\open\src\hotspot\share\interpreter\linkResolver.cpp, line 796]
Event: 8.873 Thread 0x000002507e7c8a30 Exception <a 'java/lang/ClassNotFoundException'{0x0000000702d49ab8}: sun/net/www/protocol/c/Handler> (0x0000000702d49ab8) 
thrown [s\open\src\hotspot\share\classfile\systemDictionary.cpp, line 313]
Event: 8.999 Thread 0x000002507e7c8a30 Exception <a 'java/lang/NoSuchMethodError'{0x00000007021ad5b8}: 'void java.lang.invoke.DirectMethodHandle$Holder.invokeStatic(java.lang.Object, java.lang.Object, int, int)'> (0x00000007021ad5b8) 
thrown [s\open\src\hotspot\share\interpreter\linkResolver.cpp, line 796]
Event: 41.113 Thread 0x000002507e7c8a30 Implicit null exception at 0x000002502867ef53 to 0x000002502867fb50
Event: 41.240 Thread 0x000002507e7c8a30 Exception <a 'java/io/FileNotFoundException'{0x000000070415bc80}> (0x000000070415bc80) 
thrown [s\open\src\hotspot\share\prims\jni.cpp, line 520]
Event: 41.246 Thread 0x000002507e7c8a30 Implicit null exception at 0x000002502866dace to 0x000002502866e2d4
Event: 42.615 Thread 0x000002507e7c8a30 Exception <a 'java/io/FileNotFoundException'{0x0000000703fa2a80}> (0x0000000703fa2a80) 
thrown [s\open\src\hotspot\share\prims\jni.cpp, line 520]
Event: 43.615 Thread 0x000002507e7c8a30 Exception <a 'java/io/FileNotFoundException'{0x0000000703adec48}> (0x0000000703adec48) 
thrown [s\open\src\hotspot\share\prims\jni.cpp, line 520]
Event: 48.471 Thread 0x000002507e7c8a30 Exception <a 'java/io/FileNotFoundException'{0x00000007036f4c80}> (0x00000007036f4c80) 
thrown [s\open\src\hotspot\share\prims\jni.cpp, line 520]
Event: 57.039 Thread 0x000002507e7c8a30 Exception <a 'java/io/FileNotFoundException'{0x00000007032e5f10}> (0x00000007032e5f10) 
thrown [s\open\src\hotspot\share\prims\jni.cpp, line 520]

VM Operations (20 events):
Event: 5.797 Executing VM operation: G1CollectForAllocation (G1 Evacuation Pause) done
Event: 5.801 Executing VM operation: HandshakeAllThreads (Deoptimize)
Event: 5.801 Executing VM operation: HandshakeAllThreads (Deoptimize) done
Event: 6.034 Executing VM operation: CollectForMetadataAllocation (Metadata GC Threshold)
Event: 6.039 Executing VM operation: CollectForMetadataAllocation (Metadata GC Threshold) done
Event: 6.043 Executing VM operation: G1PauseRemark
Event: 6.045 Executing VM operation: G1PauseRemark done
Event: 6.047 Executing VM operation: G1PauseCleanup
Event: 6.047 Executing VM operation: G1PauseCleanup done
Event: 6.071 Executing VM operation: HandshakeAllThreads (Deoptimize)
Event: 6.071 Executing VM operation: HandshakeAllThreads (Deoptimize) done
Event: 6.132 Executing VM operation: HandshakeAllThreads (Deoptimize)
Event: 6.132 Executing VM operation: HandshakeAllThreads (Deoptimize) done
Event: 9.004 Executing VM operation: G1CollectForAllocation (G1 Evacuation Pause)
Event: 9.009 Executing VM operation: G1CollectForAllocation (G1 Evacuation Pause) done
Event: 9.037 Executing VM operation: HandshakeAllThreads (Deoptimize)
Event: 9.038 Executing VM operation: HandshakeAllThreads (Deoptimize) done
Event: 58.871 Executing VM operation: G1CollectForAllocation (G1 Evacuation Pause)
Event: 58.873 Executing VM operation: G1CollectForAllocation (G1 Evacuation Pause) done
Event: 60.150 Executing VM operation: Exit

Memory protections (0 events):
No events

Nmethod flushes (0 events):
No events

Events (20 events):
Event: 9.247 Thread 0x0000025009d953a0 Thread exited: 0x0000025009d953a0
Event: 9.247 Thread 0x000002500ace4fb0 Thread exited: 0x000002500ace4fb0
Event: 33.817 Thread 0x000002507e9a2970 Thread exited: 0x000002507e9a2970
Event: 41.247 Thread 0x0000025037cbaf80 Thread added: 0x000002507e0e22f0
Event: 41.256 Thread 0x0000025037cbaf80 Thread added: 0x000002507e206d90
Event: 41.455 Thread 0x000002507e206d90 Thread exited: 0x000002507e206d90
Event: 41.624 Thread 0x000002507e0e22f0 Thread exited: 0x000002507e0e22f0
Event: 42.616 Thread 0x0000025037cbaf80 Thread added: 0x000002507d01df90
Event: 42.617 Thread 0x000002507d01df90 Thread added: 0x000002507d01e650
Event: 42.735 Thread 0x000002507d01e650 Thread exited: 0x000002507d01e650
Event: 43.117 Thread 0x000002507d01df90 Thread exited: 0x000002507d01df90
Event: 43.619 Thread 0x0000025037cbaf80 Thread added: 0x000002500a1161f0
Event: 44.052 Thread 0x000002500a1161f0 Thread exited: 0x000002500a1161f0
Event: 48.475 Thread 0x0000025037cbaf80 Thread added: 0x000002507d3f48b0
Event: 49.168 Thread 0x000002507d3f48b0 Thread exited: 0x000002507d3f48b0
Event: 60.149 Thread 0x000002507e7c8a30 Thread added: 0x000002507e9a22e0
Event: 60.149 Thread 0x000002507e7c8a30 Thread added: 0x000002507e9a0210
Event: 60.149 Thread 0x000002507e9a0210 Thread exited: 0x000002507e9a0210
Event: 60.150 Thread 0x000002507e9a22e0 Thread exited: 0x000002507e9a22e0
Event: 60.150 Thread 0x000002507e7c8a30 Before exit entered


Dynamic libraries:
0x00007ff7d15d0000 - 0x00007ff7d15de000 	C:\Users\Anwender\.jdks\openjdk-23.0.1\bin\java.exe
0x00007ffc59e70000 - 0x00007ffc5a068000 	C:\WINDOWS\SYSTEM32\ntdll.dll
0x00007ffc57e90000 - 0x00007ffc57f52000 	C:\WINDOWS\System32\KERNEL32.DLL
0x00007ffc57930000 - 0x00007ffc57c26000 	C:\WINDOWS\System32\KERNELBASE.dll
0x00007ffc57660000 - 0x00007ffc57760000 	C:\WINDOWS\System32\ucrtbase.dll
0x00007ffc53e50000 - 0x00007ffc53e67000 	C:\Users\Anwender\.jdks\openjdk-23.0.1\bin\jli.dll
0x00007ffc53e70000 - 0x00007ffc53e8b000 	C:\Users\Anwender\.jdks\openjdk-23.0.1\bin\VCRUNTIME140.dll
0x00007ffc584d0000 - 0x00007ffc5866d000 	C:\WINDOWS\System32\USER32.dll
0x00007ffc401a0000 - 0x00007ffc4043a000 	C:\WINDOWS\WinSxS\amd64_microsoft.windows.common-controls_6595b64144ccf1df_6.0.19041.4355_none_60b8b9eb71f62e16\COMCTL32.dll
0x00007ffc57500000 - 0x00007ffc57522000 	C:\WINDOWS\System32\win32u.dll
0x00007ffc58750000 - 0x00007ffc587ee000 	C:\WINDOWS\System32\msvcrt.dll
0x00007ffc57f60000 - 0x00007ffc57f8b000 	C:\WINDOWS\System32\GDI32.dll
0x00007ffc57760000 - 0x00007ffc5787a000 	C:\WINDOWS\System32\gdi32full.dll
0x00007ffc575c0000 - 0x00007ffc5765d000 	C:\WINDOWS\System32\msvcp_win.dll
0x00007ffc59e00000 - 0x00007ffc59e2f000 	C:\WINDOWS\System32\IMM32.DLL
0x00007ffc53ee0000 - 0x00007ffc53eec000 	C:\Users\Anwender\.jdks\openjdk-23.0.1\bin\vcruntime140_1.dll
0x00007ffc3fa70000 - 0x00007ffc3fafe000 	C:\Users\Anwender\.jdks\openjdk-23.0.1\bin\msvcp140.dll
0x00007ffbaefd0000 - 0x00007ffbafd1f000 	C:\Users\Anwender\.jdks\openjdk-23.0.1\bin\server\jvm.dll
0x00007ffc58850000 - 0x00007ffc588ff000 	C:\WINDOWS\System32\ADVAPI32.dll
0x00007ffc58fc0000 - 0x00007ffc5905f000 	C:\WINDOWS\System32\sechost.dll
0x00007ffc59c40000 - 0x00007ffc59d63000 	C:\WINDOWS\System32\RPCRT4.dll
0x00007ffc57cb0000 - 0x00007ffc57cd7000 	C:\WINDOWS\System32\bcrypt.dll
0x00007ffc58ad0000 - 0x00007ffc58b3b000 	C:\WINDOWS\System32\WS2_32.dll
0x00007ffc56a40000 - 0x00007ffc56a8b000 	C:\WINDOWS\SYSTEM32\POWRPROF.dll
0x00007ffc4c830000 - 0x00007ffc4c857000 	C:\WINDOWS\SYSTEM32\WINMM.dll
0x00007ffc4f5f0000 - 0x00007ffc4f5fa000 	C:\WINDOWS\SYSTEM32\VERSION.dll
0x00007ffc56900000 - 0x00007ffc56912000 	C:\WINDOWS\SYSTEM32\UMPDC.dll
0x00007ffc553a0000 - 0x00007ffc553b2000 	C:\WINDOWS\SYSTEM32\kernel.appcore.dll
0x00007ffc53e40000 - 0x00007ffc53e4a000 	C:\Users\Anwender\.jdks\openjdk-23.0.1\bin\jimage.dll
0x00007ffc4b6e0000 - 0x00007ffc4b8c4000 	C:\WINDOWS\SYSTEM32\DBGHELP.DLL
0x00007ffc2fc20000 - 0x00007ffc2fc54000 	C:\WINDOWS\SYSTEM32\dbgcore.DLL
0x00007ffc57530000 - 0x00007ffc575b2000 	C:\WINDOWS\System32\bcryptPrimitives.dll
0x00007ffc53e10000 - 0x00007ffc53e1f000 	C:\Users\Anwender\.jdks\openjdk-23.0.1\bin\instrument.dll
0x00007ffc53e20000 - 0x00007ffc53e3e000 	C:\Users\Anwender\.jdks\openjdk-23.0.1\bin\java.dll
0x00007ffc59b10000 - 0x00007ffc59c3b000 	C:\WINDOWS\System32\ole32.dll
0x00007ffc57ff0000 - 0x00007ffc58345000 	C:\WINDOWS\System32\combase.dll
0x00007ffc592c0000 - 0x00007ffc59a2f000 	C:\WINDOWS\System32\SHELL32.dll
0x00007ffc555a0000 - 0x00007ffc55d43000 	C:\WINDOWS\SYSTEM32\windows.storage.dll
0x00007ffc56f30000 - 0x00007ffc56f5b000 	C:\WINDOWS\SYSTEM32\Wldp.dll
0x00007ffc58670000 - 0x00007ffc5873d000 	C:\WINDOWS\System32\OLEAUT32.dll
0x00007ffc59a60000 - 0x00007ffc59b0d000 	C:\WINDOWS\System32\SHCORE.dll
0x00007ffc57f90000 - 0x00007ffc57fe5000 	C:\WINDOWS\System32\shlwapi.dll
0x00007ffc57430000 - 0x00007ffc57455000 	C:\WINDOWS\SYSTEM32\profapi.dll
0x00007ffc3c360000 - 0x00007ffc3c437000 	C:\Users\Anwender\.jdks\openjdk-23.0.1\bin\jsvml.dll
0x00007ffc53e00000 - 0x00007ffc53e10000 	C:\Users\Anwender\.jdks\openjdk-23.0.1\bin\net.dll
0x00007ffc56c90000 - 0x00007ffc56cfc000 	C:\WINDOWS\system32\mswsock.dll
0x00007ffc51380000 - 0x00007ffc51396000 	C:\Users\Anwender\.jdks\openjdk-23.0.1\bin\nio.dll
0x00007ffc3fa50000 - 0x00007ffc3fa67000 	C:\Users\Anwender\.jdks\openjdk-23.0.1\bin\zip.dll
0x00007ffc3f850000 - 0x00007ffc3f86a000 	C:\Program Files\JetBrains\IntelliJ IDEA 2024.2.4\bin\breakgen64.dll
0x00007ffc53df0000 - 0x00007ffc53df9000 	C:\Users\Anwender\.jdks\openjdk-23.0.1\bin\extnet.dll
0x00000250160d0000 - 0x00000250160d3000 	C:\Users\Anwender\Downloads\openjfx-23.0.1_windows-x64_bin-sdk\javafx-sdk-23.0.1\bin\api-ms-win-core-console-l1-1-0.dll
0x00000250160e0000 - 0x00000250160e3000 	C:\Users\Anwender\Downloads\openjfx-23.0.1_windows-x64_bin-sdk\javafx-sdk-23.0.1\bin\api-ms-win-core-console-l1-2-0.dll
0x00000250160f0000 - 0x00000250160f3000 	C:\Users\Anwender\Downloads\openjfx-23.0.1_windows-x64_bin-sdk\javafx-sdk-23.0.1\bin\api-ms-win-core-datetime-l1-1-0.dll
0x0000025016100000 - 0x0000025016103000 	C:\Users\Anwender\Downloads\openjfx-23.0.1_windows-x64_bin-sdk\javafx-sdk-23.0.1\bin\api-ms-win-core-debug-l1-1-0.dll
0x0000025016110000 - 0x0000025016113000 	C:\Users\Anwender\Downloads\openjfx-23.0.1_windows-x64_bin-sdk\javafx-sdk-23.0.1\bin\api-ms-win-core-errorhandling-l1-1-0.dll
0x0000025016120000 - 0x0000025016124000 	C:\Users\Anwender\Downloads\openjfx-23.0.1_windows-x64_bin-sdk\javafx-sdk-23.0.1\bin\api-ms-win-core-file-l1-1-0.dll
0x00000250181b0000 - 0x00000250181b3000 	C:\Users\Anwender\Downloads\openjfx-23.0.1_windows-x64_bin-sdk\javafx-sdk-23.0.1\bin\api-ms-win-core-file-l1-2-0.dll
0x00000250181c0000 - 0x00000250181c3000 	C:\Users\Anwender\Downloads\openjfx-23.0.1_windows-x64_bin-sdk\javafx-sdk-23.0.1\bin\api-ms-win-core-file-l2-1-0.dll
0x00000250181d0000 - 0x00000250181d3000 	C:\Users\Anwender\Downloads\openjfx-23.0.1_windows-x64_bin-sdk\javafx-sdk-23.0.1\bin\api-ms-win-core-handle-l1-1-0.dll
0x00000250181e0000 - 0x00000250181e3000 	C:\Users\Anwender\Downloads\openjfx-23.0.1_windows-x64_bin-sdk\javafx-sdk-23.0.1\bin\api-ms-win-core-heap-l1-1-0.dll
0x00000250181f0000 - 0x00000250181f3000 	C:\Users\Anwender\Downloads\openjfx-23.0.1_windows-x64_bin-sdk\javafx-sdk-23.0.1\bin\api-ms-win-core-interlocked-l1-1-0.dll
0x0000025018200000 - 0x0000025018203000 	C:\Users\Anwender\Downloads\openjfx-23.0.1_windows-x64_bin-sdk\javafx-sdk-23.0.1\bin\api-ms-win-core-libraryloader-l1-1-0.dll
0x0000025037ce0000 - 0x0000025037ce3000 	C:\Users\Anwender\Downloads\openjfx-23.0.1_windows-x64_bin-sdk\javafx-sdk-23.0.1\bin\api-ms-win-core-localization-l1-2-0.dll
0x0000025037cf0000 - 0x0000025037cf3000 	C:\Users\Anwender\Downloads\openjfx-23.0.1_windows-x64_bin-sdk\javafx-sdk-23.0.1\bin\api-ms-win-core-memory-l1-1-0.dll
0x0000025037d00000 - 0x0000025037d03000 	C:\Users\Anwender\Downloads\openjfx-23.0.1_windows-x64_bin-sdk\javafx-sdk-23.0.1\bin\api-ms-win-core-namedpipe-l1-1-0.dll
0x0000025037d10000 - 0x0000025037d13000 	C:\Users\Anwender\Downloads\openjfx-23.0.1_windows-x64_bin-sdk\javafx-sdk-23.0.1\bin\api-ms-win-core-processenvironment-l1-1-0.dll
0x0000025037d20000 - 0x0000025037d23000 	C:\Users\Anwender\Downloads\openjfx-23.0.1_windows-x64_bin-sdk\javafx-sdk-23.0.1\bin\api-ms-win-core-processthreads-l1-1-0.dll
0x0000025037d30000 - 0x0000025037d33000 	C:\Users\Anwender\Downloads\openjfx-23.0.1_windows-x64_bin-sdk\javafx-sdk-23.0.1\bin\api-ms-win-core-processthreads-l1-1-1.dll
0x0000025037d40000 - 0x0000025037d43000 	C:\Users\Anwender\Downloads\openjfx-23.0.1_windows-x64_bin-sdk\javafx-sdk-23.0.1\bin\api-ms-win-core-profile-l1-1-0.dll
0x0000025037d50000 - 0x0000025037d53000 	C:\Users\Anwender\Downloads\openjfx-23.0.1_windows-x64_bin-sdk\javafx-sdk-23.0.1\bin\api-ms-win-core-rtlsupport-l1-1-0.dll
0x0000025037d60000 - 0x0000025037d63000 	C:\Users\Anwender\Downloads\openjfx-23.0.1_windows-x64_bin-sdk\javafx-sdk-23.0.1\bin\api-ms-win-core-string-l1-1-0.dll
0x0000025037d70000 - 0x0000025037d73000 	C:\Users\Anwender\Downloads\openjfx-23.0.1_windows-x64_bin-sdk\javafx-sdk-23.0.1\bin\api-ms-win-core-synch-l1-1-0.dll
0x0000025037d80000 - 0x0000025037d83000 	C:\Users\Anwender\Downloads\openjfx-23.0.1_windows-x64_bin-sdk\javafx-sdk-23.0.1\bin\api-ms-win-core-synch-l1-2-0.dll
0x0000025037f10000 - 0x0000025037f13000 	C:\Users\Anwender\Downloads\openjfx-23.0.1_windows-x64_bin-sdk\javafx-sdk-23.0.1\bin\api-ms-win-core-sysinfo-l1-1-0.dll
0x0000025037f20000 - 0x0000025037f23000 	C:\Users\Anwender\Downloads\openjfx-23.0.1_windows-x64_bin-sdk\javafx-sdk-23.0.1\bin\api-ms-win-core-timezone-l1-1-0.dll
0x0000025037f30000 - 0x0000025037f33000 	C:\Users\Anwender\Downloads\openjfx-23.0.1_windows-x64_bin-sdk\javafx-sdk-23.0.1\bin\api-ms-win-core-util-l1-1-0.dll
0x0000025037f40000 - 0x0000025037f43000 	C:\Users\Anwender\Downloads\openjfx-23.0.1_windows-x64_bin-sdk\javafx-sdk-23.0.1\bin\api-ms-win-crt-conio-l1-1-0.dll
0x0000025037f50000 - 0x0000025037f54000 	C:\Users\Anwender\Downloads\openjfx-23.0.1_windows-x64_bin-sdk\javafx-sdk-23.0.1\bin\api-ms-win-crt-convert-l1-1-0.dll
0x0000025037f60000 - 0x0000025037f63000 	C:\Users\Anwender\Downloads\openjfx-23.0.1_windows-x64_bin-sdk\javafx-sdk-23.0.1\bin\api-ms-win-crt-environment-l1-1-0.dll
0x0000025037d90000 - 0x0000025037d93000 	C:\Users\Anwender\Downloads\openjfx-23.0.1_windows-x64_bin-sdk\javafx-sdk-23.0.1\bin\api-ms-win-crt-filesystem-l1-1-0.dll
0x0000025037da0000 - 0x0000025037da3000 	C:\Users\Anwender\Downloads\openjfx-23.0.1_windows-x64_bin-sdk\javafx-sdk-23.0.1\bin\api-ms-win-crt-heap-l1-1-0.dll
0x0000025037db0000 - 0x0000025037db3000 	C:\Users\Anwender\Downloads\openjfx-23.0.1_windows-x64_bin-sdk\javafx-sdk-23.0.1\bin\api-ms-win-crt-locale-l1-1-0.dll
0x0000025037dc0000 - 0x0000025037dc5000 	C:\Users\Anwender\Downloads\openjfx-23.0.1_windows-x64_bin-sdk\javafx-sdk-23.0.1\bin\api-ms-win-crt-math-l1-1-0.dll
0x0000025037dd0000 - 0x0000025037dd5000 	C:\Users\Anwender\Downloads\openjfx-23.0.1_windows-x64_bin-sdk\javafx-sdk-23.0.1\bin\api-ms-win-crt-multibyte-l1-1-0.dll
0x0000025037de0000 - 0x0000025037df0000 	C:\Users\Anwender\Downloads\openjfx-23.0.1_windows-x64_bin-sdk\javafx-sdk-23.0.1\bin\api-ms-win-crt-private-l1-1-0.dll
0x0000025037df0000 - 0x0000025037df3000 	C:\Users\Anwender\Downloads\openjfx-23.0.1_windows-x64_bin-sdk\javafx-sdk-23.0.1\bin\api-ms-win-crt-process-l1-1-0.dll
0x0000025037e00000 - 0x0000025037e04000 	C:\Users\Anwender\Downloads\openjfx-23.0.1_windows-x64_bin-sdk\javafx-sdk-23.0.1\bin\api-ms-win-crt-runtime-l1-1-0.dll
0x0000025037e10000 - 0x0000025037e14000 	C:\Users\Anwender\Downloads\openjfx-23.0.1_windows-x64_bin-sdk\javafx-sdk-23.0.1\bin\api-ms-win-crt-stdio-l1-1-0.dll
0x0000025037e20000 - 0x0000025037e24000 	C:\Users\Anwender\Downloads\openjfx-23.0.1_windows-x64_bin-sdk\javafx-sdk-23.0.1\bin\api-ms-win-crt-string-l1-1-0.dll
0x0000025037e30000 - 0x0000025037e33000 	C:\Users\Anwender\Downloads\openjfx-23.0.1_windows-x64_bin-sdk\javafx-sdk-23.0.1\bin\api-ms-win-crt-time-l1-1-0.dll
0x0000025037e40000 - 0x0000025037e43000 	C:\Users\Anwender\Downloads\openjfx-23.0.1_windows-x64_bin-sdk\javafx-sdk-23.0.1\bin\api-ms-win-crt-utility-l1-1-0.dll
0x00007ffc32430000 - 0x00007ffc3252c000 	C:\Users\Anwender\Downloads\openjfx-23.0.1_windows-x64_bin-sdk\javafx-sdk-23.0.1\bin\ucrtbase.dll
0x00007ffc3f800000 - 0x00007ffc3f81b000 	C:\Users\Anwender\Downloads\openjfx-23.0.1_windows-x64_bin-sdk\javafx-sdk-23.0.1\bin\vcruntime140.dll
0x00007ffc3f9f0000 - 0x00007ffc3f9fc000 	C:\Users\Anwender\Downloads\openjfx-23.0.1_windows-x64_bin-sdk\javafx-sdk-23.0.1\bin\vcruntime140_1.dll
0x00007ffc3bc70000 - 0x00007ffc3bcfe000 	C:\Users\Anwender\Downloads\openjfx-23.0.1_windows-x64_bin-sdk\javafx-sdk-23.0.1\bin\msvcp140.dll
0x00007ffc3f7f0000 - 0x00007ffc3f7f9000 	C:\Users\Anwender\Downloads\openjfx-23.0.1_windows-x64_bin-sdk\javafx-sdk-23.0.1\bin\msvcp140_1.dll
0x00007ffc3c310000 - 0x00007ffc3c351000 	C:\Users\Anwender\Downloads\openjfx-23.0.1_windows-x64_bin-sdk\javafx-sdk-23.0.1\bin\msvcp140_2.dll
0x00007ffc3bb00000 - 0x00007ffc3bb30000 	C:\Users\Anwender\Downloads\openjfx-23.0.1_windows-x64_bin-sdk\javafx-sdk-23.0.1\bin\prism_d3d.dll
0x00007ffc2ef30000 - 0x00007ffc2f101000 	C:\WINDOWS\system32\d3d9.dll
0x00007ffc551c0000 - 0x00007ffc551ef000 	C:\WINDOWS\SYSTEM32\dwmapi.dll
0x00007ffc54eb0000 - 0x00007ffc54f4e000 	C:\WINDOWS\system32\uxtheme.dll
0x00007ffc4a970000 - 0x00007ffc4aa34000 	C:\WINDOWS\System32\DriverStore\FileRepository\nv_dispi.inf_amd64_adf5a840df867035\nvldumdx.dll
0x00007ffc570c0000 - 0x00007ffc570d2000 	C:\WINDOWS\SYSTEM32\msasn1.dll
0x00007ffc4f5b0000 - 0x00007ffc4f5e1000 	C:\WINDOWS\SYSTEM32\cryptnet.dll
0x00007ffc57ce0000 - 0x00007ffc57e3d000 	C:\WINDOWS\System32\CRYPT32.dll
0x00007ffc56ea0000 - 0x00007ffc56eac000 	C:\WINDOWS\SYSTEM32\cryptbase.dll
0x00007ffc4f460000 - 0x00007ffc4f5a7000 	C:\WINDOWS\SYSTEM32\drvstore.dll
0x00007ffc57290000 - 0x00007ffc572c3000 	C:\WINDOWS\SYSTEM32\devobj.dll
0x00007ffc57e40000 - 0x00007ffc57e8e000 	C:\WINDOWS\System32\cfgmgr32.dll
0x00007ffc57c30000 - 0x00007ffc57ca3000 	C:\WINDOWS\System32\wintrust.dll
0x00007ffc59a30000 - 0x00007ffc59a4d000 	C:\WINDOWS\System32\imagehlp.dll
0x00007ffc56e80000 - 0x00007ffc56e98000 	C:\WINDOWS\SYSTEM32\CRYPTSP.dll
0x00007ffc56540000 - 0x00007ffc56578000 	C:\WINDOWS\system32\rsaenh.dll
0x00007ffc47870000 - 0x00007ffc4a580000 	C:\WINDOWS\System32\DriverStore\FileRepository\nv_dispi.inf_amd64_adf5a840df867035\nvgpucomp64.dll
0x00007ffb882e0000 - 0x00007ffb8a06c000 	C:\WINDOWS\System32\DriverStore\FileRepository\nv_dispi.inf_amd64_adf5a840df867035\nvd3dumx.dll
0x00007ffc32c30000 - 0x00007ffc32c75000 	C:\Users\Anwender\Downloads\openjfx-23.0.1_windows-x64_bin-sdk\javafx-sdk-23.0.1\bin\glass.dll
0x00007ffc589f0000 - 0x00007ffc58aca000 	C:\WINDOWS\System32\COMDLG32.dll
0x00007ffc583b0000 - 0x00007ffc584c5000 	C:\WINDOWS\System32\MSCTF.dll
0x00007ffbcb3e0000 - 0x00007ffbcb6b0000 	C:\WINDOWS\system32\nvspcap64.dll
0x00007ffc56790000 - 0x00007ffc567c3000 	C:\WINDOWS\SYSTEM32\ntmarta.dll
0x00007ffc55d60000 - 0x00007ffc55d83000 	C:\WINDOWS\SYSTEM32\gpapi.dll
0x00007ffbd2ca0000 - 0x00007ffbd2df5000 	C:\WINDOWS\System32\DriverStore\FileRepository\nv_dispi.inf_amd64_adf5a840df867035\nvppex.dll
0x00007ffc4b2a0000 - 0x00007ffc4b2db000 	C:\WINDOWS\SYSTEM32\dxcore.dll
0x00007ffc59210000 - 0x00007ffc592b9000 	C:\WINDOWS\System32\clbcatq.dll
0x00007ffc4a830000 - 0x00007ffc4a96f000 	C:\Windows\System32\Windows.UI.dll
0x00007ffc4a730000 - 0x00007ffc4a829000 	C:\Windows\System32\TextInputFramework.dll
0x00007ffc4f3b0000 - 0x00007ffc4f451000 	C:\Windows\System32\WindowManagementAPI.dll
0x00007ffc4a5d0000 - 0x00007ffc4a722000 	C:\Windows\System32\InputHost.dll

dbghelp: loaded successfully - version: 4.0.5 - missing functions: none
symbol engine: initialized successfully - sym options: 0x614 - pdb path: .;C:\Users\Anwender\.jdks\openjdk-23.0.1\bin;C:\WINDOWS\SYSTEM32;C:\WINDOWS\WinSxS\amd64_microsoft.windows.common-controls_6595b64144ccf1df_6.0.19041.4355_none_60b8b9eb71f62e16;C:\Users\Anwender\.jdks\openjdk-23.0.1\bin\server;C:\Program Files\JetBrains\IntelliJ IDEA 2024.2.4\bin;C:\Users\Anwender\Downloads\openjfx-23.0.1_windows-x64_bin-sdk\javafx-sdk-23.0.1\bin;C:\WINDOWS\System32\DriverStore\FileRepository\nv_dispi.inf_amd64_adf5a840df867035;C:\Program Files\Common Files\Microsoft Shared\Ink

VM Arguments:
jvm_args: --module-path=C:\Users\Anwender\Downloads\openjfx-23.0.1_windows-x64_bin-sdk\javafx-sdk-23.0.1\lib --add-modules=javafx.controls,javafx.fxml --enable-preview -javaagent:C:\Program Files\JetBrains\IntelliJ IDEA 2024.2.4\lib\idea_rt.jar=32562:C:\Program Files\JetBrains\IntelliJ IDEA 2024.2.4\bin -Dfile.encoding=UTF-8 -Dsun.stdout.encoding=UTF-8 -Dsun.stderr.encoding=UTF-8 
java_command: Main
java_class_path (initial): C:\Users\Anwender\IdeaProjects\demo3\target\classes;C:\Users\Anwender\.m2\repository\org\openjfx\javafx-controls\17.0.6\javafx-controls-17.0.6.jar;C:\Users\Anwender\.m2\repository\org\openjfx\javafx-controls\17.0.6\javafx-controls-17.0.6-win.jar;C:\Users\Anwender\.m2\repository\org\openjfx\javafx-graphics\17.0.6\javafx-graphics-17.0.6.jar;C:\Users\Anwender\.m2\repository\org\openjfx\javafx-graphics\17.0.6\javafx-graphics-17.0.6-win.jar;C:\Users\Anwender\.m2\repository\org\openjfx\javafx-base\17.0.6\javafx-base-17.0.6.jar;C:\Users\Anwender\.m2\repository\org\openjfx\javafx-base\17.0.6\javafx-base-17.0.6-win.jar;C:\Users\Anwender\.m2\repository\org\openjfx\javafx-fxml\17.0.6\javafx-fxml-17.0.6.jar;C:\Users\Anwender\.m2\repository\org\openjfx\javafx-fxml\17.0.6\javafx-fxml-17.0.6-win.jar;C:\Users\Anwender\.m2\repository\com\itextpdf\itextpdf\5.5.13.2\itextpdf-5.5.13.2.jar;C:\Users\Anwender\Downloads\postgresql-42.7.4.jar
Launcher Type: SUN_STANDARD

[Global flags]
     intx CICompilerCount                          = 4                                         {product} {ergonomic}
     uint ConcGCThreads                            = 3                                         {product} {ergonomic}
     uint G1ConcRefinementThreads                  = 10                                        {product} {ergonomic}
   size_t G1HeapRegionSize                         = 2097152                                   {product} {ergonomic}
   size_t InitialHeapSize                          = 268435456                                 {product} {ergonomic}
   size_t MarkStackSize                            = 4194304                                   {product} {ergonomic}
   size_t MarkStackSizeMax                         = 536870912                                 {product} {ergonomic}
   size_t MaxHeapSize                              = 4278190080                                {product} {ergonomic}
   size_t MaxNewSize                               = 2566914048                                {product} {ergonomic}
   size_t MinHeapDeltaBytes                        = 2097152                                   {product} {ergonomic}
   size_t MinHeapSize                              = 8388608                                   {product} {ergonomic}
    uintx NonNMethodCodeHeapSize                   = 5832704                                {pd product} {ergonomic}
    uintx NonProfiledCodeHeapSize                  = 122945536                              {pd product} {ergonomic}
    uintx ProfiledCodeHeapSize                     = 122880000                              {pd product} {ergonomic}
    uintx ReservedCodeCacheSize                    = 251658240                              {pd product} {ergonomic}
     bool SegmentedCodeCache                       = true                                      {product} {ergonomic}
   size_t SoftMaxHeapSize                          = 4278190080                             {manageable} {ergonomic}
     bool UseCompressedOops                        = true                           {product lp64_product} {ergonomic}
     bool UseG1GC                                  = true                                      {product} {ergonomic}
     bool UseLargePagesIndividualAllocation        = false                                  {pd product} {ergonomic}

Logging:
Log output configuration:
 #0: stdout all=off uptime,level,tags foldmultilines=false
 #1: stderr all=off uptime,level,tags foldmultilines=false

Environment Variables:
CLASSPATH=C:\Users\Anwender\Downloads\openjfx-23.0.1_windows-x64_bin-sdk\javafx-sdk-23.0.1\bin
PATH=C:\Program Files\Common Files\Oracle\Java\javapath;C:\WINDOWS\system32;C:\WINDOWS;C:\WINDOWS\System32\Wbem;C:\WINDOWS\System32\WindowsPowerShell\v1.0\;C:\WINDOWS\System32\OpenSSH\;C:\Program Files\NVIDIA Corporation\NVIDIA NvDLISR;C:\Program Files (x86)\NVIDIA Corporation\PhysX\Common;C:\Program Files\dotnet\;C:\Users\Anwender\.jdks\openjdk-23.0.1\bin;C:\Users\Anwender\Downloads\openjfx-23.0.1_windows-x64_bin-sdk\javafx-sdk-23.0.1\bin;C:\Program Files\Git\cmd;C:\Users\Anwender\AppData\Local\Programs\Python\Python312\Scripts\;C:\Users\Anwender\AppData\Local\Programs\Python\Python312\;C:\Users\Anwender\AppData\Local\Microsoft\WindowsApps;C:\Users\Anwender\AppData\Local\Programs\Microsoft VS Code\bin;C:\Users\Anwender\.jdks\openjdk-23.0.1\bin;
USERNAME=Anwender
OS=Windows_NT
PROCESSOR_IDENTIFIER=AMD64 Family 23 Model 113 Stepping 0, AuthenticAMD
TMP=C:\Users\Anwender\AppData\Local\Temp
TEMP=C:\Users\Anwender\AppData\Local\Temp




Periodic native trim disabled

---------------  S Y S T E M  ---------------

OS:
 Windows 10 , 64 bit Build 19041 (10.0.19041.5678)
OS uptime: 0 days 2:30 hours

CPU: total 12 (initial active 12) (12 cores per cpu, 2 threads per core) family 23 model 113 stepping 0 microcode 0x0, cx8, cmov, fxsr, ht, mmx, 3dnowpref, sse, sse2, sse3, ssse3, sse4a, sse4.1, sse4.2, popcnt, lzcnt, tsc, tscinvbit, avx, avx2, aes, clmul, bmi1, bmi2, adx, sha, fma, vzeroupper, clflush, clflushopt, rdtscp, rdpid, f16c
Processor Information for the first 12 processors :
  Max Mhz: 3593, Current Mhz: 3593, Mhz Limit: 3593

Memory: 4k page, system-wide physical 16313M (5971M free)
TotalPageFile size 23993M (AvailPageFile size 6767M)
current process WorkingSet (physical memory assigned to process): 209M, peak: 220M
current process commit charge ("private bytes"): 319M, peak: 516M

vm_info: OpenJDK 64-Bit Server VM (23.0.1+11-39) for windows-amd64 JRE (23.0.1+11-39), built on 2024-09-30T07:20:43Z with MS VC++ 17.6 (VS2022)

END.
