#
# A fatal error has been detected by the Java Runtime Environment:
#
#  EXCEPTION_ACCESS_VIOLATION (0xc0000005) at pc=0x00007ffcd0a18427, pid=7192, tid=22104
#
# JRE version: OpenJDK Runtime Environment (23.0.1+11) (build 23.0.1+11-39)
# Java VM: OpenJDK 64-Bit Server VM (23.0.1+11-39, mixed mode, sharing, tiered, compressed oops, compressed class ptrs, g1 gc, windows-amd64)
# Problematic frame:
# C  [glass.dll+0x28427]
#
# No core dump will be written. Minidumps are not enabled by default on client versions of Windows
#
# If you would like to submit a bug report, please visit:
#   https://bugreport.java.com/bugreport/crash.jsp
#

---------------  S U M M A R Y ------------

Command Line: --module-path=C:\Users\Anwender\Downloads\openjfx-23.0.1_windows-x64_bin-sdk\javafx-sdk-23.0.1\lib --add-modules=javafx.controls,javafx.fxml --enable-preview -javaagent:C:\Program Files\JetBrains\IntelliJ IDEA 2024.2.4\lib\idea_rt.jar=35357:C:\Program Files\JetBrains\IntelliJ IDEA 2024.2.4\bin -Dfile.encoding=UTF-8 -Dsun.stdout.encoding=UTF-8 -Dsun.stderr.encoding=UTF-8 Main

Host: AMD Ryzen 5 3600 6-Core Processor              , 12 cores, 15G,  Windows 10 , 64 bit Build 19041 (10.0.19041.5678)
Time: Tue Apr 15 00:20:46 2025 Mitteleuropäische Sommerzeit elapsed time: 18.765227 seconds (0d 0h 0m 18s)

---------------  T H R E A D  ---------------

Current thread (0x0000016ca2c66660):  VMThread "VM Thread"          [id=22104, stack(0x000000435d500000,0x000000435d600000) (1024K)]

Stack: [0x000000435d500000,0x000000435d600000],  sp=0x000000435d5fee10,  free space=1019k
Native frames: (J=compiled Java code, j=interpreted, Vv=VM code, C=native code)
C  [glass.dll+0x28427]  (no source info available)
C  [ucrtbase.dll+0x142d6]  (no source info available)
C  [ucrtbase.dll+0x141fb]  (no source info available)
C  [ucrtbase.dll+0x141b4]  (no source info available)
C  [glass.dll+0x25bbd]  (no source info available)
C  [glass.dll+0x25ce2]  (no source info available)
C  [ntdll.dll+0x19a1d]  (no source info available)
C  [ntdll.dll+0x5f1ca]  (no source info available)
C  [ntdll.dll+0x5ef7d]  (no source info available)
C  [KERNEL32.DLL+0x1e3eb]  (no source info available)
C  [ucrtbase.dll+0x205bc]  (no source info available)
C  [ucrtbase.dll+0x2045f]  (no source info available)
V  [jvm.dll+0x6d990c]  (no source info available)
V  [jvm.dll+0x6d9440]  (no source info available)
V  [jvm.dll+0x3da534]  (no source info available)
V  [jvm.dll+0x886720]  (no source info available)
V  [jvm.dll+0x887a47]  (no source info available)
V  [jvm.dll+0x887f78]  (no source info available)
V  [jvm.dll+0x888213]  (no source info available)
V  [jvm.dll+0x824f8b]  (no source info available)
V  [jvm.dll+0x6df065]  (no source info available)
C  [ucrtbase.dll+0x21bb2]  (no source info available)
C  [KERNEL32.DLL+0x17374]  (no source info available)
C  [ntdll.dll+0x4cc91]  (no source info available)


siginfo: EXCEPTION_ACCESS_VIOLATION (0xc0000005), reading address 0x0000000000000000


Registers:
RAX=0x0000000000000000, RBX=0x0000016ca2c6f48a, RCX=0x0000016ca2c66660, RDX=0x000000435d5fee10
RSP=0x000000435d5fee10, RBP=0x0000016ce97a0868, RSI=0x0000016ce97a0840, RDI=0x0000d8fadfcc1b24
R8 =0x0000000000010002, R9 =0x0000d8fadfcc1b24, R10=0x0000000000008000, R11=0x000000435d5feda0
R12=0x00007ffcd0a15d30, R13=0x00007ffc70dfb760, R14=0x000000435d5fef08, R15=0x0000016ce97a0840
RIP=0x00007ffcd0a18427, EFLAGS=0x0000000000010202


Register to memory mapping:

RAX=0x0 is null
RBX=0x0000016ca2c6f48a is a global jni handle
RCX=0x0000016ca2c66660 points into unknown readable memory: 0x00007ffc70bff688 | 88 f6 bf 70 fc 7f 00 00
RDX=0x000000435d5fee10 points into unknown readable memory: 0x0000000000000000 | 00 00 00 00 00 00 00 00
RSP=0x000000435d5fee10 points into unknown readable memory: 0x0000000000000000 | 00 00 00 00 00 00 00 00
RBP=0x0000016ce97a0868 points into unknown readable memory: 0x0000d8fadfcc1b24 | 24 1b cc df fa d8 00 00
RSI=0x0000016ce97a0840 points into unknown readable memory: 0x0a155c7adfcbe4e9 | e9 e4 cb df 7a 5c 15 0a
RDI=0x0000d8fadfcc1b24 is an unknown value
R8 =0x0000000000010002 is an unknown value
R9 =0x0000d8fadfcc1b24 is an unknown value
R10=0x0000000000008000 is an unknown value
R11=0x000000435d5feda0 points into unknown readable memory: 0x0000016ce97a0840 | 40 08 7a e9 6c 01 00 00
R12=0x00007ffcd0a15d30 glass.dll
R13=0x00007ffc70dfb760 jvm.dll
R14=0x000000435d5fef08 points into unknown readable memory: 0x000000435d5feef0 | f0 ee 5f 5d 43 00 00 00
R15=0x0000016ce97a0840 points into unknown readable memory: 0x0a155c7adfcbe4e9 | e9 e4 cb df 7a 5c 15 0a

Top of Stack: (sp=0x000000435d5fee10)
0x000000435d5fee10:   0000000000000000 0000016ce97a0840
0x000000435d5fee20:   00007ffc70dfb760 00007ffcd0a15d30
0x000000435d5fee30:   0000016ce97a0848 00007ffd5d2942d6
0x000000435d5fee40:   0000d8fadfcc1b24 0000016c00000000
0x000000435d5fee50:   0000016ce97a0868 0000016ce97a0840
0x000000435d5fee60:   fffffffffffffffe 0000000000000000
0x000000435d5fee70:   0000000000000001 00007ffcd09f0000
0x000000435d5fee80:   000000435d5feef8 00007ffd5d2941fb
0x000000435d5fee90:   0000000000000000 000000435d5fef08
0x000000435d5feea0:   000000435d5ff1e0 00007ffd5d370e40
0x000000435d5feeb0:   0000000000000001 00007ffd5d2941b4
0x000000435d5feec0:   0000000000000000 0000000000000001
0x000000435d5feed0:   000000007ffe0385 000000435d5feef8
0x000000435d5feee0:   ffffffff00000001 00007ffcd0a15bbd
0x000000435d5feef0:   00007ffcd0a2d078 00007ffc00000002
0x000000435d5fef00:   0000000000000002 000000435d5feef0
0x000000435d5fef10:   00007ffd5c470000 00007ffd5fb69993
0x000000435d5fef20:   0000000000000000 00007ffcd0a15ce2
0x000000435d5fef30:   0000000000000001 0000000000000000
0x000000435d5fef40:   000000000000003c 00007ffd5d370e40
0x000000435d5fef50:   00007ffd26b41094 0000000000000000
0x000000435d5fef60:   0000000000000001 00007ffd26b4083c
0x000000435d5fef70:   00007ffcd09f0000 000000007ffe0384
0x000000435d5fef80:   0000000000000000 00007ffd5fb69a1d
0x000000435d5fef90:   00007ffcd09f0000 0000000000000000
0x000000435d5fefa0:   0000000000000001 000000007ffe0385
0x000000435d5fefb0:   0000000000000000 00007ffd5fbaf331
0x000000435d5fefc0:   00001458675c9300 0000000000000014
0x000000435d5fefd0:   00007ffcd0a15d30 0000000000000000
0x000000435d5fefe0:   0000000000000000 000000435c9a7000
0x000000435d5feff0:   0000016ce97bed70 00007ffd5fbaf1ca
0x000000435d5ff000:   0000016ce97be890 00007ffcd09f0000 

Instructions: (pc=0x00007ffcd0a18427)
0x00007ffcd0a18327:   8b 4d 58 e8 49 cf ff ff 48 8b 4d 60 e8 40 cf ff
0x00007ffcd0a18337:   ff 48 8b 95 80 00 00 00 48 8b 8d 18 01 00 00 e8
0x00007ffcd0a18347:   26 c5 ff ff 33 d2 33 c9 e8 8c e1 ff ff 90 48 89
0x00007ffcd0a18357:   54 24 10 55 48 83 ec 20 48 8b ea 48 b8 00 00 00
0x00007ffcd0a18367:   00 00 00 00 00 48 83 c4 20 5d c3 cc 40 55 48 8b
0x00007ffcd0a18377:   ea 48 8b 01 33 c9 81 38 05 00 00 c0 0f 94 c1 8b
0x00007ffcd0a18387:   c1 5d c3 cc 40 55 48 83 ec 20 48 8b ea 8a 4d 40
0x00007ffcd0a18397:   48 83 c4 20 5d e9 33 d3 ff ff cc 40 55 48 83 ec
0x00007ffcd0a183a7:   20 48 8b ea 8a 4d 20 e8 21 d3 ff ff 90 48 83 c4
0x00007ffcd0a183b7:   20 5d c3 cc 40 55 48 83 ec 20 48 8b ea 48 83 c4
0x00007ffcd0a183c7:   20 5d e9 82 d1 ff ff cc 40 55 48 83 ec 30 48 8b
0x00007ffcd0a183d7:   ea 48 8b 01 8b 10 48 89 4c 24 28 89 54 24 20 4c
0x00007ffcd0a183e7:   8d 0d 23 d6 ff ff 4c 8b 45 70 8b 55 68 48 8b 4d
0x00007ffcd0a183f7:   60 e8 c3 d0 ff ff 90 48 83 c4 30 5d c3 cc cc cc
0x00007ffcd0a18407:   cc cc cc cc cc cc cc cc cc 40 53 48 83 ec 20 48
0x00007ffcd0a18417:   8b 1d 1b 46 01 00 48 85 db 74 16 e8 59 90 ff ff
0x00007ffcd0a18427:   4c 8b 00 48 8b d3 48 8b c8 41 ff 90 b0 00 00 00
0x00007ffcd0a18437:   90 48 83 c4 20 5b c3 cc cc 40 53 48 83 ec 20 48
0x00007ffcd0a18447:   8b 1d 5b 47 01 00 48 85 db 74 57 b8 ff ff ff ff
0x00007ffcd0a18457:   f0 0f c1 43 10 83 f8 01 75 3d 48 85 db 74 38 48
0x00007ffcd0a18467:   8b 0b 48 85 c9 74 0d ff 15 3c 0e 00 00 48 c7 03
0x00007ffcd0a18477:   00 00 00 00 48 8b 4b 08 48 85 c9 74 0d e8 ef cd
0x00007ffcd0a18487:   ff ff 48 c7 43 08 00 00 00 00 ba 18 00 00 00 48
0x00007ffcd0a18497:   8b cb e8 da cd ff ff 48 c7 05 ff 46 01 00 00 00
0x00007ffcd0a184a7:   00 00 48 83 c4 20 5b c3 cc 40 53 48 83 ec 20 48
0x00007ffcd0a184b7:   8b 1d cb 46 01 00 48 85 db 74 57 b8 ff ff ff ff
0x00007ffcd0a184c7:   f0 0f c1 43 10 83 f8 01 75 3d 48 85 db 74 38 48
0x00007ffcd0a184d7:   8b 0b 48 85 c9 74 0d ff 15 cc 0d 00 00 48 c7 03
0x00007ffcd0a184e7:   00 00 00 00 48 8b 4b 08 48 85 c9 74 0d e8 7f cd
0x00007ffcd0a184f7:   ff ff 48 c7 43 08 00 00 00 00 ba 18 00 00 00 48
0x00007ffcd0a18507:   8b cb e8 6a cd ff ff 48 c7 05 6f 46 01 00 00 00
0x00007ffcd0a18517:   00 00 48 83 c4 20 5b c3 cc 40 53 48 83 ec 20 48 


Stack slot to memory mapping:

stack at sp + 0 slots: 0x0 is null
stack at sp + 1 slots: 0x0000016ce97a0840 points into unknown readable memory: 0x0a155c7adfcbe4e9 | e9 e4 cb df 7a 5c 15 0a
stack at sp + 2 slots: 0x00007ffc70dfb760 jvm.dll
stack at sp + 3 slots: 0x00007ffcd0a15d30 glass.dll
stack at sp + 4 slots: 0x0000016ce97a0848 points into unknown readable memory: 0x0000d8fadfcc1b24 | 24 1b cc df fa d8 00 00
stack at sp + 5 slots: 0x00007ffd5d2942d6 ucrtbase.dll
stack at sp + 6 slots: 0x0000d8fadfcc1b24 is an unknown value
stack at sp + 7 slots: 0x0000016c00000000 is an unknown value

VM_Operation (0x000000435e6fa380): Exit, mode: safepoint, requested by thread 0x0000016ce85d3eb0


---------------  P R O C E S S  ---------------

Threads class SMR info:
_java_thread_list=0x0000016cf120f030, length=19, elements={
0x0000016c83221770, 0x0000016ca2c7f670, 0x0000016ca2c80740, 0x0000016ca2c826c0,
0x0000016ca2c853b0, 0x0000016ca2c85fc0, 0x0000016ca2c871e0, 0x0000016ca2c8bbe0,
0x0000016ca2c8c840, 0x0000016ce80eb6d0, 0x0000016ce8bfe590, 0x0000016ce86163b0,
0x0000016ce9475e30, 0x0000016ce822dcc0, 0x0000016ce85d3eb0, 0x0000016ce916a5f0,
0x0000016ce923b0c0, 0x0000016ce903d8d0, 0x0000016ce903c520
}

Java Threads: ( => current thread )
  0x0000016c83221770 JavaThread "main"                              [_thread_blocked, id=16896, stack(0x000000435ce00000,0x000000435cf00000) (1024K)]
  0x0000016ca2c7f670 JavaThread "Reference Handler"          daemon [_thread_blocked, id=24264, stack(0x000000435d600000,0x000000435d700000) (1024K)]
  0x0000016ca2c80740 JavaThread "Finalizer"                  daemon [_thread_blocked, id=5956, stack(0x000000435d700000,0x000000435d800000) (1024K)]
  0x0000016ca2c826c0 JavaThread "Signal Dispatcher"          daemon [_thread_blocked, id=1440, stack(0x000000435d800000,0x000000435d900000) (1024K)]
  0x0000016ca2c853b0 JavaThread "Attach Listener"            daemon [_thread_blocked, id=23412, stack(0x000000435d900000,0x000000435da00000) (1024K)]
  0x0000016ca2c85fc0 JavaThread "Service Thread"             daemon [_thread_blocked, id=1888, stack(0x000000435da00000,0x000000435db00000) (1024K)]
  0x0000016ca2c871e0 JavaThread "Monitor Deflation Thread"   daemon [_thread_blocked, id=14708, stack(0x000000435db00000,0x000000435dc00000) (1024K)]
  0x0000016ca2c8bbe0 JavaThread "C2 CompilerThread0"         daemon [_thread_blocked, id=15204, stack(0x000000435dc00000,0x000000435dd00000) (1024K)]
  0x0000016ca2c8c840 JavaThread "C1 CompilerThread0"         daemon [_thread_blocked, id=11376, stack(0x000000435dd00000,0x000000435de00000) (1024K)]
  0x0000016ce80eb6d0 JavaThread "Common-Cleaner"             daemon [_thread_blocked, id=2940, stack(0x000000435de00000,0x000000435df00000) (1024K)]
  0x0000016ce8bfe590 JavaThread "Monitor Ctrl-Break"         daemon [_thread_in_native, id=21284, stack(0x000000435e100000,0x000000435e200000) (1024K)]
  0x0000016ce86163b0 JavaThread "Notification Thread"        daemon [_thread_blocked, id=928, stack(0x000000435e200000,0x000000435e300000) (1024K)]
  0x0000016ce9475e30 JavaThread "QuantumRenderer-0"          daemon [_thread_blocked, id=8340, stack(0x000000435e300000,0x000000435e400000) (1024K)]
  0x0000016ce822dcc0 JavaThread "InvokeLaterDispatcher"      daemon [_thread_blocked, id=20704, stack(0x000000435e500000,0x000000435e600000) (1024K)]
  0x0000016ce85d3eb0 JavaThread "JavaFX Application Thread"         [_thread_blocked, id=19288, stack(0x000000435e600000,0x000000435e700000) (1024K)]
  0x0000016ce916a5f0 JavaThread "JavaFX-Launcher"                   [_thread_blocked, id=17956, stack(0x000000435e000000,0x000000435e100000) (1024K)]
  0x0000016ce923b0c0 JavaThread "Thread-2"                   daemon [_thread_in_native, id=20880, stack(0x000000435df00000,0x000000435e000000) (1024K)]
  0x0000016ce903d8d0 JavaThread "Prism Font Disposer"        daemon [_thread_blocked, id=19684, stack(0x000000435f420000,0x000000435f520000) (1024K)]
  0x0000016ce903c520 JavaThread "Cleaner-0"                  daemon [_thread_blocked, id=23908, stack(0x000000435f520000,0x000000435f620000) (1024K)]
Total: 19

Other Threads:
=>0x0000016ca2c66660 VMThread "VM Thread"                           [id=22104, stack(0x000000435d500000,0x000000435d600000) (1024K)]
  0x0000016c83287e40 WorkerThread "GC Thread#0"                     [id=23968, stack(0x000000435cf00000,0x000000435d000000) (1024K)]
  0x0000016ce9274910 WorkerThread "GC Thread#1"                     [id=22864, stack(0x000000435e820000,0x000000435e920000) (1024K)]
  0x0000016ce9274cc0 WorkerThread "GC Thread#2"                     [id=23924, stack(0x000000435e920000,0x000000435ea20000) (1024K)]
  0x0000016ce9275070 WorkerThread "GC Thread#3"                     [id=22044, stack(0x000000435ea20000,0x000000435eb20000) (1024K)]
  0x0000016ce9275420 WorkerThread "GC Thread#4"                     [id=18312, stack(0x000000435eb20000,0x000000435ec20000) (1024K)]
  0x0000016ce92757d0 WorkerThread "GC Thread#5"                     [id=22964, stack(0x000000435ec20000,0x000000435ed20000) (1024K)]
  0x0000016ce9910600 WorkerThread "GC Thread#6"                     [id=22552, stack(0x000000435ef20000,0x000000435f020000) (1024K)]
  0x0000016ce99114c0 WorkerThread "GC Thread#7"                     [id=3548, stack(0x000000435f020000,0x000000435f120000) (1024K)]
  0x0000016ce990faf0 WorkerThread "GC Thread#8"                     [id=20356, stack(0x000000435f120000,0x000000435f220000) (1024K)]
  0x0000016c8329cf00 ConcurrentGCThread "G1 Main Marker"            terminated
  0x0000016c8329f1c0 WorkerThread "G1 Conc#0"                       [id=6612, stack(0x000000435d100000,0x000000435d200000) (1024K)]
  0x0000016c832ee520 ConcurrentGCThread "G1 Refine#0"               terminated
  0x0000016ca2b16b00 ConcurrentGCThread "G1 Service"                terminated
Total: 14

Threads with active compile tasks:
Total: 0

VM state: at safepoint (shutting down)

VM Mutex/Monitor currently owned by a thread:  ([mutex/lock_event])
[0x00007ffc70dd3910] Threads_lock - owner thread: 0x0000016ca2c66660
[0x00007ffc70dd3a10] Heap_lock - owner thread: 0x0000016ce85d3eb0

Heap address: 0x0000000701000000, size: 4080 MB, Compressed Oops mode: Zero based, Oop shift amount: 3

CDS archive(s) mapped at: [0x0000016ca3000000-0x0000016ca3d70000-0x0000016ca3d70000), size 14090240, SharedBaseAddress: 0x0000016ca3000000, ArchiveRelocationMode: 1.
Compressed class space mapped at: 0x0000016ca4000000-0x0000016ce4000000, reserved size: 1073741824
Narrow klass base: 0x0000016ca3000000, Narrow klass shift: 0, Narrow klass range: 0x41000000

GC Precious Log:
 CardTable entry size: 512
 Card Set container configuration: InlinePtr #cards 4 size 8 Array Of Cards #cards 16 size 48 Howl #buckets 8 coarsen threshold 3686 Howl Bitmap #cards 512 size 80 coarsen threshold 460 Card regions per heap region 1 cards per card region 4096
 CPUs: 12 total, 12 available
 Memory: 16313M
 Large Page Support: Disabled
 NUMA Support: Disabled
 Compressed Oops: Enabled (Zero based)
 Heap Region Size: 2M
 Heap Min Capacity: 8M
 Heap Initial Capacity: 256M
 Heap Max Capacity: 4080M
 Pre-touch: Disabled
 Parallel Workers: 10
 Concurrent Workers: 3
 Concurrent Refinement Workers: 10
 Periodic GC: Disabled

Heap:
 garbage-first heap   total reserved 4177920K, committed 262144K, used 65021K [0x0000000701000000, 0x0000000800000000)
  region size 2048K, 27 young (55296K), 2 survivors (4096K)
 Metaspace       used 16441K, committed 16832K, reserved 1114112K
  class space    used 2189K, committed 2368K, reserved 1048576K

Heap Regions: E=young(eden), S=young(survivor), O=old, HS=humongous(starts), HC=humongous(continues), CS=collection set, F=free, TAMS=top-at-mark-start, PB=parsable bottom
|   0|0x0000000701000000, 0x0000000701200000, 0x0000000701200000|100%| O|  |TAMS 0x0000000701000000| PB 0x0000000701000000| Untracked |  0
|   1|0x0000000701200000, 0x00000007013f1d50, 0x0000000701400000| 97%| O|  |TAMS 0x0000000701200000| PB 0x0000000701200000| Untracked |  0
|   2|0x0000000701400000, 0x0000000701600000, 0x0000000701600000|100%|HS|  |TAMS 0x0000000701400000| PB 0x0000000701400000| Complete |  0
|   3|0x0000000701600000, 0x0000000701800000, 0x0000000701800000|100%|HS|  |TAMS 0x0000000701600000| PB 0x0000000701600000| Complete |  0
|   4|0x0000000701800000, 0x0000000701a00000, 0x0000000701a00000|100%|HS|  |TAMS 0x0000000701800000| PB 0x0000000701800000| Complete |  0
|   5|0x0000000701a00000, 0x0000000701c00000, 0x0000000701c00000|100%|HS|  |TAMS 0x0000000701a00000| PB 0x0000000701a00000| Complete |  0
|   6|0x0000000701c00000, 0x0000000701c00000, 0x0000000701e00000|  0%| F|  |TAMS 0x0000000701c00000| PB 0x0000000701c00000| Untracked |  0
|   7|0x0000000701e00000, 0x0000000701e00000, 0x0000000702000000|  0%| F|  |TAMS 0x0000000701e00000| PB 0x0000000701e00000| Untracked |  0
|   8|0x0000000702000000, 0x0000000702000000, 0x0000000702200000|  0%| F|  |TAMS 0x0000000702000000| PB 0x0000000702000000| Untracked |  0
|   9|0x0000000702200000, 0x0000000702200000, 0x0000000702400000|  0%| F|  |TAMS 0x0000000702200000| PB 0x0000000702200000| Untracked |  0
|  10|0x0000000702400000, 0x0000000702400000, 0x0000000702600000|  0%| F|  |TAMS 0x0000000702400000| PB 0x0000000702400000| Untracked |  0
|  11|0x0000000702600000, 0x0000000702600000, 0x0000000702800000|  0%| F|  |TAMS 0x0000000702600000| PB 0x0000000702600000| Untracked |  0
|  12|0x0000000702800000, 0x0000000702800000, 0x0000000702a00000|  0%| F|  |TAMS 0x0000000702800000| PB 0x0000000702800000| Untracked |  0
|  13|0x0000000702a00000, 0x0000000702a00000, 0x0000000702c00000|  0%| F|  |TAMS 0x0000000702a00000| PB 0x0000000702a00000| Untracked |  0
|  14|0x0000000702c00000, 0x0000000702c00000, 0x0000000702e00000|  0%| F|  |TAMS 0x0000000702c00000| PB 0x0000000702c00000| Untracked |  0
|  15|0x0000000702e00000, 0x0000000702e00000, 0x0000000703000000|  0%| F|  |TAMS 0x0000000702e00000| PB 0x0000000702e00000| Untracked |  0
|  16|0x0000000703000000, 0x0000000703000000, 0x0000000703200000|  0%| F|  |TAMS 0x0000000703000000| PB 0x0000000703000000| Untracked |  0
|  17|0x0000000703200000, 0x0000000703200000, 0x0000000703400000|  0%| F|  |TAMS 0x0000000703200000| PB 0x0000000703200000| Untracked |  0
|  18|0x0000000703400000, 0x0000000703400000, 0x0000000703600000|  0%| F|  |TAMS 0x0000000703400000| PB 0x0000000703400000| Untracked |  0
|  19|0x0000000703600000, 0x0000000703600000, 0x0000000703800000|  0%| F|  |TAMS 0x0000000703600000| PB 0x0000000703600000| Untracked |  0
|  20|0x0000000703800000, 0x0000000703800000, 0x0000000703a00000|  0%| F|  |TAMS 0x0000000703800000| PB 0x0000000703800000| Untracked |  0
|  21|0x0000000703a00000, 0x0000000703a00000, 0x0000000703c00000|  0%| F|  |TAMS 0x0000000703a00000| PB 0x0000000703a00000| Untracked |  0
|  22|0x0000000703c00000, 0x0000000703c00000, 0x0000000703e00000|  0%| F|  |TAMS 0x0000000703c00000| PB 0x0000000703c00000| Untracked |  0
|  23|0x0000000703e00000, 0x0000000703e00000, 0x0000000704000000|  0%| F|  |TAMS 0x0000000703e00000| PB 0x0000000703e00000| Untracked |  0
|  24|0x0000000704000000, 0x0000000704000000, 0x0000000704200000|  0%| F|  |TAMS 0x0000000704000000| PB 0x0000000704000000| Untracked |  0
|  25|0x0000000704200000, 0x0000000704200000, 0x0000000704400000|  0%| F|  |TAMS 0x0000000704200000| PB 0x0000000704200000| Untracked |  0
|  26|0x0000000704400000, 0x0000000704400000, 0x0000000704600000|  0%| F|  |TAMS 0x0000000704400000| PB 0x0000000704400000| Untracked |  0
|  27|0x0000000704600000, 0x0000000704600000, 0x0000000704800000|  0%| F|  |TAMS 0x0000000704600000| PB 0x0000000704600000| Untracked |  0
|  28|0x0000000704800000, 0x0000000704800000, 0x0000000704a00000|  0%| F|  |TAMS 0x0000000704800000| PB 0x0000000704800000| Untracked |  0
|  29|0x0000000704a00000, 0x0000000704a00000, 0x0000000704c00000|  0%| F|  |TAMS 0x0000000704a00000| PB 0x0000000704a00000| Untracked |  0
|  30|0x0000000704c00000, 0x0000000704c00000, 0x0000000704e00000|  0%| F|  |TAMS 0x0000000704c00000| PB 0x0000000704c00000| Untracked |  0
|  31|0x0000000704e00000, 0x0000000704e00000, 0x0000000705000000|  0%| F|  |TAMS 0x0000000704e00000| PB 0x0000000704e00000| Untracked |  0
|  32|0x0000000705000000, 0x0000000705000000, 0x0000000705200000|  0%| F|  |TAMS 0x0000000705000000| PB 0x0000000705000000| Untracked |  0
|  33|0x0000000705200000, 0x0000000705200000, 0x0000000705400000|  0%| F|  |TAMS 0x0000000705200000| PB 0x0000000705200000| Untracked |  0
|  34|0x0000000705400000, 0x0000000705400000, 0x0000000705600000|  0%| F|  |TAMS 0x0000000705400000| PB 0x0000000705400000| Untracked |  0
|  35|0x0000000705600000, 0x0000000705600000, 0x0000000705800000|  0%| F|  |TAMS 0x0000000705600000| PB 0x0000000705600000| Untracked |  0
|  36|0x0000000705800000, 0x0000000705800000, 0x0000000705a00000|  0%| F|  |TAMS 0x0000000705800000| PB 0x0000000705800000| Untracked |  0
|  37|0x0000000705a00000, 0x0000000705a00000, 0x0000000705c00000|  0%| F|  |TAMS 0x0000000705a00000| PB 0x0000000705a00000| Untracked |  0
|  38|0x0000000705c00000, 0x0000000705c00000, 0x0000000705e00000|  0%| F|  |TAMS 0x0000000705c00000| PB 0x0000000705c00000| Untracked |  0
|  39|0x0000000705e00000, 0x0000000705e00000, 0x0000000706000000|  0%| F|  |TAMS 0x0000000705e00000| PB 0x0000000705e00000| Untracked |  0
|  40|0x0000000706000000, 0x0000000706000000, 0x0000000706200000|  0%| F|  |TAMS 0x0000000706000000| PB 0x0000000706000000| Untracked |  0
|  41|0x0000000706200000, 0x0000000706200000, 0x0000000706400000|  0%| F|  |TAMS 0x0000000706200000| PB 0x0000000706200000| Untracked |  0
|  42|0x0000000706400000, 0x0000000706400000, 0x0000000706600000|  0%| F|  |TAMS 0x0000000706400000| PB 0x0000000706400000| Untracked |  0
|  43|0x0000000706600000, 0x0000000706600000, 0x0000000706800000|  0%| F|  |TAMS 0x0000000706600000| PB 0x0000000706600000| Untracked |  0
|  44|0x0000000706800000, 0x0000000706800000, 0x0000000706a00000|  0%| F|  |TAMS 0x0000000706800000| PB 0x0000000706800000| Untracked |  0
|  45|0x0000000706a00000, 0x0000000706a00000, 0x0000000706c00000|  0%| F|  |TAMS 0x0000000706a00000| PB 0x0000000706a00000| Untracked |  0
|  46|0x0000000706c00000, 0x0000000706c00000, 0x0000000706e00000|  0%| F|  |TAMS 0x0000000706c00000| PB 0x0000000706c00000| Untracked |  0
|  47|0x0000000706e00000, 0x0000000706e00000, 0x0000000707000000|  0%| F|  |TAMS 0x0000000706e00000| PB 0x0000000706e00000| Untracked |  0
|  48|0x0000000707000000, 0x0000000707000000, 0x0000000707200000|  0%| F|  |TAMS 0x0000000707000000| PB 0x0000000707000000| Untracked |  0
|  49|0x0000000707200000, 0x0000000707200000, 0x0000000707400000|  0%| F|  |TAMS 0x0000000707200000| PB 0x0000000707200000| Untracked |  0
|  50|0x0000000707400000, 0x0000000707400000, 0x0000000707600000|  0%| F|  |TAMS 0x0000000707400000| PB 0x0000000707400000| Untracked |  0
|  51|0x0000000707600000, 0x0000000707600000, 0x0000000707800000|  0%| F|  |TAMS 0x0000000707600000| PB 0x0000000707600000| Untracked |  0
|  52|0x0000000707800000, 0x0000000707800000, 0x0000000707a00000|  0%| F|  |TAMS 0x0000000707800000| PB 0x0000000707800000| Untracked |  0
|  53|0x0000000707a00000, 0x0000000707a00000, 0x0000000707c00000|  0%| F|  |TAMS 0x0000000707a00000| PB 0x0000000707a00000| Untracked |  0
|  54|0x0000000707c00000, 0x0000000707c00000, 0x0000000707e00000|  0%| F|  |TAMS 0x0000000707c00000| PB 0x0000000707c00000| Untracked |  0
|  55|0x0000000707e00000, 0x0000000707e00000, 0x0000000708000000|  0%| F|  |TAMS 0x0000000707e00000| PB 0x0000000707e00000| Untracked |  0
|  56|0x0000000708000000, 0x0000000708000000, 0x0000000708200000|  0%| F|  |TAMS 0x0000000708000000| PB 0x0000000708000000| Untracked |  0
|  57|0x0000000708200000, 0x0000000708200000, 0x0000000708400000|  0%| F|  |TAMS 0x0000000708200000| PB 0x0000000708200000| Untracked |  0
|  58|0x0000000708400000, 0x0000000708400000, 0x0000000708600000|  0%| F|  |TAMS 0x0000000708400000| PB 0x0000000708400000| Untracked |  0
|  59|0x0000000708600000, 0x0000000708600000, 0x0000000708800000|  0%| F|  |TAMS 0x0000000708600000| PB 0x0000000708600000| Untracked |  0
|  60|0x0000000708800000, 0x0000000708800000, 0x0000000708a00000|  0%| F|  |TAMS 0x0000000708800000| PB 0x0000000708800000| Untracked |  0
|  61|0x0000000708a00000, 0x0000000708a00000, 0x0000000708c00000|  0%| F|  |TAMS 0x0000000708a00000| PB 0x0000000708a00000| Untracked |  0
|  62|0x0000000708c00000, 0x0000000708c00000, 0x0000000708e00000|  0%| F|  |TAMS 0x0000000708c00000| PB 0x0000000708c00000| Untracked |  0
|  63|0x0000000708e00000, 0x0000000708e00000, 0x0000000709000000|  0%| F|  |TAMS 0x0000000708e00000| PB 0x0000000708e00000| Untracked |  0
|  64|0x0000000709000000, 0x0000000709000000, 0x0000000709200000|  0%| F|  |TAMS 0x0000000709000000| PB 0x0000000709000000| Untracked |  0
|  65|0x0000000709200000, 0x0000000709200000, 0x0000000709400000|  0%| F|  |TAMS 0x0000000709200000| PB 0x0000000709200000| Untracked |  0
|  66|0x0000000709400000, 0x0000000709400000, 0x0000000709600000|  0%| F|  |TAMS 0x0000000709400000| PB 0x0000000709400000| Untracked |  0
|  67|0x0000000709600000, 0x0000000709600000, 0x0000000709800000|  0%| F|  |TAMS 0x0000000709600000| PB 0x0000000709600000| Untracked |  0
|  68|0x0000000709800000, 0x0000000709800000, 0x0000000709a00000|  0%| F|  |TAMS 0x0000000709800000| PB 0x0000000709800000| Untracked |  0
|  69|0x0000000709a00000, 0x0000000709a00000, 0x0000000709c00000|  0%| F|  |TAMS 0x0000000709a00000| PB 0x0000000709a00000| Untracked |  0
|  70|0x0000000709c00000, 0x0000000709c00000, 0x0000000709e00000|  0%| F|  |TAMS 0x0000000709c00000| PB 0x0000000709c00000| Untracked |  0
|  71|0x0000000709e00000, 0x0000000709e00000, 0x000000070a000000|  0%| F|  |TAMS 0x0000000709e00000| PB 0x0000000709e00000| Untracked |  0
|  72|0x000000070a000000, 0x000000070a000000, 0x000000070a200000|  0%| F|  |TAMS 0x000000070a000000| PB 0x000000070a000000| Untracked |  0
|  73|0x000000070a200000, 0x000000070a200000, 0x000000070a400000|  0%| F|  |TAMS 0x000000070a200000| PB 0x000000070a200000| Untracked |  0
|  74|0x000000070a400000, 0x000000070a400000, 0x000000070a600000|  0%| F|  |TAMS 0x000000070a400000| PB 0x000000070a400000| Untracked |  0
|  75|0x000000070a600000, 0x000000070a600000, 0x000000070a800000|  0%| F|  |TAMS 0x000000070a600000| PB 0x000000070a600000| Untracked |  0
|  76|0x000000070a800000, 0x000000070a800000, 0x000000070aa00000|  0%| F|  |TAMS 0x000000070a800000| PB 0x000000070a800000| Untracked |  0
|  77|0x000000070aa00000, 0x000000070aa00000, 0x000000070ac00000|  0%| F|  |TAMS 0x000000070aa00000| PB 0x000000070aa00000| Untracked |  0
|  78|0x000000070ac00000, 0x000000070ac00000, 0x000000070ae00000|  0%| F|  |TAMS 0x000000070ac00000| PB 0x000000070ac00000| Untracked |  0
|  79|0x000000070ae00000, 0x000000070ae00000, 0x000000070b000000|  0%| F|  |TAMS 0x000000070ae00000| PB 0x000000070ae00000| Untracked |  0
|  80|0x000000070b000000, 0x000000070b000000, 0x000000070b200000|  0%| F|  |TAMS 0x000000070b000000| PB 0x000000070b000000| Untracked |  0
|  81|0x000000070b200000, 0x000000070b200000, 0x000000070b400000|  0%| F|  |TAMS 0x000000070b200000| PB 0x000000070b200000| Untracked |  0
|  82|0x000000070b400000, 0x000000070b400000, 0x000000070b600000|  0%| F|  |TAMS 0x000000070b400000| PB 0x000000070b400000| Untracked |  0
|  83|0x000000070b600000, 0x000000070b600000, 0x000000070b800000|  0%| F|  |TAMS 0x000000070b600000| PB 0x000000070b600000| Untracked |  0
|  84|0x000000070b800000, 0x000000070b800000, 0x000000070ba00000|  0%| F|  |TAMS 0x000000070b800000| PB 0x000000070b800000| Untracked |  0
|  85|0x000000070ba00000, 0x000000070ba00000, 0x000000070bc00000|  0%| F|  |TAMS 0x000000070ba00000| PB 0x000000070ba00000| Untracked |  0
|  86|0x000000070bc00000, 0x000000070bc00000, 0x000000070be00000|  0%| F|  |TAMS 0x000000070bc00000| PB 0x000000070bc00000| Untracked |  0
|  87|0x000000070be00000, 0x000000070be00000, 0x000000070c000000|  0%| F|  |TAMS 0x000000070be00000| PB 0x000000070be00000| Untracked |  0
|  88|0x000000070c000000, 0x000000070c000000, 0x000000070c200000|  0%| F|  |TAMS 0x000000070c000000| PB 0x000000070c000000| Untracked |  0
|  89|0x000000070c200000, 0x000000070c200000, 0x000000070c400000|  0%| F|  |TAMS 0x000000070c200000| PB 0x000000070c200000| Untracked |  0
|  90|0x000000070c400000, 0x000000070c400000, 0x000000070c600000|  0%| F|  |TAMS 0x000000070c400000| PB 0x000000070c400000| Untracked |  0
|  91|0x000000070c600000, 0x000000070c600000, 0x000000070c800000|  0%| F|  |TAMS 0x000000070c600000| PB 0x000000070c600000| Untracked |  0
|  92|0x000000070c800000, 0x000000070c800000, 0x000000070ca00000|  0%| F|  |TAMS 0x000000070c800000| PB 0x000000070c800000| Untracked |  0
|  93|0x000000070ca00000, 0x000000070ca00000, 0x000000070cc00000|  0%| F|  |TAMS 0x000000070ca00000| PB 0x000000070ca00000| Untracked |  0
|  94|0x000000070cc00000, 0x000000070cc00000, 0x000000070ce00000|  0%| F|  |TAMS 0x000000070cc00000| PB 0x000000070cc00000| Untracked |  0
|  95|0x000000070ce00000, 0x000000070ce00000, 0x000000070d000000|  0%| F|  |TAMS 0x000000070ce00000| PB 0x000000070ce00000| Untracked |  0
|  96|0x000000070d000000, 0x000000070d000000, 0x000000070d200000|  0%| F|  |TAMS 0x000000070d000000| PB 0x000000070d000000| Untracked |  0
|  97|0x000000070d200000, 0x000000070d200000, 0x000000070d400000|  0%| F|  |TAMS 0x000000070d200000| PB 0x000000070d200000| Untracked |  0
|  98|0x000000070d400000, 0x000000070d400000, 0x000000070d600000|  0%| F|  |TAMS 0x000000070d400000| PB 0x000000070d400000| Untracked |  0
|  99|0x000000070d600000, 0x000000070d600000, 0x000000070d800000|  0%| F|  |TAMS 0x000000070d600000| PB 0x000000070d600000| Untracked |  0
| 100|0x000000070d800000, 0x000000070d800000, 0x000000070da00000|  0%| F|  |TAMS 0x000000070d800000| PB 0x000000070d800000| Untracked |  0
| 101|0x000000070da00000, 0x000000070db6aed8, 0x000000070dc00000| 70%| E|  |TAMS 0x000000070da00000| PB 0x000000070da00000| Complete |  0
| 102|0x000000070dc00000, 0x000000070de00000, 0x000000070de00000|100%| E|CS|TAMS 0x000000070dc00000| PB 0x000000070dc00000| Complete |  0
| 103|0x000000070de00000, 0x000000070e000000, 0x000000070e000000|100%| E|CS|TAMS 0x000000070de00000| PB 0x000000070de00000| Complete |  0
| 104|0x000000070e000000, 0x000000070e200000, 0x000000070e200000|100%| E|CS|TAMS 0x000000070e000000| PB 0x000000070e000000| Complete |  0
| 105|0x000000070e200000, 0x000000070e400000, 0x000000070e400000|100%| E|CS|TAMS 0x000000070e200000| PB 0x000000070e200000| Complete |  0
| 106|0x000000070e400000, 0x000000070e600000, 0x000000070e600000|100%| E|CS|TAMS 0x000000070e400000| PB 0x000000070e400000| Complete |  0
| 107|0x000000070e600000, 0x000000070e800000, 0x000000070e800000|100%| E|CS|TAMS 0x000000070e600000| PB 0x000000070e600000| Complete |  0
| 108|0x000000070e800000, 0x000000070ea00000, 0x000000070ea00000|100%| E|CS|TAMS 0x000000070e800000| PB 0x000000070e800000| Complete |  0
| 109|0x000000070ea00000, 0x000000070ec00000, 0x000000070ec00000|100%| E|CS|TAMS 0x000000070ea00000| PB 0x000000070ea00000| Complete |  0
| 110|0x000000070ec00000, 0x000000070ee00000, 0x000000070ee00000|100%| E|CS|TAMS 0x000000070ec00000| PB 0x000000070ec00000| Complete |  0
| 111|0x000000070ee00000, 0x000000070f000000, 0x000000070f000000|100%| E|CS|TAMS 0x000000070ee00000| PB 0x000000070ee00000| Complete |  0
| 112|0x000000070f000000, 0x000000070f200000, 0x000000070f200000|100%| E|CS|TAMS 0x000000070f000000| PB 0x000000070f000000| Complete |  0
| 113|0x000000070f200000, 0x000000070f38d9e0, 0x000000070f400000| 77%| S|CS|TAMS 0x000000070f200000| PB 0x000000070f200000| Complete |  0
| 114|0x000000070f400000, 0x000000070f600000, 0x000000070f600000|100%| E|CS|TAMS 0x000000070f400000| PB 0x000000070f400000| Complete |  0
| 115|0x000000070f600000, 0x000000070f800000, 0x000000070f800000|100%| E|CS|TAMS 0x000000070f600000| PB 0x000000070f600000| Complete |  0
| 116|0x000000070f800000, 0x000000070fa00000, 0x000000070fa00000|100%| S|CS|TAMS 0x000000070f800000| PB 0x000000070f800000| Complete |  0
| 117|0x000000070fa00000, 0x000000070fc00000, 0x000000070fc00000|100%| E|CS|TAMS 0x000000070fa00000| PB 0x000000070fa00000| Complete |  0
| 118|0x000000070fc00000, 0x000000070fe00000, 0x000000070fe00000|100%| E|CS|TAMS 0x000000070fc00000| PB 0x000000070fc00000| Complete |  0
| 119|0x000000070fe00000, 0x0000000710000000, 0x0000000710000000|100%| E|CS|TAMS 0x000000070fe00000| PB 0x000000070fe00000| Complete |  0
| 120|0x0000000710000000, 0x0000000710200000, 0x0000000710200000|100%| E|CS|TAMS 0x0000000710000000| PB 0x0000000710000000| Complete |  0
| 121|0x0000000710200000, 0x0000000710400000, 0x0000000710400000|100%| E|CS|TAMS 0x0000000710200000| PB 0x0000000710200000| Complete |  0
| 122|0x0000000710400000, 0x0000000710600000, 0x0000000710600000|100%| E|CS|TAMS 0x0000000710400000| PB 0x0000000710400000| Complete |  0
| 123|0x0000000710600000, 0x0000000710800000, 0x0000000710800000|100%| E|CS|TAMS 0x0000000710600000| PB 0x0000000710600000| Complete |  0
| 124|0x0000000710800000, 0x0000000710a00000, 0x0000000710a00000|100%| E|CS|TAMS 0x0000000710800000| PB 0x0000000710800000| Complete |  0
| 125|0x0000000710a00000, 0x0000000710c00000, 0x0000000710c00000|100%| E|CS|TAMS 0x0000000710a00000| PB 0x0000000710a00000| Complete |  0
| 126|0x0000000710c00000, 0x0000000710e00000, 0x0000000710e00000|100%| E|CS|TAMS 0x0000000710c00000| PB 0x0000000710c00000| Complete |  0
| 127|0x0000000710e00000, 0x0000000711000000, 0x0000000711000000|100%| E|CS|TAMS 0x0000000710e00000| PB 0x0000000710e00000| Complete |  0

Card table byte_map: [0x0000016c9b7d0000,0x0000016c9bfd0000] _byte_map_base: 0x0000016c97fc8000

Marking Bits: (CMBitMap*) 0x0000016c83288550
 Bits: [0x0000016c9bfd0000, 0x0000016c9ff90000)

Polling page: 0x0000016c810f0000

Metaspace:

Usage:
  Non-class:     13.92 MB used.
      Class:      2.14 MB used.
       Both:     16.06 MB used.

Virtual space:
  Non-class space:       64.00 MB reserved,      14.12 MB ( 22%) committed,  1 nodes.
      Class space:        1.00 GB reserved,       2.31 MB ( <1%) committed,  1 nodes.
             Both:        1.06 GB reserved,      16.44 MB (  2%) committed. 

Chunk freelists:
   Non-Class:  1.66 MB
       Class:  13.53 MB
        Both:  15.19 MB

MaxMetaspaceSize: unlimited
CompressedClassSpaceSize: 1.00 GB
Initial GC threshold: 21.00 MB
Current GC threshold: 21.00 MB
CDS: on
 - commit_granule_bytes: 65536.
 - commit_granule_words: 8192.
 - virtual_space_node_default_size: 8388608.
 - enlarge_chunks_in_place: 1.
 - use_allocation_guard: 0.


Internal statistics:

num_allocs_failed_limit: 0.
num_arena_births: 388.
num_arena_deaths: 0.
num_vsnodes_births: 2.
num_vsnodes_deaths: 0.
num_space_committed: 263.
num_space_uncommitted: 0.
num_chunks_returned_to_freelist: 0.
num_chunks_taken_from_freelist: 911.
num_chunk_merges: 0.
num_chunk_splits: 605.
num_chunks_enlarged: 418.
num_inconsistent_stats: 0.

CodeHeap 'non-profiled nmethods': size=120064Kb used=1592Kb max_used=1592Kb free=118471Kb
 bounds [0x0000016c93420000, 0x0000016c93690000, 0x0000016c9a960000]
CodeHeap 'profiled nmethods': size=120000Kb used=6138Kb max_used=6138Kb free=113862Kb
 bounds [0x0000016c8b960000, 0x0000016c8bf60000, 0x0000016c92e90000]
CodeHeap 'non-nmethods': size=5696Kb used=1780Kb max_used=1809Kb free=3915Kb
 bounds [0x0000016c92e90000, 0x0000016c93100000, 0x0000016c93420000]
CodeCache: size=245760Kb, used=9510Kb, max_used=9539Kb, free=236248Kb
 total_blobs=4837, nmethods=4020, adapters=721, full_count=0
Compilation: enabled, stopped_count=0, restarted_count=0

Compilation events (20 events):
Event: 18.340 Thread 0x0000016ca2c8c840 4011       3       com.sun.javafx.tk.Toolkit::lambda$runPulse$2 (8 bytes)
Event: 18.340 Thread 0x0000016ca2c8c840 nmethod 4011 0x0000016c8bf55c08 code [0x0000016c8bf55d20, 0x0000016c8bf55ee0]
Event: 18.437 Thread 0x0000016ca2c8c840 4012       3       javafx.beans.property.BooleanPropertyBase::fireValueChangedEvent (8 bytes)
Event: 18.437 Thread 0x0000016ca2c8c840 nmethod 4012 0x0000016c8bf55f08 code [0x0000016c8bf56040, 0x0000016c8bf562a0]
Event: 18.437 Thread 0x0000016ca2c8c840 4013       3       jdk.internal.misc.VM::isJavaLangInvokeInited (4 bytes)
Event: 18.437 Thread 0x0000016ca2c8c840 nmethod 4013 0x0000016c8bf56308 code [0x0000016c8bf56420, 0x0000016c8bf56510]
Event: 18.438 Thread 0x0000016ca2c8c840 4014       3       java.lang.invoke.InnerClassLambdaMetafactory::<init> (277 bytes)
Event: 18.440 Thread 0x0000016ca2c8c840 nmethod 4014 0x0000016c8bf56608 code [0x0000016c8bf569c0, 0x0000016c8bf58930]
Event: 18.440 Thread 0x0000016ca2c8c840 4015   !   3       java.lang.invoke.AbstractValidatingLambdaMetafactory::<init> (559 bytes)
Event: 18.441 Thread 0x0000016ca2c8c840 nmethod 4015 0x0000016c8bf58a88 code [0x0000016c8bf59060, 0x0000016c8bf5c3f0]
Event: 18.441 Thread 0x0000016ca2c8c840 4016   !   3       java.lang.invoke.MethodHandles$Lookup::revealDirect (196 bytes)
Event: 18.442 Thread 0x0000016ca2c8c840 nmethod 4016 0x0000016c8bf5c588 code [0x0000016c8bf5c860, 0x0000016c8bf5db10]
Event: 18.442 Thread 0x0000016ca2c8c840 4017       3       java.lang.invoke.InfoFromMemberName::<init> (72 bytes)
Event: 18.442 Thread 0x0000016ca2c8c840 nmethod 4017 0x0000016c8bf5dc08 code [0x0000016c8bf5dd20, 0x0000016c8bf5df10]
Event: 18.442 Thread 0x0000016ca2c8c840 4018       3       java.lang.invoke.InfoFromMemberName::getName (8 bytes)
Event: 18.442 Thread 0x0000016ca2c8c840 nmethod 4018 0x0000016c8bf5df88 code [0x0000016c8bf5e0e0, 0x0000016c8bf5e498]
Event: 18.442 Thread 0x0000016ca2c8c840 4019       3       java.lang.invoke.InfoFromMemberName::getMethodType (8 bytes)
Event: 18.442 Thread 0x0000016ca2c8c840 nmethod 4019 0x0000016c8bf5e508 code [0x0000016c8bf5e620, 0x0000016c8bf5e768]
Event: 18.442 Thread 0x0000016ca2c8bbe0 4020       4       javafx.beans.property.BooleanPropertyBase::get (29 bytes)
Event: 18.443 Thread 0x0000016ca2c8bbe0 nmethod 4020 0x0000016c935ae088 code [0x0000016c935ae1a0, 0x0000016c935ae2b8]

GC Heap History (4 events):
Event: 0.530 GC heap before
{Heap before GC invocations=0 (full 0):
 garbage-first heap   total reserved 4177920K, committed 262144K, used 22528K [0x0000000701000000, 0x0000000800000000)
  region size 2048K, 12 young (24576K), 0 survivors (0K)
 Metaspace       used 4671K, committed 4864K, reserved 1114112K
  class space    used 545K, committed 640K, reserved 1048576K
}
Event: 0.533 GC heap after
{Heap after GC invocations=1 (full 0):
 garbage-first heap   total reserved 4177920K, committed 262144K, used 4068K [0x0000000701000000, 0x0000000800000000)
  region size 2048K, 2 young (4096K), 2 survivors (4096K)
 Metaspace       used 4671K, committed 4864K, reserved 1114112K
  class space    used 545K, committed 640K, reserved 1048576K
}
Event: 0.817 GC heap before
{Heap before GC invocations=1 (full 0):
 garbage-first heap   total reserved 4177920K, committed 262144K, used 26596K [0x0000000701000000, 0x0000000800000000)
  region size 2048K, 13 young (26624K), 2 survivors (4096K)
 Metaspace       used 8731K, committed 9024K, reserved 1114112K
  class space    used 1129K, committed 1216K, reserved 1048576K
}
Event: 0.821 GC heap after
{Heap after GC invocations=2 (full 0):
 garbage-first heap   total reserved 4177920K, committed 262144K, used 7677K [0x0000000701000000, 0x0000000800000000)
  region size 2048K, 2 young (4096K), 2 survivors (4096K)
 Metaspace       used 8731K, committed 9024K, reserved 1114112K
  class space    used 1129K, committed 1216K, reserved 1048576K
}

Dll operation events (20 events):
Event: 0.217 Loaded shared library C:\Users\Anwender\Downloads\openjfx-23.0.1_windows-x64_bin-sdk\javafx-sdk-23.0.1\bin\api-ms-win-crt-math-l1-1-0.dll
Event: 0.219 Loaded shared library C:\Users\Anwender\Downloads\openjfx-23.0.1_windows-x64_bin-sdk\javafx-sdk-23.0.1\bin\api-ms-win-crt-multibyte-l1-1-0.dll
Event: 0.220 Loaded shared library C:\Users\Anwender\Downloads\openjfx-23.0.1_windows-x64_bin-sdk\javafx-sdk-23.0.1\bin\api-ms-win-crt-private-l1-1-0.dll
Event: 0.221 Loaded shared library C:\Users\Anwender\Downloads\openjfx-23.0.1_windows-x64_bin-sdk\javafx-sdk-23.0.1\bin\api-ms-win-crt-process-l1-1-0.dll
Event: 0.223 Loaded shared library C:\Users\Anwender\Downloads\openjfx-23.0.1_windows-x64_bin-sdk\javafx-sdk-23.0.1\bin\api-ms-win-crt-runtime-l1-1-0.dll
Event: 0.224 Loaded shared library C:\Users\Anwender\Downloads\openjfx-23.0.1_windows-x64_bin-sdk\javafx-sdk-23.0.1\bin\api-ms-win-crt-stdio-l1-1-0.dll
Event: 0.226 Loaded shared library C:\Users\Anwender\Downloads\openjfx-23.0.1_windows-x64_bin-sdk\javafx-sdk-23.0.1\bin\api-ms-win-crt-string-l1-1-0.dll
Event: 0.227 Loaded shared library C:\Users\Anwender\Downloads\openjfx-23.0.1_windows-x64_bin-sdk\javafx-sdk-23.0.1\bin\api-ms-win-crt-time-l1-1-0.dll
Event: 0.228 Loaded shared library C:\Users\Anwender\Downloads\openjfx-23.0.1_windows-x64_bin-sdk\javafx-sdk-23.0.1\bin\api-ms-win-crt-utility-l1-1-0.dll
Event: 0.230 Loaded shared library C:\Users\Anwender\Downloads\openjfx-23.0.1_windows-x64_bin-sdk\javafx-sdk-23.0.1\bin\ucrtbase.dll
Event: 0.232 Loaded shared library C:\Users\Anwender\Downloads\openjfx-23.0.1_windows-x64_bin-sdk\javafx-sdk-23.0.1\bin\vcruntime140.dll
Event: 0.235 Loaded shared library C:\Users\Anwender\Downloads\openjfx-23.0.1_windows-x64_bin-sdk\javafx-sdk-23.0.1\bin\vcruntime140_1.dll
Event: 0.236 Loaded shared library C:\Users\Anwender\Downloads\openjfx-23.0.1_windows-x64_bin-sdk\javafx-sdk-23.0.1\bin\msvcp140.dll
Event: 0.238 Loaded shared library C:\Users\Anwender\Downloads\openjfx-23.0.1_windows-x64_bin-sdk\javafx-sdk-23.0.1\bin\msvcp140_1.dll
Event: 0.239 Loaded shared library C:\Users\Anwender\Downloads\openjfx-23.0.1_windows-x64_bin-sdk\javafx-sdk-23.0.1\bin\msvcp140_2.dll
Event: 0.271 Loaded shared library C:\Users\Anwender\Downloads\openjfx-23.0.1_windows-x64_bin-sdk\javafx-sdk-23.0.1\bin\prism_d3d.dll
Event: 0.361 Loaded shared library C:\Users\Anwender\Downloads\openjfx-23.0.1_windows-x64_bin-sdk\javafx-sdk-23.0.1\bin\glass.dll
Event: 0.503 Loaded shared library C:\Users\Anwender\.jdks\openjdk-23.0.1\bin\jimage.dll
Event: 0.783 Loaded shared library C:\Users\Anwender\Downloads\openjfx-23.0.1_windows-x64_bin-sdk\javafx-sdk-23.0.1\bin\javafx_iio.dll
Event: 0.827 Loaded shared library C:\Users\Anwender\Downloads\openjfx-23.0.1_windows-x64_bin-sdk\javafx-sdk-23.0.1\bin\javafx_font.dll

Deoptimization events (20 events):
Event: 14.341 Thread 0x0000016ce85d3eb0 Uncommon trap: trap_request=0xffffff45 fr.pc=0x0000016c9359ea08 relative=0x00000000000010a8
Event: 14.341 Thread 0x0000016ce85d3eb0 Uncommon trap: reason=unstable_if action=reinterpret pc=0x0000016c9359ea08 method=java.util.EnumMap.values()Ljava/util/Collection; @ 6 c2
Event: 14.341 Thread 0x0000016ce85d3eb0 DEOPT PACKING pc=0x0000016c9359ea08 sp=0x000000435e6fb570
Event: 14.341 Thread 0x0000016ce85d3eb0 DEOPT UNPACKING pc=0x0000016c92ee4402 sp=0x000000435e6fb518 mode 2
Event: 18.437 Thread 0x0000016ce85d3eb0 Uncommon trap: trap_request=0xffffffc6 fr.pc=0x0000016c93577cc4 relative=0x0000000000000664
Event: 18.437 Thread 0x0000016ce85d3eb0 Uncommon trap: reason=bimorphic_or_optimized_type_check action=maybe_recompile pc=0x0000016c93577cc4 method=com.sun.javafx.event.EventHandlerManager.dispatchCapturingEvent(Ljavafx/event/Event;)Ljavafx/event/Event; @ 1 c2
Event: 18.437 Thread 0x0000016ce85d3eb0 DEOPT PACKING pc=0x0000016c93577cc4 sp=0x000000435e6fa0c0
Event: 18.437 Thread 0x0000016ce85d3eb0 DEOPT UNPACKING pc=0x0000016c92ee4402 sp=0x000000435e6fa068 mode 2
Event: 18.437 Thread 0x0000016ce85d3eb0 Uncommon trap: trap_request=0xffffffc6 fr.pc=0x0000016c9358da34 relative=0x00000000000006f4
Event: 18.437 Thread 0x0000016ce85d3eb0 Uncommon trap: reason=bimorphic_or_optimized_type_check action=maybe_recompile pc=0x0000016c9358da34 method=com.sun.javafx.event.EventHandlerManager.dispatchBubblingEvent(Ljavafx/event/Event;)Ljavafx/event/Event; @ 1 c2
Event: 18.437 Thread 0x0000016ce85d3eb0 DEOPT PACKING pc=0x0000016c9358da34 sp=0x000000435e6fa0c0
Event: 18.437 Thread 0x0000016ce85d3eb0 DEOPT UNPACKING pc=0x0000016c92ee4402 sp=0x000000435e6fa078 mode 2
Event: 18.438 Thread 0x0000016ce85d3eb0 Uncommon trap: trap_request=0xffffffc6 fr.pc=0x0000016c93577cc4 relative=0x0000000000000664
Event: 18.438 Thread 0x0000016ce85d3eb0 Uncommon trap: reason=bimorphic_or_optimized_type_check action=maybe_recompile pc=0x0000016c93577cc4 method=com.sun.javafx.event.EventHandlerManager.dispatchCapturingEvent(Ljavafx/event/Event;)Ljavafx/event/Event; @ 1 c2
Event: 18.438 Thread 0x0000016ce85d3eb0 DEOPT PACKING pc=0x0000016c93577cc4 sp=0x000000435e6fa0c0
Event: 18.438 Thread 0x0000016ce85d3eb0 DEOPT UNPACKING pc=0x0000016c92ee4402 sp=0x000000435e6fa068 mode 2
Event: 18.438 Thread 0x0000016ce85d3eb0 Uncommon trap: trap_request=0xffffffc6 fr.pc=0x0000016c9358da34 relative=0x00000000000006f4
Event: 18.438 Thread 0x0000016ce85d3eb0 Uncommon trap: reason=bimorphic_or_optimized_type_check action=maybe_recompile pc=0x0000016c9358da34 method=com.sun.javafx.event.EventHandlerManager.dispatchBubblingEvent(Ljavafx/event/Event;)Ljavafx/event/Event; @ 1 c2
Event: 18.438 Thread 0x0000016ce85d3eb0 DEOPT PACKING pc=0x0000016c9358da34 sp=0x000000435e6fa0c0
Event: 18.438 Thread 0x0000016ce85d3eb0 DEOPT UNPACKING pc=0x0000016c92ee4402 sp=0x000000435e6fa078 mode 2

Classes loaded (20 events):
Event: 1.294 Loading class java/util/concurrent/ConcurrentLinkedQueue
Event: 1.294 Loading class java/util/concurrent/ConcurrentLinkedQueue done
Event: 1.294 Loading class java/util/concurrent/ConcurrentLinkedQueue$Node
Event: 1.294 Loading class java/util/concurrent/ConcurrentLinkedQueue$Node done
Event: 1.295 Loading class jdk/internal/ref/CleanerImpl$InnocuousThreadFactory
Event: 1.295 Loading class jdk/internal/ref/CleanerImpl$InnocuousThreadFactory done
Event: 1.299 Loading class sun/misc/Unsafe
Event: 1.299 Loading class sun/misc/Unsafe done
Event: 1.299 Loading class sun/misc/Unsafe$MemoryAccessOption
Event: 1.299 Loading class sun/misc/Unsafe$MemoryAccessOption done
Event: 1.299 Loading class java/lang/invoke/DirectMethodHandle$StaticAccessor
Event: 1.299 Loading class java/lang/invoke/DirectMethodHandle$StaticAccessor done
Event: 1.312 Loading class java/nio/ShortBuffer
Event: 1.312 Loading class java/nio/ShortBuffer done
Event: 1.312 Loading class java/nio/DoubleBuffer
Event: 1.312 Loading class java/nio/DoubleBuffer done
Event: 1.313 Loading class java/nio/DirectFloatBufferU
Event: 1.313 Loading class java/nio/DirectFloatBufferU done
Event: 3.066 Loading class java/io/UnsupportedEncodingException
Event: 3.066 Loading class java/io/UnsupportedEncodingException done

Classes unloaded (0 events):
No events

Classes redefined (0 events):
No events

Internal exceptions (20 events):
Event: 1.108 Thread 0x0000016ce85d3eb0 Exception <a 'java/io/FileNotFoundException'{0x00000007101f1aa8}> (0x00000007101f1aa8) 
thrown [s\open\src\hotspot\share\prims\jni.cpp, line 520]
Event: 1.209 Thread 0x0000016ce85d3eb0 Exception <a 'java/lang/NoSuchMethodError'{0x000000070f74edf0}: 'java.lang.Object java.lang.invoke.DirectMethodHandle$Holder.invokeInterface(java.lang.Object, java.lang.Object, java.lang.Object)'> (0x000000070f74edf0) 
thrown [s\open\src\hotspot\share\interpreter\linkResolver.cpp, line 796]
Event: 1.209 Thread 0x0000016ce85d3eb0 Exception <a 'java/lang/IncompatibleClassChangeError'{0x000000070f7524c0}: Found class java.lang.Object, but interface was expected> (0x000000070f7524c0) 
thrown [s\open\src\hotspot\share\interpreter\linkResolver.cpp, line 863]
Event: 1.239 Thread 0x0000016ce85d3eb0 Exception <a 'java/lang/NoSuchMethodError'{0x000000070f4f7be0}: 'int java.lang.invoke.DirectMethodHandle$Holder.invokeSpecial(java.lang.Object, java.lang.Object, int)'> (0x000000070f4f7be0) 
thrown [s\open\src\hotspot\share\interpreter\linkResolver.cpp, line 796]
Event: 1.253 Thread 0x0000016ce85d3eb0 Exception <a 'java/lang/NoSuchMethodError'{0x000000070f5d0468}: 'java.lang.Object java.lang.invoke.DirectMethodHandle$Holder.newInvokeSpecial(java.lang.Object, java.lang.Object, int)'> (0x000000070f5d0468) 
thrown [s\open\src\hotspot\share\interpreter\linkResolver.cpp, line 796]
Event: 1.276 Thread 0x0000016ce9475e30 Exception <a 'java/lang/NoSuchMethodError'{0x000000070f0afa50}: 'int java.lang.invoke.DirectMethodHandle$Holder.invokeStaticInit(java.lang.Object, java.lang.Object)'> (0x000000070f0afa50) 
thrown [s\open\src\hotspot\share\interpreter\linkResolver.cpp, line 796]
Event: 3.077 Thread 0x0000016ce85d3eb0 Exception <a 'java/lang/NoSuchMethodError'{0x000000070ead4f78}: 'long java.lang.invoke.DirectMethodHandle$Holder.invokeStatic(java.lang.Object, java.lang.Object, java.lang.Object)'> (0x000000070ead4f78) 
thrown [s\open\src\hotspot\share\interpreter\linkResolver.cpp, line 796]
Event: 3.077 Thread 0x0000016ce85d3eb0 Exception <a 'java/lang/NoSuchMethodError'{0x000000070ead8390}: 'long java.lang.invoke.DirectMethodHandle$Holder.invokeStaticInit(java.lang.Object, java.lang.Object, java.lang.Object)'> (0x000000070ead8390) 
thrown [s\open\src\hotspot\share\interpreter\linkResolver.cpp, line 796]
Event: 3.078 Thread 0x0000016ce85d3eb0 Exception <a 'java/lang/NoSuchMethodError'{0x000000070eaed1c0}: 'java.lang.Object java.lang.invoke.DirectMethodHandle$Holder.newInvokeSpecial(java.lang.Object, java.lang.Object, long)'> (0x000000070eaed1c0) 
thrown [s\open\src\hotspot\share\interpreter\linkResolver.cpp, line 796]
Event: 3.078 Thread 0x0000016ce85d3eb0 Exception <a 'java/lang/NoSuchMethodError'{0x000000070eaf0b10}: 'java.lang.Object java.lang.invoke.Invokers$Holder.linkToTargetMethod(java.lang.Object, long, java.lang.Object)'> (0x000000070eaf0b10) 
thrown [s\open\src\hotspot\share\interpreter\linkResolver.cpp, line 796]
Event: 3.159 Thread 0x0000016ce85d3eb0 Exception <a 'java/lang/NoSuchMethodError'{0x000000070eaf8ac8}: 'void java.lang.invoke.DirectMethodHandle$Holder.invokeVirtual(java.lang.Object, java.lang.Object)'> (0x000000070eaf8ac8) 
thrown [s\open\src\hotspot\share\interpreter\linkResolver.cpp, line 796]
Event: 3.173 Thread 0x0000016ce85d3eb0 Exception <a 'java/io/FileNotFoundException'{0x000000070eba0628}> (0x000000070eba0628) 
thrown [s\open\src\hotspot\share\prims\jni.cpp, line 520]
Event: 5.624 Thread 0x0000016ce85d3eb0 Exception <a 'java/io/FileNotFoundException'{0x000000070e7deee8}> (0x000000070e7deee8) 
thrown [s\open\src\hotspot\share\prims\jni.cpp, line 520]
Event: 6.831 Thread 0x0000016ce85d3eb0 Exception <a 'java/io/FileNotFoundException'{0x000000070e246f58}> (0x000000070e246f58) 
thrown [s\open\src\hotspot\share\prims\jni.cpp, line 520]
Event: 11.379 Thread 0x0000016ce85d3eb0 Exception <a 'java/io/FileNotFoundException'{0x000000070de82fb8}> (0x000000070de82fb8) 
thrown [s\open\src\hotspot\share\prims\jni.cpp, line 520]
Event: 13.833 Thread 0x0000016ce85d3eb0 Exception <a 'java/lang/NoSuchMethodError'{0x000000070dc5b350}: 'java.lang.Object java.lang.invoke.DirectMethodHandle$Holder.newInvokeSpecial(java.lang.Object, java.lang.Object, int, int, int, int, int, java.lang.Object)'> (0x000000070dc5b350) 
thrown [s\open\src\hotspot\share\interpreter\linkResolver.cpp, line 796]
Event: 13.834 Thread 0x0000016ce85d3eb0 Exception <a 'java/lang/NoSuchMethodError'{0x000000070dc6d390}: 'java.lang.Object java.lang.invoke.DirectMethodHandle$Holder.newInvokeSpecial(java.lang.Object, java.lang.Object, java.lang.Object, int, int, int, int, int)'> (0x000000070dc6d390) 
thrown [s\open\src\hotspot\share\interpreter\linkResolver.cpp, line 796]
Event: 13.834 Thread 0x0000016ce85d3eb0 Exception <a 'java/lang/NoSuchMethodError'{0x000000070dc747c0}: 'java.lang.Object java.lang.invoke.Invokers$Holder.linkToTargetMethod(java.lang.Object, java.lang.Object, int, int, int, int, int, java.lang.Object)'> (0x000000070dc747c0) 
thrown [s\open\src\hotspot\share\interpreter\linkResolver.cpp, line 796]
Event: 13.859 Thread 0x0000016ce85d3eb0 Implicit null exception at 0x0000016c9356314e to 0x0000016c935631d4
Event: 14.341 Thread 0x0000016ce85d3eb0 Implicit null exception at 0x0000016c9359d9b4 to 0x0000016c9359e9e8

VM Operations (20 events):
Event: 0.821 Executing VM operation: G1CollectForAllocation (G1 Evacuation Pause) done
Event: 0.830 Executing VM operation: HandshakeAllThreads (Deoptimize)
Event: 0.830 Executing VM operation: HandshakeAllThreads (Deoptimize) done
Event: 0.830 Executing VM operation: HandshakeAllThreads (Deoptimize)
Event: 0.830 Executing VM operation: HandshakeAllThreads (Deoptimize) done
Event: 1.019 Executing VM operation: HandshakeAllThreads (Deoptimize)
Event: 1.019 Executing VM operation: HandshakeAllThreads (Deoptimize) done
Event: 1.020 Executing VM operation: HandshakeAllThreads (Deoptimize)
Event: 1.020 Executing VM operation: HandshakeAllThreads (Deoptimize) done
Event: 1.127 Executing VM operation: HandshakeAllThreads (Deoptimize)
Event: 1.127 Executing VM operation: HandshakeAllThreads (Deoptimize) done
Event: 1.198 Executing VM operation: HandshakeAllThreads (Deoptimize)
Event: 1.198 Executing VM operation: HandshakeAllThreads (Deoptimize) done
Event: 1.198 Executing VM operation: HandshakeAllThreads (Deoptimize)
Event: 1.198 Executing VM operation: HandshakeAllThreads (Deoptimize) done
Event: 1.209 Executing VM operation: HandshakeAllThreads (Deoptimize)
Event: 1.209 Executing VM operation: HandshakeAllThreads (Deoptimize) done
Event: 1.240 Executing VM operation: HandshakeAllThreads (Deoptimize)
Event: 1.240 Executing VM operation: HandshakeAllThreads (Deoptimize) done
Event: 18.447 Executing VM operation: Exit

Memory protections (0 events):
No events

Nmethod flushes (0 events):
No events

Events (20 events):
Event: 3.203 Thread 0x0000016ca2c8c840 Thread added: 0x0000016ce98011f0
Event: 3.379 Thread 0x0000016ce9801f90 Thread exited: 0x0000016ce9801f90
Event: 3.379 Thread 0x0000016ce98011f0 Thread exited: 0x0000016ce98011f0
Event: 5.618 Thread 0x0000016ca2c8c840 Thread added: 0x0000016ce98011f0
Event: 5.619 Thread 0x0000016ca2c8c840 Thread added: 0x0000016ce9801f90
Event: 5.812 Thread 0x0000016ce9801f90 Thread exited: 0x0000016ce9801f90
Event: 5.812 Thread 0x0000016ce98011f0 Thread exited: 0x0000016ce98011f0
Event: 6.828 Thread 0x0000016ca2c8c840 Thread added: 0x0000016ce98011f0
Event: 7.171 Thread 0x0000016ce98011f0 Thread exited: 0x0000016ce98011f0
Event: 11.376 Thread 0x0000016ca2c8bbe0 Thread added: 0x0000016ce98011f0
Event: 11.393 Thread 0x0000016ca2c8c840 Thread added: 0x0000016ce9801f90
Event: 11.755 Thread 0x0000016ce9801f90 Thread exited: 0x0000016ce9801f90
Event: 11.755 Thread 0x0000016ce98011f0 Thread exited: 0x0000016ce98011f0
Event: 13.874 Thread 0x0000016ca2c8c840 Thread added: 0x0000016ce98011f0
Event: 14.449 Thread 0x0000016ce98011f0 Thread exited: 0x0000016ce98011f0
Event: 18.446 Thread 0x0000016ce85d3eb0 Thread added: 0x0000016cf1340aa0
Event: 18.446 Thread 0x0000016ce85d3eb0 Thread added: 0x0000016cf133fd80
Event: 18.446 Thread 0x0000016cf1340aa0 Thread exited: 0x0000016cf1340aa0
Event: 18.447 Thread 0x0000016cf133fd80 Thread exited: 0x0000016cf133fd80
Event: 18.447 Thread 0x0000016ce85d3eb0 Before exit entered


Dynamic libraries:
0x00007ff7bf850000 - 0x00007ff7bf85e000 	C:\Users\Anwender\.jdks\openjdk-23.0.1\bin\java.exe
0x00007ffd5fb50000 - 0x00007ffd5fd48000 	C:\WINDOWS\SYSTEM32\ntdll.dll
0x00007ffd5e6e0000 - 0x00007ffd5e7a2000 	C:\WINDOWS\System32\KERNEL32.DLL
0x00007ffd5d6c0000 - 0x00007ffd5d9b6000 	C:\WINDOWS\System32\KERNELBASE.dll
0x00007ffd5d280000 - 0x00007ffd5d380000 	C:\WINDOWS\System32\ucrtbase.dll
0x00007ffd56ff0000 - 0x00007ffd57007000 	C:\Users\Anwender\.jdks\openjdk-23.0.1\bin\jli.dll
0x00007ffd50b20000 - 0x00007ffd50b3b000 	C:\Users\Anwender\.jdks\openjdk-23.0.1\bin\VCRUNTIME140.dll
0x00007ffd5e370000 - 0x00007ffd5e50d000 	C:\WINDOWS\System32\USER32.dll
0x00007ffd5daf0000 - 0x00007ffd5db12000 	C:\WINDOWS\System32\win32u.dll
0x00007ffd49ac0000 - 0x00007ffd49d5a000 	C:\WINDOWS\WinSxS\amd64_microsoft.windows.common-controls_6595b64144ccf1df_6.0.19041.4355_none_60b8b9eb71f62e16\COMCTL32.dll
0x00007ffd5fae0000 - 0x00007ffd5fb0b000 	C:\WINDOWS\System32\GDI32.dll
0x00007ffd5ee60000 - 0x00007ffd5eefe000 	C:\WINDOWS\System32\msvcrt.dll
0x00007ffd5d380000 - 0x00007ffd5d49a000 	C:\WINDOWS\System32\gdi32full.dll
0x00007ffd5d1e0000 - 0x00007ffd5d27d000 	C:\WINDOWS\System32\msvcp_win.dll
0x00007ffd5e8a0000 - 0x00007ffd5e8cf000 	C:\WINDOWS\System32\IMM32.DLL
0x00007ffd59db0000 - 0x00007ffd59dbc000 	C:\Users\Anwender\.jdks\openjdk-23.0.1\bin\vcruntime140_1.dll
0x00007ffd371e0000 - 0x00007ffd3726e000 	C:\Users\Anwender\.jdks\openjdk-23.0.1\bin\msvcp140.dll
0x00007ffc70160000 - 0x00007ffc70eaf000 	C:\Users\Anwender\.jdks\openjdk-23.0.1\bin\server\jvm.dll
0x00007ffd5e260000 - 0x00007ffd5e30f000 	C:\WINDOWS\System32\ADVAPI32.dll
0x00007ffd5ef00000 - 0x00007ffd5ef9f000 	C:\WINDOWS\System32\sechost.dll
0x00007ffd5dd20000 - 0x00007ffd5de43000 	C:\WINDOWS\System32\RPCRT4.dll
0x00007ffd5d530000 - 0x00007ffd5d557000 	C:\WINDOWS\System32\bcrypt.dll
0x00007ffd5fa70000 - 0x00007ffd5fadb000 	C:\WINDOWS\System32\WS2_32.dll
0x00007ffd5c720000 - 0x00007ffd5c76b000 	C:\WINDOWS\SYSTEM32\POWRPROF.dll
0x00007ffd53ad0000 - 0x00007ffd53af7000 	C:\WINDOWS\SYSTEM32\WINMM.dll
0x00007ffd55530000 - 0x00007ffd5553a000 	C:\WINDOWS\SYSTEM32\VERSION.dll
0x00007ffd5c5e0000 - 0x00007ffd5c5f2000 	C:\WINDOWS\SYSTEM32\UMPDC.dll
0x00007ffd5afa0000 - 0x00007ffd5afb2000 	C:\WINDOWS\SYSTEM32\kernel.appcore.dll
0x00007ffd58f70000 - 0x00007ffd58f7a000 	C:\Users\Anwender\.jdks\openjdk-23.0.1\bin\jimage.dll
0x00007ffd51400000 - 0x00007ffd515e4000 	C:\WINDOWS\SYSTEM32\DBGHELP.DLL
0x00007ffd35c70000 - 0x00007ffd35ca4000 	C:\WINDOWS\SYSTEM32\dbgcore.DLL
0x00007ffd5d4a0000 - 0x00007ffd5d522000 	C:\WINDOWS\System32\bcryptPrimitives.dll
0x00007ffd56fe0000 - 0x00007ffd56fef000 	C:\Users\Anwender\.jdks\openjdk-23.0.1\bin\instrument.dll
0x00007ffd50b00000 - 0x00007ffd50b1e000 	C:\Users\Anwender\.jdks\openjdk-23.0.1\bin\java.dll
0x00007ffd5de50000 - 0x00007ffd5df7b000 	C:\WINDOWS\System32\ole32.dll
0x00007ffd5f710000 - 0x00007ffd5fa65000 	C:\WINDOWS\System32\combase.dll
0x00007ffd5efa0000 - 0x00007ffd5f70f000 	C:\WINDOWS\System32\SHELL32.dll
0x00007ffd5b280000 - 0x00007ffd5ba23000 	C:\WINDOWS\SYSTEM32\windows.storage.dll
0x00007ffd5cc10000 - 0x00007ffd5cc3b000 	C:\WINDOWS\SYSTEM32\Wldp.dll
0x00007ffd5e7d0000 - 0x00007ffd5e89d000 	C:\WINDOWS\System32\OLEAUT32.dll
0x00007ffd5e8d0000 - 0x00007ffd5e97d000 	C:\WINDOWS\System32\SHCORE.dll
0x00007ffd5db70000 - 0x00007ffd5dbc5000 	C:\WINDOWS\System32\shlwapi.dll
0x00007ffd5d110000 - 0x00007ffd5d135000 	C:\WINDOWS\SYSTEM32\profapi.dll
0x00007ffcd0a70000 - 0x00007ffcd0b47000 	C:\Users\Anwender\.jdks\openjdk-23.0.1\bin\jsvml.dll
0x00007ffd56980000 - 0x00007ffd56990000 	C:\Users\Anwender\.jdks\openjdk-23.0.1\bin\net.dll
0x00007ffd5c970000 - 0x00007ffd5c9dc000 	C:\WINDOWS\system32\mswsock.dll
0x00007ffd40960000 - 0x00007ffd40976000 	C:\Users\Anwender\.jdks\openjdk-23.0.1\bin\nio.dll
0x00007ffd3f7c0000 - 0x00007ffd3f7d7000 	C:\Users\Anwender\.jdks\openjdk-23.0.1\bin\zip.dll
0x00007ffd3f7a0000 - 0x00007ffd3f7ba000 	C:\Program Files\JetBrains\IntelliJ IDEA 2024.2.4\bin\breakgen64.dll
0x00007ffd440f0000 - 0x00007ffd440f9000 	C:\Users\Anwender\.jdks\openjdk-23.0.1\bin\extnet.dll
0x0000016c831d0000 - 0x0000016c831d3000 	C:\Users\Anwender\Downloads\openjfx-23.0.1_windows-x64_bin-sdk\javafx-sdk-23.0.1\bin\api-ms-win-core-console-l1-1-0.dll
0x0000016c831e0000 - 0x0000016c831e3000 	C:\Users\Anwender\Downloads\openjfx-23.0.1_windows-x64_bin-sdk\javafx-sdk-23.0.1\bin\api-ms-win-core-console-l1-2-0.dll
0x0000016ca2cc0000 - 0x0000016ca2cc3000 	C:\Users\Anwender\Downloads\openjfx-23.0.1_windows-x64_bin-sdk\javafx-sdk-23.0.1\bin\api-ms-win-core-datetime-l1-1-0.dll
0x0000016ca2cd0000 - 0x0000016ca2cd3000 	C:\Users\Anwender\Downloads\openjfx-23.0.1_windows-x64_bin-sdk\javafx-sdk-23.0.1\bin\api-ms-win-core-debug-l1-1-0.dll
0x0000016ca2ce0000 - 0x0000016ca2ce3000 	C:\Users\Anwender\Downloads\openjfx-23.0.1_windows-x64_bin-sdk\javafx-sdk-23.0.1\bin\api-ms-win-core-errorhandling-l1-1-0.dll
0x0000016ca2cf0000 - 0x0000016ca2cf4000 	C:\Users\Anwender\Downloads\openjfx-23.0.1_windows-x64_bin-sdk\javafx-sdk-23.0.1\bin\api-ms-win-core-file-l1-1-0.dll
0x0000016ca2d00000 - 0x0000016ca2d03000 	C:\Users\Anwender\Downloads\openjfx-23.0.1_windows-x64_bin-sdk\javafx-sdk-23.0.1\bin\api-ms-win-core-file-l1-2-0.dll
0x0000016ca2d10000 - 0x0000016ca2d13000 	C:\Users\Anwender\Downloads\openjfx-23.0.1_windows-x64_bin-sdk\javafx-sdk-23.0.1\bin\api-ms-win-core-file-l2-1-0.dll
0x0000016ca2d20000 - 0x0000016ca2d23000 	C:\Users\Anwender\Downloads\openjfx-23.0.1_windows-x64_bin-sdk\javafx-sdk-23.0.1\bin\api-ms-win-core-handle-l1-1-0.dll
0x0000016ca2d30000 - 0x0000016ca2d33000 	C:\Users\Anwender\Downloads\openjfx-23.0.1_windows-x64_bin-sdk\javafx-sdk-23.0.1\bin\api-ms-win-core-heap-l1-1-0.dll
0x0000016ca2d40000 - 0x0000016ca2d43000 	C:\Users\Anwender\Downloads\openjfx-23.0.1_windows-x64_bin-sdk\javafx-sdk-23.0.1\bin\api-ms-win-core-interlocked-l1-1-0.dll
0x0000016ca2d50000 - 0x0000016ca2d53000 	C:\Users\Anwender\Downloads\openjfx-23.0.1_windows-x64_bin-sdk\javafx-sdk-23.0.1\bin\api-ms-win-core-libraryloader-l1-1-0.dll
0x0000016ca2d60000 - 0x0000016ca2d63000 	C:\Users\Anwender\Downloads\openjfx-23.0.1_windows-x64_bin-sdk\javafx-sdk-23.0.1\bin\api-ms-win-core-localization-l1-2-0.dll
0x0000016ca2d70000 - 0x0000016ca2d73000 	C:\Users\Anwender\Downloads\openjfx-23.0.1_windows-x64_bin-sdk\javafx-sdk-23.0.1\bin\api-ms-win-core-memory-l1-1-0.dll
0x0000016ca2d80000 - 0x0000016ca2d83000 	C:\Users\Anwender\Downloads\openjfx-23.0.1_windows-x64_bin-sdk\javafx-sdk-23.0.1\bin\api-ms-win-core-namedpipe-l1-1-0.dll
0x0000016ca2d90000 - 0x0000016ca2d93000 	C:\Users\Anwender\Downloads\openjfx-23.0.1_windows-x64_bin-sdk\javafx-sdk-23.0.1\bin\api-ms-win-core-processenvironment-l1-1-0.dll
0x0000016ca2da0000 - 0x0000016ca2da3000 	C:\Users\Anwender\Downloads\openjfx-23.0.1_windows-x64_bin-sdk\javafx-sdk-23.0.1\bin\api-ms-win-core-processthreads-l1-1-0.dll
0x0000016ca2db0000 - 0x0000016ca2db3000 	C:\Users\Anwender\Downloads\openjfx-23.0.1_windows-x64_bin-sdk\javafx-sdk-23.0.1\bin\api-ms-win-core-processthreads-l1-1-1.dll
0x0000016ca2dc0000 - 0x0000016ca2dc3000 	C:\Users\Anwender\Downloads\openjfx-23.0.1_windows-x64_bin-sdk\javafx-sdk-23.0.1\bin\api-ms-win-core-profile-l1-1-0.dll
0x0000016ca2dd0000 - 0x0000016ca2dd3000 	C:\Users\Anwender\Downloads\openjfx-23.0.1_windows-x64_bin-sdk\javafx-sdk-23.0.1\bin\api-ms-win-core-rtlsupport-l1-1-0.dll
0x0000016ca2de0000 - 0x0000016ca2de3000 	C:\Users\Anwender\Downloads\openjfx-23.0.1_windows-x64_bin-sdk\javafx-sdk-23.0.1\bin\api-ms-win-core-string-l1-1-0.dll
0x0000016ca2df0000 - 0x0000016ca2df3000 	C:\Users\Anwender\Downloads\openjfx-23.0.1_windows-x64_bin-sdk\javafx-sdk-23.0.1\bin\api-ms-win-core-synch-l1-1-0.dll
0x0000016ca2e00000 - 0x0000016ca2e03000 	C:\Users\Anwender\Downloads\openjfx-23.0.1_windows-x64_bin-sdk\javafx-sdk-23.0.1\bin\api-ms-win-core-synch-l1-2-0.dll
0x0000016ca2e10000 - 0x0000016ca2e13000 	C:\Users\Anwender\Downloads\openjfx-23.0.1_windows-x64_bin-sdk\javafx-sdk-23.0.1\bin\api-ms-win-core-sysinfo-l1-1-0.dll
0x0000016ca2e20000 - 0x0000016ca2e23000 	C:\Users\Anwender\Downloads\openjfx-23.0.1_windows-x64_bin-sdk\javafx-sdk-23.0.1\bin\api-ms-win-core-timezone-l1-1-0.dll
0x0000016ca2e30000 - 0x0000016ca2e33000 	C:\Users\Anwender\Downloads\openjfx-23.0.1_windows-x64_bin-sdk\javafx-sdk-23.0.1\bin\api-ms-win-core-util-l1-1-0.dll
0x0000016ca2e40000 - 0x0000016ca2e43000 	C:\Users\Anwender\Downloads\openjfx-23.0.1_windows-x64_bin-sdk\javafx-sdk-23.0.1\bin\api-ms-win-crt-conio-l1-1-0.dll
0x0000016ca2e50000 - 0x0000016ca2e54000 	C:\Users\Anwender\Downloads\openjfx-23.0.1_windows-x64_bin-sdk\javafx-sdk-23.0.1\bin\api-ms-win-crt-convert-l1-1-0.dll
0x0000016ca2e60000 - 0x0000016ca2e63000 	C:\Users\Anwender\Downloads\openjfx-23.0.1_windows-x64_bin-sdk\javafx-sdk-23.0.1\bin\api-ms-win-crt-environment-l1-1-0.dll
0x0000016ca2e70000 - 0x0000016ca2e73000 	C:\Users\Anwender\Downloads\openjfx-23.0.1_windows-x64_bin-sdk\javafx-sdk-23.0.1\bin\api-ms-win-crt-filesystem-l1-1-0.dll
0x0000016ca2e80000 - 0x0000016ca2e83000 	C:\Users\Anwender\Downloads\openjfx-23.0.1_windows-x64_bin-sdk\javafx-sdk-23.0.1\bin\api-ms-win-crt-heap-l1-1-0.dll
0x0000016ca2e90000 - 0x0000016ca2e93000 	C:\Users\Anwender\Downloads\openjfx-23.0.1_windows-x64_bin-sdk\javafx-sdk-23.0.1\bin\api-ms-win-crt-locale-l1-1-0.dll
0x0000016ca2ea0000 - 0x0000016ca2ea5000 	C:\Users\Anwender\Downloads\openjfx-23.0.1_windows-x64_bin-sdk\javafx-sdk-23.0.1\bin\api-ms-win-crt-math-l1-1-0.dll
0x0000016ca2eb0000 - 0x0000016ca2eb5000 	C:\Users\Anwender\Downloads\openjfx-23.0.1_windows-x64_bin-sdk\javafx-sdk-23.0.1\bin\api-ms-win-crt-multibyte-l1-1-0.dll
0x0000016ca2ec0000 - 0x0000016ca2ed0000 	C:\Users\Anwender\Downloads\openjfx-23.0.1_windows-x64_bin-sdk\javafx-sdk-23.0.1\bin\api-ms-win-crt-private-l1-1-0.dll
0x0000016ca2ed0000 - 0x0000016ca2ed3000 	C:\Users\Anwender\Downloads\openjfx-23.0.1_windows-x64_bin-sdk\javafx-sdk-23.0.1\bin\api-ms-win-crt-process-l1-1-0.dll
0x0000016ca2ee0000 - 0x0000016ca2ee4000 	C:\Users\Anwender\Downloads\openjfx-23.0.1_windows-x64_bin-sdk\javafx-sdk-23.0.1\bin\api-ms-win-crt-runtime-l1-1-0.dll
0x0000016ca2ef0000 - 0x0000016ca2ef4000 	C:\Users\Anwender\Downloads\openjfx-23.0.1_windows-x64_bin-sdk\javafx-sdk-23.0.1\bin\api-ms-win-crt-stdio-l1-1-0.dll
0x0000016ca2f00000 - 0x0000016ca2f04000 	C:\Users\Anwender\Downloads\openjfx-23.0.1_windows-x64_bin-sdk\javafx-sdk-23.0.1\bin\api-ms-win-crt-string-l1-1-0.dll
0x0000016ca2f10000 - 0x0000016ca2f13000 	C:\Users\Anwender\Downloads\openjfx-23.0.1_windows-x64_bin-sdk\javafx-sdk-23.0.1\bin\api-ms-win-crt-time-l1-1-0.dll
0x0000016ca2f20000 - 0x0000016ca2f23000 	C:\Users\Anwender\Downloads\openjfx-23.0.1_windows-x64_bin-sdk\javafx-sdk-23.0.1\bin\api-ms-win-crt-utility-l1-1-0.dll
0x00007ffc6bdc0000 - 0x00007ffc6bebc000 	C:\Users\Anwender\Downloads\openjfx-23.0.1_windows-x64_bin-sdk\javafx-sdk-23.0.1\bin\ucrtbase.dll
0x00007ffd3ca50000 - 0x00007ffd3ca6b000 	C:\Users\Anwender\Downloads\openjfx-23.0.1_windows-x64_bin-sdk\javafx-sdk-23.0.1\bin\vcruntime140.dll
0x00007ffd44020000 - 0x00007ffd4402c000 	C:\Users\Anwender\Downloads\openjfx-23.0.1_windows-x64_bin-sdk\javafx-sdk-23.0.1\bin\vcruntime140_1.dll
0x00007ffccff30000 - 0x00007ffccffbe000 	C:\Users\Anwender\Downloads\openjfx-23.0.1_windows-x64_bin-sdk\javafx-sdk-23.0.1\bin\msvcp140.dll
0x00007ffd40080000 - 0x00007ffd40089000 	C:\Users\Anwender\Downloads\openjfx-23.0.1_windows-x64_bin-sdk\javafx-sdk-23.0.1\bin\msvcp140_1.dll
0x00007ffd37600000 - 0x00007ffd37641000 	C:\Users\Anwender\Downloads\openjfx-23.0.1_windows-x64_bin-sdk\javafx-sdk-23.0.1\bin\msvcp140_2.dll
0x00007ffd39840000 - 0x00007ffd39870000 	C:\Users\Anwender\Downloads\openjfx-23.0.1_windows-x64_bin-sdk\javafx-sdk-23.0.1\bin\prism_d3d.dll
0x00007ffd34dc0000 - 0x00007ffd34f91000 	C:\WINDOWS\system32\d3d9.dll
0x00007ffd5af70000 - 0x00007ffd5af9f000 	C:\WINDOWS\SYSTEM32\dwmapi.dll
0x00007ffd5ab90000 - 0x00007ffd5ac2e000 	C:\WINDOWS\system32\uxtheme.dll
0x00007ffd4fff0000 - 0x00007ffd500b4000 	C:\WINDOWS\System32\DriverStore\FileRepository\nv_dispi.inf_amd64_adf5a840df867035\nvldumdx.dll
0x00007ffd5cda0000 - 0x00007ffd5cdb2000 	C:\WINDOWS\SYSTEM32\msasn1.dll
0x00007ffd554f0000 - 0x00007ffd55521000 	C:\WINDOWS\SYSTEM32\cryptnet.dll
0x00007ffd5d560000 - 0x00007ffd5d6bd000 	C:\WINDOWS\System32\CRYPT32.dll
0x00007ffd5cb80000 - 0x00007ffd5cb8c000 	C:\WINDOWS\SYSTEM32\cryptbase.dll
0x00007ffd54f90000 - 0x00007ffd550d7000 	C:\WINDOWS\SYSTEM32\drvstore.dll
0x00007ffd5cf70000 - 0x00007ffd5cfa3000 	C:\WINDOWS\SYSTEM32\devobj.dll
0x00007ffd5db20000 - 0x00007ffd5db6e000 	C:\WINDOWS\System32\cfgmgr32.dll
0x00007ffd5d9c0000 - 0x00007ffd5da33000 	C:\WINDOWS\System32\wintrust.dll
0x00007ffd5e7b0000 - 0x00007ffd5e7cd000 	C:\WINDOWS\System32\imagehlp.dll
0x00007ffd5cb60000 - 0x00007ffd5cb78000 	C:\WINDOWS\SYSTEM32\CRYPTSP.dll
0x00007ffd5c220000 - 0x00007ffd5c258000 	C:\WINDOWS\system32\rsaenh.dll
0x00007ffd4ce90000 - 0x00007ffd4fba0000 	C:\WINDOWS\System32\DriverStore\FileRepository\nv_dispi.inf_amd64_adf5a840df867035\nvgpucomp64.dll
0x00007ffc80c00000 - 0x00007ffc8298c000 	C:\WINDOWS\System32\DriverStore\FileRepository\nv_dispi.inf_amd64_adf5a840df867035\nvd3dumx.dll
0x00007ffcd09f0000 - 0x00007ffcd0a35000 	C:\Users\Anwender\Downloads\openjfx-23.0.1_windows-x64_bin-sdk\javafx-sdk-23.0.1\bin\glass.dll
0x00007ffd5dbd0000 - 0x00007ffd5dcaa000 	C:\WINDOWS\System32\COMDLG32.dll
0x00007ffd5e5c0000 - 0x00007ffd5e6d5000 	C:\WINDOWS\System32\MSCTF.dll
0x00007ffd1d1b0000 - 0x00007ffd1d480000 	C:\WINDOWS\system32\nvspcap64.dll
0x00007ffd5c470000 - 0x00007ffd5c4a3000 	C:\WINDOWS\SYSTEM32\ntmarta.dll
0x00007ffd5ba40000 - 0x00007ffd5ba63000 	C:\WINDOWS\SYSTEM32\gpapi.dll
0x00007ffd26af0000 - 0x00007ffd26c45000 	C:\WINDOWS\System32\DriverStore\FileRepository\nv_dispi.inf_amd64_adf5a840df867035\nvppex.dll
0x00007ffd52a40000 - 0x00007ffd52a7b000 	C:\WINDOWS\SYSTEM32\dxcore.dll
0x00007ffd5e1b0000 - 0x00007ffd5e259000 	C:\WINDOWS\System32\clbcatq.dll
0x00007ffd4feb0000 - 0x00007ffd4ffef000 	C:\Windows\System32\Windows.UI.dll
0x00007ffd4fc00000 - 0x00007ffd4fd52000 	C:\Windows\System32\InputHost.dll
0x00007ffd4fd60000 - 0x00007ffd4fe59000 	C:\Windows\System32\TextInputFramework.dll
0x00007ffd54e80000 - 0x00007ffd54f21000 	C:\Windows\System32\WindowManagementAPI.dll

dbghelp: loaded successfully - version: 4.0.5 - missing functions: none
symbol engine: initialized successfully - sym options: 0x614 - pdb path: .;C:\Users\Anwender\.jdks\openjdk-23.0.1\bin;C:\WINDOWS\SYSTEM32;C:\WINDOWS\WinSxS\amd64_microsoft.windows.common-controls_6595b64144ccf1df_6.0.19041.4355_none_60b8b9eb71f62e16;C:\Users\Anwender\.jdks\openjdk-23.0.1\bin\server;C:\Program Files\JetBrains\IntelliJ IDEA 2024.2.4\bin;C:\Users\Anwender\Downloads\openjfx-23.0.1_windows-x64_bin-sdk\javafx-sdk-23.0.1\bin;C:\WINDOWS\System32\DriverStore\FileRepository\nv_dispi.inf_amd64_adf5a840df867035;C:\Program Files\Common Files\Microsoft Shared\Ink

VM Arguments:
jvm_args: --module-path=C:\Users\Anwender\Downloads\openjfx-23.0.1_windows-x64_bin-sdk\javafx-sdk-23.0.1\lib --add-modules=javafx.controls,javafx.fxml --enable-preview -javaagent:C:\Program Files\JetBrains\IntelliJ IDEA 2024.2.4\lib\idea_rt.jar=35357:C:\Program Files\JetBrains\IntelliJ IDEA 2024.2.4\bin -Dfile.encoding=UTF-8 -Dsun.stdout.encoding=UTF-8 -Dsun.stderr.encoding=UTF-8 
java_command: Main
java_class_path (initial): C:\Users\Anwender\IdeaProjects\demo3\target\classes;C:\Users\Anwender\.m2\repository\org\openjfx\javafx-controls\17.0.6\javafx-controls-17.0.6.jar;C:\Users\Anwender\.m2\repository\org\openjfx\javafx-controls\17.0.6\javafx-controls-17.0.6-win.jar;C:\Users\Anwender\.m2\repository\org\openjfx\javafx-graphics\17.0.6\javafx-graphics-17.0.6.jar;C:\Users\Anwender\.m2\repository\org\openjfx\javafx-graphics\17.0.6\javafx-graphics-17.0.6-win.jar;C:\Users\Anwender\.m2\repository\org\openjfx\javafx-base\17.0.6\javafx-base-17.0.6.jar;C:\Users\Anwender\.m2\repository\org\openjfx\javafx-base\17.0.6\javafx-base-17.0.6-win.jar;C:\Users\Anwender\.m2\repository\org\openjfx\javafx-fxml\17.0.6\javafx-fxml-17.0.6.jar;C:\Users\Anwender\.m2\repository\org\openjfx\javafx-fxml\17.0.6\javafx-fxml-17.0.6-win.jar;C:\Users\Anwender\.m2\repository\com\itextpdf\itextpdf\5.5.13.2\itextpdf-5.5.13.2.jar;C:\Users\Anwender\Downloads\postgresql-42.7.4.jar
Launcher Type: SUN_STANDARD

[Global flags]
     intx CICompilerCount                          = 4                                         {product} {ergonomic}
     uint ConcGCThreads                            = 3                                         {product} {ergonomic}
     uint G1ConcRefinementThreads                  = 10                                        {product} {ergonomic}
   size_t G1HeapRegionSize                         = 2097152                                   {product} {ergonomic}
   size_t InitialHeapSize                          = 268435456                                 {product} {ergonomic}
   size_t MarkStackSize                            = 4194304                                   {product} {ergonomic}
   size_t MarkStackSizeMax                         = 536870912                                 {product} {ergonomic}
   size_t MaxHeapSize                              = 4278190080                                {product} {ergonomic}
   size_t MaxNewSize                               = 2566914048                                {product} {ergonomic}
   size_t MinHeapDeltaBytes                        = 2097152                                   {product} {ergonomic}
   size_t MinHeapSize                              = 8388608                                   {product} {ergonomic}
    uintx NonNMethodCodeHeapSize                   = 5832704                                {pd product} {ergonomic}
    uintx NonProfiledCodeHeapSize                  = 122945536                              {pd product} {ergonomic}
    uintx ProfiledCodeHeapSize                     = 122880000                              {pd product} {ergonomic}
    uintx ReservedCodeCacheSize                    = 251658240                              {pd product} {ergonomic}
     bool SegmentedCodeCache                       = true                                      {product} {ergonomic}
   size_t SoftMaxHeapSize                          = 4278190080                             {manageable} {ergonomic}
     bool UseCompressedOops                        = true                           {product lp64_product} {ergonomic}
     bool UseG1GC                                  = true                                      {product} {ergonomic}
     bool UseLargePagesIndividualAllocation        = false                                  {pd product} {ergonomic}

Logging:
Log output configuration:
 #0: stdout all=off uptime,level,tags foldmultilines=false
 #1: stderr all=off uptime,level,tags foldmultilines=false

Environment Variables:
CLASSPATH=C:\Users\Anwender\Downloads\openjfx-23.0.1_windows-x64_bin-sdk\javafx-sdk-23.0.1\bin
PATH=C:\Program Files\Common Files\Oracle\Java\javapath;C:\WINDOWS\system32;C:\WINDOWS;C:\WINDOWS\System32\Wbem;C:\WINDOWS\System32\WindowsPowerShell\v1.0\;C:\WINDOWS\System32\OpenSSH\;C:\Program Files\NVIDIA Corporation\NVIDIA NvDLISR;C:\Program Files (x86)\NVIDIA Corporation\PhysX\Common;C:\Program Files\dotnet\;C:\Users\Anwender\.jdks\openjdk-23.0.1\bin;C:\Users\Anwender\Downloads\openjfx-23.0.1_windows-x64_bin-sdk\javafx-sdk-23.0.1\bin;C:\Program Files\Git\cmd;C:\Users\Anwender\AppData\Local\Programs\Python\Python312\Scripts\;C:\Users\Anwender\AppData\Local\Programs\Python\Python312\;C:\Users\Anwender\AppData\Local\Microsoft\WindowsApps;C:\Users\Anwender\AppData\Local\Programs\Microsoft VS Code\bin;C:\Users\Anwender\.jdks\openjdk-23.0.1\bin;
USERNAME=Anwender
OS=Windows_NT
PROCESSOR_IDENTIFIER=AMD64 Family 23 Model 113 Stepping 0, AuthenticAMD
TMP=C:\Users\Anwender\AppData\Local\Temp
TEMP=C:\Users\Anwender\AppData\Local\Temp




Periodic native trim disabled

---------------  S Y S T E M  ---------------

OS:
 Windows 10 , 64 bit Build 19041 (10.0.19041.5678)
OS uptime: 0 days 13:19 hours

CPU: total 12 (initial active 12) (12 cores per cpu, 2 threads per core) family 23 model 113 stepping 0 microcode 0x0, cx8, cmov, fxsr, ht, mmx, 3dnowpref, sse, sse2, sse3, ssse3, sse4a, sse4.1, sse4.2, popcnt, lzcnt, tsc, tscinvbit, avx, avx2, aes, clmul, bmi1, bmi2, adx, sha, fma, vzeroupper, clflush, clflushopt, rdtscp, rdpid, f16c
Processor Information for the first 12 processors :
  Max Mhz: 3593, Current Mhz: 3593, Mhz Limit: 3593

Memory: 4k page, system-wide physical 16313M (5899M free)
TotalPageFile size 23993M (AvailPageFile size 3615M)
current process WorkingSet (physical memory assigned to process): 182M, peak: 184M
current process commit charge ("private bytes"): 467M, peak: 472M

vm_info: OpenJDK 64-Bit Server VM (23.0.1+11-39) for windows-amd64 JRE (23.0.1+11-39), built on 2024-09-30T07:20:43Z with MS VC++ 17.6 (VS2022)

END.
