#
# A fatal error has been detected by the Java Runtime Environment:
#
#  EXCEPTION_ACCESS_VIOLATION (0xc0000005) at pc=0x00007ff9c4818427, pid=24600, tid=28724
#
# JRE version: OpenJDK Runtime Environment (23.0.1+11) (build 23.0.1+11-39)
# Java VM: OpenJDK 64-Bit Server VM (23.0.1+11-39, mixed mode, sharing, tiered, compressed oops, compressed class ptrs, g1 gc, windows-amd64)
# Problematic frame:
# C  [glass.dll+0x28427]
#
# No core dump will be written. Minidumps are not enabled by default on client versions of Windows
#
# If you would like to submit a bug report, please visit:
#   https://bugreport.java.com/bugreport/crash.jsp
#

---------------  S U M M A R Y ------------

Command Line: --module-path=C:\Users\Anwender\Downloads\openjfx-23.0.1_windows-x64_bin-sdk\javafx-sdk-23.0.1\lib --add-modules=javafx.controls,javafx.fxml --enable-preview -javaagent:C:\Program Files\JetBrains\IntelliJ IDEA 2024.2.4\lib\idea_rt.jar=61650:C:\Program Files\JetBrains\IntelliJ IDEA 2024.2.4\bin -Dfile.encoding=UTF-8 -Dsun.stdout.encoding=UTF-8 -Dsun.stderr.encoding=UTF-8 Main

Host: AMD Ryzen 5 3600 6-Core Processor              , 12 cores, 15G,  Windows 10 , 64 bit Build 19041 (10.0.19041.5198)
Time: Sun Feb  2 18:46:45 2025 Mitteleuropäische Zeit elapsed time: 7.292435 seconds (0d 0h 0m 7s)

---------------  T H R E A D  ---------------

Current thread (0x0000016cb92656f0):  VMThread "VM Thread"          [id=28724, stack(0x0000001614400000,0x0000001614500000) (1024K)]

Stack: [0x0000001614400000,0x0000001614500000],  sp=0x00000016144fefa0,  free space=1019k
Native frames: (J=compiled Java code, j=interpreted, Vv=VM code, C=native code)
C  [glass.dll+0x28427]  (no source info available)
C  [ucrtbase.dll+0x142d6]  (no source info available)
C  [ucrtbase.dll+0x141fb]  (no source info available)
C  [ucrtbase.dll+0x141b4]  (no source info available)
C  [glass.dll+0x25bbd]  (no source info available)
C  [glass.dll+0x25ce2]  (no source info available)
C  [ntdll.dll+0x19a1d]  (no source info available)
C  [ntdll.dll+0x5f1ca]  (no source info available)
C  [ntdll.dll+0x5ef7d]  (no source info available)
C  [KERNEL32.DLL+0x1e3eb]  (no source info available)
C  [ucrtbase.dll+0x205bc]  (no source info available)
C  [ucrtbase.dll+0x2045f]  (no source info available)
V  [jvm.dll+0x6d990c]  (no source info available)
V  [jvm.dll+0x6d9440]  (no source info available)
V  [jvm.dll+0x3da534]  (no source info available)
V  [jvm.dll+0x886720]  (no source info available)
V  [jvm.dll+0x887a47]  (no source info available)
V  [jvm.dll+0x887f78]  (no source info available)
V  [jvm.dll+0x888213]  (no source info available)
V  [jvm.dll+0x824f8b]  (no source info available)
V  [jvm.dll+0x6df065]  (no source info available)
C  [ucrtbase.dll+0x21bb2]  (no source info available)
C  [KERNEL32.DLL+0x17374]  (no source info available)
C  [ntdll.dll+0x4cc91]  (no source info available)


siginfo: EXCEPTION_ACCESS_VIOLATION (0xc0000005), reading address 0x0000000000000000


Registers:
RAX=0x0000000000000000, RBX=0x0000016cb92695aa, RCX=0x0000016cb92656f0, RDX=0x00000016144fefa0
RSP=0x00000016144fefa0, RBP=0x0000016cff8b0fe8, RSI=0x0000016cff8b0fc0, RDI=0x0000fcee6ec03d88
R8 =0x0000000000010002, R9 =0x0000fcee6ec03d88, R10=0x0000000000008000, R11=0x00000016144fef30
R12=0x00007ff9c4815d30, R13=0x00007ff9242cb760, R14=0x00000016144ff098, R15=0x0000016cff8b0fc0
RIP=0x00007ff9c4818427, EFLAGS=0x0000000000010202


Register to memory mapping:

RAX=0x0 is null
RBX=0x0000016cb92695aa is a global jni handle
RCX=0x0000016cb92656f0 points into unknown readable memory: 0x00007ff9240cf688 | 88 f6 0c 24 f9 7f 00 00
RDX=0x00000016144fefa0 points into unknown readable memory: 0x0000000000000000 | 00 00 00 00 00 00 00 00
RSP=0x00000016144fefa0 points into unknown readable memory: 0x0000000000000000 | 00 00 00 00 00 00 00 00
RBP=0x0000016cff8b0fe8 points into unknown readable memory: 0x0000fcee6ec03d88 | 88 3d c0 6e ee fc 00 00
RSI=0x0000016cff8b0fc0 points into unknown readable memory: 0x007f052aef987588 | 88 75 98 ef 2a 05 7f 00
RDI=0x0000fcee6ec03d88 is an unknown value
R8 =0x0000000000010002 is an unknown value
R9 =0x0000fcee6ec03d88 is an unknown value
R10=0x0000000000008000 is an unknown value
R11=0x00000016144fef30 points into unknown readable memory: 0x0000016cff8b0fc0 | c0 0f 8b ff 6c 01 00 00
R12=0x00007ff9c4815d30 glass.dll
R13=0x00007ff9242cb760 jvm.dll
R14=0x00000016144ff098 points into unknown readable memory: 0x00000016144ff080 | 80 f0 4f 14 16 00 00 00
R15=0x0000016cff8b0fc0 points into unknown readable memory: 0x007f052aef987588 | 88 75 98 ef 2a 05 7f 00

Top of Stack: (sp=0x00000016144fefa0)
0x00000016144fefa0:   0000000000000000 0000016cff8b0fc0
0x00000016144fefb0:   00007ff9242cb760 00007ff9c4815d30
0x00000016144fefc0:   0000016cff8b0fc8 00007ff9f6f942d6
0x00000016144fefd0:   0000fcee6ec03d88 0000016c00000000
0x00000016144fefe0:   0000016cff8b0fe8 0000016cff8b0fc0
0x00000016144feff0:   fffffffffffffffe 0000000000000000
0x00000016144ff000:   0000000000000001 00007ff9c47f0000
0x00000016144ff010:   00000016144ff088 00007ff9f6f941fb
0x00000016144ff020:   0000000000000000 00000016144ff098
0x00000016144ff030:   00000016144ff370 00007ff9f7070e40
0x00000016144ff040:   0000000000000001 00007ff9f6f941b4
0x00000016144ff050:   0000000000000000 0000000000000001
0x00000016144ff060:   000000007ffe0385 00000016144ff088
0x00000016144ff070:   ffffffff00000001 00007ff9c4815bbd
0x00000016144ff080:   00007ff9c482d078 00007ff900000002
0x00000016144ff090:   0000000000000002 00000016144ff080
0x00000016144ff0a0:   00007ff9f5d30000 00007ff9f9429993
0x00000016144ff0b0:   0000000000000000 00007ff9c4815ce2
0x00000016144ff0c0:   0000000000000001 0000000000000000
0x00000016144ff0d0:   000000000000003c 00007ff9f7070e40
0x00000016144ff0e0:   00007ff9a6511094 0000000000000000
0x00000016144ff0f0:   0000000000000001 00007ff9a651083c
0x00000016144ff100:   00007ff9c47f0000 000000007ffe0384
0x00000016144ff110:   0000000000000000 00007ff9f9429a1d
0x00000016144ff120:   00007ff9c47f0000 0000000000000000
0x00000016144ff130:   0000000000000001 000000007ffe0385
0x00000016144ff140:   0000000000000000 00007ff9f946f331
0x00000016144ff150:   00009e9a6888fa00 0000000000000014
0x00000016144ff160:   00007ff9c4815d30 0000000000000000
0x00000016144ff170:   0000000000000000 00000016138c0000
0x00000016144ff180:   0000016cff8af3f0 00007ff9f946f1ca
0x00000016144ff190:   0000016cff8b0340 00007ff9c47f0000 

Instructions: (pc=0x00007ff9c4818427)
0x00007ff9c4818327:   8b 4d 58 e8 49 cf ff ff 48 8b 4d 60 e8 40 cf ff
0x00007ff9c4818337:   ff 48 8b 95 80 00 00 00 48 8b 8d 18 01 00 00 e8
0x00007ff9c4818347:   26 c5 ff ff 33 d2 33 c9 e8 8c e1 ff ff 90 48 89
0x00007ff9c4818357:   54 24 10 55 48 83 ec 20 48 8b ea 48 b8 00 00 00
0x00007ff9c4818367:   00 00 00 00 00 48 83 c4 20 5d c3 cc 40 55 48 8b
0x00007ff9c4818377:   ea 48 8b 01 33 c9 81 38 05 00 00 c0 0f 94 c1 8b
0x00007ff9c4818387:   c1 5d c3 cc 40 55 48 83 ec 20 48 8b ea 8a 4d 40
0x00007ff9c4818397:   48 83 c4 20 5d e9 33 d3 ff ff cc 40 55 48 83 ec
0x00007ff9c48183a7:   20 48 8b ea 8a 4d 20 e8 21 d3 ff ff 90 48 83 c4
0x00007ff9c48183b7:   20 5d c3 cc 40 55 48 83 ec 20 48 8b ea 48 83 c4
0x00007ff9c48183c7:   20 5d e9 82 d1 ff ff cc 40 55 48 83 ec 30 48 8b
0x00007ff9c48183d7:   ea 48 8b 01 8b 10 48 89 4c 24 28 89 54 24 20 4c
0x00007ff9c48183e7:   8d 0d 23 d6 ff ff 4c 8b 45 70 8b 55 68 48 8b 4d
0x00007ff9c48183f7:   60 e8 c3 d0 ff ff 90 48 83 c4 30 5d c3 cc cc cc
0x00007ff9c4818407:   cc cc cc cc cc cc cc cc cc 40 53 48 83 ec 20 48
0x00007ff9c4818417:   8b 1d 1b 46 01 00 48 85 db 74 16 e8 59 90 ff ff
0x00007ff9c4818427:   4c 8b 00 48 8b d3 48 8b c8 41 ff 90 b0 00 00 00
0x00007ff9c4818437:   90 48 83 c4 20 5b c3 cc cc 40 53 48 83 ec 20 48
0x00007ff9c4818447:   8b 1d 5b 47 01 00 48 85 db 74 57 b8 ff ff ff ff
0x00007ff9c4818457:   f0 0f c1 43 10 83 f8 01 75 3d 48 85 db 74 38 48
0x00007ff9c4818467:   8b 0b 48 85 c9 74 0d ff 15 3c 0e 00 00 48 c7 03
0x00007ff9c4818477:   00 00 00 00 48 8b 4b 08 48 85 c9 74 0d e8 ef cd
0x00007ff9c4818487:   ff ff 48 c7 43 08 00 00 00 00 ba 18 00 00 00 48
0x00007ff9c4818497:   8b cb e8 da cd ff ff 48 c7 05 ff 46 01 00 00 00
0x00007ff9c48184a7:   00 00 48 83 c4 20 5b c3 cc 40 53 48 83 ec 20 48
0x00007ff9c48184b7:   8b 1d cb 46 01 00 48 85 db 74 57 b8 ff ff ff ff
0x00007ff9c48184c7:   f0 0f c1 43 10 83 f8 01 75 3d 48 85 db 74 38 48
0x00007ff9c48184d7:   8b 0b 48 85 c9 74 0d ff 15 cc 0d 00 00 48 c7 03
0x00007ff9c48184e7:   00 00 00 00 48 8b 4b 08 48 85 c9 74 0d e8 7f cd
0x00007ff9c48184f7:   ff ff 48 c7 43 08 00 00 00 00 ba 18 00 00 00 48
0x00007ff9c4818507:   8b cb e8 6a cd ff ff 48 c7 05 6f 46 01 00 00 00
0x00007ff9c4818517:   00 00 48 83 c4 20 5b c3 cc 40 53 48 83 ec 20 48 


Stack slot to memory mapping:

stack at sp + 0 slots: 0x0 is null
stack at sp + 1 slots: 0x0000016cff8b0fc0 points into unknown readable memory: 0x007f052aef987588 | 88 75 98 ef 2a 05 7f 00
stack at sp + 2 slots: 0x00007ff9242cb760 jvm.dll
stack at sp + 3 slots: 0x00007ff9c4815d30 glass.dll
stack at sp + 4 slots: 0x0000016cff8b0fc8 points into unknown readable memory: 0x0000fcee6ec03d88 | 88 3d c0 6e ee fc 00 00
stack at sp + 5 slots: 0x00007ff9f6f942d6 ucrtbase.dll
stack at sp + 6 slots: 0x0000fcee6ec03d88 is an unknown value
stack at sp + 7 slots: 0x0000016c00000000 is an unknown value

VM_Operation (0x00000016155f9a80): Exit, mode: safepoint, requested by thread 0x0000016cb973f0d0


---------------  P R O C E S S  ---------------

Threads class SMR info:
_java_thread_list=0x0000016cff5b4240, length=18, elements={
0x0000016c975e2c20, 0x0000016cb9280c90, 0x0000016cb92819b0, 0x0000016cb9289020,
0x0000016cb9289a80, 0x0000016cb928c4f0, 0x0000016cb9290780, 0x0000016cb9291640,
0x0000016cb939e2b0, 0x0000016cff2307f0, 0x0000016cff230e60, 0x0000016cff0ad370,
0x0000016cb967e060, 0x0000016cb973f0d0, 0x0000016cffe34bb0, 0x0000016cff7df2d0,
0x0000016c8748bbd0, 0x0000016c8748aeb0
}

Java Threads: ( => current thread )
  0x0000016c975e2c20 JavaThread "main"                              [_thread_blocked, id=26836, stack(0x0000001613d00000,0x0000001613e00000) (1024K)]
  0x0000016cb9280c90 JavaThread "Reference Handler"          daemon [_thread_blocked, id=19112, stack(0x0000001614500000,0x0000001614600000) (1024K)]
  0x0000016cb92819b0 JavaThread "Finalizer"                  daemon [_thread_blocked, id=28692, stack(0x0000001614600000,0x0000001614700000) (1024K)]
  0x0000016cb9289020 JavaThread "Attach Listener"            daemon [_thread_blocked, id=18452, stack(0x0000001614800000,0x0000001614900000) (1024K)]
  0x0000016cb9289a80 JavaThread "Service Thread"             daemon [_thread_blocked, id=30484, stack(0x0000001614900000,0x0000001614a00000) (1024K)]
  0x0000016cb928c4f0 JavaThread "Monitor Deflation Thread"   daemon [_thread_blocked, id=28152, stack(0x0000001614a00000,0x0000001614b00000) (1024K)]
  0x0000016cb9290780 JavaThread "C2 CompilerThread0"         daemon [_thread_blocked, id=2280, stack(0x0000001614b00000,0x0000001614c00000) (1024K)]
  0x0000016cb9291640 JavaThread "C1 CompilerThread0"         daemon [_thread_blocked, id=29980, stack(0x0000001614c00000,0x0000001614d00000) (1024K)]
  0x0000016cb939e2b0 JavaThread "Common-Cleaner"             daemon [_thread_blocked, id=27396, stack(0x0000001614d00000,0x0000001614e00000) (1024K)]
  0x0000016cff2307f0 JavaThread "Monitor Ctrl-Break"         daemon [_thread_in_native, id=8656, stack(0x0000001615000000,0x0000001615100000) (1024K)]
  0x0000016cff230e60 JavaThread "Notification Thread"        daemon [_thread_blocked, id=11100, stack(0x0000001615100000,0x0000001615200000) (1024K)]
  0x0000016cff0ad370 JavaThread "QuantumRenderer-0"          daemon [_thread_blocked, id=24660, stack(0x0000001615200000,0x0000001615300000) (1024K)]
  0x0000016cb967e060 JavaThread "InvokeLaterDispatcher"      daemon [_thread_blocked, id=14708, stack(0x0000001615400000,0x0000001615500000) (1024K)]
  0x0000016cb973f0d0 JavaThread "JavaFX Application Thread"         [_thread_blocked, id=22940, stack(0x0000001615500000,0x0000001615600000) (1024K)]
  0x0000016cffe34bb0 JavaThread "JavaFX-Launcher"                   [_thread_blocked, id=27304, stack(0x0000001615600000,0x0000001615700000) (1024K)]
  0x0000016cff7df2d0 JavaThread "Thread-2"                   daemon [_thread_in_native, id=29676, stack(0x0000001614e00000,0x0000001614f00000) (1024K)]
  0x0000016c8748bbd0 JavaThread "Prism Font Disposer"        daemon [_thread_blocked, id=28740, stack(0x0000001616300000,0x0000001616400000) (1024K)]
  0x0000016c8748aeb0 JavaThread "Cleaner-0"                  daemon [_thread_blocked, id=26364, stack(0x0000001616400000,0x0000001616500000) (1024K)]
Total: 18

Other Threads:
=>0x0000016cb92656f0 VMThread "VM Thread"                           [id=28724, stack(0x0000001614400000,0x0000001614500000) (1024K)]
  0x0000016c99889080 WorkerThread "GC Thread#0"                     [id=25840, stack(0x0000001613e00000,0x0000001613f00000) (1024K)]
  0x0000016cffbfb360 WorkerThread "GC Thread#1"                     [id=29404, stack(0x0000001615800000,0x0000001615900000) (1024K)]
  0x0000016cffbfb710 WorkerThread "GC Thread#2"                     [id=22324, stack(0x0000001615900000,0x0000001615a00000) (1024K)]
  0x0000016cffbfc6e0 WorkerThread "GC Thread#3"                     [id=29724, stack(0x0000001615a00000,0x0000001615b00000) (1024K)]
  0x0000016cffbfd2b0 WorkerThread "GC Thread#4"                     [id=9484, stack(0x0000001615b00000,0x0000001615c00000) (1024K)]
  0x0000016cffbfd660 WorkerThread "GC Thread#5"                     [id=28744, stack(0x0000001615c00000,0x0000001615d00000) (1024K)]
  0x0000016cffe98660 WorkerThread "GC Thread#6"                     [id=27968, stack(0x0000001615d00000,0x0000001615e00000) (1024K)]
  0x0000016cffe998d0 WorkerThread "GC Thread#7"                     [id=29652, stack(0x0000001615e00000,0x0000001615f00000) (1024K)]
  0x0000016cffe99c80 WorkerThread "GC Thread#8"                     [id=28364, stack(0x0000001615f00000,0x0000001616000000) (1024K)]
  0x0000016c9989e140 ConcurrentGCThread "G1 Main Marker"            terminated
  0x0000016c998a0800 WorkerThread "G1 Conc#0"                       [id=8632, stack(0x0000001614000000,0x0000001614100000) (1024K)]
  0x0000016c998ee430 ConcurrentGCThread "G1 Refine#0"               terminated
  0x0000016cb91195c0 ConcurrentGCThread "G1 Service"                terminated
Total: 14

Threads with active compile tasks:
C1 CompilerThread0  7455 3160       3       java.lang.invoke.MethodTypeForm::<init> (322 bytes)
Total: 1

VM state: at safepoint (shutting down)

VM Mutex/Monitor currently owned by a thread:  ([mutex/lock_event])
[0x00007ff9242a3910] Threads_lock - owner thread: 0x0000016cb92656f0
[0x00007ff9242a3a10] Heap_lock - owner thread: 0x0000016cb973f0d0

Heap address: 0x0000000701000000, size: 4080 MB, Compressed Oops mode: Zero based, Oop shift amount: 3

CDS archive(s) mapped at: [0x0000016cba000000-0x0000016cbad70000-0x0000016cbad70000), size 14090240, SharedBaseAddress: 0x0000016cba000000, ArchiveRelocationMode: 1.
Compressed class space mapped at: 0x0000016cbb000000-0x0000016cfb000000, reserved size: 1073741824
Narrow klass base: 0x0000016cba000000, Narrow klass shift: 0, Narrow klass range: 0x41000000

GC Precious Log:
 CardTable entry size: 512
 Card Set container configuration: InlinePtr #cards 4 size 8 Array Of Cards #cards 16 size 48 Howl #buckets 8 coarsen threshold 3686 Howl Bitmap #cards 512 size 80 coarsen threshold 460 Card regions per heap region 1 cards per card region 4096
 CPUs: 12 total, 12 available
 Memory: 16313M
 Large Page Support: Disabled
 NUMA Support: Disabled
 Compressed Oops: Enabled (Zero based)
 Heap Region Size: 2M
 Heap Min Capacity: 8M
 Heap Initial Capacity: 256M
 Heap Max Capacity: 4080M
 Pre-touch: Disabled
 Parallel Workers: 10
 Concurrent Workers: 3
 Concurrent Refinement Workers: 10
 Periodic GC: Disabled

Heap:
 garbage-first heap   total reserved 4177920K, committed 262144K, used 43772K [0x0000000701000000, 0x0000000800000000)
  region size 2048K, 20 young (40960K), 2 survivors (4096K)
 Metaspace       used 15725K, committed 16064K, reserved 1114112K
  class space    used 2180K, committed 2368K, reserved 1048576K

Heap Regions: E=young(eden), S=young(survivor), O=old, HS=humongous(starts), HC=humongous(continues), CS=collection set, F=free, TAMS=top-at-mark-start, PB=parsable bottom
|   0|0x0000000701000000, 0x0000000701200000, 0x0000000701200000|100%| O|  |TAMS 0x0000000701000000| PB 0x0000000701000000| Untracked |  0
|   1|0x0000000701200000, 0x00000007013b01f0, 0x0000000701400000| 84%| O|  |TAMS 0x0000000701200000| PB 0x0000000701200000| Untracked |  0
|   2|0x0000000701400000, 0x0000000701600000, 0x0000000701600000|100%|HS|  |TAMS 0x0000000701400000| PB 0x0000000701400000| Complete |  0
|   3|0x0000000701600000, 0x0000000701800000, 0x0000000701800000|100%|HS|  |TAMS 0x0000000701600000| PB 0x0000000701600000| Complete |  0
|   4|0x0000000701800000, 0x0000000701800000, 0x0000000701a00000|  0%| F|  |TAMS 0x0000000701800000| PB 0x0000000701800000| Untracked |  0
|   5|0x0000000701a00000, 0x0000000701a00000, 0x0000000701c00000|  0%| F|  |TAMS 0x0000000701a00000| PB 0x0000000701a00000| Untracked |  0
|   6|0x0000000701c00000, 0x0000000701c00000, 0x0000000701e00000|  0%| F|  |TAMS 0x0000000701c00000| PB 0x0000000701c00000| Untracked |  0
|   7|0x0000000701e00000, 0x0000000701e00000, 0x0000000702000000|  0%| F|  |TAMS 0x0000000701e00000| PB 0x0000000701e00000| Untracked |  0
|   8|0x0000000702000000, 0x0000000702000000, 0x0000000702200000|  0%| F|  |TAMS 0x0000000702000000| PB 0x0000000702000000| Untracked |  0
|   9|0x0000000702200000, 0x0000000702200000, 0x0000000702400000|  0%| F|  |TAMS 0x0000000702200000| PB 0x0000000702200000| Untracked |  0
|  10|0x0000000702400000, 0x0000000702400000, 0x0000000702600000|  0%| F|  |TAMS 0x0000000702400000| PB 0x0000000702400000| Untracked |  0
|  11|0x0000000702600000, 0x0000000702600000, 0x0000000702800000|  0%| F|  |TAMS 0x0000000702600000| PB 0x0000000702600000| Untracked |  0
|  12|0x0000000702800000, 0x0000000702800000, 0x0000000702a00000|  0%| F|  |TAMS 0x0000000702800000| PB 0x0000000702800000| Untracked |  0
|  13|0x0000000702a00000, 0x0000000702a00000, 0x0000000702c00000|  0%| F|  |TAMS 0x0000000702a00000| PB 0x0000000702a00000| Untracked |  0
|  14|0x0000000702c00000, 0x0000000702c00000, 0x0000000702e00000|  0%| F|  |TAMS 0x0000000702c00000| PB 0x0000000702c00000| Untracked |  0
|  15|0x0000000702e00000, 0x0000000702e00000, 0x0000000703000000|  0%| F|  |TAMS 0x0000000702e00000| PB 0x0000000702e00000| Untracked |  0
|  16|0x0000000703000000, 0x0000000703000000, 0x0000000703200000|  0%| F|  |TAMS 0x0000000703000000| PB 0x0000000703000000| Untracked |  0
|  17|0x0000000703200000, 0x0000000703200000, 0x0000000703400000|  0%| F|  |TAMS 0x0000000703200000| PB 0x0000000703200000| Untracked |  0
|  18|0x0000000703400000, 0x0000000703400000, 0x0000000703600000|  0%| F|  |TAMS 0x0000000703400000| PB 0x0000000703400000| Untracked |  0
|  19|0x0000000703600000, 0x0000000703600000, 0x0000000703800000|  0%| F|  |TAMS 0x0000000703600000| PB 0x0000000703600000| Untracked |  0
|  20|0x0000000703800000, 0x0000000703800000, 0x0000000703a00000|  0%| F|  |TAMS 0x0000000703800000| PB 0x0000000703800000| Untracked |  0
|  21|0x0000000703a00000, 0x0000000703a00000, 0x0000000703c00000|  0%| F|  |TAMS 0x0000000703a00000| PB 0x0000000703a00000| Untracked |  0
|  22|0x0000000703c00000, 0x0000000703c00000, 0x0000000703e00000|  0%| F|  |TAMS 0x0000000703c00000| PB 0x0000000703c00000| Untracked |  0
|  23|0x0000000703e00000, 0x0000000703e00000, 0x0000000704000000|  0%| F|  |TAMS 0x0000000703e00000| PB 0x0000000703e00000| Untracked |  0
|  24|0x0000000704000000, 0x0000000704000000, 0x0000000704200000|  0%| F|  |TAMS 0x0000000704000000| PB 0x0000000704000000| Untracked |  0
|  25|0x0000000704200000, 0x0000000704200000, 0x0000000704400000|  0%| F|  |TAMS 0x0000000704200000| PB 0x0000000704200000| Untracked |  0
|  26|0x0000000704400000, 0x0000000704400000, 0x0000000704600000|  0%| F|  |TAMS 0x0000000704400000| PB 0x0000000704400000| Untracked |  0
|  27|0x0000000704600000, 0x0000000704600000, 0x0000000704800000|  0%| F|  |TAMS 0x0000000704600000| PB 0x0000000704600000| Untracked |  0
|  28|0x0000000704800000, 0x0000000704800000, 0x0000000704a00000|  0%| F|  |TAMS 0x0000000704800000| PB 0x0000000704800000| Untracked |  0
|  29|0x0000000704a00000, 0x0000000704a00000, 0x0000000704c00000|  0%| F|  |TAMS 0x0000000704a00000| PB 0x0000000704a00000| Untracked |  0
|  30|0x0000000704c00000, 0x0000000704c00000, 0x0000000704e00000|  0%| F|  |TAMS 0x0000000704c00000| PB 0x0000000704c00000| Untracked |  0
|  31|0x0000000704e00000, 0x0000000704e00000, 0x0000000705000000|  0%| F|  |TAMS 0x0000000704e00000| PB 0x0000000704e00000| Untracked |  0
|  32|0x0000000705000000, 0x0000000705000000, 0x0000000705200000|  0%| F|  |TAMS 0x0000000705000000| PB 0x0000000705000000| Untracked |  0
|  33|0x0000000705200000, 0x0000000705200000, 0x0000000705400000|  0%| F|  |TAMS 0x0000000705200000| PB 0x0000000705200000| Untracked |  0
|  34|0x0000000705400000, 0x0000000705400000, 0x0000000705600000|  0%| F|  |TAMS 0x0000000705400000| PB 0x0000000705400000| Untracked |  0
|  35|0x0000000705600000, 0x0000000705600000, 0x0000000705800000|  0%| F|  |TAMS 0x0000000705600000| PB 0x0000000705600000| Untracked |  0
|  36|0x0000000705800000, 0x0000000705800000, 0x0000000705a00000|  0%| F|  |TAMS 0x0000000705800000| PB 0x0000000705800000| Untracked |  0
|  37|0x0000000705a00000, 0x0000000705a00000, 0x0000000705c00000|  0%| F|  |TAMS 0x0000000705a00000| PB 0x0000000705a00000| Untracked |  0
|  38|0x0000000705c00000, 0x0000000705c00000, 0x0000000705e00000|  0%| F|  |TAMS 0x0000000705c00000| PB 0x0000000705c00000| Untracked |  0
|  39|0x0000000705e00000, 0x0000000705e00000, 0x0000000706000000|  0%| F|  |TAMS 0x0000000705e00000| PB 0x0000000705e00000| Untracked |  0
|  40|0x0000000706000000, 0x0000000706000000, 0x0000000706200000|  0%| F|  |TAMS 0x0000000706000000| PB 0x0000000706000000| Untracked |  0
|  41|0x0000000706200000, 0x0000000706200000, 0x0000000706400000|  0%| F|  |TAMS 0x0000000706200000| PB 0x0000000706200000| Untracked |  0
|  42|0x0000000706400000, 0x0000000706400000, 0x0000000706600000|  0%| F|  |TAMS 0x0000000706400000| PB 0x0000000706400000| Untracked |  0
|  43|0x0000000706600000, 0x0000000706600000, 0x0000000706800000|  0%| F|  |TAMS 0x0000000706600000| PB 0x0000000706600000| Untracked |  0
|  44|0x0000000706800000, 0x0000000706800000, 0x0000000706a00000|  0%| F|  |TAMS 0x0000000706800000| PB 0x0000000706800000| Untracked |  0
|  45|0x0000000706a00000, 0x0000000706a00000, 0x0000000706c00000|  0%| F|  |TAMS 0x0000000706a00000| PB 0x0000000706a00000| Untracked |  0
|  46|0x0000000706c00000, 0x0000000706c00000, 0x0000000706e00000|  0%| F|  |TAMS 0x0000000706c00000| PB 0x0000000706c00000| Untracked |  0
|  47|0x0000000706e00000, 0x0000000706e00000, 0x0000000707000000|  0%| F|  |TAMS 0x0000000706e00000| PB 0x0000000706e00000| Untracked |  0
|  48|0x0000000707000000, 0x0000000707000000, 0x0000000707200000|  0%| F|  |TAMS 0x0000000707000000| PB 0x0000000707000000| Untracked |  0
|  49|0x0000000707200000, 0x0000000707200000, 0x0000000707400000|  0%| F|  |TAMS 0x0000000707200000| PB 0x0000000707200000| Untracked |  0
|  50|0x0000000707400000, 0x0000000707400000, 0x0000000707600000|  0%| F|  |TAMS 0x0000000707400000| PB 0x0000000707400000| Untracked |  0
|  51|0x0000000707600000, 0x0000000707600000, 0x0000000707800000|  0%| F|  |TAMS 0x0000000707600000| PB 0x0000000707600000| Untracked |  0
|  52|0x0000000707800000, 0x0000000707800000, 0x0000000707a00000|  0%| F|  |TAMS 0x0000000707800000| PB 0x0000000707800000| Untracked |  0
|  53|0x0000000707a00000, 0x0000000707a00000, 0x0000000707c00000|  0%| F|  |TAMS 0x0000000707a00000| PB 0x0000000707a00000| Untracked |  0
|  54|0x0000000707c00000, 0x0000000707c00000, 0x0000000707e00000|  0%| F|  |TAMS 0x0000000707c00000| PB 0x0000000707c00000| Untracked |  0
|  55|0x0000000707e00000, 0x0000000707e00000, 0x0000000708000000|  0%| F|  |TAMS 0x0000000707e00000| PB 0x0000000707e00000| Untracked |  0
|  56|0x0000000708000000, 0x0000000708000000, 0x0000000708200000|  0%| F|  |TAMS 0x0000000708000000| PB 0x0000000708000000| Untracked |  0
|  57|0x0000000708200000, 0x0000000708200000, 0x0000000708400000|  0%| F|  |TAMS 0x0000000708200000| PB 0x0000000708200000| Untracked |  0
|  58|0x0000000708400000, 0x0000000708400000, 0x0000000708600000|  0%| F|  |TAMS 0x0000000708400000| PB 0x0000000708400000| Untracked |  0
|  59|0x0000000708600000, 0x0000000708600000, 0x0000000708800000|  0%| F|  |TAMS 0x0000000708600000| PB 0x0000000708600000| Untracked |  0
|  60|0x0000000708800000, 0x0000000708800000, 0x0000000708a00000|  0%| F|  |TAMS 0x0000000708800000| PB 0x0000000708800000| Untracked |  0
|  61|0x0000000708a00000, 0x0000000708a00000, 0x0000000708c00000|  0%| F|  |TAMS 0x0000000708a00000| PB 0x0000000708a00000| Untracked |  0
|  62|0x0000000708c00000, 0x0000000708c00000, 0x0000000708e00000|  0%| F|  |TAMS 0x0000000708c00000| PB 0x0000000708c00000| Untracked |  0
|  63|0x0000000708e00000, 0x0000000708e00000, 0x0000000709000000|  0%| F|  |TAMS 0x0000000708e00000| PB 0x0000000708e00000| Untracked |  0
|  64|0x0000000709000000, 0x0000000709000000, 0x0000000709200000|  0%| F|  |TAMS 0x0000000709000000| PB 0x0000000709000000| Untracked |  0
|  65|0x0000000709200000, 0x0000000709200000, 0x0000000709400000|  0%| F|  |TAMS 0x0000000709200000| PB 0x0000000709200000| Untracked |  0
|  66|0x0000000709400000, 0x0000000709400000, 0x0000000709600000|  0%| F|  |TAMS 0x0000000709400000| PB 0x0000000709400000| Untracked |  0
|  67|0x0000000709600000, 0x0000000709600000, 0x0000000709800000|  0%| F|  |TAMS 0x0000000709600000| PB 0x0000000709600000| Untracked |  0
|  68|0x0000000709800000, 0x0000000709800000, 0x0000000709a00000|  0%| F|  |TAMS 0x0000000709800000| PB 0x0000000709800000| Untracked |  0
|  69|0x0000000709a00000, 0x0000000709a00000, 0x0000000709c00000|  0%| F|  |TAMS 0x0000000709a00000| PB 0x0000000709a00000| Untracked |  0
|  70|0x0000000709c00000, 0x0000000709c00000, 0x0000000709e00000|  0%| F|  |TAMS 0x0000000709c00000| PB 0x0000000709c00000| Untracked |  0
|  71|0x0000000709e00000, 0x0000000709e00000, 0x000000070a000000|  0%| F|  |TAMS 0x0000000709e00000| PB 0x0000000709e00000| Untracked |  0
|  72|0x000000070a000000, 0x000000070a000000, 0x000000070a200000|  0%| F|  |TAMS 0x000000070a000000| PB 0x000000070a000000| Untracked |  0
|  73|0x000000070a200000, 0x000000070a200000, 0x000000070a400000|  0%| F|  |TAMS 0x000000070a200000| PB 0x000000070a200000| Untracked |  0
|  74|0x000000070a400000, 0x000000070a400000, 0x000000070a600000|  0%| F|  |TAMS 0x000000070a400000| PB 0x000000070a400000| Untracked |  0
|  75|0x000000070a600000, 0x000000070a600000, 0x000000070a800000|  0%| F|  |TAMS 0x000000070a600000| PB 0x000000070a600000| Untracked |  0
|  76|0x000000070a800000, 0x000000070a800000, 0x000000070aa00000|  0%| F|  |TAMS 0x000000070a800000| PB 0x000000070a800000| Untracked |  0
|  77|0x000000070aa00000, 0x000000070aa00000, 0x000000070ac00000|  0%| F|  |TAMS 0x000000070aa00000| PB 0x000000070aa00000| Untracked |  0
|  78|0x000000070ac00000, 0x000000070ac00000, 0x000000070ae00000|  0%| F|  |TAMS 0x000000070ac00000| PB 0x000000070ac00000| Untracked |  0
|  79|0x000000070ae00000, 0x000000070ae00000, 0x000000070b000000|  0%| F|  |TAMS 0x000000070ae00000| PB 0x000000070ae00000| Untracked |  0
|  80|0x000000070b000000, 0x000000070b000000, 0x000000070b200000|  0%| F|  |TAMS 0x000000070b000000| PB 0x000000070b000000| Untracked |  0
|  81|0x000000070b200000, 0x000000070b200000, 0x000000070b400000|  0%| F|  |TAMS 0x000000070b200000| PB 0x000000070b200000| Untracked |  0
|  82|0x000000070b400000, 0x000000070b400000, 0x000000070b600000|  0%| F|  |TAMS 0x000000070b400000| PB 0x000000070b400000| Untracked |  0
|  83|0x000000070b600000, 0x000000070b600000, 0x000000070b800000|  0%| F|  |TAMS 0x000000070b600000| PB 0x000000070b600000| Untracked |  0
|  84|0x000000070b800000, 0x000000070b800000, 0x000000070ba00000|  0%| F|  |TAMS 0x000000070b800000| PB 0x000000070b800000| Untracked |  0
|  85|0x000000070ba00000, 0x000000070ba00000, 0x000000070bc00000|  0%| F|  |TAMS 0x000000070ba00000| PB 0x000000070ba00000| Untracked |  0
|  86|0x000000070bc00000, 0x000000070bc00000, 0x000000070be00000|  0%| F|  |TAMS 0x000000070bc00000| PB 0x000000070bc00000| Untracked |  0
|  87|0x000000070be00000, 0x000000070be00000, 0x000000070c000000|  0%| F|  |TAMS 0x000000070be00000| PB 0x000000070be00000| Untracked |  0
|  88|0x000000070c000000, 0x000000070c000000, 0x000000070c200000|  0%| F|  |TAMS 0x000000070c000000| PB 0x000000070c000000| Untracked |  0
|  89|0x000000070c200000, 0x000000070c200000, 0x000000070c400000|  0%| F|  |TAMS 0x000000070c200000| PB 0x000000070c200000| Untracked |  0
|  90|0x000000070c400000, 0x000000070c400000, 0x000000070c600000|  0%| F|  |TAMS 0x000000070c400000| PB 0x000000070c400000| Untracked |  0
|  91|0x000000070c600000, 0x000000070c600000, 0x000000070c800000|  0%| F|  |TAMS 0x000000070c600000| PB 0x000000070c600000| Untracked |  0
|  92|0x000000070c800000, 0x000000070c800000, 0x000000070ca00000|  0%| F|  |TAMS 0x000000070c800000| PB 0x000000070c800000| Untracked |  0
|  93|0x000000070ca00000, 0x000000070ca00000, 0x000000070cc00000|  0%| F|  |TAMS 0x000000070ca00000| PB 0x000000070ca00000| Untracked |  0
|  94|0x000000070cc00000, 0x000000070cc00000, 0x000000070ce00000|  0%| F|  |TAMS 0x000000070cc00000| PB 0x000000070cc00000| Untracked |  0
|  95|0x000000070ce00000, 0x000000070ce00000, 0x000000070d000000|  0%| F|  |TAMS 0x000000070ce00000| PB 0x000000070ce00000| Untracked |  0
|  96|0x000000070d000000, 0x000000070d000000, 0x000000070d200000|  0%| F|  |TAMS 0x000000070d000000| PB 0x000000070d000000| Untracked |  0
|  97|0x000000070d200000, 0x000000070d200000, 0x000000070d400000|  0%| F|  |TAMS 0x000000070d200000| PB 0x000000070d200000| Untracked |  0
|  98|0x000000070d400000, 0x000000070d400000, 0x000000070d600000|  0%| F|  |TAMS 0x000000070d400000| PB 0x000000070d400000| Untracked |  0
|  99|0x000000070d600000, 0x000000070d600000, 0x000000070d800000|  0%| F|  |TAMS 0x000000070d600000| PB 0x000000070d600000| Untracked |  0
| 100|0x000000070d800000, 0x000000070d800000, 0x000000070da00000|  0%| F|  |TAMS 0x000000070d800000| PB 0x000000070d800000| Untracked |  0
| 101|0x000000070da00000, 0x000000070da00000, 0x000000070dc00000|  0%| F|  |TAMS 0x000000070da00000| PB 0x000000070da00000| Untracked |  0
| 102|0x000000070dc00000, 0x000000070dc00000, 0x000000070de00000|  0%| F|  |TAMS 0x000000070dc00000| PB 0x000000070dc00000| Untracked |  0
| 103|0x000000070de00000, 0x000000070de00000, 0x000000070e000000|  0%| F|  |TAMS 0x000000070de00000| PB 0x000000070de00000| Untracked |  0
| 104|0x000000070e000000, 0x000000070e000000, 0x000000070e200000|  0%| F|  |TAMS 0x000000070e000000| PB 0x000000070e000000| Untracked |  0
| 105|0x000000070e200000, 0x000000070e200000, 0x000000070e400000|  0%| F|  |TAMS 0x000000070e200000| PB 0x000000070e200000| Untracked |  0
| 106|0x000000070e400000, 0x000000070e400000, 0x000000070e600000|  0%| F|  |TAMS 0x000000070e400000| PB 0x000000070e400000| Untracked |  0
| 107|0x000000070e600000, 0x000000070e600000, 0x000000070e800000|  0%| F|  |TAMS 0x000000070e600000| PB 0x000000070e600000| Untracked |  0
| 108|0x000000070e800000, 0x000000070e95e448, 0x000000070ea00000| 68%| E|  |TAMS 0x000000070e800000| PB 0x000000070e800000| Complete |  0
| 109|0x000000070ea00000, 0x000000070ec00000, 0x000000070ec00000|100%| E|CS|TAMS 0x000000070ea00000| PB 0x000000070ea00000| Complete |  0
| 110|0x000000070ec00000, 0x000000070ee00000, 0x000000070ee00000|100%| E|CS|TAMS 0x000000070ec00000| PB 0x000000070ec00000| Complete |  0
| 111|0x000000070ee00000, 0x000000070f000000, 0x000000070f000000|100%| E|CS|TAMS 0x000000070ee00000| PB 0x000000070ee00000| Complete |  0
| 112|0x000000070f000000, 0x000000070f200000, 0x000000070f200000|100%| E|CS|TAMS 0x000000070f000000| PB 0x000000070f000000| Complete |  0
| 113|0x000000070f200000, 0x000000070f30ee80, 0x000000070f400000| 52%| S|CS|TAMS 0x000000070f200000| PB 0x000000070f200000| Complete |  0
| 114|0x000000070f400000, 0x000000070f600000, 0x000000070f600000|100%| E|CS|TAMS 0x000000070f400000| PB 0x000000070f400000| Complete |  0
| 115|0x000000070f600000, 0x000000070f800000, 0x000000070f800000|100%| E|CS|TAMS 0x000000070f600000| PB 0x000000070f600000| Complete |  0
| 116|0x000000070f800000, 0x000000070fa00000, 0x000000070fa00000|100%| S|CS|TAMS 0x000000070f800000| PB 0x000000070f800000| Complete |  0
| 117|0x000000070fa00000, 0x000000070fc00000, 0x000000070fc00000|100%| E|CS|TAMS 0x000000070fa00000| PB 0x000000070fa00000| Complete |  0
| 118|0x000000070fc00000, 0x000000070fe00000, 0x000000070fe00000|100%| E|CS|TAMS 0x000000070fc00000| PB 0x000000070fc00000| Complete |  0
| 119|0x000000070fe00000, 0x0000000710000000, 0x0000000710000000|100%| E|CS|TAMS 0x000000070fe00000| PB 0x000000070fe00000| Complete |  0
| 120|0x0000000710000000, 0x0000000710200000, 0x0000000710200000|100%| E|CS|TAMS 0x0000000710000000| PB 0x0000000710000000| Complete |  0
| 121|0x0000000710200000, 0x0000000710400000, 0x0000000710400000|100%| E|CS|TAMS 0x0000000710200000| PB 0x0000000710200000| Complete |  0
| 122|0x0000000710400000, 0x0000000710600000, 0x0000000710600000|100%| E|CS|TAMS 0x0000000710400000| PB 0x0000000710400000| Complete |  0
| 123|0x0000000710600000, 0x0000000710800000, 0x0000000710800000|100%| E|CS|TAMS 0x0000000710600000| PB 0x0000000710600000| Complete |  0
| 124|0x0000000710800000, 0x0000000710a00000, 0x0000000710a00000|100%| E|  |TAMS 0x0000000710800000| PB 0x0000000710800000| Complete |  0
| 125|0x0000000710a00000, 0x0000000710c00000, 0x0000000710c00000|100%| E|CS|TAMS 0x0000000710a00000| PB 0x0000000710a00000| Complete |  0
| 126|0x0000000710c00000, 0x0000000710e00000, 0x0000000710e00000|100%| E|CS|TAMS 0x0000000710c00000| PB 0x0000000710c00000| Complete |  0
| 127|0x0000000710e00000, 0x0000000711000000, 0x0000000711000000|100%| E|CS|TAMS 0x0000000710e00000| PB 0x0000000710e00000| Complete |  0

Card table byte_map: [0x0000016cb1dd0000,0x0000016cb25d0000] _byte_map_base: 0x0000016cae5c8000

Marking Bits: (CMBitMap*) 0x0000016c99889790
 Bits: [0x0000016cb25d0000, 0x0000016cb6590000)

Polling page: 0x0000016c97580000

Metaspace:

Usage:
  Non-class:     13.23 MB used.
      Class:      2.13 MB used.
       Both:     15.36 MB used.

Virtual space:
  Non-class space:       64.00 MB reserved,      13.38 MB ( 21%) committed,  1 nodes.
      Class space:        1.00 GB reserved,       2.31 MB ( <1%) committed,  1 nodes.
             Both:        1.06 GB reserved,      15.69 MB (  1%) committed. 

Chunk freelists:
   Non-Class:  2.62 MB
       Class:  13.53 MB
        Both:  16.16 MB

MaxMetaspaceSize: unlimited
CompressedClassSpaceSize: 1.00 GB
Initial GC threshold: 21.00 MB
Current GC threshold: 21.00 MB
CDS: on
 - commit_granule_bytes: 65536.
 - commit_granule_words: 8192.
 - virtual_space_node_default_size: 8388608.
 - enlarge_chunks_in_place: 1.
 - use_allocation_guard: 0.


Internal statistics:

num_allocs_failed_limit: 0.
num_arena_births: 380.
num_arena_deaths: 0.
num_vsnodes_births: 2.
num_vsnodes_deaths: 0.
num_space_committed: 251.
num_space_uncommitted: 0.
num_chunks_returned_to_freelist: 0.
num_chunks_taken_from_freelist: 866.
num_chunk_merges: 0.
num_chunk_splits: 577.
num_chunks_enlarged: 402.
num_inconsistent_stats: 0.

CodeHeap 'non-profiled nmethods': size=120064Kb used=1231Kb max_used=1231Kb free=118832Kb
 bounds [0x0000016ca9a20000, 0x0000016ca9c90000, 0x0000016cb0f60000]
CodeHeap 'profiled nmethods': size=120000Kb used=4486Kb max_used=4486Kb free=115514Kb
 bounds [0x0000016ca1f60000, 0x0000016ca23d0000, 0x0000016ca9490000]
CodeHeap 'non-nmethods': size=5696Kb used=1772Kb max_used=1809Kb free=3923Kb
 bounds [0x0000016ca9490000, 0x0000016ca9700000, 0x0000016ca9a20000]
CodeCache: size=245760Kb, used=7489Kb, max_used=7526Kb, free=238269Kb
 total_blobs=3974, nmethods=3158, adapters=721, full_count=0
Compilation: enabled, stopped_count=0, restarted_count=0

Compilation events (20 events):
Event: 6.973 Thread 0x0000016cb9291640 nmethod 3150 0x0000016ca23b7c08 code [0x0000016ca23b7d60, 0x0000016ca23b8058]
Event: 6.973 Thread 0x0000016cb9291640 3151       3       jdk.internal.org.objectweb.asm.FieldWriter::putFieldInfo (269 bytes)
Event: 6.973 Thread 0x0000016cb9291640 nmethod 3151 0x0000016ca23b8088 code [0x0000016ca23b82a0, 0x0000016ca23b8b98]
Event: 6.973 Thread 0x0000016cb9291640 3152       3       java.lang.invoke.InnerClassLambdaMetafactory::<init> (277 bytes)
Event: 6.974 Thread 0x0000016cb9291640 nmethod 3152 0x0000016ca23b8c08 code [0x0000016ca23b8fc0, 0x0000016ca23baf30]
Event: 6.974 Thread 0x0000016cb9291640 3153   !   3       java.lang.invoke.AbstractValidatingLambdaMetafactory::<init> (559 bytes)
Event: 6.976 Thread 0x0000016cb9291640 nmethod 3153 0x0000016ca23bb088 code [0x0000016ca23bb660, 0x0000016ca23bea10]
Event: 6.976 Thread 0x0000016cb9291640 3154   !   3       java.lang.invoke.MethodHandles$Lookup::revealDirect (196 bytes)
Event: 6.977 Thread 0x0000016cb9291640 nmethod 3154 0x0000016ca23beb88 code [0x0000016ca23bee60, 0x0000016ca23c0110]
Event: 6.977 Thread 0x0000016cb9291640 3155       3       java.lang.invoke.InfoFromMemberName::<init> (72 bytes)
Event: 6.977 Thread 0x0000016cb9291640 nmethod 3155 0x0000016ca23c0208 code [0x0000016ca23c0320, 0x0000016ca23c0510]
Event: 6.977 Thread 0x0000016cb9291640 3156       3       java.lang.invoke.InfoFromMemberName::getName (8 bytes)
Event: 6.977 Thread 0x0000016cb9291640 nmethod 3156 0x0000016ca23c0588 code [0x0000016ca23c06e0, 0x0000016ca23c0a98]
Event: 6.977 Thread 0x0000016cb9291640 3157       3       java.lang.invoke.InfoFromMemberName::getMethodType (8 bytes)
Event: 6.977 Thread 0x0000016cb9291640 nmethod 3157 0x0000016ca23c0b08 code [0x0000016ca23c0c20, 0x0000016ca23c0d68]
Event: 6.977 Thread 0x0000016cb9291640 3158       1       java.util.concurrent.atomic.AtomicInteger::get (5 bytes)
Event: 6.977 Thread 0x0000016cb9291640 nmethod 3158 0x0000016ca9b53b08 code [0x0000016ca9b53c20, 0x0000016ca9b53ce8]
Event: 6.982 Thread 0x0000016cb9291640 3159       3       jdk.internal.org.objectweb.asm.FieldVisitor::<init> (78 bytes)
Event: 6.983 Thread 0x0000016cb9291640 nmethod 3159 0x0000016ca23c0e08 code [0x0000016ca23c0fc0, 0x0000016ca23c17a0]
Event: 6.983 Thread 0x0000016cb9291640 3160       3       java.lang.invoke.MethodTypeForm::<init> (322 bytes)

GC Heap History (4 events):
Event: 0.586 GC heap before
{Heap before GC invocations=0 (full 0):
 garbage-first heap   total reserved 4177920K, committed 262144K, used 22528K [0x0000000701000000, 0x0000000800000000)
  region size 2048K, 12 young (24576K), 0 survivors (0K)
 Metaspace       used 4678K, committed 4864K, reserved 1114112K
  class space    used 544K, committed 640K, reserved 1048576K
}
Event: 0.592 GC heap after
{Heap after GC invocations=1 (full 0):
 garbage-first heap   total reserved 4177920K, committed 262144K, used 4096K [0x0000000701000000, 0x0000000800000000)
  region size 2048K, 2 young (4096K), 2 survivors (4096K)
 Metaspace       used 4678K, committed 4864K, reserved 1114112K
  class space    used 544K, committed 640K, reserved 1048576K
}
Event: 1.030 GC heap before
{Heap before GC invocations=1 (full 0):
 garbage-first heap   total reserved 4177920K, committed 262144K, used 24576K [0x0000000701000000, 0x0000000800000000)
  region size 2048K, 13 young (26624K), 2 survivors (4096K)
 Metaspace       used 8736K, committed 8960K, reserved 1114112K
  class space    used 1130K, committed 1216K, reserved 1048576K
}
Event: 1.034 GC heap after
{Heap after GC invocations=2 (full 0):
 garbage-first heap   total reserved 4177920K, committed 262144K, used 6908K [0x0000000701000000, 0x0000000800000000)
  region size 2048K, 2 young (4096K), 2 survivors (4096K)
 Metaspace       used 8736K, committed 8960K, reserved 1114112K
  class space    used 1130K, committed 1216K, reserved 1048576K
}

Dll operation events (20 events):
Event: 0.221 Loaded shared library C:\Users\Anwender\Downloads\openjfx-23.0.1_windows-x64_bin-sdk\javafx-sdk-23.0.1\bin\api-ms-win-crt-math-l1-1-0.dll
Event: 0.222 Loaded shared library C:\Users\Anwender\Downloads\openjfx-23.0.1_windows-x64_bin-sdk\javafx-sdk-23.0.1\bin\api-ms-win-crt-multibyte-l1-1-0.dll
Event: 0.224 Loaded shared library C:\Users\Anwender\Downloads\openjfx-23.0.1_windows-x64_bin-sdk\javafx-sdk-23.0.1\bin\api-ms-win-crt-private-l1-1-0.dll
Event: 0.225 Loaded shared library C:\Users\Anwender\Downloads\openjfx-23.0.1_windows-x64_bin-sdk\javafx-sdk-23.0.1\bin\api-ms-win-crt-process-l1-1-0.dll
Event: 0.226 Loaded shared library C:\Users\Anwender\Downloads\openjfx-23.0.1_windows-x64_bin-sdk\javafx-sdk-23.0.1\bin\api-ms-win-crt-runtime-l1-1-0.dll
Event: 0.227 Loaded shared library C:\Users\Anwender\Downloads\openjfx-23.0.1_windows-x64_bin-sdk\javafx-sdk-23.0.1\bin\api-ms-win-crt-stdio-l1-1-0.dll
Event: 0.228 Loaded shared library C:\Users\Anwender\Downloads\openjfx-23.0.1_windows-x64_bin-sdk\javafx-sdk-23.0.1\bin\api-ms-win-crt-string-l1-1-0.dll
Event: 0.229 Loaded shared library C:\Users\Anwender\Downloads\openjfx-23.0.1_windows-x64_bin-sdk\javafx-sdk-23.0.1\bin\api-ms-win-crt-time-l1-1-0.dll
Event: 0.230 Loaded shared library C:\Users\Anwender\Downloads\openjfx-23.0.1_windows-x64_bin-sdk\javafx-sdk-23.0.1\bin\api-ms-win-crt-utility-l1-1-0.dll
Event: 0.231 Loaded shared library C:\Users\Anwender\Downloads\openjfx-23.0.1_windows-x64_bin-sdk\javafx-sdk-23.0.1\bin\ucrtbase.dll
Event: 0.232 Loaded shared library C:\Users\Anwender\Downloads\openjfx-23.0.1_windows-x64_bin-sdk\javafx-sdk-23.0.1\bin\vcruntime140.dll
Event: 0.233 Loaded shared library C:\Users\Anwender\Downloads\openjfx-23.0.1_windows-x64_bin-sdk\javafx-sdk-23.0.1\bin\vcruntime140_1.dll
Event: 0.234 Loaded shared library C:\Users\Anwender\Downloads\openjfx-23.0.1_windows-x64_bin-sdk\javafx-sdk-23.0.1\bin\msvcp140.dll
Event: 0.235 Loaded shared library C:\Users\Anwender\Downloads\openjfx-23.0.1_windows-x64_bin-sdk\javafx-sdk-23.0.1\bin\msvcp140_1.dll
Event: 0.236 Loaded shared library C:\Users\Anwender\Downloads\openjfx-23.0.1_windows-x64_bin-sdk\javafx-sdk-23.0.1\bin\msvcp140_2.dll
Event: 0.260 Loaded shared library C:\Users\Anwender\Downloads\openjfx-23.0.1_windows-x64_bin-sdk\javafx-sdk-23.0.1\bin\prism_d3d.dll
Event: 0.343 Loaded shared library C:\Users\Anwender\Downloads\openjfx-23.0.1_windows-x64_bin-sdk\javafx-sdk-23.0.1\bin\glass.dll
Event: 0.543 Loaded shared library C:\Users\Anwender\.jdks\openjdk-23.0.1\bin\jimage.dll
Event: 0.991 Loaded shared library C:\Users\Anwender\Downloads\openjfx-23.0.1_windows-x64_bin-sdk\javafx-sdk-23.0.1\bin\javafx_iio.dll
Event: 1.041 Loaded shared library C:\Users\Anwender\Downloads\openjfx-23.0.1_windows-x64_bin-sdk\javafx-sdk-23.0.1\bin\javafx_font.dll

Deoptimization events (20 events):
Event: 6.257 Thread 0x0000016cb973f0d0 DEOPT PACKING pc=0x0000016ca21d0efb sp=0x00000016155fbad0
Event: 6.257 Thread 0x0000016cb973f0d0 DEOPT UNPACKING pc=0x0000016ca94e4b22 sp=0x00000016155fafb8 mode 0
Event: 6.258 Thread 0x0000016cb973f0d0 DEOPT PACKING pc=0x0000016ca21d0efb sp=0x00000016155fb8f0
Event: 6.258 Thread 0x0000016cb973f0d0 DEOPT UNPACKING pc=0x0000016ca94e4b22 sp=0x00000016155fadd8 mode 0
Event: 6.258 Thread 0x0000016cb973f0d0 DEOPT PACKING pc=0x0000016ca21d0efb sp=0x00000016155fb880
Event: 6.258 Thread 0x0000016cb973f0d0 DEOPT UNPACKING pc=0x0000016ca94e4b22 sp=0x00000016155fad68 mode 0
Event: 6.263 Thread 0x0000016cb973f0d0 Uncommon trap: trap_request=0xffffff45 fr.pc=0x0000016ca9b12458 relative=0x0000000000000058
Event: 6.263 Thread 0x0000016cb973f0d0 Uncommon trap: reason=unstable_if action=reinterpret pc=0x0000016ca9b12458 method=javafx.scene.Node.updateLocalToParentTransform()V @ 4 c2
Event: 6.263 Thread 0x0000016cb973f0d0 DEOPT PACKING pc=0x0000016ca9b12458 sp=0x00000016155fbed0
Event: 6.263 Thread 0x0000016cb973f0d0 DEOPT UNPACKING pc=0x0000016ca94e4402 sp=0x00000016155fbe28 mode 2
Event: 6.287 Thread 0x0000016cff0ad370 Uncommon trap: trap_request=0xffffff6e fr.pc=0x0000016ca9b3e730 relative=0x0000000000000390
Event: 6.287 Thread 0x0000016cff0ad370 Uncommon trap: reason=loop_limit_check action=maybe_recompile pc=0x0000016ca9b3e730 method=com.sun.javafx.geom.transform.AffineBase.doTransform([FI[FIII)V @ 590 c2
Event: 6.287 Thread 0x0000016cff0ad370 DEOPT PACKING pc=0x0000016ca9b3e730 sp=0x00000016152fdd10
Event: 6.287 Thread 0x0000016cff0ad370 DEOPT UNPACKING pc=0x0000016ca94e4402 sp=0x00000016152fdc38 mode 2
Event: 6.766 Thread 0x0000016cb973f0d0 Uncommon trap: trap_request=0xffffff6e fr.pc=0x0000016ca9b4b948 relative=0x0000000000000208
Event: 6.766 Thread 0x0000016cb973f0d0 Uncommon trap: reason=loop_limit_check action=maybe_recompile pc=0x0000016ca9b4b948 method=javafx.scene.Parent.pickChildrenNode(Lcom/sun/javafx/geom/PickRay;Lcom/sun/javafx/scene/input/PickResultChooser;)Z @ 17 c2
Event: 6.766 Thread 0x0000016cb973f0d0 DEOPT PACKING pc=0x0000016ca9b4b948 sp=0x00000016155fafb0
Event: 6.766 Thread 0x0000016cb973f0d0 DEOPT UNPACKING pc=0x0000016ca94e4402 sp=0x00000016155fad60 mode 2
Event: 6.867 Thread 0x0000016cff0ad370 DEOPT PACKING pc=0x0000016ca233f8a7 sp=0x00000016152fdc70
Event: 6.867 Thread 0x0000016cff0ad370 DEOPT UNPACKING pc=0x0000016ca94e4b22 sp=0x00000016152fd0c0 mode 0

Classes loaded (20 events):
Event: 1.522 Loading class sun/misc/Unsafe
Event: 1.523 Loading class sun/misc/Unsafe done
Event: 1.523 Loading class sun/misc/Unsafe$MemoryAccessOption
Event: 1.523 Loading class sun/misc/Unsafe$MemoryAccessOption done
Event: 1.523 Loading class java/lang/invoke/DirectMethodHandle$StaticAccessor
Event: 1.523 Loading class java/lang/invoke/DirectMethodHandle$StaticAccessor done
Event: 1.540 Loading class java/nio/ShortBuffer
Event: 1.540 Loading class java/nio/ShortBuffer done
Event: 1.540 Loading class java/nio/DoubleBuffer
Event: 1.540 Loading class java/nio/DoubleBuffer done
Event: 1.541 Loading class java/nio/DirectFloatBufferU
Event: 1.541 Loading class java/nio/DirectFloatBufferU done
Event: 4.737 Loading class java/util/EnumMap$Values
Event: 4.737 Loading class java/util/EnumMap$Values done
Event: 4.737 Loading class java/util/EnumMap$ValueIterator
Event: 4.737 Loading class java/util/EnumMap$EnumMapIterator
Event: 4.737 Loading class java/util/EnumMap$EnumMapIterator done
Event: 4.737 Loading class java/util/EnumMap$ValueIterator done
Event: 6.154 Loading class java/io/UnsupportedEncodingException
Event: 6.155 Loading class java/io/UnsupportedEncodingException done

Classes unloaded (0 events):
No events

Classes redefined (0 events):
No events

Internal exceptions (20 events):
Event: 1.168 Thread 0x0000016cb973f0d0 Exception <a 'java/lang/NoSuchMethodError'{0x00000007106de910}: 'java.lang.Object java.lang.invoke.DelegatingMethodHandle$Holder.reinvoke_L(java.lang.Object, double, double, double, double)'> (0x00000007106de910) 
thrown [s\open\src\hotspot\share\interpreter\linkResolver.cpp, line 796]
Event: 1.169 Thread 0x0000016cb973f0d0 Exception <a 'java/lang/NoSuchMethodError'{0x00000007106e96f8}: 'java.lang.Object java.lang.invoke.DirectMethodHandle$Holder.invokeStatic(java.lang.Object, java.lang.Object, int)'> (0x00000007106e96f8) 
thrown [s\open\src\hotspot\share\interpreter\linkResolver.cpp, line 796]
Event: 1.170 Thread 0x0000016cb973f0d0 Exception <a 'java/lang/NoSuchMethodError'{0x00000007106ed388}: 'void java.lang.invoke.DirectMethodHandle$Holder.invokeStatic(java.lang.Object, java.lang.Object, int, java.lang.Object)'> (0x00000007106ed388) 
thrown [s\open\src\hotspot\share\interpreter\linkResolver.cpp, line 796]
Event: 1.170 Thread 0x0000016cb973f0d0 Exception <a 'java/lang/NoSuchMethodError'{0x00000007106f3ec8}: 'void java.lang.invoke.DelegatingMethodHandle$Holder.delegate(java.lang.Object, java.lang.Object, int, java.lang.Object)'> (0x00000007106f3ec8) 
thrown [s\open\src\hotspot\share\interpreter\linkResolver.cpp, line 796]
Event: 1.178 Thread 0x0000016cb973f0d0 Exception <a 'java/lang/NoSuchMethodError'{0x0000000710742278}: 'java.lang.Object java.lang.invoke.DirectMethodHandle$Holder.newInvokeSpecial(java.lang.Object, double)'> (0x0000000710742278) 
thrown [s\open\src\hotspot\share\interpreter\linkResolver.cpp, line 796]
Event: 1.275 Thread 0x0000016cb973f0d0 Implicit null exception at 0x0000016ca9a4aa99 to 0x0000016ca9a4add8
Event: 1.284 Thread 0x0000016cb973f0d0 Exception <a 'java/io/FileNotFoundException'{0x00000007101dc9b8}> (0x00000007101dc9b8) 
thrown [s\open\src\hotspot\share\prims\jni.cpp, line 520]
Event: 1.411 Thread 0x0000016cb973f0d0 Exception <a 'java/lang/NoSuchMethodError'{0x000000070f734790}: 'java.lang.Object java.lang.invoke.DirectMethodHandle$Holder.invokeInterface(java.lang.Object, java.lang.Object, java.lang.Object)'> (0x000000070f734790) 
thrown [s\open\src\hotspot\share\interpreter\linkResolver.cpp, line 796]
Event: 1.411 Thread 0x0000016cb973f0d0 Exception <a 'java/lang/IncompatibleClassChangeError'{0x000000070f737e60}: Found class java.lang.Object, but interface was expected> (0x000000070f737e60) 
thrown [s\open\src\hotspot\share\interpreter\linkResolver.cpp, line 863]
Event: 1.448 Thread 0x0000016cb973f0d0 Exception <a 'java/lang/NoSuchMethodError'{0x000000070f4dd8a0}: 'int java.lang.invoke.DirectMethodHandle$Holder.invokeSpecial(java.lang.Object, java.lang.Object, int)'> (0x000000070f4dd8a0) 
thrown [s\open\src\hotspot\share\interpreter\linkResolver.cpp, line 796]
Event: 1.465 Thread 0x0000016cb973f0d0 Exception <a 'java/lang/NoSuchMethodError'{0x000000070f5b6308}: 'java.lang.Object java.lang.invoke.DirectMethodHandle$Holder.newInvokeSpecial(java.lang.Object, java.lang.Object, int)'> (0x000000070f5b6308) 
thrown [s\open\src\hotspot\share\interpreter\linkResolver.cpp, line 796]
Event: 1.494 Thread 0x0000016cff0ad370 Exception <a 'java/lang/NoSuchMethodError'{0x000000070f0ec640}: 'int java.lang.invoke.DirectMethodHandle$Holder.invokeStaticInit(java.lang.Object, java.lang.Object)'> (0x000000070f0ec640) 
thrown [s\open\src\hotspot\share\interpreter\linkResolver.cpp, line 796]
Event: 6.162 Thread 0x0000016cb973f0d0 Exception <a 'java/lang/NoSuchMethodError'{0x000000070eb07918}: 'long java.lang.invoke.DirectMethodHandle$Holder.invokeStatic(java.lang.Object, java.lang.Object, java.lang.Object)'> (0x000000070eb07918) 
thrown [s\open\src\hotspot\share\interpreter\linkResolver.cpp, line 796]
Event: 6.162 Thread 0x0000016cb973f0d0 Exception <a 'java/lang/NoSuchMethodError'{0x000000070eb0ad30}: 'long java.lang.invoke.DirectMethodHandle$Holder.invokeStaticInit(java.lang.Object, java.lang.Object, java.lang.Object)'> (0x000000070eb0ad30) 
thrown [s\open\src\hotspot\share\interpreter\linkResolver.cpp, line 796]
Event: 6.163 Thread 0x0000016cb973f0d0 Exception <a 'java/lang/NoSuchMethodError'{0x000000070eb1fb60}: 'java.lang.Object java.lang.invoke.DirectMethodHandle$Holder.newInvokeSpecial(java.lang.Object, java.lang.Object, long)'> (0x000000070eb1fb60) 
thrown [s\open\src\hotspot\share\interpreter\linkResolver.cpp, line 796]
Event: 6.163 Thread 0x0000016cb973f0d0 Exception <a 'java/lang/NoSuchMethodError'{0x000000070eb234b0}: 'java.lang.Object java.lang.invoke.Invokers$Holder.linkToTargetMethod(java.lang.Object, long, java.lang.Object)'> (0x000000070eb234b0) 
thrown [s\open\src\hotspot\share\interpreter\linkResolver.cpp, line 796]
Event: 6.166 Thread 0x0000016cb973f0d0 Exception <a 'java/lang/NoSuchMethodError'{0x000000070eb314c8}: 'java.lang.Object java.lang.invoke.DirectMethodHandle$Holder.newInvokeSpecial(java.lang.Object, java.lang.Object, int, int, int, int, int, java.lang.Object)'> (0x000000070eb314c8) 
thrown [s\open\src\hotspot\share\interpreter\linkResolver.cpp, line 796]
Event: 6.167 Thread 0x0000016cb973f0d0 Exception <a 'java/lang/NoSuchMethodError'{0x000000070eb43498}: 'java.lang.Object java.lang.invoke.DirectMethodHandle$Holder.newInvokeSpecial(java.lang.Object, java.lang.Object, java.lang.Object, int, int, int, int, int)'> (0x000000070eb43498) 
thrown [s\open\src\hotspot\share\interpreter\linkResolver.cpp, line 796]
Event: 6.167 Thread 0x0000016cb973f0d0 Exception <a 'java/lang/NoSuchMethodError'{0x000000070eb4a8c8}: 'java.lang.Object java.lang.invoke.Invokers$Holder.linkToTargetMethod(java.lang.Object, java.lang.Object, int, int, int, int, int, java.lang.Object)'> (0x000000070eb4a8c8) 
thrown [s\open\src\hotspot\share\interpreter\linkResolver.cpp, line 796]
Event: 6.971 Thread 0x0000016cb973f0d0 Exception <a 'java/lang/NoSuchMethodError'{0x000000070e880df0}: 'void java.lang.invoke.DirectMethodHandle$Holder.invokeVirtual(java.lang.Object, java.lang.Object)'> (0x000000070e880df0) 
thrown [s\open\src\hotspot\share\interpreter\linkResolver.cpp, line 796]

VM Operations (20 events):
Event: 1.044 Executing VM operation: HandshakeAllThreads (Deoptimize) done
Event: 1.044 Executing VM operation: HandshakeAllThreads (Deoptimize)
Event: 1.044 Executing VM operation: HandshakeAllThreads (Deoptimize) done
Event: 1.167 Executing VM operation: HandshakeAllThreads (Deoptimize)
Event: 1.167 Executing VM operation: HandshakeAllThreads (Deoptimize) done
Event: 1.169 Executing VM operation: HandshakeAllThreads (Deoptimize)
Event: 1.169 Executing VM operation: HandshakeAllThreads (Deoptimize) done
Event: 1.307 Executing VM operation: HandshakeAllThreads (Deoptimize)
Event: 1.307 Executing VM operation: HandshakeAllThreads (Deoptimize) done
Event: 1.397 Executing VM operation: HandshakeAllThreads (Deoptimize)
Event: 1.397 Executing VM operation: HandshakeAllThreads (Deoptimize) done
Event: 1.397 Executing VM operation: HandshakeAllThreads (Deoptimize)
Event: 1.397 Executing VM operation: HandshakeAllThreads (Deoptimize) done
Event: 1.410 Executing VM operation: HandshakeAllThreads (Deoptimize)
Event: 1.411 Executing VM operation: HandshakeAllThreads (Deoptimize) done
Event: 1.449 Executing VM operation: HandshakeAllThreads (Deoptimize)
Event: 1.449 Executing VM operation: HandshakeAllThreads (Deoptimize) done
Event: 5.467 Executing VM operation: HandshakeAllThreads (Deoptimize)
Event: 5.467 Executing VM operation: HandshakeAllThreads (Deoptimize) done
Event: 6.983 Executing VM operation: Exit

Memory protections (0 events):
No events

Nmethod flushes (0 events):
No events

Events (20 events):
Event: 0.344 Thread 0x0000016c975e2c20 Thread added: 0x0000016cb967e060
Event: 0.346 Thread 0x0000016c975e2c20 Thread added: 0x0000016cb973f0d0
Event: 0.360 Thread 0x0000016cb93b5d90 Thread exited: 0x0000016cb93b5d90
Event: 0.471 Thread 0x0000016cb93b3510 Thread exited: 0x0000016cb93b3510
Event: 0.521 Thread 0x0000016c975e2c20 Thread added: 0x0000016cffe34bb0
Event: 0.528 Thread 0x0000016cff7df2d0 Thread added: 0x0000016cff7df2d0
Event: 0.585 Thread 0x0000016cb9290780 Thread added: 0x0000016cffbe2c40
Event: 0.603 Thread 0x0000016cb9291640 Thread added: 0x0000016cffbe1340
Event: 0.968 Thread 0x0000016cffbe1340 Thread exited: 0x0000016cffbe1340
Event: 1.405 Thread 0x0000016cb973f0d0 Thread added: 0x0000016c8748bbd0
Event: 1.518 Thread 0x0000016cff0ad370 Thread added: 0x0000016c8748aeb0
Event: 2.385 Thread 0x0000016cffbe2c40 Thread exited: 0x0000016cffbe2c40
Event: 6.254 Thread 0x0000016cb9291640 Thread added: 0x0000016cb957e3a0
Event: 6.449 Thread 0x0000016cb957e3a0 Thread exited: 0x0000016cb957e3a0
Event: 6.981 Thread 0x0000016cb973f0d0 Thread added: 0x0000016c8748c260
Event: 6.981 Thread 0x0000016cb973f0d0 Thread added: 0x0000016c87489470
Event: 6.982 Thread 0x0000016c8748c260 Thread exited: 0x0000016c8748c260
Event: 6.982 Thread 0x0000016c87489470 Thread exited: 0x0000016c87489470
Event: 6.983 Thread 0x0000016cb973f0d0 Before exit entered
Event: 6.983 Thread 0x0000016cb92885c0 Thread exited: 0x0000016cb92885c0


Dynamic libraries:
0x00007ff744120000 - 0x00007ff74412e000 	C:\Users\Anwender\.jdks\openjdk-23.0.1\bin\java.exe
0x00007ff9f9410000 - 0x00007ff9f9608000 	C:\WINDOWS\SYSTEM32\ntdll.dll
0x00007ff9f8130000 - 0x00007ff9f81f2000 	C:\WINDOWS\System32\KERNEL32.DLL
0x00007ff9f6c00000 - 0x00007ff9f6eff000 	C:\WINDOWS\System32\KERNELBASE.dll
0x00007ff9f6f80000 - 0x00007ff9f7080000 	C:\WINDOWS\System32\ucrtbase.dll
0x00007ff9f38a0000 - 0x00007ff9f38b7000 	C:\Users\Anwender\.jdks\openjdk-23.0.1\bin\jli.dll
0x00007ff9f38c0000 - 0x00007ff9f38db000 	C:\Users\Anwender\.jdks\openjdk-23.0.1\bin\VCRUNTIME140.dll
0x00007ff9f88e0000 - 0x00007ff9f8a7d000 	C:\WINDOWS\System32\USER32.dll
0x00007ff9e26d0000 - 0x00007ff9e296a000 	C:\WINDOWS\WinSxS\amd64_microsoft.windows.common-controls_6595b64144ccf1df_6.0.19041.4355_none_60b8b9eb71f62e16\COMCTL32.dll
0x00007ff9f78c0000 - 0x00007ff9f795e000 	C:\WINDOWS\System32\msvcrt.dll
0x00007ff9f8c50000 - 0x00007ff9f8c7b000 	C:\WINDOWS\System32\GDI32.dll
0x00007ff9f73f0000 - 0x00007ff9f7412000 	C:\WINDOWS\System32\win32u.dll
0x00007ff9f7180000 - 0x00007ff9f7297000 	C:\WINDOWS\System32\gdi32full.dll
0x00007ff9f7350000 - 0x00007ff9f73ed000 	C:\WINDOWS\System32\msvcp_win.dll
0x00007ff9f8c80000 - 0x00007ff9f8caf000 	C:\WINDOWS\System32\IMM32.DLL
0x00007ff9f4110000 - 0x00007ff9f411c000 	C:\Users\Anwender\.jdks\openjdk-23.0.1\bin\vcruntime140_1.dll
0x00007ff9f3810000 - 0x00007ff9f389e000 	C:\Users\Anwender\.jdks\openjdk-23.0.1\bin\msvcp140.dll
0x00007ff923630000 - 0x00007ff92437f000 	C:\Users\Anwender\.jdks\openjdk-23.0.1\bin\server\jvm.dll
0x00007ff9f9310000 - 0x00007ff9f93c1000 	C:\WINDOWS\System32\ADVAPI32.dll
0x00007ff9f8ae0000 - 0x00007ff9f8b7f000 	C:\WINDOWS\System32\sechost.dll
0x00007ff9f8d80000 - 0x00007ff9f8ea3000 	C:\WINDOWS\System32\RPCRT4.dll
0x00007ff9f6f00000 - 0x00007ff9f6f27000 	C:\WINDOWS\System32\bcrypt.dll
0x00007ff9f8b80000 - 0x00007ff9f8beb000 	C:\WINDOWS\System32\WS2_32.dll
0x00007ff9eef20000 - 0x00007ff9eef2a000 	C:\WINDOWS\SYSTEM32\VERSION.dll
0x00007ff9ed3c0000 - 0x00007ff9ed3e7000 	C:\WINDOWS\SYSTEM32\WINMM.dll
0x00007ff9f6030000 - 0x00007ff9f607b000 	C:\WINDOWS\SYSTEM32\POWRPROF.dll
0x00007ff9f5ea0000 - 0x00007ff9f5eb2000 	C:\WINDOWS\SYSTEM32\UMPDC.dll
0x00007ff9f4940000 - 0x00007ff9f4952000 	C:\WINDOWS\SYSTEM32\kernel.appcore.dll
0x00007ff9f3900000 - 0x00007ff9f390a000 	C:\Users\Anwender\.jdks\openjdk-23.0.1\bin\jimage.dll
0x00007ff9ec410000 - 0x00007ff9ec5f4000 	C:\WINDOWS\SYSTEM32\DBGHELP.DLL
0x00007ff9d0fc0000 - 0x00007ff9d0ff4000 	C:\WINDOWS\SYSTEM32\dbgcore.DLL
0x00007ff9f70f0000 - 0x00007ff9f7172000 	C:\WINDOWS\System32\bcryptPrimitives.dll
0x00007ff9f2f20000 - 0x00007ff9f2f2f000 	C:\Users\Anwender\.jdks\openjdk-23.0.1\bin\instrument.dll
0x00007ff9f0b60000 - 0x00007ff9f0b7e000 	C:\Users\Anwender\.jdks\openjdk-23.0.1\bin\java.dll
0x00007ff9f8660000 - 0x00007ff9f878b000 	C:\WINDOWS\System32\ole32.dll
0x00007ff9f8ec0000 - 0x00007ff9f9215000 	C:\WINDOWS\System32\combase.dll
0x00007ff9f79c0000 - 0x00007ff9f812e000 	C:\WINDOWS\System32\SHELL32.dll
0x00007ff9f4b40000 - 0x00007ff9f52e4000 	C:\WINDOWS\SYSTEM32\windows.storage.dll
0x00007ff9f64d0000 - 0x00007ff9f64ff000 	C:\WINDOWS\SYSTEM32\Wldp.dll
0x00007ff9f8cb0000 - 0x00007ff9f8d7d000 	C:\WINDOWS\System32\OLEAUT32.dll
0x00007ff9f8830000 - 0x00007ff9f88dd000 	C:\WINDOWS\System32\SHCORE.dll
0x00007ff9f8bf0000 - 0x00007ff9f8c45000 	C:\WINDOWS\System32\shlwapi.dll
0x00007ff9f69d0000 - 0x00007ff9f69f4000 	C:\WINDOWS\SYSTEM32\profapi.dll
0x00007ff9c70d0000 - 0x00007ff9c71a7000 	C:\Users\Anwender\.jdks\openjdk-23.0.1\bin\jsvml.dll
0x00007ff9f2dc0000 - 0x00007ff9f2dd0000 	C:\Users\Anwender\.jdks\openjdk-23.0.1\bin\net.dll
0x00007ff9f6230000 - 0x00007ff9f629a000 	C:\WINDOWS\system32\mswsock.dll
0x00007ff9e5f90000 - 0x00007ff9e5fa6000 	C:\Users\Anwender\.jdks\openjdk-23.0.1\bin\nio.dll
0x00007ff9e5f50000 - 0x00007ff9e5f67000 	C:\Users\Anwender\.jdks\openjdk-23.0.1\bin\zip.dll
0x00007ff9e4420000 - 0x00007ff9e443a000 	C:\Program Files\JetBrains\IntelliJ IDEA 2024.2.4\bin\breakgen64.dll
0x00007ff9f2b50000 - 0x00007ff9f2b59000 	C:\Users\Anwender\.jdks\openjdk-23.0.1\bin\extnet.dll
0x0000016c997c0000 - 0x0000016c997c3000 	C:\Users\Anwender\Downloads\openjfx-23.0.1_windows-x64_bin-sdk\javafx-sdk-23.0.1\bin\api-ms-win-core-console-l1-1-0.dll
0x0000016c997d0000 - 0x0000016c997d3000 	C:\Users\Anwender\Downloads\openjfx-23.0.1_windows-x64_bin-sdk\javafx-sdk-23.0.1\bin\api-ms-win-core-console-l1-2-0.dll
0x0000016c997e0000 - 0x0000016c997e3000 	C:\Users\Anwender\Downloads\openjfx-23.0.1_windows-x64_bin-sdk\javafx-sdk-23.0.1\bin\api-ms-win-core-datetime-l1-1-0.dll
0x0000016cb9ec0000 - 0x0000016cb9ec3000 	C:\Users\Anwender\Downloads\openjfx-23.0.1_windows-x64_bin-sdk\javafx-sdk-23.0.1\bin\api-ms-win-core-debug-l1-1-0.dll
0x0000016cb9ed0000 - 0x0000016cb9ed3000 	C:\Users\Anwender\Downloads\openjfx-23.0.1_windows-x64_bin-sdk\javafx-sdk-23.0.1\bin\api-ms-win-core-errorhandling-l1-1-0.dll
0x0000016cb9ee0000 - 0x0000016cb9ee4000 	C:\Users\Anwender\Downloads\openjfx-23.0.1_windows-x64_bin-sdk\javafx-sdk-23.0.1\bin\api-ms-win-core-file-l1-1-0.dll
0x0000016cb9ef0000 - 0x0000016cb9ef3000 	C:\Users\Anwender\Downloads\openjfx-23.0.1_windows-x64_bin-sdk\javafx-sdk-23.0.1\bin\api-ms-win-core-file-l1-2-0.dll
0x0000016c80000000 - 0x0000016c80003000 	C:\Users\Anwender\Downloads\openjfx-23.0.1_windows-x64_bin-sdk\javafx-sdk-23.0.1\bin\api-ms-win-core-file-l2-1-0.dll
0x0000016c80010000 - 0x0000016c80013000 	C:\Users\Anwender\Downloads\openjfx-23.0.1_windows-x64_bin-sdk\javafx-sdk-23.0.1\bin\api-ms-win-core-handle-l1-1-0.dll
0x0000016c80020000 - 0x0000016c80023000 	C:\Users\Anwender\Downloads\openjfx-23.0.1_windows-x64_bin-sdk\javafx-sdk-23.0.1\bin\api-ms-win-core-heap-l1-1-0.dll
0x0000016c80030000 - 0x0000016c80033000 	C:\Users\Anwender\Downloads\openjfx-23.0.1_windows-x64_bin-sdk\javafx-sdk-23.0.1\bin\api-ms-win-core-interlocked-l1-1-0.dll
0x0000016c80040000 - 0x0000016c80043000 	C:\Users\Anwender\Downloads\openjfx-23.0.1_windows-x64_bin-sdk\javafx-sdk-23.0.1\bin\api-ms-win-core-libraryloader-l1-1-0.dll
0x0000016c80050000 - 0x0000016c80053000 	C:\Users\Anwender\Downloads\openjfx-23.0.1_windows-x64_bin-sdk\javafx-sdk-23.0.1\bin\api-ms-win-core-localization-l1-2-0.dll
0x0000016c80060000 - 0x0000016c80063000 	C:\Users\Anwender\Downloads\openjfx-23.0.1_windows-x64_bin-sdk\javafx-sdk-23.0.1\bin\api-ms-win-core-memory-l1-1-0.dll
0x0000016c80070000 - 0x0000016c80073000 	C:\Users\Anwender\Downloads\openjfx-23.0.1_windows-x64_bin-sdk\javafx-sdk-23.0.1\bin\api-ms-win-core-namedpipe-l1-1-0.dll
0x0000016c80080000 - 0x0000016c80083000 	C:\Users\Anwender\Downloads\openjfx-23.0.1_windows-x64_bin-sdk\javafx-sdk-23.0.1\bin\api-ms-win-core-processenvironment-l1-1-0.dll
0x0000016c80090000 - 0x0000016c80093000 	C:\Users\Anwender\Downloads\openjfx-23.0.1_windows-x64_bin-sdk\javafx-sdk-23.0.1\bin\api-ms-win-core-processthreads-l1-1-0.dll
0x0000016c800a0000 - 0x0000016c800a3000 	C:\Users\Anwender\Downloads\openjfx-23.0.1_windows-x64_bin-sdk\javafx-sdk-23.0.1\bin\api-ms-win-core-processthreads-l1-1-1.dll
0x0000016c800b0000 - 0x0000016c800b3000 	C:\Users\Anwender\Downloads\openjfx-23.0.1_windows-x64_bin-sdk\javafx-sdk-23.0.1\bin\api-ms-win-core-profile-l1-1-0.dll
0x0000016c800c0000 - 0x0000016c800c3000 	C:\Users\Anwender\Downloads\openjfx-23.0.1_windows-x64_bin-sdk\javafx-sdk-23.0.1\bin\api-ms-win-core-rtlsupport-l1-1-0.dll
0x0000016c800d0000 - 0x0000016c800d3000 	C:\Users\Anwender\Downloads\openjfx-23.0.1_windows-x64_bin-sdk\javafx-sdk-23.0.1\bin\api-ms-win-core-string-l1-1-0.dll
0x0000016c800e0000 - 0x0000016c800e3000 	C:\Users\Anwender\Downloads\openjfx-23.0.1_windows-x64_bin-sdk\javafx-sdk-23.0.1\bin\api-ms-win-core-synch-l1-1-0.dll
0x0000016c800f0000 - 0x0000016c800f3000 	C:\Users\Anwender\Downloads\openjfx-23.0.1_windows-x64_bin-sdk\javafx-sdk-23.0.1\bin\api-ms-win-core-synch-l1-2-0.dll
0x0000016c80100000 - 0x0000016c80103000 	C:\Users\Anwender\Downloads\openjfx-23.0.1_windows-x64_bin-sdk\javafx-sdk-23.0.1\bin\api-ms-win-core-sysinfo-l1-1-0.dll
0x0000016c80110000 - 0x0000016c80113000 	C:\Users\Anwender\Downloads\openjfx-23.0.1_windows-x64_bin-sdk\javafx-sdk-23.0.1\bin\api-ms-win-core-timezone-l1-1-0.dll
0x0000016c80120000 - 0x0000016c80123000 	C:\Users\Anwender\Downloads\openjfx-23.0.1_windows-x64_bin-sdk\javafx-sdk-23.0.1\bin\api-ms-win-core-util-l1-1-0.dll
0x0000016c80130000 - 0x0000016c80133000 	C:\Users\Anwender\Downloads\openjfx-23.0.1_windows-x64_bin-sdk\javafx-sdk-23.0.1\bin\api-ms-win-crt-conio-l1-1-0.dll
0x0000016c80140000 - 0x0000016c80144000 	C:\Users\Anwender\Downloads\openjfx-23.0.1_windows-x64_bin-sdk\javafx-sdk-23.0.1\bin\api-ms-win-crt-convert-l1-1-0.dll
0x0000016c80150000 - 0x0000016c80153000 	C:\Users\Anwender\Downloads\openjfx-23.0.1_windows-x64_bin-sdk\javafx-sdk-23.0.1\bin\api-ms-win-crt-environment-l1-1-0.dll
0x0000016c80160000 - 0x0000016c80163000 	C:\Users\Anwender\Downloads\openjfx-23.0.1_windows-x64_bin-sdk\javafx-sdk-23.0.1\bin\api-ms-win-crt-filesystem-l1-1-0.dll
0x0000016c80170000 - 0x0000016c80173000 	C:\Users\Anwender\Downloads\openjfx-23.0.1_windows-x64_bin-sdk\javafx-sdk-23.0.1\bin\api-ms-win-crt-heap-l1-1-0.dll
0x0000016c80180000 - 0x0000016c80183000 	C:\Users\Anwender\Downloads\openjfx-23.0.1_windows-x64_bin-sdk\javafx-sdk-23.0.1\bin\api-ms-win-crt-locale-l1-1-0.dll
0x0000016c80190000 - 0x0000016c80195000 	C:\Users\Anwender\Downloads\openjfx-23.0.1_windows-x64_bin-sdk\javafx-sdk-23.0.1\bin\api-ms-win-crt-math-l1-1-0.dll
0x0000016c801a0000 - 0x0000016c801a5000 	C:\Users\Anwender\Downloads\openjfx-23.0.1_windows-x64_bin-sdk\javafx-sdk-23.0.1\bin\api-ms-win-crt-multibyte-l1-1-0.dll
0x0000016c801b0000 - 0x0000016c801c0000 	C:\Users\Anwender\Downloads\openjfx-23.0.1_windows-x64_bin-sdk\javafx-sdk-23.0.1\bin\api-ms-win-crt-private-l1-1-0.dll
0x0000016c801c0000 - 0x0000016c801c3000 	C:\Users\Anwender\Downloads\openjfx-23.0.1_windows-x64_bin-sdk\javafx-sdk-23.0.1\bin\api-ms-win-crt-process-l1-1-0.dll
0x0000016c801d0000 - 0x0000016c801d4000 	C:\Users\Anwender\Downloads\openjfx-23.0.1_windows-x64_bin-sdk\javafx-sdk-23.0.1\bin\api-ms-win-crt-runtime-l1-1-0.dll
0x0000016c80550000 - 0x0000016c80554000 	C:\Users\Anwender\Downloads\openjfx-23.0.1_windows-x64_bin-sdk\javafx-sdk-23.0.1\bin\api-ms-win-crt-stdio-l1-1-0.dll
0x0000016c80560000 - 0x0000016c80564000 	C:\Users\Anwender\Downloads\openjfx-23.0.1_windows-x64_bin-sdk\javafx-sdk-23.0.1\bin\api-ms-win-crt-string-l1-1-0.dll
0x0000016c80570000 - 0x0000016c80573000 	C:\Users\Anwender\Downloads\openjfx-23.0.1_windows-x64_bin-sdk\javafx-sdk-23.0.1\bin\api-ms-win-crt-time-l1-1-0.dll
0x0000016c80580000 - 0x0000016c80583000 	C:\Users\Anwender\Downloads\openjfx-23.0.1_windows-x64_bin-sdk\javafx-sdk-23.0.1\bin\api-ms-win-crt-utility-l1-1-0.dll
0x00007ff9c4560000 - 0x00007ff9c465c000 	C:\Users\Anwender\Downloads\openjfx-23.0.1_windows-x64_bin-sdk\javafx-sdk-23.0.1\bin\ucrtbase.dll
0x00007ff9e2980000 - 0x00007ff9e299b000 	C:\Users\Anwender\Downloads\openjfx-23.0.1_windows-x64_bin-sdk\javafx-sdk-23.0.1\bin\vcruntime140.dll
0x00007ff9e4bf0000 - 0x00007ff9e4bfc000 	C:\Users\Anwender\Downloads\openjfx-23.0.1_windows-x64_bin-sdk\javafx-sdk-23.0.1\bin\vcruntime140_1.dll
0x00007ff971760000 - 0x00007ff9717ee000 	C:\Users\Anwender\Downloads\openjfx-23.0.1_windows-x64_bin-sdk\javafx-sdk-23.0.1\bin\msvcp140.dll
0x00007ff9e4410000 - 0x00007ff9e4419000 	C:\Users\Anwender\Downloads\openjfx-23.0.1_windows-x64_bin-sdk\javafx-sdk-23.0.1\bin\msvcp140_1.dll
0x00007ff9ce7a0000 - 0x00007ff9ce7e1000 	C:\Users\Anwender\Downloads\openjfx-23.0.1_windows-x64_bin-sdk\javafx-sdk-23.0.1\bin\msvcp140_2.dll
0x00007ff9c8380000 - 0x00007ff9c83b0000 	C:\Users\Anwender\Downloads\openjfx-23.0.1_windows-x64_bin-sdk\javafx-sdk-23.0.1\bin\prism_d3d.dll
0x00007ff9d3970000 - 0x00007ff9d3b41000 	C:\WINDOWS\system32\d3d9.dll
0x00007ff9f4760000 - 0x00007ff9f478f000 	C:\WINDOWS\SYSTEM32\dwmapi.dll
0x00007ff9f4450000 - 0x00007ff9f44ee000 	C:\WINDOWS\system32\uxtheme.dll
0x00007ff9e9c60000 - 0x00007ff9e9d24000 	C:\WINDOWS\System32\DriverStore\FileRepository\nv_dispi.inf_amd64_adf5a840df867035\nvldumdx.dll
0x00007ff9f6660000 - 0x00007ff9f6672000 	C:\WINDOWS\SYSTEM32\msasn1.dll
0x00007ff9eed70000 - 0x00007ff9eeda1000 	C:\WINDOWS\SYSTEM32\cryptnet.dll
0x00007ff9f6aa0000 - 0x00007ff9f6bfc000 	C:\WINDOWS\System32\CRYPT32.dll
0x00007ff9f6420000 - 0x00007ff9f642c000 	C:\WINDOWS\SYSTEM32\cryptbase.dll
0x00007ff9eec00000 - 0x00007ff9eed47000 	C:\WINDOWS\SYSTEM32\drvstore.dll
0x00007ff9f6830000 - 0x00007ff9f6863000 	C:\WINDOWS\SYSTEM32\devobj.dll
0x00007ff9f6f30000 - 0x00007ff9f6f7e000 	C:\WINDOWS\System32\cfgmgr32.dll
0x00007ff9f7080000 - 0x00007ff9f70e9000 	C:\WINDOWS\System32\wintrust.dll
0x00007ff9f78a0000 - 0x00007ff9f78bd000 	C:\WINDOWS\System32\imagehlp.dll
0x00007ff9f6430000 - 0x00007ff9f6448000 	C:\WINDOWS\SYSTEM32\CRYPTSP.dll
0x00007ff9f5ae0000 - 0x00007ff9f5b14000 	C:\WINDOWS\system32\rsaenh.dll
0x00007ff9e6140000 - 0x00007ff9e8e50000 	C:\WINDOWS\System32\DriverStore\FileRepository\nv_dispi.inf_amd64_adf5a840df867035\nvgpucomp64.dll
0x00007ff93c440000 - 0x00007ff93e1cc000 	C:\WINDOWS\System32\DriverStore\FileRepository\nv_dispi.inf_amd64_adf5a840df867035\nvd3dumx.dll
0x00007ff9c47f0000 - 0x00007ff9c4835000 	C:\Users\Anwender\Downloads\openjfx-23.0.1_windows-x64_bin-sdk\javafx-sdk-23.0.1\bin\glass.dll
0x00007ff9f8320000 - 0x00007ff9f83fa000 	C:\WINDOWS\System32\COMDLG32.dll
0x00007ff9f8200000 - 0x00007ff9f8315000 	C:\WINDOWS\System32\MSCTF.dll
0x00007ff98bc50000 - 0x00007ff98bf20000 	C:\WINDOWS\system32\nvspcap64.dll
0x00007ff9f5d30000 - 0x00007ff9f5d63000 	C:\WINDOWS\SYSTEM32\ntmarta.dll
0x00007ff9f5300000 - 0x00007ff9f5323000 	C:\WINDOWS\SYSTEM32\gpapi.dll
0x00007ff9a64c0000 - 0x00007ff9a6615000 	C:\WINDOWS\System32\DriverStore\FileRepository\nv_dispi.inf_amd64_adf5a840df867035\nvppex.dll
0x00007ff9ea0d0000 - 0x00007ff9ea10b000 	C:\WINDOWS\SYSTEM32\dxcore.dll
0x00007ff9f8400000 - 0x00007ff9f84a9000 	C:\WINDOWS\System32\clbcatq.dll
0x00007ff9e9620000 - 0x00007ff9e975f000 	C:\Windows\System32\Windows.UI.dll
0x00007ff9e9520000 - 0x00007ff9e9619000 	C:\Windows\System32\TextInputFramework.dll
0x00007ff9edbe0000 - 0x00007ff9edc81000 	C:\Windows\System32\WindowManagementAPI.dll
0x00007ff9f2190000 - 0x00007ff9f24eb000 	C:\Windows\System32\CoreUIComponents.dll

dbghelp: loaded successfully - version: 4.0.5 - missing functions: none
symbol engine: initialized successfully - sym options: 0x614 - pdb path: .;C:\Users\Anwender\.jdks\openjdk-23.0.1\bin;C:\WINDOWS\SYSTEM32;C:\WINDOWS\WinSxS\amd64_microsoft.windows.common-controls_6595b64144ccf1df_6.0.19041.4355_none_60b8b9eb71f62e16;C:\Users\Anwender\.jdks\openjdk-23.0.1\bin\server;C:\Program Files\JetBrains\IntelliJ IDEA 2024.2.4\bin;C:\Users\Anwender\Downloads\openjfx-23.0.1_windows-x64_bin-sdk\javafx-sdk-23.0.1\bin;C:\WINDOWS\System32\DriverStore\FileRepository\nv_dispi.inf_amd64_adf5a840df867035;C:\Program Files\Common Files\Microsoft Shared\Ink

VM Arguments:
jvm_args: --module-path=C:\Users\Anwender\Downloads\openjfx-23.0.1_windows-x64_bin-sdk\javafx-sdk-23.0.1\lib --add-modules=javafx.controls,javafx.fxml --enable-preview -javaagent:C:\Program Files\JetBrains\IntelliJ IDEA 2024.2.4\lib\idea_rt.jar=61650:C:\Program Files\JetBrains\IntelliJ IDEA 2024.2.4\bin -Dfile.encoding=UTF-8 -Dsun.stdout.encoding=UTF-8 -Dsun.stderr.encoding=UTF-8 
java_command: Main
java_class_path (initial): C:\Users\Anwender\IdeaProjects\demo3\target\classes;C:\Users\Anwender\.m2\repository\org\openjfx\javafx-controls\17.0.6\javafx-controls-17.0.6.jar;C:\Users\Anwender\.m2\repository\org\openjfx\javafx-controls\17.0.6\javafx-controls-17.0.6-win.jar;C:\Users\Anwender\.m2\repository\org\openjfx\javafx-graphics\17.0.6\javafx-graphics-17.0.6.jar;C:\Users\Anwender\.m2\repository\org\openjfx\javafx-graphics\17.0.6\javafx-graphics-17.0.6-win.jar;C:\Users\Anwender\.m2\repository\org\openjfx\javafx-base\17.0.6\javafx-base-17.0.6.jar;C:\Users\Anwender\.m2\repository\org\openjfx\javafx-base\17.0.6\javafx-base-17.0.6-win.jar;C:\Users\Anwender\.m2\repository\org\openjfx\javafx-fxml\17.0.6\javafx-fxml-17.0.6.jar;C:\Users\Anwender\.m2\repository\org\openjfx\javafx-fxml\17.0.6\javafx-fxml-17.0.6-win.jar;C:\Users\Anwender\.m2\repository\com\itextpdf\itextpdf\5.5.13.2\itextpdf-5.5.13.2.jar;C:\Users\Anwender\Downloads\postgresql-42.7.4.jar
Launcher Type: SUN_STANDARD

[Global flags]
     intx CICompilerCount                          = 4                                         {product} {ergonomic}
     uint ConcGCThreads                            = 3                                         {product} {ergonomic}
     uint G1ConcRefinementThreads                  = 10                                        {product} {ergonomic}
   size_t G1HeapRegionSize                         = 2097152                                   {product} {ergonomic}
   size_t InitialHeapSize                          = 268435456                                 {product} {ergonomic}
   size_t MarkStackSize                            = 4194304                                   {product} {ergonomic}
   size_t MarkStackSizeMax                         = 536870912                                 {product} {ergonomic}
   size_t MaxHeapSize                              = 4278190080                                {product} {ergonomic}
   size_t MaxNewSize                               = 2566914048                                {product} {ergonomic}
   size_t MinHeapDeltaBytes                        = 2097152                                   {product} {ergonomic}
   size_t MinHeapSize                              = 8388608                                   {product} {ergonomic}
    uintx NonNMethodCodeHeapSize                   = 5832704                                {pd product} {ergonomic}
    uintx NonProfiledCodeHeapSize                  = 122945536                              {pd product} {ergonomic}
    uintx ProfiledCodeHeapSize                     = 122880000                              {pd product} {ergonomic}
    uintx ReservedCodeCacheSize                    = 251658240                              {pd product} {ergonomic}
     bool SegmentedCodeCache                       = true                                      {product} {ergonomic}
   size_t SoftMaxHeapSize                          = 4278190080                             {manageable} {ergonomic}
     bool UseCompressedOops                        = true                           {product lp64_product} {ergonomic}
     bool UseG1GC                                  = true                                      {product} {ergonomic}
     bool UseLargePagesIndividualAllocation        = false                                  {pd product} {ergonomic}

Logging:
Log output configuration:
 #0: stdout all=off uptime,level,tags foldmultilines=false
 #1: stderr all=off uptime,level,tags foldmultilines=false

Environment Variables:
CLASSPATH=C:\Users\Anwender\Downloads\openjfx-23.0.1_windows-x64_bin-sdk\javafx-sdk-23.0.1\bin
PATH=C:\Program Files\Common Files\Oracle\Java\javapath;C:\WINDOWS\system32;C:\WINDOWS;C:\WINDOWS\System32\Wbem;C:\WINDOWS\System32\WindowsPowerShell\v1.0\;C:\WINDOWS\System32\OpenSSH\;C:\Program Files\NVIDIA Corporation\NVIDIA NvDLISR;C:\Program Files (x86)\NVIDIA Corporation\PhysX\Common;C:\Program Files\dotnet\;C:\Users\Anwender\.jdks\openjdk-23.0.1\bin;C:\Users\Anwender\Downloads\openjfx-23.0.1_windows-x64_bin-sdk\javafx-sdk-23.0.1\bin;C:\Users\Anwender\AppData\Local\Programs\Python\Python312\Scripts\;C:\Users\Anwender\AppData\Local\Programs\Python\Python312\;C:\Users\Anwender\AppData\Local\Microsoft\WindowsApps;C:\Users\Anwender\AppData\Local\Programs\Microsoft VS Code\bin;C:\Users\Anwender\.jdks\openjdk-23.0.1\bin;
USERNAME=Anwender
OS=Windows_NT
PROCESSOR_IDENTIFIER=AMD64 Family 23 Model 113 Stepping 0, AuthenticAMD
TMP=C:\Users\Anwender\AppData\Local\Temp
TEMP=C:\Users\Anwender\AppData\Local\Temp




Periodic native trim disabled

---------------  S Y S T E M  ---------------

OS:
 Windows 10 , 64 bit Build 19041 (10.0.19041.5198)
OS uptime: 6 days 23:41 hours

CPU: total 12 (initial active 12) (12 cores per cpu, 2 threads per core) family 23 model 113 stepping 0 microcode 0x0, cx8, cmov, fxsr, ht, mmx, 3dnowpref, sse, sse2, sse3, ssse3, sse4a, sse4.1, sse4.2, popcnt, lzcnt, tsc, tscinvbit, avx, avx2, aes, clmul, bmi1, bmi2, adx, sha, fma, vzeroupper, clflush, clflushopt, rdtscp, rdpid, f16c
Processor Information for the first 12 processors :
  Max Mhz: 3593, Current Mhz: 3593, Mhz Limit: 3593

Memory: 4k page, system-wide physical 16313M (4765M free)
TotalPageFile size 23993M (AvailPageFile size 3272M)
current process WorkingSet (physical memory assigned to process): 162M, peak: 166M
current process commit charge ("private bytes"): 464M, peak: 467M

vm_info: OpenJDK 64-Bit Server VM (23.0.1+11-39) for windows-amd64 JRE (23.0.1+11-39), built on 2024-09-30T07:20:43Z with MS VC++ 17.6 (VS2022)

END.
