#
# A fatal error has been detected by the Java Runtime Environment:
#
#  EXCEPTION_ACCESS_VIOLATION (0xc0000005) at pc=0x00007ffd1b958427, pid=23504, tid=2780
#
# JRE version: OpenJDK Runtime Environment (23.0.1+11) (build 23.0.1+11-39)
# Java VM: OpenJDK 64-Bit Server VM (23.0.1+11-39, mixed mode, sharing, tiered, compressed oops, compressed class ptrs, g1 gc, windows-amd64)
# Problematic frame:
# C  [glass.dll+0x28427]
#
# No core dump will be written. Minidumps are not enabled by default on client versions of Windows
#
# If you would like to submit a bug report, please visit:
#   https://bugreport.java.com/bugreport/crash.jsp
#

---------------  S U M M A R Y ------------

Command Line: --module-path=C:\Users\Anwender\Downloads\openjfx-23.0.1_windows-x64_bin-sdk\javafx-sdk-23.0.1\lib --add-modules=javafx.controls,javafx.fxml --enable-preview -javaagent:C:\Program Files\JetBrains\IntelliJ IDEA 2024.2.4\lib\idea_rt.jar=25907:C:\Program Files\JetBrains\IntelliJ IDEA 2024.2.4\bin -Dfile.encoding=UTF-8 -Dsun.stdout.encoding=UTF-8 -Dsun.stderr.encoding=UTF-8 Main

Host: AMD Ryzen 5 3600 6-Core Processor              , 12 cores, 15G,  Windows 10 , 64 bit Build 19041 (10.0.19041.5678)
Time: Mon Apr 14 23:38:31 2025 Mitteleuropäische Sommerzeit elapsed time: 23.592659 seconds (0d 0h 0m 23s)

---------------  T H R E A D  ---------------

Current thread (0x000001e0dcdb50a0):  VMThread "VM Thread"          [id=2780, stack(0x00000007ba300000,0x00000007ba400000) (1024K)]

Stack: [0x00000007ba300000,0x00000007ba400000],  sp=0x00000007ba3ff140,  free space=1020k
Native frames: (J=compiled Java code, j=interpreted, Vv=VM code, C=native code)
C  [glass.dll+0x28427]  (no source info available)
C  [ucrtbase.dll+0x142d6]  (no source info available)
C  [ucrtbase.dll+0x141fb]  (no source info available)
C  [ucrtbase.dll+0x141b4]  (no source info available)
C  [glass.dll+0x25bbd]  (no source info available)
C  [glass.dll+0x25ce2]  (no source info available)
C  [ntdll.dll+0x19a1d]  (no source info available)
C  [ntdll.dll+0x5f1ca]  (no source info available)
C  [ntdll.dll+0x5ef7d]  (no source info available)
C  [KERNEL32.DLL+0x1e3eb]  (no source info available)
C  [ucrtbase.dll+0x205bc]  (no source info available)
C  [ucrtbase.dll+0x2045f]  (no source info available)
V  [jvm.dll+0x6d990c]  (no source info available)
V  [jvm.dll+0x6d9440]  (no source info available)
V  [jvm.dll+0x3da534]  (no source info available)
V  [jvm.dll+0x886720]  (no source info available)
V  [jvm.dll+0x887a47]  (no source info available)
V  [jvm.dll+0x887f78]  (no source info available)
V  [jvm.dll+0x888213]  (no source info available)
V  [jvm.dll+0x824f8b]  (no source info available)
V  [jvm.dll+0x6df065]  (no source info available)
C  [ucrtbase.dll+0x21bb2]  (no source info available)
C  [KERNEL32.DLL+0x17374]  (no source info available)
C  [ntdll.dll+0x4cc91]  (no source info available)


siginfo: EXCEPTION_ACCESS_VIOLATION (0xc0000005), reading address 0x0000000000000000


Registers:
RAX=0x0000000000000000, RBX=0x000001e0dcdb99a2, RCX=0x000001e0dcdb50a0, RDX=0x00000007ba3ff140
RSP=0x00000007ba3ff140, RBP=0x000001e1224bacd8, RSI=0x000001e1224bacb0, RDI=0x000027c5777d488f
R8 =0x0000000000010002, R9 =0x000027c5777d488f, R10=0x0000000000008000, R11=0x00000007ba3ff0d0
R12=0x00007ffd1b955d30, R13=0x00007ffc70dfb760, R14=0x00000007ba3ff238, R15=0x000001e1224bacb0
RIP=0x00007ffd1b958427, EFLAGS=0x0000000000010202


Register to memory mapping:

RAX=0x0 is null
RBX=0x000001e0dcdb99a2 is a global jni handle
RCX=0x000001e0dcdb50a0 points into unknown readable memory: 0x00007ffc70bff688 | 88 f6 bf 70 fc 7f 00 00
RDX=0x00000007ba3ff140 points into unknown readable memory: 0x0000000000000000 | 00 00 00 00 00 00 00 00
RSP=0x00000007ba3ff140 points into unknown readable memory: 0x0000000000000000 | 00 00 00 00 00 00 00 00
RBP=0x000001e1224bacd8 points into unknown readable memory: 0x000027c5777d488f | 8f 48 7d 77 c5 27 00 00
RSI=0x000001e1224bacb0 points into unknown readable memory: 0x3ffeaa0fdb59488f | 8f 48 59 db 0f aa fe 3f
RDI=0x000027c5777d488f is an unknown value
R8 =0x0000000000010002 is an unknown value
R9 =0x000027c5777d488f is an unknown value
R10=0x0000000000008000 is an unknown value
R11=0x00000007ba3ff0d0 points into unknown readable memory: 0x000001e1224bacb0 | b0 ac 4b 22 e1 01 00 00
R12=0x00007ffd1b955d30 glass.dll
R13=0x00007ffc70dfb760 jvm.dll
R14=0x00000007ba3ff238 points into unknown readable memory: 0x00000007ba3ff220 | 20 f2 3f ba 07 00 00 00
R15=0x000001e1224bacb0 points into unknown readable memory: 0x3ffeaa0fdb59488f | 8f 48 59 db 0f aa fe 3f

Top of Stack: (sp=0x00000007ba3ff140)
0x00000007ba3ff140:   0000000000000000 000001e1224bacb0
0x00000007ba3ff150:   00007ffc70dfb760 00007ffd1b955d30
0x00000007ba3ff160:   000001e1224bacb8 00007ffd5d2942d6
0x00000007ba3ff170:   000027c5777d488f 000001e100000000
0x00000007ba3ff180:   000001e1224bacd8 000001e1224bacb0
0x00000007ba3ff190:   fffffffffffffffe 0000000000000000
0x00000007ba3ff1a0:   0000000000000001 00007ffd1b930000
0x00000007ba3ff1b0:   00000007ba3ff228 00007ffd5d2941fb
0x00000007ba3ff1c0:   0000000000000000 00000007ba3ff238
0x00000007ba3ff1d0:   00000007ba3ff510 00007ffd5d370e40
0x00000007ba3ff1e0:   0000000000000001 00007ffd5d2941b4
0x00000007ba3ff1f0:   0000000000000000 0000000000000001
0x00000007ba3ff200:   000000007ffe0385 00000007ba3ff228
0x00000007ba3ff210:   ffffffff00000001 00007ffd1b955bbd
0x00000007ba3ff220:   00007ffd1b96d078 00007ffd00000002
0x00000007ba3ff230:   0000000000000002 00000007ba3ff220
0x00000007ba3ff240:   00007ffd5c470000 00007ffd5fb69993
0x00000007ba3ff250:   0000000000000000 00007ffd1b955ce2
0x00000007ba3ff260:   0000000000000001 0000000000000000
0x00000007ba3ff270:   000000000000003c 0000000000000001
0x00000007ba3ff280:   00007ffd26b41094 0000000000000000
0x00000007ba3ff290:   0000000000000001 00007ffd26b4083c
0x00000007ba3ff2a0:   00007ffd1b930000 000000007ffe0384
0x00000007ba3ff2b0:   0000000000000000 00007ffd5fb69a1d
0x00000007ba3ff2c0:   00007ffd1b930000 0000000000000000
0x00000007ba3ff2d0:   0000000000000001 000000007ffe0385
0x00000007ba3ff2e0:   0000000000000000 00007ffd5fbaf331
0x00000007ba3ff2f0:   0000cc061d491200 0000000000000014
0x00000007ba3ff300:   00007ffd1b955d30 0000000000000000
0x00000007ba3ff310:   0000000000000000 00000007b978b000
0x00000007ba3ff320:   000001e122f94b90 00007ffd5fbaf1ca
0x00000007ba3ff330:   000001e122f95750 00007ffd1b930000 

Instructions: (pc=0x00007ffd1b958427)
0x00007ffd1b958327:   8b 4d 58 e8 49 cf ff ff 48 8b 4d 60 e8 40 cf ff
0x00007ffd1b958337:   ff 48 8b 95 80 00 00 00 48 8b 8d 18 01 00 00 e8
0x00007ffd1b958347:   26 c5 ff ff 33 d2 33 c9 e8 8c e1 ff ff 90 48 89
0x00007ffd1b958357:   54 24 10 55 48 83 ec 20 48 8b ea 48 b8 00 00 00
0x00007ffd1b958367:   00 00 00 00 00 48 83 c4 20 5d c3 cc 40 55 48 8b
0x00007ffd1b958377:   ea 48 8b 01 33 c9 81 38 05 00 00 c0 0f 94 c1 8b
0x00007ffd1b958387:   c1 5d c3 cc 40 55 48 83 ec 20 48 8b ea 8a 4d 40
0x00007ffd1b958397:   48 83 c4 20 5d e9 33 d3 ff ff cc 40 55 48 83 ec
0x00007ffd1b9583a7:   20 48 8b ea 8a 4d 20 e8 21 d3 ff ff 90 48 83 c4
0x00007ffd1b9583b7:   20 5d c3 cc 40 55 48 83 ec 20 48 8b ea 48 83 c4
0x00007ffd1b9583c7:   20 5d e9 82 d1 ff ff cc 40 55 48 83 ec 30 48 8b
0x00007ffd1b9583d7:   ea 48 8b 01 8b 10 48 89 4c 24 28 89 54 24 20 4c
0x00007ffd1b9583e7:   8d 0d 23 d6 ff ff 4c 8b 45 70 8b 55 68 48 8b 4d
0x00007ffd1b9583f7:   60 e8 c3 d0 ff ff 90 48 83 c4 30 5d c3 cc cc cc
0x00007ffd1b958407:   cc cc cc cc cc cc cc cc cc 40 53 48 83 ec 20 48
0x00007ffd1b958417:   8b 1d 1b 46 01 00 48 85 db 74 16 e8 59 90 ff ff
0x00007ffd1b958427:   4c 8b 00 48 8b d3 48 8b c8 41 ff 90 b0 00 00 00
0x00007ffd1b958437:   90 48 83 c4 20 5b c3 cc cc 40 53 48 83 ec 20 48
0x00007ffd1b958447:   8b 1d 5b 47 01 00 48 85 db 74 57 b8 ff ff ff ff
0x00007ffd1b958457:   f0 0f c1 43 10 83 f8 01 75 3d 48 85 db 74 38 48
0x00007ffd1b958467:   8b 0b 48 85 c9 74 0d ff 15 3c 0e 00 00 48 c7 03
0x00007ffd1b958477:   00 00 00 00 48 8b 4b 08 48 85 c9 74 0d e8 ef cd
0x00007ffd1b958487:   ff ff 48 c7 43 08 00 00 00 00 ba 18 00 00 00 48
0x00007ffd1b958497:   8b cb e8 da cd ff ff 48 c7 05 ff 46 01 00 00 00
0x00007ffd1b9584a7:   00 00 48 83 c4 20 5b c3 cc 40 53 48 83 ec 20 48
0x00007ffd1b9584b7:   8b 1d cb 46 01 00 48 85 db 74 57 b8 ff ff ff ff
0x00007ffd1b9584c7:   f0 0f c1 43 10 83 f8 01 75 3d 48 85 db 74 38 48
0x00007ffd1b9584d7:   8b 0b 48 85 c9 74 0d ff 15 cc 0d 00 00 48 c7 03
0x00007ffd1b9584e7:   00 00 00 00 48 8b 4b 08 48 85 c9 74 0d e8 7f cd
0x00007ffd1b9584f7:   ff ff 48 c7 43 08 00 00 00 00 ba 18 00 00 00 48
0x00007ffd1b958507:   8b cb e8 6a cd ff ff 48 c7 05 6f 46 01 00 00 00
0x00007ffd1b958517:   00 00 48 83 c4 20 5b c3 cc 40 53 48 83 ec 20 48 


Stack slot to memory mapping:

stack at sp + 0 slots: 0x0 is null
stack at sp + 1 slots: 0x000001e1224bacb0 points into unknown readable memory: 0x3ffeaa0fdb59488f | 8f 48 59 db 0f aa fe 3f
stack at sp + 2 slots: 0x00007ffc70dfb760 jvm.dll
stack at sp + 3 slots: 0x00007ffd1b955d30 glass.dll
stack at sp + 4 slots: 0x000001e1224bacb8 points into unknown readable memory: 0x000027c5777d488f | 8f 48 7d 77 c5 27 00 00
stack at sp + 5 slots: 0x00007ffd5d2942d6 ucrtbase.dll
stack at sp + 6 slots: 0x000027c5777d488f is an unknown value
stack at sp + 7 slots: 0x000001e100000000 is an unknown value

VM_Operation (0x00000007bb4fa0d0): Exit, mode: safepoint, requested by thread 0x000001e122d94200


---------------  P R O C E S S  ---------------

Threads class SMR info:
_java_thread_list=0x000001e12f808be0, length=20, elements={
0x000001e0bafb3eb0, 0x000001e0dcdce170, 0x000001e0dcdcf850, 0x000001e0dcdd4da0,
0x000001e0dcdd7810, 0x000001e0dcdd8270, 0x000001e0dcde0ce0, 0x000001e0dcde3d10,
0x000001e0dcde47c0, 0x000001e1220ab000, 0x000001e122314010, 0x000001e1229ebdb0,
0x000001e12301fcd0, 0x000001e122371890, 0x000001e122d94200, 0x000001e122d574b0,
0x000001e123728840, 0x000001e123784e70, 0x000001e1237847e0, 0x000001e123785500
}

Java Threads: ( => current thread )
  0x000001e0bafb3eb0 JavaThread "main"                              [_thread_blocked, id=3328, stack(0x00000007b9c00000,0x00000007b9d00000) (1024K)]
  0x000001e0dcdce170 JavaThread "Reference Handler"          daemon [_thread_blocked, id=21736, stack(0x00000007ba400000,0x00000007ba500000) (1024K)]
  0x000001e0dcdcf850 JavaThread "Finalizer"                  daemon [_thread_blocked, id=21688, stack(0x00000007ba500000,0x00000007ba600000) (1024K)]
  0x000001e0dcdd4da0 JavaThread "Signal Dispatcher"          daemon [_thread_blocked, id=13152, stack(0x00000007ba600000,0x00000007ba700000) (1024K)]
  0x000001e0dcdd7810 JavaThread "Attach Listener"            daemon [_thread_blocked, id=24392, stack(0x00000007ba700000,0x00000007ba800000) (1024K)]
  0x000001e0dcdd8270 JavaThread "Service Thread"             daemon [_thread_blocked, id=17672, stack(0x00000007ba800000,0x00000007ba900000) (1024K)]
  0x000001e0dcde0ce0 JavaThread "Monitor Deflation Thread"   daemon [_thread_blocked, id=13348, stack(0x00000007ba900000,0x00000007baa00000) (1024K)]
  0x000001e0dcde3d10 JavaThread "C2 CompilerThread0"         daemon [_thread_blocked, id=8360, stack(0x00000007baa00000,0x00000007bab00000) (1024K)]
  0x000001e0dcde47c0 JavaThread "C1 CompilerThread0"         daemon [_thread_blocked, id=3036, stack(0x00000007bab00000,0x00000007bac00000) (1024K)]
  0x000001e1220ab000 JavaThread "Common-Cleaner"             daemon [_thread_blocked, id=20144, stack(0x00000007bac00000,0x00000007bad00000) (1024K)]
  0x000001e122314010 JavaThread "Monitor Ctrl-Break"         daemon [_thread_in_native, id=17464, stack(0x00000007baf00000,0x00000007bb000000) (1024K)]
  0x000001e1229ebdb0 JavaThread "Notification Thread"        daemon [_thread_blocked, id=19484, stack(0x00000007bb000000,0x00000007bb100000) (1024K)]
  0x000001e12301fcd0 JavaThread "QuantumRenderer-0"          daemon [_thread_blocked, id=21052, stack(0x00000007bb100000,0x00000007bb200000) (1024K)]
  0x000001e122371890 JavaThread "InvokeLaterDispatcher"      daemon [_thread_blocked, id=4716, stack(0x00000007bb300000,0x00000007bb400000) (1024K)]
  0x000001e122d94200 JavaThread "JavaFX Application Thread"         [_thread_blocked, id=23964, stack(0x00000007bb400000,0x00000007bb500000) (1024K)]
  0x000001e122d574b0 JavaThread "JavaFX-Launcher"                   [_thread_blocked, id=21336, stack(0x00000007bae00000,0x00000007baf00000) (1024K)]
  0x000001e123728840 JavaThread "Thread-2"                   daemon [_thread_in_native, id=288, stack(0x00000007bad00000,0x00000007bae00000) (1024K)]
  0x000001e123784e70 JavaThread "Prism Font Disposer"        daemon [_thread_blocked, id=2936, stack(0x00000007bc300000,0x00000007bc400000) (1024K)]
  0x000001e1237847e0 JavaThread "Cleaner-0"                  daemon [_thread_blocked, id=21700, stack(0x00000007bc400000,0x00000007bc500000) (1024K)]
  0x000001e123785500 JavaThread "PostgreSQL-JDBC-Cleaner"    daemon [_thread_blocked, id=19964, stack(0x00000007bc600000,0x00000007bc700000) (1024K)]
Total: 20

Other Threads:
=>0x000001e0dcdb50a0 VMThread "VM Thread"                           [id=2780, stack(0x00000007ba300000,0x00000007ba400000) (1024K)]
  0x000001e0bd3ca0b0 WorkerThread "GC Thread#0"                     [id=18844, stack(0x00000007b9d00000,0x00000007b9e00000) (1024K)]
  0x000001e123253a20 WorkerThread "GC Thread#1"                     [id=6652, stack(0x00000007bb600000,0x00000007bb700000) (1024K)]
  0x000001e123253dd0 WorkerThread "GC Thread#2"                     [id=23272, stack(0x00000007bb700000,0x00000007bb800000) (1024K)]
  0x000001e123254180 WorkerThread "GC Thread#3"                     [id=7228, stack(0x00000007bb800000,0x00000007bb900000) (1024K)]
  0x000001e123254530 WorkerThread "GC Thread#4"                     [id=23640, stack(0x00000007bb900000,0x00000007bba00000) (1024K)]
  0x000001e1232588f0 WorkerThread "GC Thread#5"                     [id=22484, stack(0x00000007bba00000,0x00000007bbb00000) (1024K)]
  0x000001e1237c9ef0 WorkerThread "GC Thread#6"                     [id=19760, stack(0x00000007bbd00000,0x00000007bbe00000) (1024K)]
  0x000001e1237ca650 WorkerThread "GC Thread#7"                     [id=13120, stack(0x00000007bbe00000,0x00000007bbf00000) (1024K)]
  0x000001e1237cadb0 WorkerThread "GC Thread#8"                     [id=11104, stack(0x00000007bbf00000,0x00000007bc000000) (1024K)]
  0x000001e12ad81540 WorkerThread "GC Thread#9"                     [id=21212, stack(0x00000007bbc00000,0x00000007bbd00000) (1024K)]
  0x000001e0bd3df180 ConcurrentGCThread "G1 Main Marker"            terminated
  0x000001e0bd3e0430 WorkerThread "G1 Conc#0"                       [id=5024, stack(0x00000007b9f00000,0x00000007ba000000) (1024K)]
  0x000001e12ad7fb70 WorkerThread "G1 Conc#1"                       [id=7112, stack(0x00000007bc700000,0x00000007bc800000) (1024K)]
  0x000001e12ad802d0 WorkerThread "G1 Conc#2"                       [id=18580, stack(0x00000007bc800000,0x00000007bc900000) (1024K)]
  0x000001e0dcc681c0 ConcurrentGCThread "G1 Refine#0"               terminated
  0x000001e0dcc68c50 ConcurrentGCThread "G1 Service"                terminated
Total: 17

Threads with active compile tasks:
Total: 0

VM state: at safepoint (shutting down)

VM Mutex/Monitor currently owned by a thread:  ([mutex/lock_event])
[0x00007ffc70dd3910] Threads_lock - owner thread: 0x000001e0dcdb50a0
[0x00007ffc70dd3a10] Heap_lock - owner thread: 0x000001e122d94200

Heap address: 0x00000004d6000000, size: 4080 MB, Compressed Oops mode: Zero based, Oop shift amount: 3

CDS archive(s) mapped at: [0x000001e0dd000000-0x000001e0ddd70000-0x000001e0ddd70000), size 14090240, SharedBaseAddress: 0x000001e0dd000000, ArchiveRelocationMode: 1.
Compressed class space mapped at: 0x000001e0de000000-0x000001e11e000000, reserved size: 1073741824
Narrow klass base: 0x000001e0dd000000, Narrow klass shift: 0, Narrow klass range: 0x41000000

GC Precious Log:
 CardTable entry size: 512
 Card Set container configuration: InlinePtr #cards 4 size 8 Array Of Cards #cards 16 size 48 Howl #buckets 8 coarsen threshold 3686 Howl Bitmap #cards 512 size 80 coarsen threshold 460 Card regions per heap region 1 cards per card region 4096
 CPUs: 12 total, 12 available
 Memory: 16313M
 Large Page Support: Disabled
 NUMA Support: Disabled
 Compressed Oops: Enabled (Zero based)
 Heap Region Size: 2M
 Heap Min Capacity: 8M
 Heap Initial Capacity: 256M
 Heap Max Capacity: 4080M
 Pre-touch: Disabled
 Parallel Workers: 10
 Concurrent Workers: 3
 Concurrent Refinement Workers: 10
 Periodic GC: Disabled

Heap:
 garbage-first heap   total reserved 4177920K, committed 67584K, used 41003K [0x00000004d6000000, 0x00000005d5000000)
  region size 2048K, 13 young (26624K), 6 survivors (12288K)
 Metaspace       used 23581K, committed 23936K, reserved 1114112K
  class space    used 3216K, committed 3392K, reserved 1048576K

Heap Regions: E=young(eden), S=young(survivor), O=old, HS=humongous(starts), HC=humongous(continues), CS=collection set, F=free, TAMS=top-at-mark-start, PB=parsable bottom
|   0|0x00000004d6000000, 0x00000004d6200000, 0x00000004d6200000|100%| O|  |TAMS 0x00000004d6000000| PB 0x00000004d6000000| Untracked |  0
|   1|0x00000004d6200000, 0x00000004d6400000, 0x00000004d6400000|100%| O|  |TAMS 0x00000004d6200000| PB 0x00000004d6200000| Untracked |  0
|   2|0x00000004d6400000, 0x00000004d6600000, 0x00000004d6600000|100%| O|  |TAMS 0x00000004d6400000| PB 0x00000004d6400000| Untracked |  0
|   3|0x00000004d6600000, 0x00000004d6800000, 0x00000004d6800000|100%|HS|  |TAMS 0x00000004d6600000| PB 0x00000004d6600000| Complete |  0
|   4|0x00000004d6800000, 0x00000004d6a00000, 0x00000004d6a00000|100%| O|  |TAMS 0x00000004d6800000| PB 0x00000004d6800000| Untracked |  0
|   5|0x00000004d6a00000, 0x00000004d6c00000, 0x00000004d6c00000|100%| O|  |TAMS 0x00000004d6a00000| PB 0x00000004d6a00000| Untracked |  0
|   6|0x00000004d6c00000, 0x00000004d6d27c30, 0x00000004d6e00000| 57%| O|  |TAMS 0x00000004d6c00000| PB 0x00000004d6c00000| Untracked |  0
|   7|0x00000004d6e00000, 0x00000004d7000000, 0x00000004d7000000|100%|HS|  |TAMS 0x00000004d6e00000| PB 0x00000004d6e00000| Complete |  0
|   8|0x00000004d7000000, 0x00000004d7200000, 0x00000004d7200000|100%|HS|  |TAMS 0x00000004d7000000| PB 0x00000004d7000000| Complete |  0
|   9|0x00000004d7200000, 0x00000004d7200000, 0x00000004d7400000|  0%| F|  |TAMS 0x00000004d7200000| PB 0x00000004d7200000| Untracked |  0
|  10|0x00000004d7400000, 0x00000004d7400000, 0x00000004d7600000|  0%| F|  |TAMS 0x00000004d7400000| PB 0x00000004d7400000| Untracked |  0
|  11|0x00000004d7600000, 0x00000004d7600000, 0x00000004d7800000|  0%| F|  |TAMS 0x00000004d7600000| PB 0x00000004d7600000| Untracked |  0
|  12|0x00000004d7800000, 0x00000004d7800000, 0x00000004d7a00000|  0%| F|  |TAMS 0x00000004d7800000| PB 0x00000004d7800000| Untracked |  0
|  13|0x00000004d7a00000, 0x00000004d7a00000, 0x00000004d7c00000|  0%| F|  |TAMS 0x00000004d7a00000| PB 0x00000004d7a00000| Untracked |  0
|  14|0x00000004d7c00000, 0x00000004d7c00000, 0x00000004d7e00000|  0%| F|  |TAMS 0x00000004d7c00000| PB 0x00000004d7c00000| Untracked |  0
|  15|0x00000004d7e00000, 0x00000004d7e00000, 0x00000004d8000000|  0%| F|  |TAMS 0x00000004d7e00000| PB 0x00000004d7e00000| Untracked |  0
|  16|0x00000004d8000000, 0x00000004d8000000, 0x00000004d8200000|  0%| F|  |TAMS 0x00000004d8000000| PB 0x00000004d8000000| Untracked |  0
|  17|0x00000004d8200000, 0x00000004d8200000, 0x00000004d8400000|  0%| F|  |TAMS 0x00000004d8200000| PB 0x00000004d8200000| Untracked |  0
|  18|0x00000004d8400000, 0x00000004d8400000, 0x00000004d8600000|  0%| F|  |TAMS 0x00000004d8400000| PB 0x00000004d8400000| Untracked |  0
|  19|0x00000004d8600000, 0x00000004d8600000, 0x00000004d8800000|  0%| F|  |TAMS 0x00000004d8600000| PB 0x00000004d8600000| Untracked |  0
|  20|0x00000004d8800000, 0x00000004d8920330, 0x00000004d8a00000| 56%| E|  |TAMS 0x00000004d8800000| PB 0x00000004d8800000| Complete |  0
|  21|0x00000004d8a00000, 0x00000004d8c00000, 0x00000004d8c00000|100%| E|CS|TAMS 0x00000004d8a00000| PB 0x00000004d8a00000| Complete |  0
|  22|0x00000004d8c00000, 0x00000004d8e00000, 0x00000004d8e00000|100%| E|CS|TAMS 0x00000004d8c00000| PB 0x00000004d8c00000| Complete |  0
|  23|0x00000004d8e00000, 0x00000004d9000000, 0x00000004d9000000|100%| E|CS|TAMS 0x00000004d8e00000| PB 0x00000004d8e00000| Complete |  0
|  24|0x00000004d9000000, 0x00000004d9200000, 0x00000004d9200000|100%| E|CS|TAMS 0x00000004d9000000| PB 0x00000004d9000000| Complete |  0
|  25|0x00000004d9200000, 0x00000004d9400000, 0x00000004d9400000|100%| S|CS|TAMS 0x00000004d9200000| PB 0x00000004d9200000| Complete |  0
|  26|0x00000004d9400000, 0x00000004d9600000, 0x00000004d9600000|100%| S|CS|TAMS 0x00000004d9400000| PB 0x00000004d9400000| Complete |  0
|  27|0x00000004d9600000, 0x00000004d9800000, 0x00000004d9800000|100%| S|CS|TAMS 0x00000004d9600000| PB 0x00000004d9600000| Complete |  0
|  28|0x00000004d9800000, 0x00000004d9a00000, 0x00000004d9a00000|100%| S|CS|TAMS 0x00000004d9800000| PB 0x00000004d9800000| Complete |  0
|  29|0x00000004d9a00000, 0x00000004d9c00000, 0x00000004d9c00000|100%| S|CS|TAMS 0x00000004d9a00000| PB 0x00000004d9a00000| Complete |  0
|  30|0x00000004d9c00000, 0x00000004d9ce33a0, 0x00000004d9e00000| 44%| S|CS|TAMS 0x00000004d9c00000| PB 0x00000004d9c00000| Complete |  0
| 113|0x00000004e4200000, 0x00000004e4400000, 0x00000004e4400000|100%| E|CS|TAMS 0x00000004e4200000| PB 0x00000004e4200000| Complete |  0
| 127|0x00000004e5e00000, 0x00000004e6000000, 0x00000004e6000000|100%| E|CS|TAMS 0x00000004e5e00000| PB 0x00000004e5e00000| Complete |  0

Card table byte_map: [0x000001e0d5920000,0x000001e0d6120000] _byte_map_base: 0x000001e0d3270000

Marking Bits: (CMBitMap*) 0x000001e0bd3ca7c0
 Bits: [0x000001e0d6120000, 0x000001e0da0e0000)

Polling page: 0x000001e0bb1c0000

Metaspace:

Usage:
  Non-class:     19.89 MB used.
      Class:      3.14 MB used.
       Both:     23.03 MB used.

Virtual space:
  Non-class space:       64.00 MB reserved,      20.06 MB ( 31%) committed,  1 nodes.
      Class space:        1.00 GB reserved,       3.31 MB ( <1%) committed,  1 nodes.
             Both:        1.06 GB reserved,      23.38 MB (  2%) committed. 

Chunk freelists:
   Non-Class:  11.38 MB
       Class:  12.72 MB
        Both:  24.10 MB

MaxMetaspaceSize: unlimited
CompressedClassSpaceSize: 1.00 GB
Initial GC threshold: 21.00 MB
Current GC threshold: 35.12 MB
CDS: on
 - commit_granule_bytes: 65536.
 - commit_granule_words: 8192.
 - virtual_space_node_default_size: 8388608.
 - enlarge_chunks_in_place: 1.
 - use_allocation_guard: 0.


Internal statistics:

num_allocs_failed_limit: 3.
num_arena_births: 436.
num_arena_deaths: 0.
num_vsnodes_births: 2.
num_vsnodes_deaths: 0.
num_space_committed: 374.
num_space_uncommitted: 0.
num_chunks_returned_to_freelist: 3.
num_chunks_taken_from_freelist: 1175.
num_chunk_merges: 3.
num_chunk_splits: 802.
num_chunks_enlarged: 579.
num_inconsistent_stats: 0.

CodeHeap 'non-profiled nmethods': size=120064Kb used=2654Kb max_used=2654Kb free=117409Kb
 bounds [0x000001e0cd560000, 0x000001e0cd800000, 0x000001e0d4aa0000]
CodeHeap 'profiled nmethods': size=120000Kb used=10178Kb max_used=10178Kb free=109821Kb
 bounds [0x000001e0c5aa0000, 0x000001e0c64a0000, 0x000001e0ccfd0000]
CodeHeap 'non-nmethods': size=5696Kb used=1857Kb max_used=1921Kb free=3838Kb
 bounds [0x000001e0ccfd0000, 0x000001e0cd240000, 0x000001e0cd560000]
CodeCache: size=245760Kb, used=14689Kb, max_used=14753Kb, free=231068Kb
 total_blobs=7146, nmethods=6263, adapters=787, full_count=0
Compilation: enabled, stopped_count=0, restarted_count=0

Compilation events (20 events):
Event: 22.321 Thread 0x000001e0dcde3d10 6255       4       javafx.scene.Scene$TargetWrapper::getCursor (61 bytes)
Event: 22.323 Thread 0x000001e0dcde3d10 nmethod 6255 0x000001e0cd7f6988 code [0x000001e0cd7f6aa0, 0x000001e0cd7f6d10]
Event: 22.343 Thread 0x000001e0dcde3d10 6256       4       com.sun.javafx.font.CompositeStrike::getStrikeSlot (163 bytes)
Event: 22.343 Thread 0x000001e0dcde47c0 6257       3       com.sun.prism.impl.ps.BaseShaderGraphics::drawString (868 bytes)
Event: 22.345 Thread 0x000001e0dcde3d10 nmethod 6256 0x000001e0cd7f6d88 code [0x000001e0cd7f6ec0, 0x000001e0cd7f71a0]
Event: 22.346 Thread 0x000001e0dcde47c0 nmethod 6257 0x000001e0c6489008 code [0x000001e0c64895a0, 0x000001e0c648ce58]
Event: 22.346 Thread 0x000001e0dcde47c0 6258       3       com.sun.prism.impl.ManagedResource::_isgone (42 bytes)
Event: 22.346 Thread 0x000001e0dcde47c0 nmethod 6258 0x000001e0c648d088 code [0x000001e0c648d200, 0x000001e0c648d860]
Event: 22.915 Thread 0x000001e0dcde3d10 6259       4       java.security.AccessController::checkContext (49 bytes)
Event: 22.915 Thread 0x000001e0dcde3d10 nmethod 6259 0x000001e0cd7f7208 code [0x000001e0cd7f7300, 0x000001e0cd7f7368]
Event: 22.970 Thread 0x000001e0dcde3d10 6260       4       javafx.scene.input.MouseEvent::copyFor (7 bytes)
Event: 22.970 Thread 0x000001e0dcde3d10 nmethod 6260 0x000001e0cd7f7508 code [0x000001e0cd7f7620, 0x000001e0cd7f76f0]
Event: 23.158 Thread 0x000001e0dcde47c0 6261       3       com.sun.javafx.UnmodifiableArrayList::<init> (46 bytes)
Event: 23.158 Thread 0x000001e0dcde47c0 nmethod 6261 0x000001e0c648d908 code [0x000001e0c648da40, 0x000001e0c648dce0]
Event: 23.158 Thread 0x000001e0dcde47c0 6263       3       javafx.scene.layout.Region::position (148 bytes)
Event: 23.160 Thread 0x000001e0dcde47c0 nmethod 6263 0x000001e0c648dd88 code [0x000001e0c648e120, 0x000001e0c6490140]
Event: 23.160 Thread 0x000001e0dcde47c0 6262       3       java.util.AbstractList::hashCode (46 bytes)
Event: 23.160 Thread 0x000001e0dcde47c0 nmethod 6262 0x000001e0c6490288 code [0x000001e0c6490400, 0x000001e0c6490930]
Event: 23.263 Thread 0x000001e0dcde47c0 6264       1       com.sun.javafx.scene.control.behavior.BehaviorBase::getNode (5 bytes)
Event: 23.263 Thread 0x000001e0dcde47c0 nmethod 6264 0x000001e0cd7f7808 code [0x000001e0cd7f7920, 0x000001e0cd7f79f0]

GC Heap History (10 events):
Event: 0.484 GC heap before
{Heap before GC invocations=0 (full 0):
 garbage-first heap   total reserved 4177920K, committed 262144K, used 22528K [0x00000004d6000000, 0x00000005d5000000)
  region size 2048K, 12 young (24576K), 0 survivors (0K)
 Metaspace       used 4666K, committed 4864K, reserved 1114112K
  class space    used 544K, committed 640K, reserved 1048576K
}
Event: 0.487 GC heap after
{Heap after GC invocations=1 (full 0):
 garbage-first heap   total reserved 4177920K, committed 262144K, used 4034K [0x00000004d6000000, 0x00000005d5000000)
  region size 2048K, 2 young (4096K), 2 survivors (4096K)
 Metaspace       used 4666K, committed 4864K, reserved 1114112K
  class space    used 544K, committed 640K, reserved 1048576K
}
Event: 0.757 GC heap before
{Heap before GC invocations=1 (full 0):
 garbage-first heap   total reserved 4177920K, committed 262144K, used 24514K [0x00000004d6000000, 0x00000005d5000000)
  region size 2048K, 13 young (26624K), 2 survivors (4096K)
 Metaspace       used 8692K, committed 8896K, reserved 1114112K
  class space    used 1121K, committed 1216K, reserved 1048576K
}
Event: 0.761 GC heap after
{Heap after GC invocations=2 (full 0):
 garbage-first heap   total reserved 4177920K, committed 262144K, used 7239K [0x00000004d6000000, 0x00000005d5000000)
  region size 2048K, 2 young (4096K), 2 survivors (4096K)
 Metaspace       used 8692K, committed 8896K, reserved 1114112K
  class space    used 1121K, committed 1216K, reserved 1048576K
}
Event: 4.721 GC heap before
{Heap before GC invocations=2 (full 0):
 garbage-first heap   total reserved 4177920K, committed 262144K, used 70727K [0x00000004d6000000, 0x00000005d5000000)
  region size 2048K, 31 young (63488K), 2 survivors (4096K)
 Metaspace       used 19529K, committed 19904K, reserved 1114112K
  class space    used 2585K, committed 2752K, reserved 1048576K
}
Event: 4.725 GC heap after
{Heap after GC invocations=3 (full 0):
 garbage-first heap   total reserved 4177920K, committed 262144K, used 13664K [0x00000004d6000000, 0x00000005d5000000)
  region size 2048K, 4 young (8192K), 4 survivors (8192K)
 Metaspace       used 19529K, committed 19904K, reserved 1114112K
  class space    used 2585K, committed 2752K, reserved 1048576K
}
Event: 7.566 GC heap before
{Heap before GC invocations=3 (full 0):
 garbage-first heap   total reserved 4177920K, committed 262144K, used 40288K [0x00000004d6000000, 0x00000005d5000000)
  region size 2048K, 18 young (36864K), 4 survivors (8192K)
 Metaspace       used 21133K, committed 21504K, reserved 1114112K
  class space    used 2852K, committed 3008K, reserved 1048576K
}
Event: 7.569 GC heap after
{Heap after GC invocations=4 (full 0):
 garbage-first heap   total reserved 4177920K, committed 262144K, used 14628K [0x00000004d6000000, 0x00000005d5000000)
  region size 2048K, 1 young (2048K), 1 survivors (2048K)
 Metaspace       used 21133K, committed 21504K, reserved 1114112K
  class space    used 2852K, committed 3008K, reserved 1048576K
}
Event: 15.178 GC heap before
{Heap before GC invocations=5 (full 0):
 garbage-first heap   total reserved 4177920K, committed 55296K, used 53540K [0x00000004d6000000, 0x00000005d5000000)
  region size 2048K, 20 young (40960K), 1 survivors (2048K)
 Metaspace       used 23136K, committed 23552K, reserved 1114112K
  class space    used 3206K, committed 3392K, reserved 1048576K
}
Event: 15.184 GC heap after
{Heap after GC invocations=6 (full 0):
 garbage-first heap   total reserved 4177920K, committed 67584K, used 24619K [0x00000004d6000000, 0x00000005d5000000)
  region size 2048K, 6 young (12288K), 6 survivors (12288K)
 Metaspace       used 23136K, committed 23552K, reserved 1114112K
  class space    used 3206K, committed 3392K, reserved 1048576K
}

Dll operation events (20 events):
Event: 0.206 Loaded shared library C:\Users\Anwender\Downloads\openjfx-23.0.1_windows-x64_bin-sdk\javafx-sdk-23.0.1\bin\api-ms-win-crt-private-l1-1-0.dll
Event: 0.206 Loaded shared library C:\Users\Anwender\Downloads\openjfx-23.0.1_windows-x64_bin-sdk\javafx-sdk-23.0.1\bin\api-ms-win-crt-process-l1-1-0.dll
Event: 0.207 Loaded shared library C:\Users\Anwender\Downloads\openjfx-23.0.1_windows-x64_bin-sdk\javafx-sdk-23.0.1\bin\api-ms-win-crt-runtime-l1-1-0.dll
Event: 0.208 Loaded shared library C:\Users\Anwender\Downloads\openjfx-23.0.1_windows-x64_bin-sdk\javafx-sdk-23.0.1\bin\api-ms-win-crt-stdio-l1-1-0.dll
Event: 0.209 Loaded shared library C:\Users\Anwender\Downloads\openjfx-23.0.1_windows-x64_bin-sdk\javafx-sdk-23.0.1\bin\api-ms-win-crt-string-l1-1-0.dll
Event: 0.210 Loaded shared library C:\Users\Anwender\Downloads\openjfx-23.0.1_windows-x64_bin-sdk\javafx-sdk-23.0.1\bin\api-ms-win-crt-time-l1-1-0.dll
Event: 0.211 Loaded shared library C:\Users\Anwender\Downloads\openjfx-23.0.1_windows-x64_bin-sdk\javafx-sdk-23.0.1\bin\api-ms-win-crt-utility-l1-1-0.dll
Event: 0.212 Loaded shared library C:\Users\Anwender\Downloads\openjfx-23.0.1_windows-x64_bin-sdk\javafx-sdk-23.0.1\bin\ucrtbase.dll
Event: 0.213 Loaded shared library C:\Users\Anwender\Downloads\openjfx-23.0.1_windows-x64_bin-sdk\javafx-sdk-23.0.1\bin\vcruntime140.dll
Event: 0.214 Loaded shared library C:\Users\Anwender\Downloads\openjfx-23.0.1_windows-x64_bin-sdk\javafx-sdk-23.0.1\bin\vcruntime140_1.dll
Event: 0.215 Loaded shared library C:\Users\Anwender\Downloads\openjfx-23.0.1_windows-x64_bin-sdk\javafx-sdk-23.0.1\bin\msvcp140.dll
Event: 0.216 Loaded shared library C:\Users\Anwender\Downloads\openjfx-23.0.1_windows-x64_bin-sdk\javafx-sdk-23.0.1\bin\msvcp140_1.dll
Event: 0.217 Loaded shared library C:\Users\Anwender\Downloads\openjfx-23.0.1_windows-x64_bin-sdk\javafx-sdk-23.0.1\bin\msvcp140_2.dll
Event: 0.240 Loaded shared library C:\Users\Anwender\Downloads\openjfx-23.0.1_windows-x64_bin-sdk\javafx-sdk-23.0.1\bin\prism_d3d.dll
Event: 0.324 Loaded shared library C:\Users\Anwender\Downloads\openjfx-23.0.1_windows-x64_bin-sdk\javafx-sdk-23.0.1\bin\glass.dll
Event: 0.459 Loaded shared library C:\Users\Anwender\.jdks\openjdk-23.0.1\bin\jimage.dll
Event: 0.727 Loaded shared library C:\Users\Anwender\Downloads\openjfx-23.0.1_windows-x64_bin-sdk\javafx-sdk-23.0.1\bin\javafx_iio.dll
Event: 0.769 Loaded shared library C:\Users\Anwender\Downloads\openjfx-23.0.1_windows-x64_bin-sdk\javafx-sdk-23.0.1\bin\javafx_font.dll
Event: 2.289 Loaded shared library C:\Users\Anwender\.jdks\openjdk-23.0.1\bin\management.dll
Event: 2.291 Loaded shared library C:\Users\Anwender\.jdks\openjdk-23.0.1\bin\management_ext.dll

Deoptimization events (20 events):
Event: 22.023 Thread 0x000001e12301fcd0 Uncommon trap: trap_request=0xffffff45 fr.pc=0x000001e0cd7d04ac relative=0x000000000000016c
Event: 22.023 Thread 0x000001e12301fcd0 Uncommon trap: reason=unstable_if action=reinterpret pc=0x000001e0cd7d04ac method=com.sun.javafx.geom.transform.AffineBase.translate(DD)V @ 492 c2
Event: 22.023 Thread 0x000001e12301fcd0 DEOPT PACKING pc=0x000001e0cd7d04ac sp=0x00000007bb1fe740
Event: 22.023 Thread 0x000001e12301fcd0 DEOPT UNPACKING pc=0x000001e0cd024402 sp=0x00000007bb1fe6c8 mode 2
Event: 23.261 Thread 0x000001e122d94200 Uncommon trap: trap_request=0xffffffc6 fr.pc=0x000001e0cd778c38 relative=0x00000000000006d8
Event: 23.261 Thread 0x000001e122d94200 Uncommon trap: reason=bimorphic_or_optimized_type_check action=maybe_recompile pc=0x000001e0cd778c38 method=com.sun.javafx.event.EventHandlerManager.dispatchCapturingEvent(Ljavafx/event/Event;)Ljavafx/event/Event; @ 1 c2
Event: 23.261 Thread 0x000001e122d94200 DEOPT PACKING pc=0x000001e0cd778c38 sp=0x00000007bb4f9e10
Event: 23.261 Thread 0x000001e122d94200 DEOPT UNPACKING pc=0x000001e0cd024402 sp=0x00000007bb4f9db8 mode 2
Event: 23.261 Thread 0x000001e122d94200 Uncommon trap: trap_request=0xffffffc6 fr.pc=0x000001e0cd7b5f08 relative=0x0000000000000748
Event: 23.261 Thread 0x000001e122d94200 Uncommon trap: reason=bimorphic_or_optimized_type_check action=maybe_recompile pc=0x000001e0cd7b5f08 method=com.sun.javafx.event.EventHandlerManager.dispatchBubblingEvent(Ljavafx/event/Event;)Ljavafx/event/Event; @ 1 c2
Event: 23.261 Thread 0x000001e122d94200 DEOPT PACKING pc=0x000001e0cd7b5f08 sp=0x00000007bb4f9e10
Event: 23.261 Thread 0x000001e122d94200 DEOPT UNPACKING pc=0x000001e0cd024402 sp=0x00000007bb4f9dc8 mode 2
Event: 23.261 Thread 0x000001e122d94200 Uncommon trap: trap_request=0xffffffc6 fr.pc=0x000001e0cd778c38 relative=0x00000000000006d8
Event: 23.261 Thread 0x000001e122d94200 Uncommon trap: reason=bimorphic_or_optimized_type_check action=maybe_recompile pc=0x000001e0cd778c38 method=com.sun.javafx.event.EventHandlerManager.dispatchCapturingEvent(Ljavafx/event/Event;)Ljavafx/event/Event; @ 1 c2
Event: 23.261 Thread 0x000001e122d94200 DEOPT PACKING pc=0x000001e0cd778c38 sp=0x00000007bb4f9e10
Event: 23.261 Thread 0x000001e122d94200 DEOPT UNPACKING pc=0x000001e0cd024402 sp=0x00000007bb4f9db8 mode 2
Event: 23.261 Thread 0x000001e122d94200 Uncommon trap: trap_request=0xffffffc6 fr.pc=0x000001e0cd7b5f08 relative=0x0000000000000748
Event: 23.261 Thread 0x000001e122d94200 Uncommon trap: reason=bimorphic_or_optimized_type_check action=maybe_recompile pc=0x000001e0cd7b5f08 method=com.sun.javafx.event.EventHandlerManager.dispatchBubblingEvent(Ljavafx/event/Event;)Ljavafx/event/Event; @ 1 c2
Event: 23.261 Thread 0x000001e122d94200 DEOPT PACKING pc=0x000001e0cd7b5f08 sp=0x00000007bb4f9e10
Event: 23.261 Thread 0x000001e122d94200 DEOPT UNPACKING pc=0x000001e0cd024402 sp=0x00000007bb4f9dc8 mode 2

Classes loaded (20 events):
Event: 2.436 Loading class java/time/zone/ZoneOffsetTransition
Event: 2.436 Loading class java/time/zone/ZoneOffsetTransition done
Event: 2.436 Loading class java/time/temporal/TemporalAdjusters
Event: 2.436 Loading class java/time/temporal/TemporalAdjusters done
Event: 2.437 Loading class java/time/Year
Event: 2.437 Loading class java/time/Year done
Event: 7.899 Loading class java/lang/FdLibm$Atan2
Event: 7.899 Loading class java/lang/FdLibm$Atan2 done
Event: 7.899 Loading class java/lang/FdLibm
Event: 7.899 Loading class java/lang/FdLibm done
Event: 15.155 Loading class java/util/stream/ReferencePipeline$4
Event: 15.155 Loading class java/util/stream/ReferencePipeline$4 done
Event: 15.155 Loading class java/util/stream/IntPipeline$1
Event: 15.155 Loading class java/util/stream/IntPipeline$1 done
Event: 15.155 Loading class java/util/stream/ForEachOps$ForEachOp$OfInt
Event: 15.155 Loading class java/util/stream/ForEachOps$ForEachOp$OfInt done
Event: 15.155 Loading class java/util/stream/ReferencePipeline$4$1
Event: 15.155 Loading class java/util/stream/ReferencePipeline$4$1 done
Event: 15.155 Loading class java/util/stream/IntPipeline$1$1
Event: 15.155 Loading class java/util/stream/IntPipeline$1$1 done

Classes unloaded (0 events):
No events

Classes redefined (0 events):
No events

Internal exceptions (20 events):
Event: 2.357 Thread 0x000001e122d94200 Exception <a 'java/lang/NoSuchMethodError'{0x00000004e3264fd8}: 'int java.lang.invoke.DirectMethodHandle$Holder.invokeInterface(java.lang.Object, java.lang.Object, int)'> (0x00000004e3264fd8) 
thrown [s\open\src\hotspot\share\interpreter\linkResolver.cpp, line 796]
Event: 2.357 Thread 0x000001e122d94200 Exception <a 'java/lang/IncompatibleClassChangeError'{0x00000004e32685b8}: Found class java.lang.Object, but interface was expected> (0x00000004e32685b8) 
thrown [s\open\src\hotspot\share\interpreter\linkResolver.cpp, line 863]
Event: 2.390 Thread 0x000001e122d94200 Implicit null exception at 0x000001e0cd694a74 to 0x000001e0cd695330
Event: 2.420 Thread 0x000001e122d94200 Exception <a 'java/lang/NoSuchMethodError'{0x00000004e30e2810}: 'java.lang.Object java.lang.invoke.DirectMethodHandle$Holder.invokeStaticInit(java.lang.Object, java.lang.Object, java.lang.Object)'> (0x00000004e30e2810) 
thrown [s\open\src\hotspot\share\interpreter\linkResolver.cpp, line 796]
Event: 2.437 Thread 0x000001e122d94200 Exception <a 'java/lang/NoSuchMethodError'{0x00000004e2e080b8}: 'java.lang.Object java.lang.invoke.DirectMethodHandle$Holder.invokeStatic(java.lang.Object, int, java.lang.Object)'> (0x00000004e2e080b8) 
thrown [s\open\src\hotspot\share\interpreter\linkResolver.cpp, line 796]
Event: 2.557 Thread 0x000001e122d94200 Implicit null exception at 0x000001e0cd69571b to 0x000001e0cd696224
Event: 7.504 Thread 0x000001e122d94200 Exception <a 'java/lang/NoSuchMethodError'{0x00000004e4a3a4d0}: 'void java.lang.invoke.Invokers$Holder.invokeExact_MT(java.lang.Object, java.lang.Object, java.lang.Object, java.lang.Object)'> (0x00000004e4a3a4d0) 
thrown [s\open\src\hotspot\share\interpreter\linkResolver.cpp, line 796]
Event: 7.527 Thread 0x000001e122d94200 Exception <a 'java/io/FileNotFoundException'{0x00000004e4922208}> (0x00000004e4922208) 
thrown [s\open\src\hotspot\share\prims\jni.cpp, line 520]
Event: 7.551 Thread 0x000001e122d94200 Exception <a 'java/lang/ClassNotFoundException'{0x00000004e474ac68}: com/sun/javafx/scene/control/skin/resources/controls> (0x00000004e474ac68) 
thrown [s\open\src\hotspot\share\prims\jni.cpp, line 539]
Event: 7.552 Thread 0x000001e122d94200 Exception <a 'java/lang/ClassNotFoundException'{0x00000004e4758e30}: com/sun/javafx/scene/control/skin/resources/controls_de> (0x00000004e4758e30) 
thrown [s\open\src\hotspot\share\prims\jni.cpp, line 539]
Event: 7.552 Thread 0x000001e122d94200 Exception <a 'java/lang/ClassNotFoundException'{0x00000004e4766898}: com/sun/javafx/scene/control/skin/resources/controls_de_DE> (0x00000004e4766898) 
thrown [s\open\src\hotspot\share\prims\jni.cpp, line 539]
Event: 15.154 Thread 0x000001e122d94200 Exception <a 'java/lang/NoSuchMethodError'{0x00000004d719c460}: 'int java.lang.invoke.DirectMethodHandle$Holder.invokeVirtual(java.lang.Object, java.lang.Object)'> (0x00000004d719c460) 
thrown [s\open\src\hotspot\share\interpreter\linkResolver.cpp, line 796]
Event: 15.155 Thread 0x000001e122d94200 Exception <a 'java/lang/NoSuchMethodError'{0x00000004d71a6450}: 'void java.lang.invoke.DirectMethodHandle$Holder.invokeStatic(java.lang.Object, java.lang.Object, java.lang.Object, int)'> (0x00000004d71a6450) 
thrown [s\open\src\hotspot\share\interpreter\linkResolver.cpp, line 796]
Event: 15.158 Thread 0x000001e122d94200 Exception <a 'java/lang/NoSuchMethodError'{0x00000004d71c99b8}: 'java.lang.Object java.lang.invoke.DirectMethodHandle$Holder.newInvokeSpecial(java.lang.Object, java.lang.Object, int, int, int, int, int, java.lang.Object)'> (0x00000004d71c99b8) 
thrown [s\open\src\hotspot\share\interpreter\linkResolver.cpp, line 796]
Event: 15.159 Thread 0x000001e122d94200 Exception <a 'java/lang/NoSuchMethodError'{0x00000004d71db768}: 'java.lang.Object java.lang.invoke.DirectMethodHandle$Holder.newInvokeSpecial(java.lang.Object, java.lang.Object, java.lang.Object, int, int, int, int, int)'> (0x00000004d71db768) 
thrown [s\open\src\hotspot\share\interpreter\linkResolver.cpp, line 796]
Event: 15.159 Thread 0x000001e122d94200 Exception <a 'java/lang/NoSuchMethodError'{0x00000004d71e2b08}: 'java.lang.Object java.lang.invoke.Invokers$Holder.linkToTargetMethod(java.lang.Object, java.lang.Object, int, int, int, int, int, java.lang.Object)'> (0x00000004d71e2b08) 
thrown [s\open\src\hotspot\share\interpreter\linkResolver.cpp, line 796]
Event: 20.677 Thread 0x000001e122d94200 Implicit null exception at 0x000001e0cd751aa5 to 0x000001e0cd75628c
Event: 20.677 Thread 0x000001e122d94200 Exception <a 'java/io/FileNotFoundException'{0x00000004d8d865a0}> (0x00000004d8d865a0) 
thrown [s\open\src\hotspot\share\prims\jni.cpp, line 520]
Event: 22.007 Thread 0x000001e122d94200 Implicit null exception at 0x000001e0cd75b6ce to 0x000001e0cd75b754
Event: 22.010 Thread 0x000001e122d94200 Implicit null exception at 0x000001e0cd7e5259 to 0x000001e0cd7ed05c

VM Operations (20 events):
Event: 2.307 Executing VM operation: HandshakeAllThreads (Deoptimize) done
Event: 2.347 Executing VM operation: HandshakeAllThreads (Deoptimize)
Event: 2.347 Executing VM operation: HandshakeAllThreads (Deoptimize) done
Event: 2.356 Executing VM operation: HandshakeAllThreads (Deoptimize)
Event: 2.356 Executing VM operation: HandshakeAllThreads (Deoptimize) done
Event: 4.721 Executing VM operation: G1CollectForAllocation (G1 Evacuation Pause)
Event: 4.725 Executing VM operation: G1CollectForAllocation (G1 Evacuation Pause) done
Event: 7.566 Executing VM operation: CollectForMetadataAllocation (Metadata GC Threshold)
Event: 7.569 Executing VM operation: CollectForMetadataAllocation (Metadata GC Threshold) done
Event: 7.573 Executing VM operation: G1PauseRemark
Event: 7.574 Executing VM operation: G1PauseRemark done
Event: 7.576 Executing VM operation: G1PauseCleanup
Event: 7.576 Executing VM operation: G1PauseCleanup done
Event: 15.153 Executing VM operation: HandshakeAllThreads (Deoptimize)
Event: 15.153 Executing VM operation: HandshakeAllThreads (Deoptimize) done
Event: 15.157 Executing VM operation: HandshakeAllThreads (Deoptimize)
Event: 15.157 Executing VM operation: HandshakeAllThreads (Deoptimize) done
Event: 15.178 Executing VM operation: G1CollectForAllocation (G1 Evacuation Pause)
Event: 15.184 Executing VM operation: G1CollectForAllocation (G1 Evacuation Pause) done
Event: 23.271 Executing VM operation: Exit

Memory protections (0 events):
No events

Nmethod flushes (0 events):
No events

Events (20 events):
Event: 8.254 Thread 0x000001e12369cd20 Thread exited: 0x000001e12369cd20
Event: 15.164 Thread 0x000001e0dcde47c0 Thread added: 0x000001e130c07910
Event: 15.171 Thread 0x000001e0dcde47c0 Thread added: 0x000001e12264c9e0
Event: 15.446 Thread 0x000001e12264c9e0 Thread exited: 0x000001e12264c9e0
Event: 15.510 Thread 0x000001e130c07910 Thread exited: 0x000001e130c07910
Event: 15.738 Thread 0x000001e0dcde47c0 Thread added: 0x000001e130c07910
Event: 15.744 Thread 0x000001e0dcde3d10 Thread added: 0x000001e12264c9e0
Event: 15.878 Thread 0x000001e12264c9e0 Thread exited: 0x000001e12264c9e0
Event: 16.216 Thread 0x000001e130c07910 Thread exited: 0x000001e130c07910
Event: 19.610 Thread 0x000001e0dcde47c0 Thread added: 0x000001e12264c9e0
Event: 19.842 Thread 0x000001e12264c9e0 Thread exited: 0x000001e12264c9e0
Event: 20.556 Thread 0x000001e0dcde47c0 Thread added: 0x000001e122a52340
Event: 20.556 Thread 0x000001e0dcde47c0 Thread added: 0x000001e1305c0080
Event: 21.073 Thread 0x000001e1305c0080 Thread exited: 0x000001e1305c0080
Event: 21.147 Thread 0x000001e122a52340 Thread exited: 0x000001e122a52340
Event: 23.270 Thread 0x000001e122d94200 Thread added: 0x000001e12348e0d0
Event: 23.270 Thread 0x000001e122d94200 Thread added: 0x000001e123491550
Event: 23.270 Thread 0x000001e123491550 Thread exited: 0x000001e123491550
Event: 23.270 Thread 0x000001e12348e0d0 Thread exited: 0x000001e12348e0d0
Event: 23.270 Thread 0x000001e122d94200 Before exit entered


Dynamic libraries:
0x00007ff7bf850000 - 0x00007ff7bf85e000 	C:\Users\Anwender\.jdks\openjdk-23.0.1\bin\java.exe
0x00007ffd5fb50000 - 0x00007ffd5fd48000 	C:\WINDOWS\SYSTEM32\ntdll.dll
0x00007ffd5e6e0000 - 0x00007ffd5e7a2000 	C:\WINDOWS\System32\KERNEL32.DLL
0x00007ffd5d6c0000 - 0x00007ffd5d9b6000 	C:\WINDOWS\System32\KERNELBASE.dll
0x00007ffd5d280000 - 0x00007ffd5d380000 	C:\WINDOWS\System32\ucrtbase.dll
0x00007ffd50b20000 - 0x00007ffd50b37000 	C:\Users\Anwender\.jdks\openjdk-23.0.1\bin\jli.dll
0x00007ffd56ff0000 - 0x00007ffd5700b000 	C:\Users\Anwender\.jdks\openjdk-23.0.1\bin\VCRUNTIME140.dll
0x00007ffd5e370000 - 0x00007ffd5e50d000 	C:\WINDOWS\System32\USER32.dll
0x00007ffd5daf0000 - 0x00007ffd5db12000 	C:\WINDOWS\System32\win32u.dll
0x00007ffd49ac0000 - 0x00007ffd49d5a000 	C:\WINDOWS\WinSxS\amd64_microsoft.windows.common-controls_6595b64144ccf1df_6.0.19041.4355_none_60b8b9eb71f62e16\COMCTL32.dll
0x00007ffd5fae0000 - 0x00007ffd5fb0b000 	C:\WINDOWS\System32\GDI32.dll
0x00007ffd5ee60000 - 0x00007ffd5eefe000 	C:\WINDOWS\System32\msvcrt.dll
0x00007ffd5d380000 - 0x00007ffd5d49a000 	C:\WINDOWS\System32\gdi32full.dll
0x00007ffd5d1e0000 - 0x00007ffd5d27d000 	C:\WINDOWS\System32\msvcp_win.dll
0x00007ffd5e8a0000 - 0x00007ffd5e8cf000 	C:\WINDOWS\System32\IMM32.DLL
0x00007ffd59db0000 - 0x00007ffd59dbc000 	C:\Users\Anwender\.jdks\openjdk-23.0.1\bin\vcruntime140_1.dll
0x00007ffd371e0000 - 0x00007ffd3726e000 	C:\Users\Anwender\.jdks\openjdk-23.0.1\bin\msvcp140.dll
0x00007ffc70160000 - 0x00007ffc70eaf000 	C:\Users\Anwender\.jdks\openjdk-23.0.1\bin\server\jvm.dll
0x00007ffd5e260000 - 0x00007ffd5e30f000 	C:\WINDOWS\System32\ADVAPI32.dll
0x00007ffd5ef00000 - 0x00007ffd5ef9f000 	C:\WINDOWS\System32\sechost.dll
0x00007ffd5dd20000 - 0x00007ffd5de43000 	C:\WINDOWS\System32\RPCRT4.dll
0x00007ffd5d530000 - 0x00007ffd5d557000 	C:\WINDOWS\System32\bcrypt.dll
0x00007ffd5fa70000 - 0x00007ffd5fadb000 	C:\WINDOWS\System32\WS2_32.dll
0x00007ffd5c720000 - 0x00007ffd5c76b000 	C:\WINDOWS\SYSTEM32\POWRPROF.dll
0x00007ffd55530000 - 0x00007ffd5553a000 	C:\WINDOWS\SYSTEM32\VERSION.dll
0x00007ffd53ad0000 - 0x00007ffd53af7000 	C:\WINDOWS\SYSTEM32\WINMM.dll
0x00007ffd5c5e0000 - 0x00007ffd5c5f2000 	C:\WINDOWS\SYSTEM32\UMPDC.dll
0x00007ffd5afa0000 - 0x00007ffd5afb2000 	C:\WINDOWS\SYSTEM32\kernel.appcore.dll
0x00007ffd58f70000 - 0x00007ffd58f7a000 	C:\Users\Anwender\.jdks\openjdk-23.0.1\bin\jimage.dll
0x00007ffd51400000 - 0x00007ffd515e4000 	C:\WINDOWS\SYSTEM32\DBGHELP.DLL
0x00007ffd35c70000 - 0x00007ffd35ca4000 	C:\WINDOWS\SYSTEM32\dbgcore.DLL
0x00007ffd5d4a0000 - 0x00007ffd5d522000 	C:\WINDOWS\System32\bcryptPrimitives.dll
0x00007ffd56fe0000 - 0x00007ffd56fef000 	C:\Users\Anwender\.jdks\openjdk-23.0.1\bin\instrument.dll
0x00007ffd50b00000 - 0x00007ffd50b1e000 	C:\Users\Anwender\.jdks\openjdk-23.0.1\bin\java.dll
0x00007ffd5de50000 - 0x00007ffd5df7b000 	C:\WINDOWS\System32\ole32.dll
0x00007ffd5f710000 - 0x00007ffd5fa65000 	C:\WINDOWS\System32\combase.dll
0x00007ffd5efa0000 - 0x00007ffd5f70f000 	C:\WINDOWS\System32\SHELL32.dll
0x00007ffd5b280000 - 0x00007ffd5ba23000 	C:\WINDOWS\SYSTEM32\windows.storage.dll
0x00007ffd5cc10000 - 0x00007ffd5cc3b000 	C:\WINDOWS\SYSTEM32\Wldp.dll
0x00007ffd5e7d0000 - 0x00007ffd5e89d000 	C:\WINDOWS\System32\OLEAUT32.dll
0x00007ffd5e8d0000 - 0x00007ffd5e97d000 	C:\WINDOWS\System32\SHCORE.dll
0x00007ffd5db70000 - 0x00007ffd5dbc5000 	C:\WINDOWS\System32\shlwapi.dll
0x00007ffd5d110000 - 0x00007ffd5d135000 	C:\WINDOWS\SYSTEM32\profapi.dll
0x00007ffcd0a70000 - 0x00007ffcd0b47000 	C:\Users\Anwender\.jdks\openjdk-23.0.1\bin\jsvml.dll
0x00007ffd56980000 - 0x00007ffd56990000 	C:\Users\Anwender\.jdks\openjdk-23.0.1\bin\net.dll
0x00007ffd5c970000 - 0x00007ffd5c9dc000 	C:\WINDOWS\system32\mswsock.dll
0x00007ffd40960000 - 0x00007ffd40976000 	C:\Users\Anwender\.jdks\openjdk-23.0.1\bin\nio.dll
0x00007ffd3f7a0000 - 0x00007ffd3f7b7000 	C:\Users\Anwender\.jdks\openjdk-23.0.1\bin\zip.dll
0x00007ffd3a380000 - 0x00007ffd3a39a000 	C:\Program Files\JetBrains\IntelliJ IDEA 2024.2.4\bin\breakgen64.dll
0x00007ffd440f0000 - 0x00007ffd440f9000 	C:\Users\Anwender\.jdks\openjdk-23.0.1\bin\extnet.dll
0x000001e0bb210000 - 0x000001e0bb213000 	C:\Users\Anwender\Downloads\openjfx-23.0.1_windows-x64_bin-sdk\javafx-sdk-23.0.1\bin\api-ms-win-core-console-l1-1-0.dll
0x000001e0bb220000 - 0x000001e0bb223000 	C:\Users\Anwender\Downloads\openjfx-23.0.1_windows-x64_bin-sdk\javafx-sdk-23.0.1\bin\api-ms-win-core-console-l1-2-0.dll
0x000001e0bb230000 - 0x000001e0bb233000 	C:\Users\Anwender\Downloads\openjfx-23.0.1_windows-x64_bin-sdk\javafx-sdk-23.0.1\bin\api-ms-win-core-datetime-l1-1-0.dll
0x000001e0bb240000 - 0x000001e0bb243000 	C:\Users\Anwender\Downloads\openjfx-23.0.1_windows-x64_bin-sdk\javafx-sdk-23.0.1\bin\api-ms-win-core-debug-l1-1-0.dll
0x000001e0bd2d0000 - 0x000001e0bd2d3000 	C:\Users\Anwender\Downloads\openjfx-23.0.1_windows-x64_bin-sdk\javafx-sdk-23.0.1\bin\api-ms-win-core-errorhandling-l1-1-0.dll
0x000001e0bd2e0000 - 0x000001e0bd2e4000 	C:\Users\Anwender\Downloads\openjfx-23.0.1_windows-x64_bin-sdk\javafx-sdk-23.0.1\bin\api-ms-win-core-file-l1-1-0.dll
0x000001e0bd2f0000 - 0x000001e0bd2f3000 	C:\Users\Anwender\Downloads\openjfx-23.0.1_windows-x64_bin-sdk\javafx-sdk-23.0.1\bin\api-ms-win-core-file-l1-2-0.dll
0x000001e0bd300000 - 0x000001e0bd303000 	C:\Users\Anwender\Downloads\openjfx-23.0.1_windows-x64_bin-sdk\javafx-sdk-23.0.1\bin\api-ms-win-core-file-l2-1-0.dll
0x000001e0bd310000 - 0x000001e0bd313000 	C:\Users\Anwender\Downloads\openjfx-23.0.1_windows-x64_bin-sdk\javafx-sdk-23.0.1\bin\api-ms-win-core-handle-l1-1-0.dll
0x000001e0bd320000 - 0x000001e0bd323000 	C:\Users\Anwender\Downloads\openjfx-23.0.1_windows-x64_bin-sdk\javafx-sdk-23.0.1\bin\api-ms-win-core-heap-l1-1-0.dll
0x000001e0dcf40000 - 0x000001e0dcf43000 	C:\Users\Anwender\Downloads\openjfx-23.0.1_windows-x64_bin-sdk\javafx-sdk-23.0.1\bin\api-ms-win-core-interlocked-l1-1-0.dll
0x000001e0dce10000 - 0x000001e0dce13000 	C:\Users\Anwender\Downloads\openjfx-23.0.1_windows-x64_bin-sdk\javafx-sdk-23.0.1\bin\api-ms-win-core-libraryloader-l1-1-0.dll
0x000001e0dce20000 - 0x000001e0dce23000 	C:\Users\Anwender\Downloads\openjfx-23.0.1_windows-x64_bin-sdk\javafx-sdk-23.0.1\bin\api-ms-win-core-localization-l1-2-0.dll
0x000001e0dce30000 - 0x000001e0dce33000 	C:\Users\Anwender\Downloads\openjfx-23.0.1_windows-x64_bin-sdk\javafx-sdk-23.0.1\bin\api-ms-win-core-memory-l1-1-0.dll
0x000001e0dce40000 - 0x000001e0dce43000 	C:\Users\Anwender\Downloads\openjfx-23.0.1_windows-x64_bin-sdk\javafx-sdk-23.0.1\bin\api-ms-win-core-namedpipe-l1-1-0.dll
0x000001e0dce50000 - 0x000001e0dce53000 	C:\Users\Anwender\Downloads\openjfx-23.0.1_windows-x64_bin-sdk\javafx-sdk-23.0.1\bin\api-ms-win-core-processenvironment-l1-1-0.dll
0x000001e0dce60000 - 0x000001e0dce63000 	C:\Users\Anwender\Downloads\openjfx-23.0.1_windows-x64_bin-sdk\javafx-sdk-23.0.1\bin\api-ms-win-core-processthreads-l1-1-0.dll
0x000001e0dce70000 - 0x000001e0dce73000 	C:\Users\Anwender\Downloads\openjfx-23.0.1_windows-x64_bin-sdk\javafx-sdk-23.0.1\bin\api-ms-win-core-processthreads-l1-1-1.dll
0x000001e0dce80000 - 0x000001e0dce83000 	C:\Users\Anwender\Downloads\openjfx-23.0.1_windows-x64_bin-sdk\javafx-sdk-23.0.1\bin\api-ms-win-core-profile-l1-1-0.dll
0x000001e0dce90000 - 0x000001e0dce93000 	C:\Users\Anwender\Downloads\openjfx-23.0.1_windows-x64_bin-sdk\javafx-sdk-23.0.1\bin\api-ms-win-core-rtlsupport-l1-1-0.dll
0x000001e0dcea0000 - 0x000001e0dcea3000 	C:\Users\Anwender\Downloads\openjfx-23.0.1_windows-x64_bin-sdk\javafx-sdk-23.0.1\bin\api-ms-win-core-string-l1-1-0.dll
0x000001e0dceb0000 - 0x000001e0dceb3000 	C:\Users\Anwender\Downloads\openjfx-23.0.1_windows-x64_bin-sdk\javafx-sdk-23.0.1\bin\api-ms-win-core-synch-l1-1-0.dll
0x000001e0dcec0000 - 0x000001e0dcec3000 	C:\Users\Anwender\Downloads\openjfx-23.0.1_windows-x64_bin-sdk\javafx-sdk-23.0.1\bin\api-ms-win-core-synch-l1-2-0.dll
0x000001e0dced0000 - 0x000001e0dced3000 	C:\Users\Anwender\Downloads\openjfx-23.0.1_windows-x64_bin-sdk\javafx-sdk-23.0.1\bin\api-ms-win-core-sysinfo-l1-1-0.dll
0x000001e0dcee0000 - 0x000001e0dcee3000 	C:\Users\Anwender\Downloads\openjfx-23.0.1_windows-x64_bin-sdk\javafx-sdk-23.0.1\bin\api-ms-win-core-timezone-l1-1-0.dll
0x000001e0dcef0000 - 0x000001e0dcef3000 	C:\Users\Anwender\Downloads\openjfx-23.0.1_windows-x64_bin-sdk\javafx-sdk-23.0.1\bin\api-ms-win-core-util-l1-1-0.dll
0x000001e0dcf00000 - 0x000001e0dcf03000 	C:\Users\Anwender\Downloads\openjfx-23.0.1_windows-x64_bin-sdk\javafx-sdk-23.0.1\bin\api-ms-win-crt-conio-l1-1-0.dll
0x000001e0dcf10000 - 0x000001e0dcf14000 	C:\Users\Anwender\Downloads\openjfx-23.0.1_windows-x64_bin-sdk\javafx-sdk-23.0.1\bin\api-ms-win-crt-convert-l1-1-0.dll
0x000001e0dcf20000 - 0x000001e0dcf23000 	C:\Users\Anwender\Downloads\openjfx-23.0.1_windows-x64_bin-sdk\javafx-sdk-23.0.1\bin\api-ms-win-crt-environment-l1-1-0.dll
0x000001e0dcf30000 - 0x000001e0dcf33000 	C:\Users\Anwender\Downloads\openjfx-23.0.1_windows-x64_bin-sdk\javafx-sdk-23.0.1\bin\api-ms-win-crt-filesystem-l1-1-0.dll
0x000001e0dcf50000 - 0x000001e0dcf53000 	C:\Users\Anwender\Downloads\openjfx-23.0.1_windows-x64_bin-sdk\javafx-sdk-23.0.1\bin\api-ms-win-crt-heap-l1-1-0.dll
0x000001e0dcf60000 - 0x000001e0dcf63000 	C:\Users\Anwender\Downloads\openjfx-23.0.1_windows-x64_bin-sdk\javafx-sdk-23.0.1\bin\api-ms-win-crt-locale-l1-1-0.dll
0x000001e0dcf70000 - 0x000001e0dcf75000 	C:\Users\Anwender\Downloads\openjfx-23.0.1_windows-x64_bin-sdk\javafx-sdk-23.0.1\bin\api-ms-win-crt-math-l1-1-0.dll
0x000001e0dcf80000 - 0x000001e0dcf85000 	C:\Users\Anwender\Downloads\openjfx-23.0.1_windows-x64_bin-sdk\javafx-sdk-23.0.1\bin\api-ms-win-crt-multibyte-l1-1-0.dll
0x000001e0dcf90000 - 0x000001e0dcfa0000 	C:\Users\Anwender\Downloads\openjfx-23.0.1_windows-x64_bin-sdk\javafx-sdk-23.0.1\bin\api-ms-win-crt-private-l1-1-0.dll
0x000001e0dcfa0000 - 0x000001e0dcfa3000 	C:\Users\Anwender\Downloads\openjfx-23.0.1_windows-x64_bin-sdk\javafx-sdk-23.0.1\bin\api-ms-win-crt-process-l1-1-0.dll
0x000001e0dcfb0000 - 0x000001e0dcfb4000 	C:\Users\Anwender\Downloads\openjfx-23.0.1_windows-x64_bin-sdk\javafx-sdk-23.0.1\bin\api-ms-win-crt-runtime-l1-1-0.dll
0x000001e0dcfc0000 - 0x000001e0dcfc4000 	C:\Users\Anwender\Downloads\openjfx-23.0.1_windows-x64_bin-sdk\javafx-sdk-23.0.1\bin\api-ms-win-crt-stdio-l1-1-0.dll
0x000001e0dcfd0000 - 0x000001e0dcfd4000 	C:\Users\Anwender\Downloads\openjfx-23.0.1_windows-x64_bin-sdk\javafx-sdk-23.0.1\bin\api-ms-win-crt-string-l1-1-0.dll
0x000001e0dcfe0000 - 0x000001e0dcfe3000 	C:\Users\Anwender\Downloads\openjfx-23.0.1_windows-x64_bin-sdk\javafx-sdk-23.0.1\bin\api-ms-win-crt-time-l1-1-0.dll
0x000001e0dcff0000 - 0x000001e0dcff3000 	C:\Users\Anwender\Downloads\openjfx-23.0.1_windows-x64_bin-sdk\javafx-sdk-23.0.1\bin\api-ms-win-crt-utility-l1-1-0.dll
0x00007ffc6f240000 - 0x00007ffc6f33c000 	C:\Users\Anwender\Downloads\openjfx-23.0.1_windows-x64_bin-sdk\javafx-sdk-23.0.1\bin\ucrtbase.dll
0x00007ffd39850000 - 0x00007ffd3986b000 	C:\Users\Anwender\Downloads\openjfx-23.0.1_windows-x64_bin-sdk\javafx-sdk-23.0.1\bin\vcruntime140.dll
0x00007ffd40080000 - 0x00007ffd4008c000 	C:\Users\Anwender\Downloads\openjfx-23.0.1_windows-x64_bin-sdk\javafx-sdk-23.0.1\bin\vcruntime140_1.dll
0x00007ffccff30000 - 0x00007ffccffbe000 	C:\Users\Anwender\Downloads\openjfx-23.0.1_windows-x64_bin-sdk\javafx-sdk-23.0.1\bin\msvcp140.dll
0x00007ffd3ff50000 - 0x00007ffd3ff59000 	C:\Users\Anwender\Downloads\openjfx-23.0.1_windows-x64_bin-sdk\javafx-sdk-23.0.1\bin\msvcp140_1.dll
0x00007ffd37600000 - 0x00007ffd37641000 	C:\Users\Anwender\Downloads\openjfx-23.0.1_windows-x64_bin-sdk\javafx-sdk-23.0.1\bin\msvcp140_2.dll
0x00007ffd37f70000 - 0x00007ffd37fa0000 	C:\Users\Anwender\Downloads\openjfx-23.0.1_windows-x64_bin-sdk\javafx-sdk-23.0.1\bin\prism_d3d.dll
0x00007ffd34dc0000 - 0x00007ffd34f91000 	C:\WINDOWS\system32\d3d9.dll
0x00007ffd5af70000 - 0x00007ffd5af9f000 	C:\WINDOWS\SYSTEM32\dwmapi.dll
0x00007ffd5ab90000 - 0x00007ffd5ac2e000 	C:\WINDOWS\system32\uxtheme.dll
0x00007ffd4fff0000 - 0x00007ffd500b4000 	C:\WINDOWS\System32\DriverStore\FileRepository\nv_dispi.inf_amd64_adf5a840df867035\nvldumdx.dll
0x00007ffd5cda0000 - 0x00007ffd5cdb2000 	C:\WINDOWS\SYSTEM32\msasn1.dll
0x00007ffd554f0000 - 0x00007ffd55521000 	C:\WINDOWS\SYSTEM32\cryptnet.dll
0x00007ffd5d560000 - 0x00007ffd5d6bd000 	C:\WINDOWS\System32\CRYPT32.dll
0x00007ffd5cb80000 - 0x00007ffd5cb8c000 	C:\WINDOWS\SYSTEM32\cryptbase.dll
0x00007ffd54f90000 - 0x00007ffd550d7000 	C:\WINDOWS\SYSTEM32\drvstore.dll
0x00007ffd5cf70000 - 0x00007ffd5cfa3000 	C:\WINDOWS\SYSTEM32\devobj.dll
0x00007ffd5db20000 - 0x00007ffd5db6e000 	C:\WINDOWS\System32\cfgmgr32.dll
0x00007ffd5d9c0000 - 0x00007ffd5da33000 	C:\WINDOWS\System32\wintrust.dll
0x00007ffd5e7b0000 - 0x00007ffd5e7cd000 	C:\WINDOWS\System32\imagehlp.dll
0x00007ffd5cb60000 - 0x00007ffd5cb78000 	C:\WINDOWS\SYSTEM32\CRYPTSP.dll
0x00007ffd5c220000 - 0x00007ffd5c258000 	C:\WINDOWS\system32\rsaenh.dll
0x00007ffd4ce90000 - 0x00007ffd4fba0000 	C:\WINDOWS\System32\DriverStore\FileRepository\nv_dispi.inf_amd64_adf5a840df867035\nvgpucomp64.dll
0x00007ffc80c00000 - 0x00007ffc8298c000 	C:\WINDOWS\System32\DriverStore\FileRepository\nv_dispi.inf_amd64_adf5a840df867035\nvd3dumx.dll
0x00007ffd1b930000 - 0x00007ffd1b975000 	C:\Users\Anwender\Downloads\openjfx-23.0.1_windows-x64_bin-sdk\javafx-sdk-23.0.1\bin\glass.dll
0x00007ffd5dbd0000 - 0x00007ffd5dcaa000 	C:\WINDOWS\System32\COMDLG32.dll
0x00007ffd5e5c0000 - 0x00007ffd5e6d5000 	C:\WINDOWS\System32\MSCTF.dll
0x00007ffd1d1b0000 - 0x00007ffd1d480000 	C:\WINDOWS\system32\nvspcap64.dll
0x00007ffd5c470000 - 0x00007ffd5c4a3000 	C:\WINDOWS\SYSTEM32\ntmarta.dll
0x00007ffd5ba40000 - 0x00007ffd5ba63000 	C:\WINDOWS\SYSTEM32\gpapi.dll
0x00007ffd26af0000 - 0x00007ffd26c45000 	C:\WINDOWS\System32\DriverStore\FileRepository\nv_dispi.inf_amd64_adf5a840df867035\nvppex.dll
0x00007ffd52a40000 - 0x00007ffd52a7b000 	C:\WINDOWS\SYSTEM32\dxcore.dll
0x00007ffd5e1b0000 - 0x00007ffd5e259000 	C:\WINDOWS\System32\clbcatq.dll
0x00007ffd4feb0000 - 0x00007ffd4ffef000 	C:\Windows\System32\Windows.UI.dll
0x00007ffd4fc00000 - 0x00007ffd4fd52000 	C:\Windows\System32\InputHost.dll
0x00007ffd4fd60000 - 0x00007ffd4fe59000 	C:\Windows\System32\TextInputFramework.dll
0x00007ffd54e80000 - 0x00007ffd54f21000 	C:\Windows\System32\WindowManagementAPI.dll

dbghelp: loaded successfully - version: 4.0.5 - missing functions: none
symbol engine: initialized successfully - sym options: 0x614 - pdb path: .;C:\Users\Anwender\.jdks\openjdk-23.0.1\bin;C:\WINDOWS\SYSTEM32;C:\WINDOWS\WinSxS\amd64_microsoft.windows.common-controls_6595b64144ccf1df_6.0.19041.4355_none_60b8b9eb71f62e16;C:\Users\Anwender\.jdks\openjdk-23.0.1\bin\server;C:\Program Files\JetBrains\IntelliJ IDEA 2024.2.4\bin;C:\Users\Anwender\Downloads\openjfx-23.0.1_windows-x64_bin-sdk\javafx-sdk-23.0.1\bin;C:\WINDOWS\System32\DriverStore\FileRepository\nv_dispi.inf_amd64_adf5a840df867035;C:\Program Files\Common Files\Microsoft Shared\Ink

VM Arguments:
jvm_args: --module-path=C:\Users\Anwender\Downloads\openjfx-23.0.1_windows-x64_bin-sdk\javafx-sdk-23.0.1\lib --add-modules=javafx.controls,javafx.fxml --enable-preview -javaagent:C:\Program Files\JetBrains\IntelliJ IDEA 2024.2.4\lib\idea_rt.jar=25907:C:\Program Files\JetBrains\IntelliJ IDEA 2024.2.4\bin -Dfile.encoding=UTF-8 -Dsun.stdout.encoding=UTF-8 -Dsun.stderr.encoding=UTF-8 
java_command: Main
java_class_path (initial): C:\Users\Anwender\IdeaProjects\demo3\target\classes;C:\Users\Anwender\.m2\repository\org\openjfx\javafx-controls\17.0.6\javafx-controls-17.0.6.jar;C:\Users\Anwender\.m2\repository\org\openjfx\javafx-controls\17.0.6\javafx-controls-17.0.6-win.jar;C:\Users\Anwender\.m2\repository\org\openjfx\javafx-graphics\17.0.6\javafx-graphics-17.0.6.jar;C:\Users\Anwender\.m2\repository\org\openjfx\javafx-graphics\17.0.6\javafx-graphics-17.0.6-win.jar;C:\Users\Anwender\.m2\repository\org\openjfx\javafx-base\17.0.6\javafx-base-17.0.6.jar;C:\Users\Anwender\.m2\repository\org\openjfx\javafx-base\17.0.6\javafx-base-17.0.6-win.jar;C:\Users\Anwender\.m2\repository\org\openjfx\javafx-fxml\17.0.6\javafx-fxml-17.0.6.jar;C:\Users\Anwender\.m2\repository\org\openjfx\javafx-fxml\17.0.6\javafx-fxml-17.0.6-win.jar;C:\Users\Anwender\.m2\repository\com\itextpdf\itextpdf\5.5.13.2\itextpdf-5.5.13.2.jar;C:\Users\Anwender\Downloads\postgresql-42.7.4.jar
Launcher Type: SUN_STANDARD

[Global flags]
     intx CICompilerCount                          = 4                                         {product} {ergonomic}
     uint ConcGCThreads                            = 3                                         {product} {ergonomic}
     uint G1ConcRefinementThreads                  = 10                                        {product} {ergonomic}
   size_t G1HeapRegionSize                         = 2097152                                   {product} {ergonomic}
   size_t InitialHeapSize                          = 268435456                                 {product} {ergonomic}
   size_t MarkStackSize                            = 4194304                                   {product} {ergonomic}
   size_t MarkStackSizeMax                         = 536870912                                 {product} {ergonomic}
   size_t MaxHeapSize                              = 4278190080                                {product} {ergonomic}
   size_t MaxNewSize                               = 2566914048                                {product} {ergonomic}
   size_t MinHeapDeltaBytes                        = 2097152                                   {product} {ergonomic}
   size_t MinHeapSize                              = 8388608                                   {product} {ergonomic}
    uintx NonNMethodCodeHeapSize                   = 5832704                                {pd product} {ergonomic}
    uintx NonProfiledCodeHeapSize                  = 122945536                              {pd product} {ergonomic}
    uintx ProfiledCodeHeapSize                     = 122880000                              {pd product} {ergonomic}
    uintx ReservedCodeCacheSize                    = 251658240                              {pd product} {ergonomic}
     bool SegmentedCodeCache                       = true                                      {product} {ergonomic}
   size_t SoftMaxHeapSize                          = 4278190080                             {manageable} {ergonomic}
     bool UseCompressedOops                        = true                           {product lp64_product} {ergonomic}
     bool UseG1GC                                  = true                                      {product} {ergonomic}
     bool UseLargePagesIndividualAllocation        = false                                  {pd product} {ergonomic}

Logging:
Log output configuration:
 #0: stdout all=off uptime,level,tags foldmultilines=false
 #1: stderr all=off uptime,level,tags foldmultilines=false

Environment Variables:
CLASSPATH=C:\Users\Anwender\Downloads\openjfx-23.0.1_windows-x64_bin-sdk\javafx-sdk-23.0.1\bin
PATH=C:\Program Files\Common Files\Oracle\Java\javapath;C:\WINDOWS\system32;C:\WINDOWS;C:\WINDOWS\System32\Wbem;C:\WINDOWS\System32\WindowsPowerShell\v1.0\;C:\WINDOWS\System32\OpenSSH\;C:\Program Files\NVIDIA Corporation\NVIDIA NvDLISR;C:\Program Files (x86)\NVIDIA Corporation\PhysX\Common;C:\Program Files\dotnet\;C:\Users\Anwender\.jdks\openjdk-23.0.1\bin;C:\Users\Anwender\Downloads\openjfx-23.0.1_windows-x64_bin-sdk\javafx-sdk-23.0.1\bin;C:\Program Files\Git\cmd;C:\Users\Anwender\AppData\Local\Programs\Python\Python312\Scripts\;C:\Users\Anwender\AppData\Local\Programs\Python\Python312\;C:\Users\Anwender\AppData\Local\Microsoft\WindowsApps;C:\Users\Anwender\AppData\Local\Programs\Microsoft VS Code\bin;C:\Users\Anwender\.jdks\openjdk-23.0.1\bin;
USERNAME=Anwender
OS=Windows_NT
PROCESSOR_IDENTIFIER=AMD64 Family 23 Model 113 Stepping 0, AuthenticAMD
TMP=C:\Users\Anwender\AppData\Local\Temp
TEMP=C:\Users\Anwender\AppData\Local\Temp




Periodic native trim disabled

---------------  S Y S T E M  ---------------

OS:
 Windows 10 , 64 bit Build 19041 (10.0.19041.5678)
OS uptime: 0 days 12:37 hours

CPU: total 12 (initial active 12) (12 cores per cpu, 2 threads per core) family 23 model 113 stepping 0 microcode 0x0, cx8, cmov, fxsr, ht, mmx, 3dnowpref, sse, sse2, sse3, ssse3, sse4a, sse4.1, sse4.2, popcnt, lzcnt, tsc, tscinvbit, avx, avx2, aes, clmul, bmi1, bmi2, adx, sha, fma, vzeroupper, clflush, clflushopt, rdtscp, rdpid, f16c
Processor Information for the first 12 processors :
  Max Mhz: 3593, Current Mhz: 3593, Mhz Limit: 3593

Memory: 4k page, system-wide physical 16313M (5866M free)
TotalPageFile size 23993M (AvailPageFile size 4031M)
current process WorkingSet (physical memory assigned to process): 223M, peak: 235M
current process commit charge ("private bytes"): 320M, peak: 495M

vm_info: OpenJDK 64-Bit Server VM (23.0.1+11-39) for windows-amd64 JRE (23.0.1+11-39), built on 2024-09-30T07:20:43Z with MS VC++ 17.6 (VS2022)

END.
