#
# A fatal error has been detected by the Java Runtime Environment:
#
#  EXCEPTION_ACCESS_VIOLATION (0xc0000005) at pc=0x00007ffd1bfd8427, pid=9392, tid=5068
#
# JRE version: OpenJDK Runtime Environment (23.0.1+11) (build 23.0.1+11-39)
# Java VM: OpenJDK 64-Bit Server VM (23.0.1+11-39, mixed mode, sharing, tiered, compressed oops, compressed class ptrs, g1 gc, windows-amd64)
# Problematic frame:
# C  [glass.dll+0x28427]
#
# No core dump will be written. Minidumps are not enabled by default on client versions of Windows
#
# If you would like to submit a bug report, please visit:
#   https://bugreport.java.com/bugreport/crash.jsp
#

---------------  S U M M A R Y ------------

Command Line: --module-path=C:\Users\Anwender\Downloads\openjfx-23.0.1_windows-x64_bin-sdk\javafx-sdk-23.0.1\lib --add-modules=javafx.controls,javafx.fxml --enable-preview -javaagent:C:\Program Files\JetBrains\IntelliJ IDEA 2024.2.4\lib\idea_rt.jar=64637:C:\Program Files\JetBrains\IntelliJ IDEA 2024.2.4\bin -Dfile.encoding=UTF-8 -Dsun.stdout.encoding=UTF-8 -Dsun.stderr.encoding=UTF-8 Main

Host: AMD Ryzen 5 3600 6-Core Processor              , 12 cores, 15G,  Windows 10 , 64 bit Build 19041 (10.0.19041.5678)
Time: Mon Apr 14 20:43:18 2025 Mitteleuropäische Sommerzeit elapsed time: 17.709664 seconds (0d 0h 0m 17s)

---------------  T H R E A D  ---------------

Current thread (0x0000020be3fb57d0):  VMThread "VM Thread"          [id=5068, stack(0x000000345fe00000,0x000000345ff00000) (1024K)]

Stack: [0x000000345fe00000,0x000000345ff00000],  sp=0x000000345fefec40,  free space=1019k
Native frames: (J=compiled Java code, j=interpreted, Vv=VM code, C=native code)
C  [glass.dll+0x28427]  (no source info available)
C  [ucrtbase.dll+0x142d6]  (no source info available)
C  [ucrtbase.dll+0x141fb]  (no source info available)
C  [ucrtbase.dll+0x141b4]  (no source info available)
C  [glass.dll+0x25bbd]  (no source info available)
C  [glass.dll+0x25ce2]  (no source info available)
C  [ntdll.dll+0x19a1d]  (no source info available)
C  [ntdll.dll+0x5f1ca]  (no source info available)
C  [ntdll.dll+0x5ef7d]  (no source info available)
C  [KERNEL32.DLL+0x1e3eb]  (no source info available)
C  [ucrtbase.dll+0x205bc]  (no source info available)
C  [ucrtbase.dll+0x2045f]  (no source info available)
V  [jvm.dll+0x6d990c]  (no source info available)
V  [jvm.dll+0x6d9440]  (no source info available)
V  [jvm.dll+0x3da534]  (no source info available)
V  [jvm.dll+0x886720]  (no source info available)
V  [jvm.dll+0x887a47]  (no source info available)
V  [jvm.dll+0x887f78]  (no source info available)
V  [jvm.dll+0x888213]  (no source info available)
V  [jvm.dll+0x824f8b]  (no source info available)
V  [jvm.dll+0x6df065]  (no source info available)
C  [ucrtbase.dll+0x21bb2]  (no source info available)
C  [KERNEL32.DLL+0x17374]  (no source info available)
C  [ntdll.dll+0x4cc91]  (no source info available)


siginfo: EXCEPTION_ACCESS_VIOLATION (0xc0000005), reading address 0x0000000000000000


Registers:
RAX=0x0000000000000000, RBX=0x0000020be3fbcb5a, RCX=0x0000020be3fb57d0, RDX=0x000000345fefec40
RSP=0x000000345fefec40, RBP=0x0000020be89927d8, RSI=0x0000020be89927b0, RDI=0x000098df4adf8070
R8 =0x0000000000010002, R9 =0x000098df4adf8070, R10=0x0000000000008000, R11=0x000000345fefebd0
R12=0x00007ffd1bfd5d30, R13=0x00007ffc70dfb760, R14=0x000000345fefed38, R15=0x0000020be89927b0
RIP=0x00007ffd1bfd8427, EFLAGS=0x0000000000010202


Register to memory mapping:

RAX=0x0 is null
RBX=0x0000020be3fbcb5a is a global jni handle
RCX=0x0000020be3fb57d0 points into unknown readable memory: 0x00007ffc70bff688 | 88 f6 bf 70 fc 7f 00 00
RDX=0x000000345fefec40 points into unknown readable memory: 0x0000000000000000 | 00 00 00 00 00 00 00 00
RSP=0x000000345fefec40 points into unknown readable memory: 0x0000000000000000 | 00 00 00 00 00 00 00 00
RBP=0x0000020be89927d8 points into unknown readable memory: 0x000098df4adf8070 | 70 80 df 4a df 98 00 00
RSI=0x0000020be89927b0 points into unknown readable memory: 0x584898df35229b8d | 8d 9b 22 35 df 98 48 58
RDI=0x000098df4adf8070 is an unknown value
R8 =0x0000000000010002 is an unknown value
R9 =0x000098df4adf8070 is an unknown value
R10=0x0000000000008000 is an unknown value
R11=0x000000345fefebd0 points into unknown readable memory: 0x0000020be89927b0 | b0 27 99 e8 0b 02 00 00
R12=0x00007ffd1bfd5d30 glass.dll
R13=0x00007ffc70dfb760 jvm.dll
R14=0x000000345fefed38 points into unknown readable memory: 0x000000345fefed20 | 20 ed ef 5f 34 00 00 00
R15=0x0000020be89927b0 points into unknown readable memory: 0x584898df35229b8d | 8d 9b 22 35 df 98 48 58

Top of Stack: (sp=0x000000345fefec40)
0x000000345fefec40:   0000000000000000 0000020be89927b0
0x000000345fefec50:   00007ffc70dfb760 00007ffd1bfd5d30
0x000000345fefec60:   0000020be89927b8 00007ffd5d2942d6
0x000000345fefec70:   000098df4adf8070 0000020b00000000
0x000000345fefec80:   0000020be89927d8 0000020be89927b0
0x000000345fefec90:   fffffffffffffffe 0000000000000000
0x000000345fefeca0:   0000000000000001 00007ffd1bfb0000
0x000000345fefecb0:   000000345fefed28 00007ffd5d2941fb
0x000000345fefecc0:   0000000000000000 000000345fefed38
0x000000345fefecd0:   000000345feff010 00007ffd5d370e40
0x000000345fefece0:   0000000000000001 00007ffd5d2941b4
0x000000345fefecf0:   0000000000000000 0000000000000001
0x000000345fefed00:   000000007ffe0385 000000345fefed28
0x000000345fefed10:   ffffffff00000001 00007ffd1bfd5bbd
0x000000345fefed20:   00007ffd1bfed078 00007ffd00000002
0x000000345fefed30:   0000000000000002 000000345fefed20
0x000000345fefed40:   00007ffd5c470000 00007ffd5fb69993
0x000000345fefed50:   0000000000000000 00007ffd1bfd5ce2
0x000000345fefed60:   0000000000000001 0000000000000000
0x000000345fefed70:   000000000000003c 0000000000000001
0x000000345fefed80:   00007ffd26b41094 0000000000000000
0x000000345fefed90:   0000000000000001 00007ffd26b4083c
0x000000345fefeda0:   00007ffd1bfb0000 000000007ffe0384
0x000000345fefedb0:   0000000000000000 00007ffd5fb69a1d
0x000000345fefedc0:   00007ffd1bfb0000 0000000000000000
0x000000345fefedd0:   0000000000000001 000000007ffe0385
0x000000345fefede0:   0000000000000000 00007ffd5fbaf331
0x000000345fefedf0:   0000593b0764aa00 0000000000000014
0x000000345fefee00:   00007ffd1bfd5d30 0000000000000000
0x000000345fefee10:   0000000000000000 000000345f2ad000
0x000000345fefee20:   0000020be8275e80 00007ffd5fbaf1ca
0x000000345fefee30:   0000020be8276580 00007ffd1bfb0000 

Instructions: (pc=0x00007ffd1bfd8427)
0x00007ffd1bfd8327:   8b 4d 58 e8 49 cf ff ff 48 8b 4d 60 e8 40 cf ff
0x00007ffd1bfd8337:   ff 48 8b 95 80 00 00 00 48 8b 8d 18 01 00 00 e8
0x00007ffd1bfd8347:   26 c5 ff ff 33 d2 33 c9 e8 8c e1 ff ff 90 48 89
0x00007ffd1bfd8357:   54 24 10 55 48 83 ec 20 48 8b ea 48 b8 00 00 00
0x00007ffd1bfd8367:   00 00 00 00 00 48 83 c4 20 5d c3 cc 40 55 48 8b
0x00007ffd1bfd8377:   ea 48 8b 01 33 c9 81 38 05 00 00 c0 0f 94 c1 8b
0x00007ffd1bfd8387:   c1 5d c3 cc 40 55 48 83 ec 20 48 8b ea 8a 4d 40
0x00007ffd1bfd8397:   48 83 c4 20 5d e9 33 d3 ff ff cc 40 55 48 83 ec
0x00007ffd1bfd83a7:   20 48 8b ea 8a 4d 20 e8 21 d3 ff ff 90 48 83 c4
0x00007ffd1bfd83b7:   20 5d c3 cc 40 55 48 83 ec 20 48 8b ea 48 83 c4
0x00007ffd1bfd83c7:   20 5d e9 82 d1 ff ff cc 40 55 48 83 ec 30 48 8b
0x00007ffd1bfd83d7:   ea 48 8b 01 8b 10 48 89 4c 24 28 89 54 24 20 4c
0x00007ffd1bfd83e7:   8d 0d 23 d6 ff ff 4c 8b 45 70 8b 55 68 48 8b 4d
0x00007ffd1bfd83f7:   60 e8 c3 d0 ff ff 90 48 83 c4 30 5d c3 cc cc cc
0x00007ffd1bfd8407:   cc cc cc cc cc cc cc cc cc 40 53 48 83 ec 20 48
0x00007ffd1bfd8417:   8b 1d 1b 46 01 00 48 85 db 74 16 e8 59 90 ff ff
0x00007ffd1bfd8427:   4c 8b 00 48 8b d3 48 8b c8 41 ff 90 b0 00 00 00
0x00007ffd1bfd8437:   90 48 83 c4 20 5b c3 cc cc 40 53 48 83 ec 20 48
0x00007ffd1bfd8447:   8b 1d 5b 47 01 00 48 85 db 74 57 b8 ff ff ff ff
0x00007ffd1bfd8457:   f0 0f c1 43 10 83 f8 01 75 3d 48 85 db 74 38 48
0x00007ffd1bfd8467:   8b 0b 48 85 c9 74 0d ff 15 3c 0e 00 00 48 c7 03
0x00007ffd1bfd8477:   00 00 00 00 48 8b 4b 08 48 85 c9 74 0d e8 ef cd
0x00007ffd1bfd8487:   ff ff 48 c7 43 08 00 00 00 00 ba 18 00 00 00 48
0x00007ffd1bfd8497:   8b cb e8 da cd ff ff 48 c7 05 ff 46 01 00 00 00
0x00007ffd1bfd84a7:   00 00 48 83 c4 20 5b c3 cc 40 53 48 83 ec 20 48
0x00007ffd1bfd84b7:   8b 1d cb 46 01 00 48 85 db 74 57 b8 ff ff ff ff
0x00007ffd1bfd84c7:   f0 0f c1 43 10 83 f8 01 75 3d 48 85 db 74 38 48
0x00007ffd1bfd84d7:   8b 0b 48 85 c9 74 0d ff 15 cc 0d 00 00 48 c7 03
0x00007ffd1bfd84e7:   00 00 00 00 48 8b 4b 08 48 85 c9 74 0d e8 7f cd
0x00007ffd1bfd84f7:   ff ff 48 c7 43 08 00 00 00 00 ba 18 00 00 00 48
0x00007ffd1bfd8507:   8b cb e8 6a cd ff ff 48 c7 05 6f 46 01 00 00 00
0x00007ffd1bfd8517:   00 00 48 83 c4 20 5b c3 cc 40 53 48 83 ec 20 48 


Stack slot to memory mapping:

stack at sp + 0 slots: 0x0 is null
stack at sp + 1 slots: 0x0000020be89927b0 points into unknown readable memory: 0x584898df35229b8d | 8d 9b 22 35 df 98 48 58
stack at sp + 2 slots: 0x00007ffc70dfb760 jvm.dll
stack at sp + 3 slots: 0x00007ffd1bfd5d30 glass.dll
stack at sp + 4 slots: 0x0000020be89927b8 points into unknown readable memory: 0x000098df4adf8070 | 70 80 df 4a df 98 00 00
stack at sp + 5 slots: 0x00007ffd5d2942d6 ucrtbase.dll
stack at sp + 6 slots: 0x000098df4adf8070 is an unknown value
stack at sp + 7 slots: 0x0000020b00000000 is an unknown value

VM_Operation (0x0000003460ffa380): Exit, mode: safepoint, requested by thread 0x0000020bc1b2b900


---------------  P R O C E S S  ---------------

Threads class SMR info:
_java_thread_list=0x0000020be8ebb570, length=20, elements={
0x0000020bc456acb0, 0x0000020be3fd0c50, 0x0000020be3fd2290, 0x0000020be3fd5220,
0x0000020be3fd7c90, 0x0000020be3fd8e90, 0x0000020be3fda2a0, 0x0000020be3fe1130,
0x0000020be3fe5bf0, 0x0000020bc112f750, 0x0000020be82145a0, 0x0000020bc1bfb4b0,
0x0000020bc15b68b0, 0x0000020be8118700, 0x0000020bc1b2b900, 0x0000020be8c32f50,
0x0000020be872ca00, 0x0000020be8861470, 0x0000020be8863540, 0x0000020be8862820
}

Java Threads: ( => current thread )
  0x0000020bc456acb0 JavaThread "main"                              [_thread_blocked, id=18472, stack(0x000000345f700000,0x000000345f800000) (1024K)]
  0x0000020be3fd0c50 JavaThread "Reference Handler"          daemon [_thread_blocked, id=18568, stack(0x000000345ff00000,0x0000003460000000) (1024K)]
  0x0000020be3fd2290 JavaThread "Finalizer"                  daemon [_thread_blocked, id=18428, stack(0x0000003460000000,0x0000003460100000) (1024K)]
  0x0000020be3fd5220 JavaThread "Signal Dispatcher"          daemon [_thread_blocked, id=22396, stack(0x0000003460100000,0x0000003460200000) (1024K)]
  0x0000020be3fd7c90 JavaThread "Attach Listener"            daemon [_thread_blocked, id=21936, stack(0x0000003460200000,0x0000003460300000) (1024K)]
  0x0000020be3fd8e90 JavaThread "Service Thread"             daemon [_thread_blocked, id=6232, stack(0x0000003460300000,0x0000003460400000) (1024K)]
  0x0000020be3fda2a0 JavaThread "Monitor Deflation Thread"   daemon [_thread_blocked, id=24204, stack(0x0000003460400000,0x0000003460500000) (1024K)]
  0x0000020be3fe1130 JavaThread "C2 CompilerThread0"         daemon [_thread_blocked, id=22740, stack(0x0000003460500000,0x0000003460600000) (1024K)]
  0x0000020be3fe5bf0 JavaThread "C1 CompilerThread0"         daemon [_thread_blocked, id=18604, stack(0x0000003460600000,0x0000003460700000) (1024K)]
  0x0000020bc112f750 JavaThread "Common-Cleaner"             daemon [_thread_blocked, id=19364, stack(0x0000003460700000,0x0000003460800000) (1024K)]
  0x0000020be82145a0 JavaThread "Monitor Ctrl-Break"         daemon [_thread_in_native, id=20108, stack(0x0000003460a00000,0x0000003460b00000) (1024K)]
  0x0000020bc1bfb4b0 JavaThread "Notification Thread"        daemon [_thread_blocked, id=18048, stack(0x0000003460b00000,0x0000003460c00000) (1024K)]
  0x0000020bc15b68b0 JavaThread "QuantumRenderer-0"          daemon [_thread_blocked, id=23080, stack(0x0000003460c00000,0x0000003460d00000) (1024K)]
  0x0000020be8118700 JavaThread "InvokeLaterDispatcher"      daemon [_thread_blocked, id=21584, stack(0x0000003460e00000,0x0000003460f00000) (1024K)]
  0x0000020bc1b2b900 JavaThread "JavaFX Application Thread"         [_thread_blocked, id=19816, stack(0x0000003460f00000,0x0000003461000000) (1024K)]
  0x0000020be8c32f50 JavaThread "JavaFX-Launcher"                   [_thread_blocked, id=14544, stack(0x0000003460900000,0x0000003460a00000) (1024K)]
  0x0000020be872ca00 JavaThread "Thread-2"                   daemon [_thread_in_native, id=18956, stack(0x0000003460800000,0x0000003460900000) (1024K)]
  0x0000020be8861470 JavaThread "Prism Font Disposer"        daemon [_thread_blocked, id=11032, stack(0x0000003461e60000,0x0000003461f60000) (1024K)]
  0x0000020be8863540 JavaThread "Cleaner-0"                  daemon [_thread_blocked, id=12516, stack(0x0000003461f60000,0x0000003462060000) (1024K)]
  0x0000020be8862820 JavaThread "PostgreSQL-JDBC-Cleaner"    daemon [_thread_blocked, id=14636, stack(0x0000003462270000,0x0000003462370000) (1024K)]
Total: 20

Other Threads:
=>0x0000020be3fb57d0 VMThread "VM Thread"                           [id=5068, stack(0x000000345fe00000,0x000000345ff00000) (1024K)]
  0x0000020bc45cf8c0 WorkerThread "GC Thread#0"                     [id=23712, stack(0x000000345f800000,0x000000345f900000) (1024K)]
  0x0000020be3fb62e0 WorkerThread "GC Thread#1"                     [id=18004, stack(0x0000003461160000,0x0000003461260000) (1024K)]
  0x0000020be87aafe0 WorkerThread "GC Thread#2"                     [id=17028, stack(0x0000003461260000,0x0000003461360000) (1024K)]
  0x0000020be87ab390 WorkerThread "GC Thread#3"                     [id=7540, stack(0x0000003461360000,0x0000003461460000) (1024K)]
  0x0000020be87a99c0 WorkerThread "GC Thread#4"                     [id=19500, stack(0x0000003461460000,0x0000003461560000) (1024K)]
  0x0000020be87ab740 WorkerThread "GC Thread#5"                     [id=7948, stack(0x0000003461560000,0x0000003461660000) (1024K)]
  0x0000020be87a9d70 WorkerThread "GC Thread#6"                     [id=21168, stack(0x0000003461860000,0x0000003461960000) (1024K)]
  0x0000020be87aa120 WorkerThread "GC Thread#7"                     [id=23924, stack(0x0000003461960000,0x0000003461a60000) (1024K)]
  0x0000020be87aa880 WorkerThread "GC Thread#8"                     [id=16852, stack(0x0000003461a60000,0x0000003461b60000) (1024K)]
  0x0000020bf4f3fd50 WorkerThread "GC Thread#9"                     [id=11736, stack(0x0000003462370000,0x0000003462470000) (1024K)]
  0x0000020bc21ccc70 ConcurrentGCThread "G1 Main Marker"            terminated
  0x0000020bc45e3fd0 WorkerThread "G1 Conc#0"                       [id=17720, stack(0x000000345fa00000,0x000000345fb00000) (1024K)]
  0x0000020bf4f3d4c0 WorkerThread "G1 Conc#1"                       [id=20532, stack(0x0000003462470000,0x0000003462570000) (1024K)]
  0x0000020bf4f3d870 WorkerThread "G1 Conc#2"                       [id=2232, stack(0x0000003462570000,0x0000003462670000) (1024K)]
  0x0000020be3e675c0 ConcurrentGCThread "G1 Refine#0"               terminated
  0x0000020be3e68750 ConcurrentGCThread "G1 Service"                terminated
Total: 17

Threads with active compile tasks:
Total: 0

VM state: at safepoint (shutting down)

VM Mutex/Monitor currently owned by a thread:  ([mutex/lock_event])
[0x00007ffc70dd3910] Threads_lock - owner thread: 0x0000020be3fb57d0
[0x00007ffc70dd3a10] Heap_lock - owner thread: 0x0000020bc1b2b900

Heap address: 0x0000000701000000, size: 4080 MB, Compressed Oops mode: Zero based, Oop shift amount: 3

CDS archive(s) mapped at: [0x0000020b80000000-0x0000020b80d70000-0x0000020b80d70000), size 14090240, SharedBaseAddress: 0x0000020b80000000, ArchiveRelocationMode: 1.
Compressed class space mapped at: 0x0000020b81000000-0x0000020bc1000000, reserved size: 1073741824
Narrow klass base: 0x0000020b80000000, Narrow klass shift: 0, Narrow klass range: 0x41000000

GC Precious Log:
 CardTable entry size: 512
 Card Set container configuration: InlinePtr #cards 4 size 8 Array Of Cards #cards 16 size 48 Howl #buckets 8 coarsen threshold 3686 Howl Bitmap #cards 512 size 80 coarsen threshold 460 Card regions per heap region 1 cards per card region 4096
 CPUs: 12 total, 12 available
 Memory: 16313M
 Large Page Support: Disabled
 NUMA Support: Disabled
 Compressed Oops: Enabled (Zero based)
 Heap Region Size: 2M
 Heap Min Capacity: 8M
 Heap Initial Capacity: 256M
 Heap Max Capacity: 4080M
 Pre-touch: Disabled
 Parallel Workers: 10
 Concurrent Workers: 3
 Concurrent Refinement Workers: 10
 Periodic GC: Disabled

Heap:
 garbage-first heap   total reserved 4177920K, committed 55296K, used 31455K [0x0000000701000000, 0x0000000800000000)
  region size 2048K, 9 young (18432K), 1 survivors (2048K)
 Metaspace       used 22170K, committed 22592K, reserved 1114112K
  class space    used 3122K, committed 3328K, reserved 1048576K

Heap Regions: E=young(eden), S=young(survivor), O=old, HS=humongous(starts), HC=humongous(continues), CS=collection set, F=free, TAMS=top-at-mark-start, PB=parsable bottom
|   0|0x0000000701000000, 0x0000000701200000, 0x0000000701200000|100%| O|  |TAMS 0x0000000701000000| PB 0x0000000701000000| Untracked |  0
|   1|0x0000000701200000, 0x0000000701400000, 0x0000000701400000|100%| O|  |TAMS 0x0000000701200000| PB 0x0000000701200000| Untracked |  0
|   2|0x0000000701400000, 0x0000000701600000, 0x0000000701600000|100%| O|  |TAMS 0x0000000701400000| PB 0x0000000701400000| Untracked |  0
|   3|0x0000000701600000, 0x0000000701800000, 0x0000000701800000|100%|HS|  |TAMS 0x0000000701600000| PB 0x0000000701600000| Complete |  0
|   4|0x0000000701800000, 0x0000000701a00000, 0x0000000701a00000|100%| O|  |TAMS 0x0000000701800000| PB 0x0000000701800000| Untracked |  0
|   5|0x0000000701a00000, 0x0000000701c00000, 0x0000000701c00000|100%| O|  |TAMS 0x0000000701a00000| PB 0x0000000701a00000| Untracked |  0
|   6|0x0000000701c00000, 0x0000000701d4eea0, 0x0000000701e00000| 65%| O|  |TAMS 0x0000000701c00000| PB 0x0000000701c00000| Untracked |  0
|   7|0x0000000701e00000, 0x0000000702000000, 0x0000000702000000|100%|HS|  |TAMS 0x0000000701e00000| PB 0x0000000701e00000| Complete |  0
|   8|0x0000000702000000, 0x0000000702000000, 0x0000000702200000|  0%| F|  |TAMS 0x0000000702000000| PB 0x0000000702000000| Untracked |  0
|   9|0x0000000702200000, 0x0000000702200000, 0x0000000702400000|  0%| F|  |TAMS 0x0000000702200000| PB 0x0000000702200000| Untracked |  0
|  10|0x0000000702400000, 0x0000000702400000, 0x0000000702600000|  0%| F|  |TAMS 0x0000000702400000| PB 0x0000000702400000| Untracked |  0
|  11|0x0000000702600000, 0x0000000702600000, 0x0000000702800000|  0%| F|  |TAMS 0x0000000702600000| PB 0x0000000702600000| Untracked |  0
|  12|0x0000000702800000, 0x0000000702800000, 0x0000000702a00000|  0%| F|  |TAMS 0x0000000702800000| PB 0x0000000702800000| Untracked |  0
|  13|0x0000000702a00000, 0x0000000702a00000, 0x0000000702c00000|  0%| F|  |TAMS 0x0000000702a00000| PB 0x0000000702a00000| Untracked |  0
|  14|0x0000000702c00000, 0x0000000702c00000, 0x0000000702e00000|  0%| F|  |TAMS 0x0000000702c00000| PB 0x0000000702c00000| Untracked |  0
|  15|0x0000000702e00000, 0x0000000702e00000, 0x0000000703000000|  0%| F|  |TAMS 0x0000000702e00000| PB 0x0000000702e00000| Untracked |  0
|  16|0x0000000703000000, 0x0000000703000000, 0x0000000703200000|  0%| F|  |TAMS 0x0000000703000000| PB 0x0000000703000000| Untracked |  0
|  17|0x0000000703200000, 0x0000000703200000, 0x0000000703400000|  0%| F|  |TAMS 0x0000000703200000| PB 0x0000000703200000| Untracked |  0
|  18|0x0000000703400000, 0x00000007035b8560, 0x0000000703600000| 86%| E|  |TAMS 0x0000000703400000| PB 0x0000000703400000| Complete |  0
|  19|0x0000000703600000, 0x0000000703800000, 0x0000000703800000|100%| E|CS|TAMS 0x0000000703600000| PB 0x0000000703600000| Complete |  0
|  20|0x0000000703800000, 0x0000000703a00000, 0x0000000703a00000|100%| E|CS|TAMS 0x0000000703800000| PB 0x0000000703800000| Complete |  0
|  21|0x0000000703a00000, 0x0000000703c00000, 0x0000000703c00000|100%| E|CS|TAMS 0x0000000703a00000| PB 0x0000000703a00000| Complete |  0
|  22|0x0000000703c00000, 0x0000000703e00000, 0x0000000703e00000|100%| E|CS|TAMS 0x0000000703c00000| PB 0x0000000703c00000| Complete |  0
|  23|0x0000000703e00000, 0x0000000704000000, 0x0000000704000000|100%| E|CS|TAMS 0x0000000703e00000| PB 0x0000000703e00000| Complete |  0
|  24|0x0000000704000000, 0x0000000704200000, 0x0000000704200000|100%| E|CS|TAMS 0x0000000704000000| PB 0x0000000704000000| Complete |  0
| 125|0x0000000710a00000, 0x0000000710b68d78, 0x0000000710c00000| 70%| S|CS|TAMS 0x0000000710a00000| PB 0x0000000710a00000| Complete |  0
| 127|0x0000000710e00000, 0x0000000711000000, 0x0000000711000000|100%| E|CS|TAMS 0x0000000710e00000| PB 0x0000000710e00000| Complete |  0

Card table byte_map: [0x0000020bdcb00000,0x0000020bdd300000] _byte_map_base: 0x0000020bd92f8000

Marking Bits: (CMBitMap*) 0x0000020bc21cbfb0
 Bits: [0x0000020bdd300000, 0x0000020be12c0000)

Polling page: 0x0000020bc23a0000

Metaspace:

Usage:
  Non-class:     18.60 MB used.
      Class:      3.05 MB used.
       Both:     21.65 MB used.

Virtual space:
  Non-class space:       64.00 MB reserved,      18.81 MB ( 29%) committed,  1 nodes.
      Class space:        1.00 GB reserved,       3.25 MB ( <1%) committed,  1 nodes.
             Both:        1.06 GB reserved,      22.06 MB (  2%) committed. 

Chunk freelists:
   Non-Class:  12.50 MB
       Class:  12.79 MB
        Both:  25.29 MB

MaxMetaspaceSize: unlimited
CompressedClassSpaceSize: 1.00 GB
Initial GC threshold: 21.00 MB
Current GC threshold: 35.25 MB
CDS: on
 - commit_granule_bytes: 65536.
 - commit_granule_words: 8192.
 - virtual_space_node_default_size: 8388608.
 - enlarge_chunks_in_place: 1.
 - use_allocation_guard: 0.


Internal statistics:

num_allocs_failed_limit: 3.
num_arena_births: 420.
num_arena_deaths: 0.
num_vsnodes_births: 2.
num_vsnodes_deaths: 0.
num_space_committed: 353.
num_space_uncommitted: 0.
num_chunks_returned_to_freelist: 3.
num_chunks_taken_from_freelist: 1125.
num_chunk_merges: 3.
num_chunk_splits: 758.
num_chunks_enlarged: 525.
num_inconsistent_stats: 0.

CodeHeap 'non-profiled nmethods': size=120064Kb used=1901Kb max_used=1901Kb free=118162Kb
 bounds [0x0000020bd4760000, 0x0000020bd49d0000, 0x0000020bdbca0000]
CodeHeap 'profiled nmethods': size=120000Kb used=7294Kb max_used=7294Kb free=112705Kb
 bounds [0x0000020bccca0000, 0x0000020bcd3c0000, 0x0000020bd41d0000]
CodeHeap 'non-nmethods': size=5696Kb used=1850Kb max_used=1893Kb free=3845Kb
 bounds [0x0000020bd41d0000, 0x0000020bd4440000, 0x0000020bd4760000]
CodeCache: size=245760Kb, used=11045Kb, max_used=11088Kb, free=234712Kb
 total_blobs=5581, nmethods=4704, adapters=780, full_count=0
Compilation: enabled, stopped_count=0, restarted_count=0

Compilation events (20 events):
Event: 17.310 Thread 0x0000020be3fe5bf0 nmethod 4693 0x0000020bcd3bc408 code [0x0000020bcd3bc580, 0x0000020bcd3bd190]
Event: 17.311 Thread 0x0000020be3fe5bf0 4698       3       com.sun.javafx.scene.NodeHelper::getPeer (10 bytes)
Event: 17.311 Thread 0x0000020be3fe1130 nmethod 4695 0x0000020bd4939d88 code [0x0000020bd4939e80, 0x0000020bd4939f48]
Event: 17.311 Thread 0x0000020be3fe5bf0 nmethod 4698 0x0000020bcd3bd208 code [0x0000020bcd3bd340, 0x0000020bcd3bd598]
Event: 17.311 Thread 0x0000020be3fe1130 4696       4       sun.util.logging.internal.LoggingProviderImpl$JULWrapper::isLoggable (12 bytes)
Event: 17.311 Thread 0x0000020be3fe5bf0 4699       3       javafx.scene.Node$1::getPeer (5 bytes)
Event: 17.311 Thread 0x0000020be3fe5bf0 nmethod 4699 0x0000020bcd3bd608 code [0x0000020bcd3bd720, 0x0000020bcd3bd8f0]
Event: 17.311 Thread 0x0000020be3fe5bf0 4694       3       javafx.scene.layout.CornerRadii::preComputeHash (420 bytes)
Event: 17.311 Thread 0x0000020be3fe5bf0 nmethod 4694 0x0000020bcd3bd988 code [0x0000020bcd3bdba0, 0x0000020bcd3befc0]
Event: 17.311 Thread 0x0000020be3fe1130 nmethod 4696 0x0000020bd493a408 code [0x0000020bd493a520, 0x0000020bd493a650]
Event: 17.311 Thread 0x0000020be3fe5bf0 4702       3       com.sun.prism.impl.ps.BaseShaderGraphics::fillRect (149 bytes)
Event: 17.311 Thread 0x0000020be3fe1130 4703       4       com.sun.javafx.geom.transform.AffineBase::doTransform (657 bytes)
Event: 17.312 Thread 0x0000020be3fe5bf0 nmethod 4702 0x0000020bcd3bf008 code [0x0000020bcd3bf180, 0x0000020bcd3bf6d8]
Event: 17.312 Thread 0x0000020be3fe5bf0 4700       3       com.sun.javafx.geom.BoxBounds::getBoundsType (4 bytes)
Event: 17.312 Thread 0x0000020be3fe5bf0 nmethod 4700 0x0000020bcd3bf788 code [0x0000020bcd3bf8a0, 0x0000020bcd3bf9b8]
Event: 17.314 Thread 0x0000020be3fe1130 nmethod 4703 0x0000020bd493a708 code [0x0000020bd493a840, 0x0000020bd493aec0]
Event: 17.314 Thread 0x0000020be3fe1130 4697       4       sun.util.logging.internal.LoggingProviderImpl$JULWrapper::toJUL (40 bytes)
Event: 17.315 Thread 0x0000020be3fe1130 nmethod 4697 0x0000020bd493af08 code [0x0000020bd493b000, 0x0000020bd493b0b8]
Event: 17.390 Thread 0x0000020be3fe5bf0 4704       1       com.sun.javafx.scene.control.behavior.BehaviorBase::getNode (5 bytes)
Event: 17.390 Thread 0x0000020be3fe5bf0 nmethod 4704 0x0000020bd493b208 code [0x0000020bd493b320, 0x0000020bd493b3f0]

GC Heap History (8 events):
Event: 0.491 GC heap before
{Heap before GC invocations=0 (full 0):
 garbage-first heap   total reserved 4177920K, committed 262144K, used 22528K [0x0000000701000000, 0x0000000800000000)
  region size 2048K, 12 young (24576K), 0 survivors (0K)
 Metaspace       used 4663K, committed 4864K, reserved 1114112K
  class space    used 546K, committed 640K, reserved 1048576K
}
Event: 0.494 GC heap after
{Heap after GC invocations=1 (full 0):
 garbage-first heap   total reserved 4177920K, committed 262144K, used 3964K [0x0000000701000000, 0x0000000800000000)
  region size 2048K, 2 young (4096K), 2 survivors (4096K)
 Metaspace       used 4663K, committed 4864K, reserved 1114112K
  class space    used 546K, committed 640K, reserved 1048576K
}
Event: 0.778 GC heap before
{Heap before GC invocations=1 (full 0):
 garbage-first heap   total reserved 4177920K, committed 262144K, used 26492K [0x0000000701000000, 0x0000000800000000)
  region size 2048K, 13 young (26624K), 2 survivors (4096K)
 Metaspace       used 8658K, committed 8896K, reserved 1114112K
  class space    used 1109K, committed 1216K, reserved 1048576K
}
Event: 0.781 GC heap after
{Heap after GC invocations=2 (full 0):
 garbage-first heap   total reserved 4177920K, committed 262144K, used 6903K [0x0000000701000000, 0x0000000800000000)
  region size 2048K, 2 young (4096K), 2 survivors (4096K)
 Metaspace       used 8658K, committed 8896K, reserved 1114112K
  class space    used 1109K, committed 1216K, reserved 1048576K
}
Event: 7.886 GC heap before
{Heap before GC invocations=2 (full 0):
 garbage-first heap   total reserved 4177920K, committed 262144K, used 66295K [0x0000000701000000, 0x0000000800000000)
  region size 2048K, 30 young (61440K), 2 survivors (4096K)
 Metaspace       used 20839K, committed 21248K, reserved 1114112K
  class space    used 2865K, committed 3072K, reserved 1048576K
}
Event: 7.890 GC heap after
{Heap after GC invocations=3 (full 0):
 garbage-first heap   total reserved 4177920K, committed 262144K, used 13854K [0x0000000701000000, 0x0000000800000000)
  region size 2048K, 4 young (8192K), 4 survivors (8192K)
 Metaspace       used 20839K, committed 21248K, reserved 1114112K
  class space    used 2865K, committed 3072K, reserved 1048576K
}
Event: 7.910 GC heap before
{Heap before GC invocations=3 (full 0):
 garbage-first heap   total reserved 4177920K, committed 262144K, used 15902K [0x0000000701000000, 0x0000000800000000)
  region size 2048K, 6 young (12288K), 4 survivors (8192K)
 Metaspace       used 21123K, committed 21504K, reserved 1114112K
  class space    used 2922K, committed 3072K, reserved 1048576K
}
Event: 7.914 GC heap after
{Heap after GC invocations=4 (full 0):
 garbage-first heap   total reserved 4177920K, committed 262144K, used 15071K [0x0000000701000000, 0x0000000800000000)
  region size 2048K, 1 young (2048K), 1 survivors (2048K)
 Metaspace       used 21123K, committed 21504K, reserved 1114112K
  class space    used 2922K, committed 3072K, reserved 1048576K
}

Dll operation events (20 events):
Event: 0.206 Loaded shared library C:\Users\Anwender\Downloads\openjfx-23.0.1_windows-x64_bin-sdk\javafx-sdk-23.0.1\bin\api-ms-win-crt-private-l1-1-0.dll
Event: 0.207 Loaded shared library C:\Users\Anwender\Downloads\openjfx-23.0.1_windows-x64_bin-sdk\javafx-sdk-23.0.1\bin\api-ms-win-crt-process-l1-1-0.dll
Event: 0.208 Loaded shared library C:\Users\Anwender\Downloads\openjfx-23.0.1_windows-x64_bin-sdk\javafx-sdk-23.0.1\bin\api-ms-win-crt-runtime-l1-1-0.dll
Event: 0.209 Loaded shared library C:\Users\Anwender\Downloads\openjfx-23.0.1_windows-x64_bin-sdk\javafx-sdk-23.0.1\bin\api-ms-win-crt-stdio-l1-1-0.dll
Event: 0.210 Loaded shared library C:\Users\Anwender\Downloads\openjfx-23.0.1_windows-x64_bin-sdk\javafx-sdk-23.0.1\bin\api-ms-win-crt-string-l1-1-0.dll
Event: 0.211 Loaded shared library C:\Users\Anwender\Downloads\openjfx-23.0.1_windows-x64_bin-sdk\javafx-sdk-23.0.1\bin\api-ms-win-crt-time-l1-1-0.dll
Event: 0.212 Loaded shared library C:\Users\Anwender\Downloads\openjfx-23.0.1_windows-x64_bin-sdk\javafx-sdk-23.0.1\bin\api-ms-win-crt-utility-l1-1-0.dll
Event: 0.213 Loaded shared library C:\Users\Anwender\Downloads\openjfx-23.0.1_windows-x64_bin-sdk\javafx-sdk-23.0.1\bin\ucrtbase.dll
Event: 0.214 Loaded shared library C:\Users\Anwender\Downloads\openjfx-23.0.1_windows-x64_bin-sdk\javafx-sdk-23.0.1\bin\vcruntime140.dll
Event: 0.215 Loaded shared library C:\Users\Anwender\Downloads\openjfx-23.0.1_windows-x64_bin-sdk\javafx-sdk-23.0.1\bin\vcruntime140_1.dll
Event: 0.216 Loaded shared library C:\Users\Anwender\Downloads\openjfx-23.0.1_windows-x64_bin-sdk\javafx-sdk-23.0.1\bin\msvcp140.dll
Event: 0.217 Loaded shared library C:\Users\Anwender\Downloads\openjfx-23.0.1_windows-x64_bin-sdk\javafx-sdk-23.0.1\bin\msvcp140_1.dll
Event: 0.218 Loaded shared library C:\Users\Anwender\Downloads\openjfx-23.0.1_windows-x64_bin-sdk\javafx-sdk-23.0.1\bin\msvcp140_2.dll
Event: 0.241 Loaded shared library C:\Users\Anwender\Downloads\openjfx-23.0.1_windows-x64_bin-sdk\javafx-sdk-23.0.1\bin\prism_d3d.dll
Event: 0.324 Loaded shared library C:\Users\Anwender\Downloads\openjfx-23.0.1_windows-x64_bin-sdk\javafx-sdk-23.0.1\bin\glass.dll
Event: 0.467 Loaded shared library C:\Users\Anwender\.jdks\openjdk-23.0.1\bin\jimage.dll
Event: 0.747 Loaded shared library C:\Users\Anwender\Downloads\openjfx-23.0.1_windows-x64_bin-sdk\javafx-sdk-23.0.1\bin\javafx_iio.dll
Event: 0.789 Loaded shared library C:\Users\Anwender\Downloads\openjfx-23.0.1_windows-x64_bin-sdk\javafx-sdk-23.0.1\bin\javafx_font.dll
Event: 7.317 Loaded shared library C:\Users\Anwender\.jdks\openjdk-23.0.1\bin\management.dll
Event: 7.319 Loaded shared library C:\Users\Anwender\.jdks\openjdk-23.0.1\bin\management_ext.dll

Deoptimization events (20 events):
Event: 17.214 Thread 0x0000020bc15b68b0 Uncommon trap: trap_request=0xffffff6e fr.pc=0x0000020bd4938f6c relative=0x000000000000072c
Event: 17.214 Thread 0x0000020bc15b68b0 Uncommon trap: reason=loop_limit_check action=maybe_recompile pc=0x0000020bd4938f6c method=com.sun.javafx.geom.transform.AffineBase.doTransform([FI[FIII)V @ 590 c2
Event: 17.214 Thread 0x0000020bc15b68b0 DEOPT PACKING pc=0x0000020bd4938f6c sp=0x0000003460cfe1b0
Event: 17.214 Thread 0x0000020bc15b68b0 DEOPT UNPACKING pc=0x0000020bd4224402 sp=0x0000003460cfe0e8 mode 2
Event: 17.390 Thread 0x0000020bc1b2b900 Uncommon trap: trap_request=0xffffffc6 fr.pc=0x0000020bd49069b8 relative=0x00000000000006d8
Event: 17.390 Thread 0x0000020bc1b2b900 Uncommon trap: reason=bimorphic_or_optimized_type_check action=maybe_recompile pc=0x0000020bd49069b8 method=com.sun.javafx.event.EventHandlerManager.dispatchCapturingEvent(Ljavafx/event/Event;)Ljavafx/event/Event; @ 1 c2
Event: 17.390 Thread 0x0000020bc1b2b900 DEOPT PACKING pc=0x0000020bd49069b8 sp=0x0000003460ffa0c0
Event: 17.390 Thread 0x0000020bc1b2b900 DEOPT UNPACKING pc=0x0000020bd4224402 sp=0x0000003460ffa068 mode 2
Event: 17.390 Thread 0x0000020bc1b2b900 Uncommon trap: trap_request=0xffffffc6 fr.pc=0x0000020bd491b788 relative=0x0000000000000748
Event: 17.390 Thread 0x0000020bc1b2b900 Uncommon trap: reason=bimorphic_or_optimized_type_check action=maybe_recompile pc=0x0000020bd491b788 method=com.sun.javafx.event.EventHandlerManager.dispatchBubblingEvent(Ljavafx/event/Event;)Ljavafx/event/Event; @ 1 c2
Event: 17.390 Thread 0x0000020bc1b2b900 DEOPT PACKING pc=0x0000020bd491b788 sp=0x0000003460ffa0c0
Event: 17.390 Thread 0x0000020bc1b2b900 DEOPT UNPACKING pc=0x0000020bd4224402 sp=0x0000003460ffa078 mode 2
Event: 17.391 Thread 0x0000020bc1b2b900 Uncommon trap: trap_request=0xffffffc6 fr.pc=0x0000020bd49069b8 relative=0x00000000000006d8
Event: 17.391 Thread 0x0000020bc1b2b900 Uncommon trap: reason=bimorphic_or_optimized_type_check action=maybe_recompile pc=0x0000020bd49069b8 method=com.sun.javafx.event.EventHandlerManager.dispatchCapturingEvent(Ljavafx/event/Event;)Ljavafx/event/Event; @ 1 c2
Event: 17.391 Thread 0x0000020bc1b2b900 DEOPT PACKING pc=0x0000020bd49069b8 sp=0x0000003460ffa0c0
Event: 17.391 Thread 0x0000020bc1b2b900 DEOPT UNPACKING pc=0x0000020bd4224402 sp=0x0000003460ffa068 mode 2
Event: 17.391 Thread 0x0000020bc1b2b900 Uncommon trap: trap_request=0xffffffc6 fr.pc=0x0000020bd491b788 relative=0x0000000000000748
Event: 17.391 Thread 0x0000020bc1b2b900 Uncommon trap: reason=bimorphic_or_optimized_type_check action=maybe_recompile pc=0x0000020bd491b788 method=com.sun.javafx.event.EventHandlerManager.dispatchBubblingEvent(Ljavafx/event/Event;)Ljavafx/event/Event; @ 1 c2
Event: 17.391 Thread 0x0000020bc1b2b900 DEOPT PACKING pc=0x0000020bd491b788 sp=0x0000003460ffa0c0
Event: 17.391 Thread 0x0000020bc1b2b900 DEOPT UNPACKING pc=0x0000020bd4224402 sp=0x0000003460ffa078 mode 2

Classes loaded (20 events):
Event: 7.447 Loading class java/time/chrono/Era done
Event: 7.447 Loading class java/time/chrono/IsoEra done
Event: 7.447 Loading class java/time/Instant$1
Event: 7.447 Loading class java/time/Instant$1 done
Event: 7.460 Loading class java/util/TimerTask
Event: 7.460 Loading class java/util/TimerTask done
Event: 7.462 Loading class java/util/concurrent/atomic/AtomicIntegerFieldUpdater
Event: 7.462 Loading class java/util/concurrent/atomic/AtomicIntegerFieldUpdater done
Event: 7.463 Loading class java/util/concurrent/atomic/AtomicIntegerFieldUpdater$AtomicIntegerFieldUpdaterImpl
Event: 7.463 Loading class java/util/concurrent/atomic/AtomicIntegerFieldUpdater$AtomicIntegerFieldUpdaterImpl done
Event: 7.463 Loading class java/util/concurrent/atomic/AtomicIntegerFieldUpdater$AtomicIntegerFieldUpdaterImpl$1
Event: 7.463 Loading class java/util/concurrent/atomic/AtomicIntegerFieldUpdater$AtomicIntegerFieldUpdaterImpl$1 done
Event: 7.465 Loading class java/lang/invoke/DirectMethodHandle$Special
Event: 7.465 Loading class java/lang/invoke/DirectMethodHandle$Special done
Event: 7.468 Loading class java/net/UnknownHostException
Event: 7.468 Loading class java/net/UnknownHostException done
Event: 7.954 Loading class java/lang/FdLibm$Atan2
Event: 7.954 Loading class java/lang/FdLibm$Atan2 done
Event: 7.954 Loading class java/lang/FdLibm
Event: 7.954 Loading class java/lang/FdLibm done

Classes unloaded (0 events):
No events

Classes redefined (0 events):
No events

Internal exceptions (20 events):
Event: 7.362 Thread 0x0000020bc1b2b900 Exception <a 'java/lang/NoSuchMethodError'{0x000000070e5a6418}: 'java.lang.Object java.lang.invoke.DirectMethodHandle$Holder.invokeSpecialIFC(java.lang.Object, java.lang.Object, java.lang.Object, java.lang.Object)'> (0x000000070e5a6418) 
thrown [s\open\src\hotspot\share\interpreter\linkResolver.cpp, line 796]
Event: 7.372 Thread 0x0000020bc1b2b900 Exception <a 'sun/nio/fs/WindowsException'{0x000000070e260e18}> (0x000000070e260e18) 
thrown [s\open\src\hotspot\share\prims\jni.cpp, line 520]
Event: 7.388 Thread 0x0000020bc1b2b900 Exception <a 'java/lang/NoSuchMethodError'{0x000000070e2f7c90}: 'int java.lang.invoke.DirectMethodHandle$Holder.invokeInterface(java.lang.Object, java.lang.Object, int)'> (0x000000070e2f7c90) 
thrown [s\open\src\hotspot\share\interpreter\linkResolver.cpp, line 796]
Event: 7.388 Thread 0x0000020bc1b2b900 Exception <a 'java/lang/IncompatibleClassChangeError'{0x000000070e315e98}: Found class java.lang.Object, but interface was expected> (0x000000070e315e98) 
thrown [s\open\src\hotspot\share\interpreter\linkResolver.cpp, line 863]
Event: 7.424 Thread 0x0000020bc1b2b900 Implicit null exception at 0x0000020bd48a06f4 to 0x0000020bd48a0fb0
Event: 7.456 Thread 0x0000020bc1b2b900 Exception <a 'java/lang/NoSuchMethodError'{0x000000070e18eba0}: 'java.lang.Object java.lang.invoke.DirectMethodHandle$Holder.invokeStaticInit(java.lang.Object, java.lang.Object, java.lang.Object)'> (0x000000070e18eba0) 
thrown [s\open\src\hotspot\share\interpreter\linkResolver.cpp, line 796]
Event: 7.607 Thread 0x0000020bc1b2b900 Implicit null exception at 0x0000020bd48a921b to 0x0000020bd48a9cb0
Event: 7.633 Thread 0x0000020bc1b2b900 Implicit null exception at 0x0000020bd48c1ec5 to 0x0000020bd48cb8d4
Event: 7.813 Thread 0x0000020bc1b2b900 Exception <a 'java/lang/NoSuchMethodError'{0x000000070daa7ac8}: 'void java.lang.invoke.Invokers$Holder.invokeExact_MT(java.lang.Object, java.lang.Object, java.lang.Object, java.lang.Object)'> (0x000000070daa7ac8) 
thrown [s\open\src\hotspot\share\interpreter\linkResolver.cpp, line 796]
Event: 7.836 Thread 0x0000020bc1b2b900 Exception <a 'java/io/FileNotFoundException'{0x000000070d96bce8}> (0x000000070d96bce8) 
thrown [s\open\src\hotspot\share\prims\jni.cpp, line 520]
Event: 7.862 Thread 0x0000020bc1b2b900 Exception <a 'java/lang/ClassNotFoundException'{0x000000070d786548}: com/sun/javafx/scene/control/skin/resources/controls> (0x000000070d786548) 
thrown [s\open\src\hotspot\share\prims\jni.cpp, line 539]
Event: 7.862 Thread 0x0000020bc1b2b900 Exception <a 'java/lang/ClassNotFoundException'{0x000000070d799550}: com/sun/javafx/scene/control/skin/resources/controls_de> (0x000000070d799550) 
thrown [s\open\src\hotspot\share\prims\jni.cpp, line 539]
Event: 7.862 Thread 0x0000020bc1b2b900 Exception <a 'java/lang/ClassNotFoundException'{0x000000070d7a6fb8}: com/sun/javafx/scene/control/skin/resources/controls_de_DE> (0x000000070d7a6fb8) 
thrown [s\open\src\hotspot\share\prims\jni.cpp, line 539]
Event: 14.159 Thread 0x0000020bc1b2b900 Exception <a 'java/io/FileNotFoundException'{0x0000000703a438e0}> (0x0000000703a438e0) 
thrown [s\open\src\hotspot\share\prims\jni.cpp, line 520]
Event: 15.072 Thread 0x0000020bc1b2b900 Exception <a 'java/lang/NoSuchMethodError'{0x0000000703bb1c70}: 'java.lang.Object java.lang.invoke.DirectMethodHandle$Holder.newInvokeSpecial(java.lang.Object, java.lang.Object, int, int, int, int, int, java.lang.Object)'> (0x0000000703bb1c70) 
thrown [s\open\src\hotspot\share\interpreter\linkResolver.cpp, line 796]
Event: 15.073 Thread 0x0000020bc1b2b900 Exception <a 'java/lang/NoSuchMethodError'{0x0000000703bc3a20}: 'java.lang.Object java.lang.invoke.DirectMethodHandle$Holder.newInvokeSpecial(java.lang.Object, java.lang.Object, java.lang.Object, int, int, int, int, int)'> (0x0000000703bc3a20) 
thrown [s\open\src\hotspot\share\interpreter\linkResolver.cpp, line 796]
Event: 15.073 Thread 0x0000020bc1b2b900 Exception <a 'java/lang/NoSuchMethodError'{0x0000000703bcadc0}: 'java.lang.Object java.lang.invoke.Invokers$Holder.linkToTargetMethod(java.lang.Object, java.lang.Object, int, int, int, int, int, java.lang.Object)'> (0x0000000703bcadc0) 
thrown [s\open\src\hotspot\share\interpreter\linkResolver.cpp, line 796]
Event: 15.191 Thread 0x0000020bc1b2b900 Exception <a 'java/io/FileNotFoundException'{0x00000007039a9c10}> (0x00000007039a9c10) 
thrown [s\open\src\hotspot\share\prims\jni.cpp, line 520]
Event: 16.287 Thread 0x0000020bc1b2b900 Implicit null exception at 0x0000020bd48f27ce to 0x0000020bd48f2854
Event: 16.951 Thread 0x0000020bc1b2b900 Implicit null exception at 0x0000020bd4927d34 to 0x0000020bd4928d6c

VM Operations (20 events):
Event: 1.080 Executing VM operation: HandshakeAllThreads (Deoptimize) done
Event: 1.091 Executing VM operation: HandshakeAllThreads (Deoptimize)
Event: 1.091 Executing VM operation: HandshakeAllThreads (Deoptimize) done
Event: 1.122 Executing VM operation: HandshakeAllThreads (Deoptimize)
Event: 1.122 Executing VM operation: HandshakeAllThreads (Deoptimize) done
Event: 7.335 Executing VM operation: HandshakeAllThreads (Deoptimize)
Event: 7.335 Executing VM operation: HandshakeAllThreads (Deoptimize) done
Event: 7.377 Executing VM operation: HandshakeAllThreads (Deoptimize)
Event: 7.377 Executing VM operation: HandshakeAllThreads (Deoptimize) done
Event: 7.387 Executing VM operation: HandshakeAllThreads (Deoptimize)
Event: 7.387 Executing VM operation: HandshakeAllThreads (Deoptimize) done
Event: 7.886 Executing VM operation: G1CollectForAllocation (G1 Evacuation Pause)
Event: 7.890 Executing VM operation: G1CollectForAllocation (G1 Evacuation Pause) done
Event: 7.910 Executing VM operation: CollectForMetadataAllocation (Metadata GC Threshold)
Event: 7.914 Executing VM operation: CollectForMetadataAllocation (Metadata GC Threshold) done
Event: 7.918 Executing VM operation: G1PauseRemark
Event: 7.919 Executing VM operation: G1PauseRemark done
Event: 7.921 Executing VM operation: G1PauseCleanup
Event: 7.921 Executing VM operation: G1PauseCleanup done
Event: 17.399 Executing VM operation: Exit

Memory protections (0 events):
No events

Nmethod flushes (0 events):
No events

Events (20 events):
Event: 1.321 Thread 0x0000020be87b56b0 Thread exited: 0x0000020be87b56b0
Event: 1.321 Thread 0x0000020be8758f60 Thread exited: 0x0000020be8758f60
Event: 1.977 Thread 0x0000020be3fe5bf0 Thread added: 0x0000020bf00fbdf0
Event: 2.145 Thread 0x0000020bf00fbdf0 Thread exited: 0x0000020bf00fbdf0
Event: 7.334 Thread 0x0000020be3fe5bf0 Thread added: 0x0000020bf0402760
Event: 7.412 Thread 0x0000020be3fe5bf0 Thread added: 0x0000020bc1782310
Event: 7.457 Thread 0x0000020bc1b2b900 Thread added: 0x0000020be8862820
Event: 8.760 Thread 0x0000020bc1782310 Thread exited: 0x0000020bc1782310
Event: 8.853 Thread 0x0000020bf0402760 Thread exited: 0x0000020bf0402760
Event: 14.161 Thread 0x0000020be3fe5bf0 Thread added: 0x0000020be847bfb0
Event: 14.494 Thread 0x0000020be847bfb0 Thread exited: 0x0000020be847bfb0
Event: 15.203 Thread 0x0000020be3fe5bf0 Thread added: 0x0000020be8017a70
Event: 15.207 Thread 0x0000020be3fe5bf0 Thread added: 0x0000020bc124c2f0
Event: 15.677 Thread 0x0000020bc124c2f0 Thread exited: 0x0000020bc124c2f0
Event: 15.677 Thread 0x0000020be8017a70 Thread exited: 0x0000020be8017a70
Event: 17.398 Thread 0x0000020bc1b2b900 Thread added: 0x0000020bc1bdd9a0
Event: 17.398 Thread 0x0000020bc1b2b900 Thread added: 0x0000020bc1bdb8d0
Event: 17.399 Thread 0x0000020bc1bdd9a0 Thread exited: 0x0000020bc1bdd9a0
Event: 17.399 Thread 0x0000020bc1bdb8d0 Thread exited: 0x0000020bc1bdb8d0
Event: 17.399 Thread 0x0000020bc1b2b900 Before exit entered


Dynamic libraries:
0x00007ff7bf850000 - 0x00007ff7bf85e000 	C:\Users\Anwender\.jdks\openjdk-23.0.1\bin\java.exe
0x00007ffd5fb50000 - 0x00007ffd5fd48000 	C:\WINDOWS\SYSTEM32\ntdll.dll
0x00007ffd5e6e0000 - 0x00007ffd5e7a2000 	C:\WINDOWS\System32\KERNEL32.DLL
0x00007ffd5d6c0000 - 0x00007ffd5d9b6000 	C:\WINDOWS\System32\KERNELBASE.dll
0x00007ffd5d280000 - 0x00007ffd5d380000 	C:\WINDOWS\System32\ucrtbase.dll
0x00007ffd50b20000 - 0x00007ffd50b37000 	C:\Users\Anwender\.jdks\openjdk-23.0.1\bin\jli.dll
0x00007ffd50b00000 - 0x00007ffd50b1b000 	C:\Users\Anwender\.jdks\openjdk-23.0.1\bin\VCRUNTIME140.dll
0x00007ffd5e370000 - 0x00007ffd5e50d000 	C:\WINDOWS\System32\USER32.dll
0x00007ffd5daf0000 - 0x00007ffd5db12000 	C:\WINDOWS\System32\win32u.dll
0x00007ffd49ac0000 - 0x00007ffd49d5a000 	C:\WINDOWS\WinSxS\amd64_microsoft.windows.common-controls_6595b64144ccf1df_6.0.19041.4355_none_60b8b9eb71f62e16\COMCTL32.dll
0x00007ffd5fae0000 - 0x00007ffd5fb0b000 	C:\WINDOWS\System32\GDI32.dll
0x00007ffd5ee60000 - 0x00007ffd5eefe000 	C:\WINDOWS\System32\msvcrt.dll
0x00007ffd5d380000 - 0x00007ffd5d49a000 	C:\WINDOWS\System32\gdi32full.dll
0x00007ffd5d1e0000 - 0x00007ffd5d27d000 	C:\WINDOWS\System32\msvcp_win.dll
0x00007ffd5e8a0000 - 0x00007ffd5e8cf000 	C:\WINDOWS\System32\IMM32.DLL
0x00007ffd59db0000 - 0x00007ffd59dbc000 	C:\Users\Anwender\.jdks\openjdk-23.0.1\bin\vcruntime140_1.dll
0x00007ffd371e0000 - 0x00007ffd3726e000 	C:\Users\Anwender\.jdks\openjdk-23.0.1\bin\msvcp140.dll
0x00007ffc70160000 - 0x00007ffc70eaf000 	C:\Users\Anwender\.jdks\openjdk-23.0.1\bin\server\jvm.dll
0x00007ffd5e260000 - 0x00007ffd5e30f000 	C:\WINDOWS\System32\ADVAPI32.dll
0x00007ffd5ef00000 - 0x00007ffd5ef9f000 	C:\WINDOWS\System32\sechost.dll
0x00007ffd5dd20000 - 0x00007ffd5de43000 	C:\WINDOWS\System32\RPCRT4.dll
0x00007ffd5d530000 - 0x00007ffd5d557000 	C:\WINDOWS\System32\bcrypt.dll
0x00007ffd5fa70000 - 0x00007ffd5fadb000 	C:\WINDOWS\System32\WS2_32.dll
0x00007ffd5c720000 - 0x00007ffd5c76b000 	C:\WINDOWS\SYSTEM32\POWRPROF.dll
0x00007ffd53ad0000 - 0x00007ffd53af7000 	C:\WINDOWS\SYSTEM32\WINMM.dll
0x00007ffd55530000 - 0x00007ffd5553a000 	C:\WINDOWS\SYSTEM32\VERSION.dll
0x00007ffd5c5e0000 - 0x00007ffd5c5f2000 	C:\WINDOWS\SYSTEM32\UMPDC.dll
0x00007ffd5afa0000 - 0x00007ffd5afb2000 	C:\WINDOWS\SYSTEM32\kernel.appcore.dll
0x00007ffd58f70000 - 0x00007ffd58f7a000 	C:\Users\Anwender\.jdks\openjdk-23.0.1\bin\jimage.dll
0x00007ffd51400000 - 0x00007ffd515e4000 	C:\WINDOWS\SYSTEM32\DBGHELP.DLL
0x00007ffd35c70000 - 0x00007ffd35ca4000 	C:\WINDOWS\SYSTEM32\dbgcore.DLL
0x00007ffd5d4a0000 - 0x00007ffd5d522000 	C:\WINDOWS\System32\bcryptPrimitives.dll
0x00007ffd56980000 - 0x00007ffd5698f000 	C:\Users\Anwender\.jdks\openjdk-23.0.1\bin\instrument.dll
0x00007ffd40960000 - 0x00007ffd4097e000 	C:\Users\Anwender\.jdks\openjdk-23.0.1\bin\java.dll
0x00007ffd5de50000 - 0x00007ffd5df7b000 	C:\WINDOWS\System32\ole32.dll
0x00007ffd5f710000 - 0x00007ffd5fa65000 	C:\WINDOWS\System32\combase.dll
0x00007ffd5efa0000 - 0x00007ffd5f70f000 	C:\WINDOWS\System32\SHELL32.dll
0x00007ffd5b280000 - 0x00007ffd5ba23000 	C:\WINDOWS\SYSTEM32\windows.storage.dll
0x00007ffd5cc10000 - 0x00007ffd5cc3b000 	C:\WINDOWS\SYSTEM32\Wldp.dll
0x00007ffd5e7d0000 - 0x00007ffd5e89d000 	C:\WINDOWS\System32\OLEAUT32.dll
0x00007ffd5e8d0000 - 0x00007ffd5e97d000 	C:\WINDOWS\System32\SHCORE.dll
0x00007ffd5db70000 - 0x00007ffd5dbc5000 	C:\WINDOWS\System32\shlwapi.dll
0x00007ffd5d110000 - 0x00007ffd5d135000 	C:\WINDOWS\SYSTEM32\profapi.dll
0x00007ffcd0a70000 - 0x00007ffcd0b47000 	C:\Users\Anwender\.jdks\openjdk-23.0.1\bin\jsvml.dll
0x00007ffd440f0000 - 0x00007ffd44100000 	C:\Users\Anwender\.jdks\openjdk-23.0.1\bin\net.dll
0x00007ffd5c970000 - 0x00007ffd5c9dc000 	C:\WINDOWS\system32\mswsock.dll
0x00007ffd3ca50000 - 0x00007ffd3ca66000 	C:\Users\Anwender\.jdks\openjdk-23.0.1\bin\nio.dll
0x00007ffd3ca30000 - 0x00007ffd3ca47000 	C:\Users\Anwender\.jdks\openjdk-23.0.1\bin\zip.dll
0x00007ffd37f80000 - 0x00007ffd37f9a000 	C:\Program Files\JetBrains\IntelliJ IDEA 2024.2.4\bin\breakgen64.dll
0x00007ffd44020000 - 0x00007ffd44029000 	C:\Users\Anwender\.jdks\openjdk-23.0.1\bin\extnet.dll
0x0000020bc1c20000 - 0x0000020bc1c23000 	C:\Users\Anwender\Downloads\openjfx-23.0.1_windows-x64_bin-sdk\javafx-sdk-23.0.1\bin\api-ms-win-core-console-l1-1-0.dll
0x0000020bc1d60000 - 0x0000020bc1d63000 	C:\Users\Anwender\Downloads\openjfx-23.0.1_windows-x64_bin-sdk\javafx-sdk-23.0.1\bin\api-ms-win-core-console-l1-2-0.dll
0x0000020bc1c30000 - 0x0000020bc1c33000 	C:\Users\Anwender\Downloads\openjfx-23.0.1_windows-x64_bin-sdk\javafx-sdk-23.0.1\bin\api-ms-win-core-datetime-l1-1-0.dll
0x0000020bc1c40000 - 0x0000020bc1c43000 	C:\Users\Anwender\Downloads\openjfx-23.0.1_windows-x64_bin-sdk\javafx-sdk-23.0.1\bin\api-ms-win-core-debug-l1-1-0.dll
0x0000020bc1c50000 - 0x0000020bc1c53000 	C:\Users\Anwender\Downloads\openjfx-23.0.1_windows-x64_bin-sdk\javafx-sdk-23.0.1\bin\api-ms-win-core-errorhandling-l1-1-0.dll
0x0000020bc1c60000 - 0x0000020bc1c64000 	C:\Users\Anwender\Downloads\openjfx-23.0.1_windows-x64_bin-sdk\javafx-sdk-23.0.1\bin\api-ms-win-core-file-l1-1-0.dll
0x0000020bc1c70000 - 0x0000020bc1c73000 	C:\Users\Anwender\Downloads\openjfx-23.0.1_windows-x64_bin-sdk\javafx-sdk-23.0.1\bin\api-ms-win-core-file-l1-2-0.dll
0x0000020bc1c80000 - 0x0000020bc1c83000 	C:\Users\Anwender\Downloads\openjfx-23.0.1_windows-x64_bin-sdk\javafx-sdk-23.0.1\bin\api-ms-win-core-file-l2-1-0.dll
0x0000020bc1c90000 - 0x0000020bc1c93000 	C:\Users\Anwender\Downloads\openjfx-23.0.1_windows-x64_bin-sdk\javafx-sdk-23.0.1\bin\api-ms-win-core-handle-l1-1-0.dll
0x0000020bc1ca0000 - 0x0000020bc1ca3000 	C:\Users\Anwender\Downloads\openjfx-23.0.1_windows-x64_bin-sdk\javafx-sdk-23.0.1\bin\api-ms-win-core-heap-l1-1-0.dll
0x0000020bc1cb0000 - 0x0000020bc1cb3000 	C:\Users\Anwender\Downloads\openjfx-23.0.1_windows-x64_bin-sdk\javafx-sdk-23.0.1\bin\api-ms-win-core-interlocked-l1-1-0.dll
0x0000020bc1cc0000 - 0x0000020bc1cc3000 	C:\Users\Anwender\Downloads\openjfx-23.0.1_windows-x64_bin-sdk\javafx-sdk-23.0.1\bin\api-ms-win-core-libraryloader-l1-1-0.dll
0x0000020bc1cd0000 - 0x0000020bc1cd3000 	C:\Users\Anwender\Downloads\openjfx-23.0.1_windows-x64_bin-sdk\javafx-sdk-23.0.1\bin\api-ms-win-core-localization-l1-2-0.dll
0x0000020bc1ce0000 - 0x0000020bc1ce3000 	C:\Users\Anwender\Downloads\openjfx-23.0.1_windows-x64_bin-sdk\javafx-sdk-23.0.1\bin\api-ms-win-core-memory-l1-1-0.dll
0x0000020bc1cf0000 - 0x0000020bc1cf3000 	C:\Users\Anwender\Downloads\openjfx-23.0.1_windows-x64_bin-sdk\javafx-sdk-23.0.1\bin\api-ms-win-core-namedpipe-l1-1-0.dll
0x0000020bc1d00000 - 0x0000020bc1d03000 	C:\Users\Anwender\Downloads\openjfx-23.0.1_windows-x64_bin-sdk\javafx-sdk-23.0.1\bin\api-ms-win-core-processenvironment-l1-1-0.dll
0x0000020bc1d10000 - 0x0000020bc1d13000 	C:\Users\Anwender\Downloads\openjfx-23.0.1_windows-x64_bin-sdk\javafx-sdk-23.0.1\bin\api-ms-win-core-processthreads-l1-1-0.dll
0x0000020bc1d20000 - 0x0000020bc1d23000 	C:\Users\Anwender\Downloads\openjfx-23.0.1_windows-x64_bin-sdk\javafx-sdk-23.0.1\bin\api-ms-win-core-processthreads-l1-1-1.dll
0x0000020bc1d30000 - 0x0000020bc1d33000 	C:\Users\Anwender\Downloads\openjfx-23.0.1_windows-x64_bin-sdk\javafx-sdk-23.0.1\bin\api-ms-win-core-profile-l1-1-0.dll
0x0000020bc1d40000 - 0x0000020bc1d43000 	C:\Users\Anwender\Downloads\openjfx-23.0.1_windows-x64_bin-sdk\javafx-sdk-23.0.1\bin\api-ms-win-core-rtlsupport-l1-1-0.dll
0x0000020bc1d50000 - 0x0000020bc1d53000 	C:\Users\Anwender\Downloads\openjfx-23.0.1_windows-x64_bin-sdk\javafx-sdk-23.0.1\bin\api-ms-win-core-string-l1-1-0.dll
0x0000020bc1d70000 - 0x0000020bc1d73000 	C:\Users\Anwender\Downloads\openjfx-23.0.1_windows-x64_bin-sdk\javafx-sdk-23.0.1\bin\api-ms-win-core-synch-l1-1-0.dll
0x0000020bc1d80000 - 0x0000020bc1d83000 	C:\Users\Anwender\Downloads\openjfx-23.0.1_windows-x64_bin-sdk\javafx-sdk-23.0.1\bin\api-ms-win-core-synch-l1-2-0.dll
0x0000020bc1d90000 - 0x0000020bc1d93000 	C:\Users\Anwender\Downloads\openjfx-23.0.1_windows-x64_bin-sdk\javafx-sdk-23.0.1\bin\api-ms-win-core-sysinfo-l1-1-0.dll
0x0000020bc1da0000 - 0x0000020bc1da3000 	C:\Users\Anwender\Downloads\openjfx-23.0.1_windows-x64_bin-sdk\javafx-sdk-23.0.1\bin\api-ms-win-core-timezone-l1-1-0.dll
0x0000020bc1db0000 - 0x0000020bc1db3000 	C:\Users\Anwender\Downloads\openjfx-23.0.1_windows-x64_bin-sdk\javafx-sdk-23.0.1\bin\api-ms-win-core-util-l1-1-0.dll
0x0000020bc1dc0000 - 0x0000020bc1dc3000 	C:\Users\Anwender\Downloads\openjfx-23.0.1_windows-x64_bin-sdk\javafx-sdk-23.0.1\bin\api-ms-win-crt-conio-l1-1-0.dll
0x0000020bc1dd0000 - 0x0000020bc1dd4000 	C:\Users\Anwender\Downloads\openjfx-23.0.1_windows-x64_bin-sdk\javafx-sdk-23.0.1\bin\api-ms-win-crt-convert-l1-1-0.dll
0x0000020bc1de0000 - 0x0000020bc1de3000 	C:\Users\Anwender\Downloads\openjfx-23.0.1_windows-x64_bin-sdk\javafx-sdk-23.0.1\bin\api-ms-win-crt-environment-l1-1-0.dll
0x0000020bc1df0000 - 0x0000020bc1df3000 	C:\Users\Anwender\Downloads\openjfx-23.0.1_windows-x64_bin-sdk\javafx-sdk-23.0.1\bin\api-ms-win-crt-filesystem-l1-1-0.dll
0x0000020bc1e00000 - 0x0000020bc1e03000 	C:\Users\Anwender\Downloads\openjfx-23.0.1_windows-x64_bin-sdk\javafx-sdk-23.0.1\bin\api-ms-win-crt-heap-l1-1-0.dll
0x0000020bc1e10000 - 0x0000020bc1e13000 	C:\Users\Anwender\Downloads\openjfx-23.0.1_windows-x64_bin-sdk\javafx-sdk-23.0.1\bin\api-ms-win-crt-locale-l1-1-0.dll
0x0000020bc1fc0000 - 0x0000020bc1fc5000 	C:\Users\Anwender\Downloads\openjfx-23.0.1_windows-x64_bin-sdk\javafx-sdk-23.0.1\bin\api-ms-win-crt-math-l1-1-0.dll
0x0000020bc1fd0000 - 0x0000020bc1fd5000 	C:\Users\Anwender\Downloads\openjfx-23.0.1_windows-x64_bin-sdk\javafx-sdk-23.0.1\bin\api-ms-win-crt-multibyte-l1-1-0.dll
0x0000020bc1fe0000 - 0x0000020bc1ff0000 	C:\Users\Anwender\Downloads\openjfx-23.0.1_windows-x64_bin-sdk\javafx-sdk-23.0.1\bin\api-ms-win-crt-private-l1-1-0.dll
0x0000020bc1ff0000 - 0x0000020bc1ff3000 	C:\Users\Anwender\Downloads\openjfx-23.0.1_windows-x64_bin-sdk\javafx-sdk-23.0.1\bin\api-ms-win-crt-process-l1-1-0.dll
0x0000020bc2000000 - 0x0000020bc2004000 	C:\Users\Anwender\Downloads\openjfx-23.0.1_windows-x64_bin-sdk\javafx-sdk-23.0.1\bin\api-ms-win-crt-runtime-l1-1-0.dll
0x0000020bc2010000 - 0x0000020bc2014000 	C:\Users\Anwender\Downloads\openjfx-23.0.1_windows-x64_bin-sdk\javafx-sdk-23.0.1\bin\api-ms-win-crt-stdio-l1-1-0.dll
0x0000020bc1e20000 - 0x0000020bc1e24000 	C:\Users\Anwender\Downloads\openjfx-23.0.1_windows-x64_bin-sdk\javafx-sdk-23.0.1\bin\api-ms-win-crt-string-l1-1-0.dll
0x0000020bc1e30000 - 0x0000020bc1e33000 	C:\Users\Anwender\Downloads\openjfx-23.0.1_windows-x64_bin-sdk\javafx-sdk-23.0.1\bin\api-ms-win-crt-time-l1-1-0.dll
0x0000020bc1e40000 - 0x0000020bc1e43000 	C:\Users\Anwender\Downloads\openjfx-23.0.1_windows-x64_bin-sdk\javafx-sdk-23.0.1\bin\api-ms-win-crt-utility-l1-1-0.dll
0x00007ffccfec0000 - 0x00007ffccffbc000 	C:\Users\Anwender\Downloads\openjfx-23.0.1_windows-x64_bin-sdk\javafx-sdk-23.0.1\bin\ucrtbase.dll
0x00007ffd37680000 - 0x00007ffd3769b000 	C:\Users\Anwender\Downloads\openjfx-23.0.1_windows-x64_bin-sdk\javafx-sdk-23.0.1\bin\vcruntime140.dll
0x00007ffd3ff50000 - 0x00007ffd3ff5c000 	C:\Users\Anwender\Downloads\openjfx-23.0.1_windows-x64_bin-sdk\javafx-sdk-23.0.1\bin\vcruntime140_1.dll
0x00007ffd2b610000 - 0x00007ffd2b69e000 	C:\Users\Anwender\Downloads\openjfx-23.0.1_windows-x64_bin-sdk\javafx-sdk-23.0.1\bin\msvcp140.dll
0x00007ffd3f7e0000 - 0x00007ffd3f7e9000 	C:\Users\Anwender\Downloads\openjfx-23.0.1_windows-x64_bin-sdk\javafx-sdk-23.0.1\bin\msvcp140_1.dll
0x00007ffd1c000000 - 0x00007ffd1c041000 	C:\Users\Anwender\Downloads\openjfx-23.0.1_windows-x64_bin-sdk\javafx-sdk-23.0.1\bin\msvcp140_2.dll
0x00007ffd37490000 - 0x00007ffd374c0000 	C:\Users\Anwender\Downloads\openjfx-23.0.1_windows-x64_bin-sdk\javafx-sdk-23.0.1\bin\prism_d3d.dll
0x00007ffd34dc0000 - 0x00007ffd34f91000 	C:\WINDOWS\system32\d3d9.dll
0x00007ffd5af70000 - 0x00007ffd5af9f000 	C:\WINDOWS\SYSTEM32\dwmapi.dll
0x00007ffd5ab90000 - 0x00007ffd5ac2e000 	C:\WINDOWS\system32\uxtheme.dll
0x00007ffd4fff0000 - 0x00007ffd500b4000 	C:\WINDOWS\System32\DriverStore\FileRepository\nv_dispi.inf_amd64_adf5a840df867035\nvldumdx.dll
0x00007ffd5cda0000 - 0x00007ffd5cdb2000 	C:\WINDOWS\SYSTEM32\msasn1.dll
0x00007ffd554f0000 - 0x00007ffd55521000 	C:\WINDOWS\SYSTEM32\cryptnet.dll
0x00007ffd5d560000 - 0x00007ffd5d6bd000 	C:\WINDOWS\System32\CRYPT32.dll
0x00007ffd5cb80000 - 0x00007ffd5cb8c000 	C:\WINDOWS\SYSTEM32\cryptbase.dll
0x00007ffd54f90000 - 0x00007ffd550d7000 	C:\WINDOWS\SYSTEM32\drvstore.dll
0x00007ffd5cf70000 - 0x00007ffd5cfa3000 	C:\WINDOWS\SYSTEM32\devobj.dll
0x00007ffd5db20000 - 0x00007ffd5db6e000 	C:\WINDOWS\System32\cfgmgr32.dll
0x00007ffd5d9c0000 - 0x00007ffd5da33000 	C:\WINDOWS\System32\wintrust.dll
0x00007ffd5e7b0000 - 0x00007ffd5e7cd000 	C:\WINDOWS\System32\imagehlp.dll
0x00007ffd5cb60000 - 0x00007ffd5cb78000 	C:\WINDOWS\SYSTEM32\CRYPTSP.dll
0x00007ffd5c220000 - 0x00007ffd5c258000 	C:\WINDOWS\system32\rsaenh.dll
0x00007ffd4ce90000 - 0x00007ffd4fba0000 	C:\WINDOWS\System32\DriverStore\FileRepository\nv_dispi.inf_amd64_adf5a840df867035\nvgpucomp64.dll
0x00007ffc80c00000 - 0x00007ffc8298c000 	C:\WINDOWS\System32\DriverStore\FileRepository\nv_dispi.inf_amd64_adf5a840df867035\nvd3dumx.dll
0x00007ffd1bfb0000 - 0x00007ffd1bff5000 	C:\Users\Anwender\Downloads\openjfx-23.0.1_windows-x64_bin-sdk\javafx-sdk-23.0.1\bin\glass.dll
0x00007ffd5dbd0000 - 0x00007ffd5dcaa000 	C:\WINDOWS\System32\COMDLG32.dll
0x00007ffd5e5c0000 - 0x00007ffd5e6d5000 	C:\WINDOWS\System32\MSCTF.dll
0x00007ffd1d1b0000 - 0x00007ffd1d480000 	C:\WINDOWS\system32\nvspcap64.dll
0x00007ffd5c470000 - 0x00007ffd5c4a3000 	C:\WINDOWS\SYSTEM32\ntmarta.dll
0x00007ffd5ba40000 - 0x00007ffd5ba63000 	C:\WINDOWS\SYSTEM32\gpapi.dll
0x00007ffd26af0000 - 0x00007ffd26c45000 	C:\WINDOWS\System32\DriverStore\FileRepository\nv_dispi.inf_amd64_adf5a840df867035\nvppex.dll
0x00007ffd52a40000 - 0x00007ffd52a7b000 	C:\WINDOWS\SYSTEM32\dxcore.dll
0x00007ffd5e1b0000 - 0x00007ffd5e259000 	C:\WINDOWS\System32\clbcatq.dll
0x00007ffd4feb0000 - 0x00007ffd4ffef000 	C:\Windows\System32\Windows.UI.dll
0x00007ffd54e80000 - 0x00007ffd54f21000 	C:\Windows\System32\WindowManagementAPI.dll
0x00007ffd4fd60000 - 0x00007ffd4fe59000 	C:\Windows\System32\TextInputFramework.dll
0x00007ffd4fc00000 - 0x00007ffd4fd52000 	C:\Windows\System32\InputHost.dll

dbghelp: loaded successfully - version: 4.0.5 - missing functions: none
symbol engine: initialized successfully - sym options: 0x614 - pdb path: .;C:\Users\Anwender\.jdks\openjdk-23.0.1\bin;C:\WINDOWS\SYSTEM32;C:\WINDOWS\WinSxS\amd64_microsoft.windows.common-controls_6595b64144ccf1df_6.0.19041.4355_none_60b8b9eb71f62e16;C:\Users\Anwender\.jdks\openjdk-23.0.1\bin\server;C:\Program Files\JetBrains\IntelliJ IDEA 2024.2.4\bin;C:\Users\Anwender\Downloads\openjfx-23.0.1_windows-x64_bin-sdk\javafx-sdk-23.0.1\bin;C:\WINDOWS\System32\DriverStore\FileRepository\nv_dispi.inf_amd64_adf5a840df867035;C:\Program Files\Common Files\Microsoft Shared\Ink

VM Arguments:
jvm_args: --module-path=C:\Users\Anwender\Downloads\openjfx-23.0.1_windows-x64_bin-sdk\javafx-sdk-23.0.1\lib --add-modules=javafx.controls,javafx.fxml --enable-preview -javaagent:C:\Program Files\JetBrains\IntelliJ IDEA 2024.2.4\lib\idea_rt.jar=64637:C:\Program Files\JetBrains\IntelliJ IDEA 2024.2.4\bin -Dfile.encoding=UTF-8 -Dsun.stdout.encoding=UTF-8 -Dsun.stderr.encoding=UTF-8 
java_command: Main
java_class_path (initial): C:\Users\Anwender\IdeaProjects\demo3\target\classes;C:\Users\Anwender\.m2\repository\org\openjfx\javafx-controls\17.0.6\javafx-controls-17.0.6.jar;C:\Users\Anwender\.m2\repository\org\openjfx\javafx-controls\17.0.6\javafx-controls-17.0.6-win.jar;C:\Users\Anwender\.m2\repository\org\openjfx\javafx-graphics\17.0.6\javafx-graphics-17.0.6.jar;C:\Users\Anwender\.m2\repository\org\openjfx\javafx-graphics\17.0.6\javafx-graphics-17.0.6-win.jar;C:\Users\Anwender\.m2\repository\org\openjfx\javafx-base\17.0.6\javafx-base-17.0.6.jar;C:\Users\Anwender\.m2\repository\org\openjfx\javafx-base\17.0.6\javafx-base-17.0.6-win.jar;C:\Users\Anwender\.m2\repository\org\openjfx\javafx-fxml\17.0.6\javafx-fxml-17.0.6.jar;C:\Users\Anwender\.m2\repository\org\openjfx\javafx-fxml\17.0.6\javafx-fxml-17.0.6-win.jar;C:\Users\Anwender\.m2\repository\com\itextpdf\itextpdf\5.5.13.2\itextpdf-5.5.13.2.jar;C:\Users\Anwender\Downloads\postgresql-42.7.4.jar
Launcher Type: SUN_STANDARD

[Global flags]
     intx CICompilerCount                          = 4                                         {product} {ergonomic}
     uint ConcGCThreads                            = 3                                         {product} {ergonomic}
     uint G1ConcRefinementThreads                  = 10                                        {product} {ergonomic}
   size_t G1HeapRegionSize                         = 2097152                                   {product} {ergonomic}
   size_t InitialHeapSize                          = 268435456                                 {product} {ergonomic}
   size_t MarkStackSize                            = 4194304                                   {product} {ergonomic}
   size_t MarkStackSizeMax                         = 536870912                                 {product} {ergonomic}
   size_t MaxHeapSize                              = 4278190080                                {product} {ergonomic}
   size_t MaxNewSize                               = 2566914048                                {product} {ergonomic}
   size_t MinHeapDeltaBytes                        = 2097152                                   {product} {ergonomic}
   size_t MinHeapSize                              = 8388608                                   {product} {ergonomic}
    uintx NonNMethodCodeHeapSize                   = 5832704                                {pd product} {ergonomic}
    uintx NonProfiledCodeHeapSize                  = 122945536                              {pd product} {ergonomic}
    uintx ProfiledCodeHeapSize                     = 122880000                              {pd product} {ergonomic}
    uintx ReservedCodeCacheSize                    = 251658240                              {pd product} {ergonomic}
     bool SegmentedCodeCache                       = true                                      {product} {ergonomic}
   size_t SoftMaxHeapSize                          = 4278190080                             {manageable} {ergonomic}
     bool UseCompressedOops                        = true                           {product lp64_product} {ergonomic}
     bool UseG1GC                                  = true                                      {product} {ergonomic}
     bool UseLargePagesIndividualAllocation        = false                                  {pd product} {ergonomic}

Logging:
Log output configuration:
 #0: stdout all=off uptime,level,tags foldmultilines=false
 #1: stderr all=off uptime,level,tags foldmultilines=false

Environment Variables:
CLASSPATH=C:\Users\Anwender\Downloads\openjfx-23.0.1_windows-x64_bin-sdk\javafx-sdk-23.0.1\bin
PATH=C:\Program Files\Common Files\Oracle\Java\javapath;C:\WINDOWS\system32;C:\WINDOWS;C:\WINDOWS\System32\Wbem;C:\WINDOWS\System32\WindowsPowerShell\v1.0\;C:\WINDOWS\System32\OpenSSH\;C:\Program Files\NVIDIA Corporation\NVIDIA NvDLISR;C:\Program Files (x86)\NVIDIA Corporation\PhysX\Common;C:\Program Files\dotnet\;C:\Users\Anwender\.jdks\openjdk-23.0.1\bin;C:\Users\Anwender\Downloads\openjfx-23.0.1_windows-x64_bin-sdk\javafx-sdk-23.0.1\bin;C:\Program Files\Git\cmd;C:\Users\Anwender\AppData\Local\Programs\Python\Python312\Scripts\;C:\Users\Anwender\AppData\Local\Programs\Python\Python312\;C:\Users\Anwender\AppData\Local\Microsoft\WindowsApps;C:\Users\Anwender\AppData\Local\Programs\Microsoft VS Code\bin;C:\Users\Anwender\.jdks\openjdk-23.0.1\bin;
USERNAME=Anwender
OS=Windows_NT
PROCESSOR_IDENTIFIER=AMD64 Family 23 Model 113 Stepping 0, AuthenticAMD
TMP=C:\Users\Anwender\AppData\Local\Temp
TEMP=C:\Users\Anwender\AppData\Local\Temp




Periodic native trim disabled

---------------  S Y S T E M  ---------------

OS:
 Windows 10 , 64 bit Build 19041 (10.0.19041.5678)
OS uptime: 0 days 9:42 hours

CPU: total 12 (initial active 12) (12 cores per cpu, 2 threads per core) family 23 model 113 stepping 0 microcode 0x0, cx8, cmov, fxsr, ht, mmx, 3dnowpref, sse, sse2, sse3, ssse3, sse4a, sse4.1, sse4.2, popcnt, lzcnt, tsc, tscinvbit, avx, avx2, aes, clmul, bmi1, bmi2, adx, sha, fma, vzeroupper, clflush, clflushopt, rdtscp, rdpid, f16c
Processor Information for the first 12 processors :
  Max Mhz: 3593, Current Mhz: 3593, Mhz Limit: 3593

Memory: 4k page, system-wide physical 16313M (6485M free)
TotalPageFile size 23993M (AvailPageFile size 6155M)
current process WorkingSet (physical memory assigned to process): 161M, peak: 239M
current process commit charge ("private bytes"): 277M, peak: 507M

vm_info: OpenJDK 64-Bit Server VM (23.0.1+11-39) for windows-amd64 JRE (23.0.1+11-39), built on 2024-09-30T07:20:43Z with MS VC++ 17.6 (VS2022)

END.
