#
# A fatal error has been detected by the Java Runtime Environment:
#
#  EXCEPTION_ACCESS_VIOLATION (0xc0000005) at pc=0x00007ffd1bfd8427, pid=16812, tid=22676
#
# JRE version: OpenJDK Runtime Environment (23.0.1+11) (build 23.0.1+11-39)
# Java VM: OpenJDK 64-Bit Server VM (23.0.1+11-39, mixed mode, sharing, tiered, compressed oops, compressed class ptrs, g1 gc, windows-amd64)
# Problematic frame:
# C  [glass.dll+0x28427]
#
# No core dump will be written. Minidumps are not enabled by default on client versions of Windows
#
# If you would like to submit a bug report, please visit:
#   https://bugreport.java.com/bugreport/crash.jsp
#

---------------  S U M M A R Y ------------

Command Line: --module-path=C:\Users\Anwender\Downloads\openjfx-23.0.1_windows-x64_bin-sdk\javafx-sdk-23.0.1\lib --add-modules=javafx.controls,javafx.fxml --enable-preview -javaagent:C:\Program Files\JetBrains\IntelliJ IDEA 2024.2.4\lib\idea_rt.jar=64320:C:\Program Files\JetBrains\IntelliJ IDEA 2024.2.4\bin -Dfile.encoding=UTF-8 -Dsun.stdout.encoding=UTF-8 -Dsun.stderr.encoding=UTF-8 Main

Host: AMD Ryzen 5 3600 6-Core Processor              , 12 cores, 15G,  Windows 10 , 64 bit Build 19041 (10.0.19041.5678)
Time: Mon Apr 14 20:14:51 2025 Mitteleuropäische Sommerzeit elapsed time: 189.073035 seconds (0d 0h 3m 9s)

---------------  T H R E A D  ---------------

Current thread (0x000001ec11b70a10):  VMThread "VM Thread"          [id=22676, stack(0x000000ded6600000,0x000000ded6700000) (1024K)]

Stack: [0x000000ded6600000,0x000000ded6700000],  sp=0x000000ded66ff1a0,  free space=1020k
Native frames: (J=compiled Java code, j=interpreted, Vv=VM code, C=native code)
C  [glass.dll+0x28427]  (no source info available)
C  [ucrtbase.dll+0x142d6]  (no source info available)
C  [ucrtbase.dll+0x141fb]  (no source info available)
C  [ucrtbase.dll+0x141b4]  (no source info available)
C  [glass.dll+0x25bbd]  (no source info available)
C  [glass.dll+0x25ce2]  (no source info available)
C  [ntdll.dll+0x19a1d]  (no source info available)
C  [ntdll.dll+0x5f1ca]  (no source info available)
C  [ntdll.dll+0x5ef7d]  (no source info available)
C  [KERNEL32.DLL+0x1e3eb]  (no source info available)
C  [ucrtbase.dll+0x205bc]  (no source info available)
C  [ucrtbase.dll+0x2045f]  (no source info available)
V  [jvm.dll+0x6d990c]  (no source info available)
V  [jvm.dll+0x6d9440]  (no source info available)
V  [jvm.dll+0x3da534]  (no source info available)
V  [jvm.dll+0x886720]  (no source info available)
V  [jvm.dll+0x887a47]  (no source info available)
V  [jvm.dll+0x887f78]  (no source info available)
V  [jvm.dll+0x888213]  (no source info available)
V  [jvm.dll+0x824f8b]  (no source info available)
V  [jvm.dll+0x6df065]  (no source info available)
C  [ucrtbase.dll+0x21bb2]  (no source info available)
C  [KERNEL32.DLL+0x17374]  (no source info available)
C  [ntdll.dll+0x4cc91]  (no source info available)


siginfo: EXCEPTION_ACCESS_VIOLATION (0xc0000005), reading address 0x0000000000000000


Registers:
RAX=0x0000000000000000, RBX=0x000001ec11b7422a, RCX=0x000001ec11b70a10, RDX=0x000000ded66ff1a0
RSP=0x000000ded66ff1a0, RBP=0x000001ec58091988, RSI=0x000001ec58091960, RDI=0x00001483c8673784
R8 =0x0000000000010002, R9 =0x00001483c8673784, R10=0x0000000000008000, R11=0x000000ded66ff130
R12=0x00007ffd1bfd5d30, R13=0x00007ffc70dfb760, R14=0x000000ded66ff298, R15=0x000001ec58091960
RIP=0x00007ffd1bfd8427, EFLAGS=0x0000000000010202


Register to memory mapping:

RAX=0x0 is null
RBX=0x000001ec11b7422a is a global jni handle
RCX=0x000001ec11b70a10 points into unknown readable memory: 0x00007ffc70bff688 | 88 f6 bf 70 fc 7f 00 00
RDX=0x000000ded66ff1a0 points into unknown readable memory: 0x0000000000000000 | 00 00 00 00 00 00 00 00
RSP=0x000000ded66ff1a0 points into unknown readable memory: 0x0000000000000000 | 00 00 00 00 00 00 00 00
RBP=0x000001ec58091988 points into unknown readable memory: 0x00001483c8673784 | 84 37 67 c8 83 14 00 00
RSI=0x000001ec58091960 points into unknown readable memory: 0x0007eb5277b2b304 | 04 b3 b2 77 52 eb 07 00
RDI=0x00001483c8673784 is an unknown value
R8 =0x0000000000010002 is an unknown value
R9 =0x00001483c8673784 is an unknown value
R10=0x0000000000008000 is an unknown value
R11=0x000000ded66ff130 points into unknown readable memory: 0x000001ec58091960 | 60 19 09 58 ec 01 00 00
R12=0x00007ffd1bfd5d30 glass.dll
R13=0x00007ffc70dfb760 jvm.dll
R14=0x000000ded66ff298 points into unknown readable memory: 0x000000ded66ff280 | 80 f2 6f d6 de 00 00 00
R15=0x000001ec58091960 points into unknown readable memory: 0x0007eb5277b2b304 | 04 b3 b2 77 52 eb 07 00

Top of Stack: (sp=0x000000ded66ff1a0)
0x000000ded66ff1a0:   0000000000000000 000001ec58091960
0x000000ded66ff1b0:   00007ffc70dfb760 00007ffd1bfd5d30
0x000000ded66ff1c0:   000001ec58091968 00007ffd5d2942d6
0x000000ded66ff1d0:   00001483c8673784 000001ec00000000
0x000000ded66ff1e0:   000001ec58091988 000001ec58091960
0x000000ded66ff1f0:   fffffffffffffffe 0000000000000000
0x000000ded66ff200:   0000000000000001 00007ffd1bfb0000
0x000000ded66ff210:   000000ded66ff288 00007ffd5d2941fb
0x000000ded66ff220:   0000000000000000 000000ded66ff298
0x000000ded66ff230:   000000ded66ff570 00007ffd5d370e40
0x000000ded66ff240:   0000000000000001 00007ffd5d2941b4
0x000000ded66ff250:   0000000000000000 0000000000000001
0x000000ded66ff260:   000000007ffe0385 000000ded66ff288
0x000000ded66ff270:   ffffffff00000001 00007ffd1bfd5bbd
0x000000ded66ff280:   00007ffd1bfed078 00007ffd00000002
0x000000ded66ff290:   0000000000000002 000000ded66ff280
0x000000ded66ff2a0:   00007ffd5c470000 00007ffd5fb69993
0x000000ded66ff2b0:   0000000000000000 00007ffd1bfd5ce2
0x000000ded66ff2c0:   0000000000000001 0000000000000000
0x000000ded66ff2d0:   000000000000003c 0000000000000001
0x000000ded66ff2e0:   00007ffd26b41094 0000000000000000
0x000000ded66ff2f0:   0000000000000001 00007ffd26b4083c
0x000000ded66ff300:   00007ffd1bfb0000 000000007ffe0384
0x000000ded66ff310:   0000000000000000 00007ffd5fb69a1d
0x000000ded66ff320:   00007ffd1bfb0000 0000000000000000
0x000000ded66ff330:   0000000000000001 000000007ffe0385
0x000000ded66ff340:   0000000000000000 00007ffd5fbaf331
0x000000ded66ff350:   0000bda5e2376800 0000000000000014
0x000000ded66ff360:   00007ffd1bfd5d30 0000000000000000
0x000000ded66ff370:   0000000000000000 000000ded5be9000
0x000000ded66ff380:   000001ec11f38cf0 00007ffd5fbaf1ca
0x000000ded66ff390:   000001ec11f37d60 00007ffd1bfb0000 

Instructions: (pc=0x00007ffd1bfd8427)
0x00007ffd1bfd8327:   8b 4d 58 e8 49 cf ff ff 48 8b 4d 60 e8 40 cf ff
0x00007ffd1bfd8337:   ff 48 8b 95 80 00 00 00 48 8b 8d 18 01 00 00 e8
0x00007ffd1bfd8347:   26 c5 ff ff 33 d2 33 c9 e8 8c e1 ff ff 90 48 89
0x00007ffd1bfd8357:   54 24 10 55 48 83 ec 20 48 8b ea 48 b8 00 00 00
0x00007ffd1bfd8367:   00 00 00 00 00 48 83 c4 20 5d c3 cc 40 55 48 8b
0x00007ffd1bfd8377:   ea 48 8b 01 33 c9 81 38 05 00 00 c0 0f 94 c1 8b
0x00007ffd1bfd8387:   c1 5d c3 cc 40 55 48 83 ec 20 48 8b ea 8a 4d 40
0x00007ffd1bfd8397:   48 83 c4 20 5d e9 33 d3 ff ff cc 40 55 48 83 ec
0x00007ffd1bfd83a7:   20 48 8b ea 8a 4d 20 e8 21 d3 ff ff 90 48 83 c4
0x00007ffd1bfd83b7:   20 5d c3 cc 40 55 48 83 ec 20 48 8b ea 48 83 c4
0x00007ffd1bfd83c7:   20 5d e9 82 d1 ff ff cc 40 55 48 83 ec 30 48 8b
0x00007ffd1bfd83d7:   ea 48 8b 01 8b 10 48 89 4c 24 28 89 54 24 20 4c
0x00007ffd1bfd83e7:   8d 0d 23 d6 ff ff 4c 8b 45 70 8b 55 68 48 8b 4d
0x00007ffd1bfd83f7:   60 e8 c3 d0 ff ff 90 48 83 c4 30 5d c3 cc cc cc
0x00007ffd1bfd8407:   cc cc cc cc cc cc cc cc cc 40 53 48 83 ec 20 48
0x00007ffd1bfd8417:   8b 1d 1b 46 01 00 48 85 db 74 16 e8 59 90 ff ff
0x00007ffd1bfd8427:   4c 8b 00 48 8b d3 48 8b c8 41 ff 90 b0 00 00 00
0x00007ffd1bfd8437:   90 48 83 c4 20 5b c3 cc cc 40 53 48 83 ec 20 48
0x00007ffd1bfd8447:   8b 1d 5b 47 01 00 48 85 db 74 57 b8 ff ff ff ff
0x00007ffd1bfd8457:   f0 0f c1 43 10 83 f8 01 75 3d 48 85 db 74 38 48
0x00007ffd1bfd8467:   8b 0b 48 85 c9 74 0d ff 15 3c 0e 00 00 48 c7 03
0x00007ffd1bfd8477:   00 00 00 00 48 8b 4b 08 48 85 c9 74 0d e8 ef cd
0x00007ffd1bfd8487:   ff ff 48 c7 43 08 00 00 00 00 ba 18 00 00 00 48
0x00007ffd1bfd8497:   8b cb e8 da cd ff ff 48 c7 05 ff 46 01 00 00 00
0x00007ffd1bfd84a7:   00 00 48 83 c4 20 5b c3 cc 40 53 48 83 ec 20 48
0x00007ffd1bfd84b7:   8b 1d cb 46 01 00 48 85 db 74 57 b8 ff ff ff ff
0x00007ffd1bfd84c7:   f0 0f c1 43 10 83 f8 01 75 3d 48 85 db 74 38 48
0x00007ffd1bfd84d7:   8b 0b 48 85 c9 74 0d ff 15 cc 0d 00 00 48 c7 03
0x00007ffd1bfd84e7:   00 00 00 00 48 8b 4b 08 48 85 c9 74 0d e8 7f cd
0x00007ffd1bfd84f7:   ff ff 48 c7 43 08 00 00 00 00 ba 18 00 00 00 48
0x00007ffd1bfd8507:   8b cb e8 6a cd ff ff 48 c7 05 6f 46 01 00 00 00
0x00007ffd1bfd8517:   00 00 48 83 c4 20 5b c3 cc 40 53 48 83 ec 20 48 


Stack slot to memory mapping:

stack at sp + 0 slots: 0x0 is null
stack at sp + 1 slots: 0x000001ec58091960 points into unknown readable memory: 0x0007eb5277b2b304 | 04 b3 b2 77 52 eb 07 00
stack at sp + 2 slots: 0x00007ffc70dfb760 jvm.dll
stack at sp + 3 slots: 0x00007ffd1bfd5d30 glass.dll
stack at sp + 4 slots: 0x000001ec58091968 points into unknown readable memory: 0x00001483c8673784 | 84 37 67 c8 83 14 00 00
stack at sp + 5 slots: 0x00007ffd5d2942d6 ucrtbase.dll
stack at sp + 6 slots: 0x00001483c8673784 is an unknown value
stack at sp + 7 slots: 0x000001ec00000000 points into unknown readable memory: 0x0000000100000006 | 06 00 00 00 01 00 00 00

VM_Operation (0x000000ded77fa490): Exit, mode: safepoint, requested by thread 0x000001ec57d919f0


---------------  P R O C E S S  ---------------

Threads class SMR info:
_java_thread_list=0x000001ec57ad9100, length=20, elements={
0x000001ec72072810, 0x000001ec11b8aa70, 0x000001ec11b8db50, 0x000001ec11b93c70,
0x000001ec11b946d0, 0x000001ec11b974a0, 0x000001ec11b97f00, 0x000001ec11b9c4f0,
0x000001ec11b9d150, 0x000001ec11b636f0, 0x000001ec11f8eeb0, 0x000001ec57976f60,
0x000001ec57d90cd0, 0x000001ec57d91360, 0x000001ec57d919f0, 0x000001ec57d92080,
0x000001ec57d92da0, 0x000001ec58652a60, 0x000001ec5864f5e0, 0x000001ec586516b0
}

Java Threads: ( => current thread )
  0x000001ec72072810 JavaThread "main"                              [_thread_blocked, id=9700, stack(0x000000ded5f00000,0x000000ded6000000) (1024K)]
  0x000001ec11b8aa70 JavaThread "Reference Handler"          daemon [_thread_blocked, id=17400, stack(0x000000ded6700000,0x000000ded6800000) (1024K)]
  0x000001ec11b8db50 JavaThread "Finalizer"                  daemon [_thread_blocked, id=22788, stack(0x000000ded6800000,0x000000ded6900000) (1024K)]
  0x000001ec11b93c70 JavaThread "Signal Dispatcher"          daemon [_thread_blocked, id=3068, stack(0x000000ded6900000,0x000000ded6a00000) (1024K)]
  0x000001ec11b946d0 JavaThread "Attach Listener"            daemon [_thread_blocked, id=18560, stack(0x000000ded6a00000,0x000000ded6b00000) (1024K)]
  0x000001ec11b974a0 JavaThread "Service Thread"             daemon [_thread_blocked, id=23656, stack(0x000000ded6b00000,0x000000ded6c00000) (1024K)]
  0x000001ec11b97f00 JavaThread "Monitor Deflation Thread"   daemon [_thread_blocked, id=14852, stack(0x000000ded6c00000,0x000000ded6d00000) (1024K)]
  0x000001ec11b9c4f0 JavaThread "C2 CompilerThread0"         daemon [_thread_blocked, id=14168, stack(0x000000ded6d00000,0x000000ded6e00000) (1024K)]
  0x000001ec11b9d150 JavaThread "C1 CompilerThread0"         daemon [_thread_blocked, id=10008, stack(0x000000ded6e00000,0x000000ded6f00000) (1024K)]
  0x000001ec11b636f0 JavaThread "Common-Cleaner"             daemon [_thread_blocked, id=21968, stack(0x000000ded6f00000,0x000000ded7000000) (1024K)]
  0x000001ec11f8eeb0 JavaThread "Monitor Ctrl-Break"         daemon [_thread_in_native, id=7004, stack(0x000000ded7200000,0x000000ded7300000) (1024K)]
  0x000001ec57976f60 JavaThread "Notification Thread"        daemon [_thread_blocked, id=18516, stack(0x000000ded7300000,0x000000ded7400000) (1024K)]
  0x000001ec57d90cd0 JavaThread "QuantumRenderer-0"          daemon [_thread_blocked, id=20372, stack(0x000000ded7400000,0x000000ded7500000) (1024K)]
  0x000001ec57d91360 JavaThread "InvokeLaterDispatcher"      daemon [_thread_blocked, id=19652, stack(0x000000ded7600000,0x000000ded7700000) (1024K)]
  0x000001ec57d919f0 JavaThread "JavaFX Application Thread"         [_thread_blocked, id=22008, stack(0x000000ded7700000,0x000000ded7800000) (1024K)]
  0x000001ec57d92080 JavaThread "JavaFX-Launcher"                   [_thread_blocked, id=7868, stack(0x000000ded7900000,0x000000ded7a00000) (1024K)]
  0x000001ec57d92da0 JavaThread "Thread-2"                   daemon [_thread_in_native, id=22692, stack(0x000000ded7000000,0x000000ded7100000) (1024K)]
  0x000001ec58652a60 JavaThread "Prism Font Disposer"        daemon [_thread_blocked, id=24456, stack(0x000000ded8700000,0x000000ded8800000) (1024K)]
  0x000001ec5864f5e0 JavaThread "Cleaner-0"                  daemon [_thread_blocked, id=20744, stack(0x000000ded8800000,0x000000ded8900000) (1024K)]
  0x000001ec586516b0 JavaThread "PostgreSQL-JDBC-Cleaner"    daemon [_thread_blocked, id=16632, stack(0x000000ded5c00000,0x000000ded5d00000) (1024K)]
Total: 20

Other Threads:
=>0x000001ec11b70a10 VMThread "VM Thread"                           [id=22676, stack(0x000000ded6600000,0x000000ded6700000) (1024K)]
  0x000001ec720db390 WorkerThread "GC Thread#0"                     [id=3276, stack(0x000000ded6000000,0x000000ded6100000) (1024K)]
  0x000001ec58387020 WorkerThread "GC Thread#1"                     [id=12512, stack(0x000000ded7b00000,0x000000ded7c00000) (1024K)]
  0x000001ec5838d870 WorkerThread "GC Thread#2"                     [id=21668, stack(0x000000ded7c00000,0x000000ded7d00000) (1024K)]
  0x000001ec5838dc20 WorkerThread "GC Thread#3"                     [id=22336, stack(0x000000ded7d00000,0x000000ded7e00000) (1024K)]
  0x000001ec5838dfd0 WorkerThread "GC Thread#4"                     [id=9972, stack(0x000000ded7e00000,0x000000ded7f00000) (1024K)]
  0x000001ec5838e380 WorkerThread "GC Thread#5"                     [id=23356, stack(0x000000ded7f00000,0x000000ded8000000) (1024K)]
  0x000001ec584052b0 WorkerThread "GC Thread#6"                     [id=3244, stack(0x000000ded8100000,0x000000ded8200000) (1024K)]
  0x000001ec58405a10 WorkerThread "GC Thread#7"                     [id=23248, stack(0x000000ded8200000,0x000000ded8300000) (1024K)]
  0x000001ec58404040 WorkerThread "GC Thread#8"                     [id=24180, stack(0x000000ded8300000,0x000000ded8400000) (1024K)]
  0x000001ec60272090 WorkerThread "GC Thread#9"                     [id=18852, stack(0x000000ded8900000,0x000000ded8a00000) (1024K)]
  0x000001ec720f1370 ConcurrentGCThread "G1 Main Marker"            terminated
  0x000001ec720f3540 WorkerThread "G1 Conc#0"                       [id=21316, stack(0x000000ded6200000,0x000000ded6300000) (1024K)]
  0x000001ec60270310 WorkerThread "G1 Conc#1"                       [id=23156, stack(0x000000ded8b00000,0x000000ded8c00000) (1024K)]
  0x000001ec602706c0 WorkerThread "G1 Conc#2"                       [id=17784, stack(0x000000ded8c00000,0x000000ded8d00000) (1024K)]
  0x000001ec11a237f0 ConcurrentGCThread "G1 Refine#0"               terminated
  0x000001ec11a24020 ConcurrentGCThread "G1 Service"                terminated
Total: 17

Threads with active compile tasks:
Total: 0

VM state: at safepoint (shutting down)

VM Mutex/Monitor currently owned by a thread:  ([mutex/lock_event])
[0x00007ffc70dd3910] Threads_lock - owner thread: 0x000001ec11b70a10
[0x00007ffc70dd3a10] Heap_lock - owner thread: 0x000001ec57d919f0

Heap address: 0x0000000701000000, size: 4080 MB, Compressed Oops mode: Zero based, Oop shift amount: 3

CDS archive(s) mapped at: [0x000001ec12000000-0x000001ec12d70000-0x000001ec12d70000), size 14090240, SharedBaseAddress: 0x000001ec12000000, ArchiveRelocationMode: 1.
Compressed class space mapped at: 0x000001ec13000000-0x000001ec53000000, reserved size: 1073741824
Narrow klass base: 0x000001ec12000000, Narrow klass shift: 0, Narrow klass range: 0x41000000

GC Precious Log:
 CardTable entry size: 512
 Card Set container configuration: InlinePtr #cards 4 size 8 Array Of Cards #cards 16 size 48 Howl #buckets 8 coarsen threshold 3686 Howl Bitmap #cards 512 size 80 coarsen threshold 460 Card regions per heap region 1 cards per card region 4096
 CPUs: 12 total, 12 available
 Memory: 16313M
 Large Page Support: Disabled
 NUMA Support: Disabled
 Compressed Oops: Enabled (Zero based)
 Heap Region Size: 2M
 Heap Min Capacity: 8M
 Heap Initial Capacity: 256M
 Heap Max Capacity: 4080M
 Pre-touch: Disabled
 Parallel Workers: 10
 Concurrent Workers: 3
 Concurrent Refinement Workers: 10
 Periodic GC: Disabled

Heap:
 garbage-first heap   total reserved 4177920K, committed 59392K, used 18795K [0x0000000701000000, 0x0000000800000000)
  region size 2048K, 3 young (6144K), 1 survivors (2048K)
 Metaspace       used 22787K, committed 23168K, reserved 1114112K
  class space    used 3161K, committed 3328K, reserved 1048576K

Heap Regions: E=young(eden), S=young(survivor), O=old, HS=humongous(starts), HC=humongous(continues), CS=collection set, F=free, TAMS=top-at-mark-start, PB=parsable bottom
|   0|0x0000000701000000, 0x0000000701200000, 0x0000000701200000|100%| O|  |TAMS 0x0000000701000000| PB 0x0000000701000000| Untracked |  0
|   1|0x0000000701200000, 0x00000007013f2db8, 0x0000000701400000| 97%| O|  |TAMS 0x0000000701200000| PB 0x0000000701200000| Untracked |  0
|   2|0x0000000701400000, 0x0000000701400000, 0x0000000701600000|  0%| F|  |TAMS 0x0000000701400000| PB 0x0000000701400000| Untracked |  0
|   3|0x0000000701600000, 0x0000000701600000, 0x0000000701800000|  0%| F|  |TAMS 0x0000000701600000| PB 0x0000000701600000| Untracked |  0
|   4|0x0000000701800000, 0x0000000701a00000, 0x0000000701a00000|100%|HS|  |TAMS 0x0000000701800000| PB 0x0000000701800000| Complete |  0
|   5|0x0000000701a00000, 0x0000000701c00000, 0x0000000701c00000|100%|HS|  |TAMS 0x0000000701a00000| PB 0x0000000701a00000| Complete |  0
|   6|0x0000000701c00000, 0x0000000701c00000, 0x0000000701e00000|  0%| F|  |TAMS 0x0000000701c00000| PB 0x0000000701c00000| Untracked |  0
|   7|0x0000000701e00000, 0x0000000701e00000, 0x0000000702000000|  0%| F|  |TAMS 0x0000000701e00000| PB 0x0000000701e00000| Untracked |  0
|   8|0x0000000702000000, 0x0000000702000000, 0x0000000702200000|  0%| F|  |TAMS 0x0000000702000000| PB 0x0000000702000000| Untracked |  0
|   9|0x0000000702200000, 0x0000000702200000, 0x0000000702400000|  0%| F|  |TAMS 0x0000000702200000| PB 0x0000000702200000| Untracked |  0
|  10|0x0000000702400000, 0x0000000702400000, 0x0000000702600000|  0%| F|  |TAMS 0x0000000702400000| PB 0x0000000702400000| Untracked |  0
|  11|0x0000000702600000, 0x0000000702600000, 0x0000000702800000|  0%| F|  |TAMS 0x0000000702600000| PB 0x0000000702600000| Untracked |  0
|  12|0x0000000702800000, 0x0000000702800000, 0x0000000702a00000|  0%| F|  |TAMS 0x0000000702800000| PB 0x0000000702800000| Untracked |  0
|  13|0x0000000702a00000, 0x0000000702a00000, 0x0000000702c00000|  0%| F|  |TAMS 0x0000000702a00000| PB 0x0000000702a00000| Untracked |  0
|  14|0x0000000702c00000, 0x0000000702c00000, 0x0000000702e00000|  0%| F|  |TAMS 0x0000000702c00000| PB 0x0000000702c00000| Untracked |  0
|  15|0x0000000702e00000, 0x0000000702e00000, 0x0000000703000000|  0%| F|  |TAMS 0x0000000702e00000| PB 0x0000000702e00000| Untracked |  0
|  16|0x0000000703000000, 0x0000000703000000, 0x0000000703200000|  0%| F|  |TAMS 0x0000000703000000| PB 0x0000000703000000| Untracked |  0
|  17|0x0000000703200000, 0x0000000703200000, 0x0000000703400000|  0%| F|  |TAMS 0x0000000703200000| PB 0x0000000703200000| Untracked |  0
|  18|0x0000000703400000, 0x0000000703400000, 0x0000000703600000|  0%| F|  |TAMS 0x0000000703400000| PB 0x0000000703400000| Untracked |  0
|  19|0x0000000703600000, 0x000000070376ec68, 0x0000000703800000| 71%| S|CS|TAMS 0x0000000703600000| PB 0x0000000703600000| Complete |  0
|  93|0x000000070ca00000, 0x000000070ca00000, 0x000000070cc00000|  0%| F|  |TAMS 0x000000070ca00000| PB 0x000000070ca00000| Untracked |  0
|  94|0x000000070cc00000, 0x000000070cc00000, 0x000000070ce00000|  0%| F|  |TAMS 0x000000070cc00000| PB 0x000000070cc00000| Untracked |  0
|  95|0x000000070ce00000, 0x000000070ce00000, 0x000000070d000000|  0%| F|  |TAMS 0x000000070ce00000| PB 0x000000070ce00000| Untracked |  0
|  96|0x000000070d000000, 0x000000070d09f0d8, 0x000000070d200000| 31%| E|  |TAMS 0x000000070d000000| PB 0x000000070d000000| Complete |  0
| 127|0x0000000710e00000, 0x0000000711000000, 0x0000000711000000|100%| E|CS|TAMS 0x0000000710e00000| PB 0x0000000710e00000| Complete |  0
|2036|0x00000007ff800000, 0x00000007ff8f9450, 0x00000007ffa00000| 48%| O|  |TAMS 0x00000007ff800000| PB 0x00000007ff800000| Untracked |  0
|2037|0x00000007ffa00000, 0x00000007ffc00000, 0x00000007ffc00000|100%| O|  |TAMS 0x00000007ffa00000| PB 0x00000007ffa00000| Untracked |  0
|2038|0x00000007ffc00000, 0x00000007ffe00000, 0x00000007ffe00000|100%| O|  |TAMS 0x00000007ffc00000| PB 0x00000007ffc00000| Untracked |  0
|2039|0x00000007ffe00000, 0x0000000800000000, 0x0000000800000000|100%| O|  |TAMS 0x00000007ffe00000| PB 0x00000007ffe00000| Untracked |  0

Card table byte_map: [0x000001ec7b620000,0x000001ec7be20000] _byte_map_base: 0x000001ec77e18000

Marking Bits: (CMBitMap*) 0x000001ec720dc9c0
 Bits: [0x000001ec7be20000, 0x000001ec7fde0000)

Polling page: 0x000001ec71840000

Metaspace:

Usage:
  Non-class:     19.17 MB used.
      Class:      3.09 MB used.
       Both:     22.25 MB used.

Virtual space:
  Non-class space:       64.00 MB reserved,      19.38 MB ( 30%) committed,  1 nodes.
      Class space:        1.00 GB reserved,       3.25 MB ( <1%) committed,  1 nodes.
             Both:        1.06 GB reserved,      22.62 MB (  2%) committed. 

Chunk freelists:
   Non-Class:  11.86 MB
       Class:  12.77 MB
        Both:  24.62 MB

MaxMetaspaceSize: unlimited
CompressedClassSpaceSize: 1.00 GB
Initial GC threshold: 21.00 MB
Current GC threshold: 35.44 MB
CDS: on
 - commit_granule_bytes: 65536.
 - commit_granule_words: 8192.
 - virtual_space_node_default_size: 8388608.
 - enlarge_chunks_in_place: 1.
 - use_allocation_guard: 0.


Internal statistics:

num_allocs_failed_limit: 3.
num_arena_births: 418.
num_arena_deaths: 0.
num_vsnodes_births: 2.
num_vsnodes_deaths: 0.
num_space_committed: 362.
num_space_uncommitted: 0.
num_chunks_returned_to_freelist: 3.
num_chunks_taken_from_freelist: 1128.
num_chunk_merges: 3.
num_chunk_splits: 775.
num_chunks_enlarged: 554.
num_inconsistent_stats: 0.

CodeHeap 'non-profiled nmethods': size=120064Kb used=2301Kb max_used=2301Kb free=117762Kb
 bounds [0x000001ec07ac0000, 0x000001ec07d30000, 0x000001ec0f000000]
CodeHeap 'profiled nmethods': size=120000Kb used=8602Kb max_used=8602Kb free=111397Kb
 bounds [0x000001ec00000000, 0x000001ec00870000, 0x000001ec07530000]
CodeHeap 'non-nmethods': size=5696Kb used=1852Kb max_used=1897Kb free=3843Kb
 bounds [0x000001ec07530000, 0x000001ec077a0000, 0x000001ec07ac0000]
CodeCache: size=245760Kb, used=12755Kb, max_used=12800Kb, free=233002Kb
 total_blobs=6263, nmethods=5383, adapters=784, full_count=0
Compilation: enabled, stopped_count=0, restarted_count=0

Compilation events (20 events):
Event: 188.158 Thread 0x000001ec11b9c4f0 5374       4       com.sun.javafx.tk.quantum.QuantumRenderer::checkRendererIdle (153 bytes)
Event: 188.158 Thread 0x000001ec11b9c4f0 nmethod 5374 0x000001ec07cf9508 code [0x000001ec07cf9600, 0x000001ec07cf9678]
Event: 188.458 Thread 0x000001ec11b9c4f0 5375       4       javafx.scene.Scene$MouseHandler::updateCursorFrame (61 bytes)
Event: 188.460 Thread 0x000001ec11b9c4f0 nmethod 5375 0x000001ec07cf9808 code [0x000001ec07cf9920, 0x000001ec07cf9b88]
Event: 188.474 Thread 0x000001ec11b9c4f0 5376       4       com.sun.javafx.geom.transform.Identity::transform (20 bytes)
Event: 188.475 Thread 0x000001ec11b9c4f0 nmethod 5376 0x000001ec07cf9c08 code [0x000001ec07cf9d00, 0x000001ec07cf9dd0]
Event: 188.483 Thread 0x000001ec11b9c4f0 5377       4       javafx.scene.Scene::getEffectiveCamera (80 bytes)
Event: 188.505 Thread 0x000001ec11b9d150 5378       1       com.sun.prism.PresentableState::getWidth (5 bytes)
Event: 188.505 Thread 0x000001ec11b9d150 nmethod 5378 0x000001ec07cf9f08 code [0x000001ec07cfa020, 0x000001ec07cfa0e8]
Event: 188.505 Thread 0x000001ec11b9d150 5379       1       com.sun.prism.PresentableState::getHeight (5 bytes)
Event: 188.505 Thread 0x000001ec11b9d150 nmethod 5379 0x000001ec07cfa208 code [0x000001ec07cfa320, 0x000001ec07cfa3e8]
Event: 188.525 Thread 0x000001ec11b9c4f0 nmethod 5377 0x000001ec07cfa508 code [0x000001ec07cfa8e0, 0x000001ec07cfdee8]
Event: 188.537 Thread 0x000001ec11b9c4f0 5380       4       com.sun.javafx.geom.transform.AffineBase::updateState2D (210 bytes)
Event: 188.537 Thread 0x000001ec11b9c4f0 nmethod 5380 0x000001ec07cfe288 code [0x000001ec07cfe3e0, 0x000001ec07cfe5c8]
Event: 188.564 Thread 0x000001ec11b9c4f0 5381   !   4       com.sun.javafx.event.EventUtil::fireEvent (81 bytes)
Event: 188.571 Thread 0x000001ec11b9c4f0 nmethod 5381 0x000001ec07cfe608 code [0x000001ec07cfe7c0, 0x000001ec07cff010]
Event: 188.611 Thread 0x000001ec11b9c4f0 5382       4       com.sun.javafx.scene.KeyboardShortcutsHandler::dispatchCapturingEvent (223 bytes)
Event: 188.612 Thread 0x000001ec11b9c4f0 nmethod 5382 0x000001ec07cff108 code [0x000001ec07cff200, 0x000001ec07cff2c0]
Event: 188.633 Thread 0x000001ec11b9d150 5383       1       com.sun.javafx.scene.control.behavior.BehaviorBase::getNode (5 bytes)
Event: 188.633 Thread 0x000001ec11b9d150 nmethod 5383 0x000001ec07cff408 code [0x000001ec07cff520, 0x000001ec07cff5f0]

GC Heap History (8 events):
Event: 0.574 GC heap before
{Heap before GC invocations=0 (full 0):
 garbage-first heap   total reserved 4177920K, committed 262144K, used 22528K [0x0000000701000000, 0x0000000800000000)
  region size 2048K, 12 young (24576K), 0 survivors (0K)
 Metaspace       used 4672K, committed 4864K, reserved 1114112K
  class space    used 545K, committed 640K, reserved 1048576K
}
Event: 0.577 GC heap after
{Heap after GC invocations=1 (full 0):
 garbage-first heap   total reserved 4177920K, committed 262144K, used 4076K [0x0000000701000000, 0x0000000800000000)
  region size 2048K, 2 young (4096K), 2 survivors (4096K)
 Metaspace       used 4672K, committed 4864K, reserved 1114112K
  class space    used 545K, committed 640K, reserved 1048576K
}
Event: 0.955 GC heap before
{Heap before GC invocations=1 (full 0):
 garbage-first heap   total reserved 4177920K, committed 262144K, used 26604K [0x0000000701000000, 0x0000000800000000)
  region size 2048K, 13 young (26624K), 2 survivors (4096K)
 Metaspace       used 8734K, committed 8960K, reserved 1114112K
  class space    used 1130K, committed 1216K, reserved 1048576K
}
Event: 0.959 GC heap after
{Heap after GC invocations=2 (full 0):
 garbage-first heap   total reserved 4177920K, committed 262144K, used 7103K [0x0000000701000000, 0x0000000800000000)
  region size 2048K, 2 young (4096K), 2 survivors (4096K)
 Metaspace       used 8734K, committed 8960K, reserved 1114112K
  class space    used 1130K, committed 1216K, reserved 1048576K
}
Event: 4.286 GC heap before
{Heap before GC invocations=2 (full 0):
 garbage-first heap   total reserved 4177920K, committed 262144K, used 66495K [0x0000000701000000, 0x0000000800000000)
  region size 2048K, 31 young (63488K), 2 survivors (4096K)
 Metaspace       used 21172K, committed 21504K, reserved 1114112K
  class space    used 3020K, committed 3200K, reserved 1048576K
}
Event: 4.291 GC heap after
{Heap after GC invocations=3 (full 0):
 garbage-first heap   total reserved 4177920K, committed 262144K, used 14283K [0x0000000701000000, 0x0000000800000000)
  region size 2048K, 4 young (8192K), 4 survivors (8192K)
 Metaspace       used 21172K, committed 21504K, reserved 1114112K
  class space    used 3020K, committed 3200K, reserved 1048576K
}
Event: 187.901 GC heap before
{Heap before GC invocations=4 (full 0):
 garbage-first heap   total reserved 4177920K, committed 49152K, used 47051K [0x0000000701000000, 0x0000000800000000)
  region size 2048K, 18 young (36864K), 4 survivors (8192K)
 Metaspace       used 22774K, committed 23104K, reserved 1114112K
  class space    used 3158K, committed 3328K, reserved 1048576K
}
Event: 187.905 GC heap after
{Heap after GC invocations=5 (full 0):
 garbage-first heap   total reserved 4177920K, committed 59392K, used 16747K [0x0000000701000000, 0x0000000800000000)
  region size 2048K, 1 young (2048K), 1 survivors (2048K)
 Metaspace       used 22774K, committed 23104K, reserved 1114112K
  class space    used 3158K, committed 3328K, reserved 1048576K
}

Dll operation events (20 events):
Event: 0.249 Loaded shared library C:\Users\Anwender\Downloads\openjfx-23.0.1_windows-x64_bin-sdk\javafx-sdk-23.0.1\bin\api-ms-win-crt-private-l1-1-0.dll
Event: 0.250 Loaded shared library C:\Users\Anwender\Downloads\openjfx-23.0.1_windows-x64_bin-sdk\javafx-sdk-23.0.1\bin\api-ms-win-crt-process-l1-1-0.dll
Event: 0.251 Loaded shared library C:\Users\Anwender\Downloads\openjfx-23.0.1_windows-x64_bin-sdk\javafx-sdk-23.0.1\bin\api-ms-win-crt-runtime-l1-1-0.dll
Event: 0.251 Loaded shared library C:\Users\Anwender\Downloads\openjfx-23.0.1_windows-x64_bin-sdk\javafx-sdk-23.0.1\bin\api-ms-win-crt-stdio-l1-1-0.dll
Event: 0.253 Loaded shared library C:\Users\Anwender\Downloads\openjfx-23.0.1_windows-x64_bin-sdk\javafx-sdk-23.0.1\bin\api-ms-win-crt-string-l1-1-0.dll
Event: 0.254 Loaded shared library C:\Users\Anwender\Downloads\openjfx-23.0.1_windows-x64_bin-sdk\javafx-sdk-23.0.1\bin\api-ms-win-crt-time-l1-1-0.dll
Event: 0.255 Loaded shared library C:\Users\Anwender\Downloads\openjfx-23.0.1_windows-x64_bin-sdk\javafx-sdk-23.0.1\bin\api-ms-win-crt-utility-l1-1-0.dll
Event: 0.257 Loaded shared library C:\Users\Anwender\Downloads\openjfx-23.0.1_windows-x64_bin-sdk\javafx-sdk-23.0.1\bin\ucrtbase.dll
Event: 0.259 Loaded shared library C:\Users\Anwender\Downloads\openjfx-23.0.1_windows-x64_bin-sdk\javafx-sdk-23.0.1\bin\vcruntime140.dll
Event: 0.260 Loaded shared library C:\Users\Anwender\Downloads\openjfx-23.0.1_windows-x64_bin-sdk\javafx-sdk-23.0.1\bin\vcruntime140_1.dll
Event: 0.262 Loaded shared library C:\Users\Anwender\Downloads\openjfx-23.0.1_windows-x64_bin-sdk\javafx-sdk-23.0.1\bin\msvcp140.dll
Event: 0.264 Loaded shared library C:\Users\Anwender\Downloads\openjfx-23.0.1_windows-x64_bin-sdk\javafx-sdk-23.0.1\bin\msvcp140_1.dll
Event: 0.265 Loaded shared library C:\Users\Anwender\Downloads\openjfx-23.0.1_windows-x64_bin-sdk\javafx-sdk-23.0.1\bin\msvcp140_2.dll
Event: 0.306 Loaded shared library C:\Users\Anwender\Downloads\openjfx-23.0.1_windows-x64_bin-sdk\javafx-sdk-23.0.1\bin\prism_d3d.dll
Event: 0.388 Loaded shared library C:\Users\Anwender\Downloads\openjfx-23.0.1_windows-x64_bin-sdk\javafx-sdk-23.0.1\bin\glass.dll
Event: 0.543 Loaded shared library C:\Users\Anwender\.jdks\openjdk-23.0.1\bin\jimage.dll
Event: 0.919 Loaded shared library C:\Users\Anwender\Downloads\openjfx-23.0.1_windows-x64_bin-sdk\javafx-sdk-23.0.1\bin\javafx_iio.dll
Event: 0.967 Loaded shared library C:\Users\Anwender\Downloads\openjfx-23.0.1_windows-x64_bin-sdk\javafx-sdk-23.0.1\bin\javafx_font.dll
Event: 3.321 Loaded shared library C:\Users\Anwender\.jdks\openjdk-23.0.1\bin\management.dll
Event: 3.322 Loaded shared library C:\Users\Anwender\.jdks\openjdk-23.0.1\bin\management_ext.dll

Deoptimization events (20 events):
Event: 187.416 Thread 0x000001ec57d919f0 Uncommon trap: trap_request=0xffffffbe fr.pc=0x000001ec07ce96f8 relative=0x0000000000005598
Event: 187.416 Thread 0x000001ec57d919f0 Uncommon trap: reason=profile_predicate action=maybe_recompile pc=0x000001ec07ce96f8 method=javafx.scene.CssStyleHelper.transitionToState(Ljavafx/scene/Node;)V @ 291 c2
Event: 187.416 Thread 0x000001ec57d919f0 DEOPT PACKING pc=0x000001ec07ce96f8 sp=0x000000ded77fde60
Event: 187.416 Thread 0x000001ec57d919f0 DEOPT UNPACKING pc=0x000001ec07584402 sp=0x000000ded77fddc8 mode 2
Event: 187.417 Thread 0x000001ec57d919f0 Uncommon trap: trap_request=0xffffffbe fr.pc=0x000001ec07ce96f8 relative=0x0000000000005598
Event: 187.417 Thread 0x000001ec57d919f0 Uncommon trap: reason=profile_predicate action=maybe_recompile pc=0x000001ec07ce96f8 method=javafx.scene.CssStyleHelper.transitionToState(Ljavafx/scene/Node;)V @ 291 c2
Event: 187.417 Thread 0x000001ec57d919f0 DEOPT PACKING pc=0x000001ec07ce96f8 sp=0x000000ded77fde60
Event: 187.417 Thread 0x000001ec57d919f0 DEOPT UNPACKING pc=0x000001ec07584402 sp=0x000000ded77fddc8 mode 2
Event: 187.505 Thread 0x000001ec57d919f0 Uncommon trap: trap_request=0xffffff45 fr.pc=0x000001ec07c3b864 relative=0x00000000000000c4
Event: 187.505 Thread 0x000001ec57d919f0 Uncommon trap: reason=unstable_if action=reinterpret pc=0x000001ec07c3b864 method=javafx.scene.Scene.getWindow()Ljavafx/stage/Window; @ 4 c2
Event: 187.505 Thread 0x000001ec57d919f0 DEOPT PACKING pc=0x000001ec07c3b864 sp=0x000000ded77fc550
Event: 187.505 Thread 0x000001ec57d919f0 DEOPT UNPACKING pc=0x000001ec07584402 sp=0x000000ded77fc4e0 mode 2
Event: 187.509 Thread 0x000001ec57d919f0 Uncommon trap: trap_request=0xffffffbe fr.pc=0x000001ec07ce96f8 relative=0x0000000000005598
Event: 187.509 Thread 0x000001ec57d919f0 Uncommon trap: reason=profile_predicate action=maybe_recompile pc=0x000001ec07ce96f8 method=javafx.scene.CssStyleHelper.transitionToState(Ljavafx/scene/Node;)V @ 291 c2
Event: 187.509 Thread 0x000001ec57d919f0 DEOPT PACKING pc=0x000001ec07ce96f8 sp=0x000000ded77fc130
Event: 187.509 Thread 0x000001ec57d919f0 DEOPT UNPACKING pc=0x000001ec07584402 sp=0x000000ded77fc098 mode 2
Event: 187.821 Thread 0x000001ec57d919f0 Uncommon trap: trap_request=0xffffff45 fr.pc=0x000001ec07cad30c relative=0x00000000000010ac
Event: 187.821 Thread 0x000001ec57d919f0 Uncommon trap: reason=unstable_if action=reinterpret pc=0x000001ec07cad30c method=java.util.EnumMap.values()Ljava/util/Collection; @ 6 c2
Event: 187.821 Thread 0x000001ec57d919f0 DEOPT PACKING pc=0x000001ec07cad30c sp=0x000000ded77fb5c0
Event: 187.821 Thread 0x000001ec57d919f0 DEOPT UNPACKING pc=0x000001ec07584402 sp=0x000000ded77fb568 mode 2

Classes loaded (20 events):
Event: 3.572 Loading class java/util/concurrent/atomic/AtomicIntegerFieldUpdater$AtomicIntegerFieldUpdaterImpl
Event: 3.572 Loading class java/util/concurrent/atomic/AtomicIntegerFieldUpdater$AtomicIntegerFieldUpdaterImpl done
Event: 3.572 Loading class java/util/concurrent/atomic/AtomicIntegerFieldUpdater$AtomicIntegerFieldUpdaterImpl$1
Event: 3.572 Loading class java/util/concurrent/atomic/AtomicIntegerFieldUpdater$AtomicIntegerFieldUpdaterImpl$1 done
Event: 3.575 Loading class java/lang/invoke/DirectMethodHandle$Special
Event: 3.575 Loading class java/lang/invoke/DirectMethodHandle$Special done
Event: 3.577 Loading class java/net/UnknownHostException
Event: 3.577 Loading class java/net/UnknownHostException done
Event: 4.209 Loading class sun/reflect/generics/tree/BottomSignature
Event: 4.209 Loading class sun/reflect/generics/tree/BottomSignature done
Event: 4.209 Loading class sun/reflect/generics/tree/Wildcard
Event: 4.209 Loading class sun/reflect/generics/tree/Wildcard done
Event: 4.209 Loading class sun/reflect/generics/reflectiveObjects/WildcardTypeImpl
Event: 4.209 Loading class java/lang/reflect/WildcardType
Event: 4.209 Loading class java/lang/reflect/WildcardType done
Event: 4.209 Loading class sun/reflect/generics/reflectiveObjects/WildcardTypeImpl done
Event: 4.327 Loading class java/lang/FdLibm$Atan2
Event: 4.327 Loading class java/lang/FdLibm$Atan2 done
Event: 4.327 Loading class java/lang/FdLibm
Event: 4.327 Loading class java/lang/FdLibm done

Classes unloaded (0 events):
No events

Classes redefined (0 events):
No events

Internal exceptions (20 events):
Event: 3.499 Thread 0x000001ec57d919f0 Exception <a 'java/lang/IncompatibleClassChangeError'{0x000000070e5f8ff0}: Found class java.lang.Object, but interface was expected> (0x000000070e5f8ff0) 
thrown [s\open\src\hotspot\share\interpreter\linkResolver.cpp, line 863]
Event: 3.567 Thread 0x000001ec57d919f0 Exception <a 'java/lang/NoSuchMethodError'{0x000000070e0786a0}: 'java.lang.Object java.lang.invoke.DirectMethodHandle$Holder.invokeStaticInit(java.lang.Object, java.lang.Object, java.lang.Object)'> (0x000000070e0786a0) 
thrown [s\open\src\hotspot\share\interpreter\linkResolver.cpp, line 796]
Event: 3.598 Thread 0x000001ec57d919f0 Implicit null exception at 0x000001ec07bfe69b to 0x000001ec07bff1a0
Event: 3.601 Thread 0x000001ec57d919f0 Implicit null exception at 0x000001ec07c00374 to 0x000001ec07c00c30
Event: 4.188 Thread 0x000001ec57d919f0 Exception <a 'java/lang/NoSuchMethodError'{0x000000070dd64ef8}: 'void java.lang.invoke.Invokers$Holder.invokeExact_MT(java.lang.Object, java.lang.Object, java.lang.Object, java.lang.Object)'> (0x000000070dd64ef8) 
thrown [s\open\src\hotspot\share\interpreter\linkResolver.cpp, line 796]
Event: 4.212 Thread 0x000001ec57d919f0 Exception <a 'java/io/FileNotFoundException'{0x000000070d853000}> (0x000000070d853000) 
thrown [s\open\src\hotspot\share\prims\jni.cpp, line 520]
Event: 4.237 Thread 0x000001ec57d919f0 Exception <a 'java/lang/ClassNotFoundException'{0x000000070d6722c0}: com/sun/javafx/scene/control/skin/resources/controls> (0x000000070d6722c0) 
thrown [s\open\src\hotspot\share\prims\jni.cpp, line 539]
Event: 4.238 Thread 0x000001ec57d919f0 Exception <a 'java/lang/ClassNotFoundException'{0x000000070d680488}: com/sun/javafx/scene/control/skin/resources/controls_de> (0x000000070d680488) 
thrown [s\open\src\hotspot\share\prims\jni.cpp, line 539]
Event: 4.238 Thread 0x000001ec57d919f0 Exception <a 'java/lang/ClassNotFoundException'{0x000000070d68def0}: com/sun/javafx/scene/control/skin/resources/controls_de_DE> (0x000000070d68def0) 
thrown [s\open\src\hotspot\share\prims\jni.cpp, line 539]
Event: 7.038 Thread 0x000001ec57d919f0 Exception <a 'java/io/FileNotFoundException'{0x00000007033d5340}> (0x00000007033d5340) 
thrown [s\open\src\hotspot\share\prims\jni.cpp, line 520]
Event: 8.035 Thread 0x000001ec57d919f0 Exception <a 'java/io/FileNotFoundException'{0x0000000702f8fd18}> (0x0000000702f8fd18) 
thrown [s\open\src\hotspot\share\prims\jni.cpp, line 520]
Event: 180.702 Thread 0x000001ec57d919f0 Exception <a 'java/io/FileNotFoundException'{0x0000000702a9db00}> (0x0000000702a9db00) 
thrown [s\open\src\hotspot\share\prims\jni.cpp, line 520]
Event: 181.475 Thread 0x000001ec57d919f0 Exception <a 'java/io/FileNotFoundException'{0x0000000702448290}> (0x0000000702448290) 
thrown [s\open\src\hotspot\share\prims\jni.cpp, line 520]
Event: 183.498 Thread 0x000001ec57d919f0 Implicit null exception at 0x000001ec07c3ec2c to 0x000001ec07c3ec89
Event: 185.005 Thread 0x000001ec57d919f0 Exception <a 'java/lang/NoSuchMethodError'{0x000000070215e8f8}: 'java.lang.Object java.lang.invoke.DirectMethodHandle$Holder.newInvokeSpecial(java.lang.Object, java.lang.Object, int, int, int, int, int, java.lang.Object)'> (0x000000070215e8f8) 
thrown [s\open\src\hotspot\share\interpreter\linkResolver.cpp, line 796]
Event: 185.005 Thread 0x000001ec57d919f0 Exception <a 'java/lang/NoSuchMethodError'{0x00000007021706a8}: 'java.lang.Object java.lang.invoke.DirectMethodHandle$Holder.newInvokeSpecial(java.lang.Object, java.lang.Object, java.lang.Object, int, int, int, int, int)'> (0x00000007021706a8) 
thrown [s\open\src\hotspot\share\interpreter\linkResolver.cpp, line 796]
Event: 185.006 Thread 0x000001ec57d919f0 Exception <a 'java/lang/NoSuchMethodError'{0x0000000702177a48}: 'java.lang.Object java.lang.invoke.Invokers$Holder.linkToTargetMethod(java.lang.Object, java.lang.Object, int, int, int, int, int, java.lang.Object)'> (0x0000000702177a48) 
thrown [s\open\src\hotspot\share\interpreter\linkResolver.cpp, line 796]
Event: 186.133 Thread 0x000001ec57d919f0 Exception <a 'java/io/FileNotFoundException'{0x0000000701f9bb48}> (0x0000000701f9bb48) 
thrown [s\open\src\hotspot\share\prims\jni.cpp, line 520]
Event: 187.505 Thread 0x000001ec57d919f0 Implicit null exception at 0x000001ec07c3b7ce to 0x000001ec07c3b854
Event: 187.821 Thread 0x000001ec57d919f0 Implicit null exception at 0x000001ec07cac2b4 to 0x000001ec07cad2ec

VM Operations (20 events):
Event: 4.291 Executing VM operation: CollectForMetadataAllocation (Metadata GC Threshold) done
Event: 4.295 Executing VM operation: G1PauseRemark
Event: 4.296 Executing VM operation: G1PauseRemark done
Event: 4.296 Executing VM operation: G1PauseCleanup
Event: 4.297 Executing VM operation: G1PauseCleanup done
Event: 60.126 Executing VM operation: HandshakeAllThreads (HandshakeForDeflation)
Event: 60.126 Executing VM operation: HandshakeAllThreads (HandshakeForDeflation) done
Event: 60.126 Executing VM operation: RendezvousGCThreads
Event: 60.126 Executing VM operation: RendezvousGCThreads done
Event: 180.362 Executing VM operation: HandshakeAllThreads (HandshakeForDeflation)
Event: 180.362 Executing VM operation: HandshakeAllThreads (HandshakeForDeflation) done
Event: 180.362 Executing VM operation: RendezvousGCThreads
Event: 180.362 Executing VM operation: RendezvousGCThreads done
Event: 183.608 Executing VM operation: HandshakeAllThreads (Deoptimize)
Event: 183.608 Executing VM operation: HandshakeAllThreads (Deoptimize) done
Event: 183.614 Executing VM operation: HandshakeAllThreads (Deoptimize)
Event: 183.614 Executing VM operation: HandshakeAllThreads (Deoptimize) done
Event: 187.901 Executing VM operation: G1CollectForAllocation (G1 Evacuation Pause)
Event: 187.905 Executing VM operation: G1CollectForAllocation (G1 Evacuation Pause) done
Event: 188.763 Executing VM operation: Exit

Memory protections (0 events):
No events

Nmethod flushes (0 events):
No events

Events (20 events):
Event: 181.195 Thread 0x000001ec57d919f0 Thread added: 0x000001ec586516b0
Event: 181.488 Thread 0x000001ec11b9d150 Thread added: 0x000001ec5709ae70
Event: 181.494 Thread 0x000001ec11b9d150 Thread added: 0x000001ec587c43a0
Event: 182.099 Thread 0x000001ec587c43a0 Thread exited: 0x000001ec587c43a0
Event: 182.188 Thread 0x000001ec11b9d150 Thread added: 0x000001ec57502100
Event: 182.360 Thread 0x000001ec57502100 Thread exited: 0x000001ec57502100
Event: 182.360 Thread 0x000001ec5709ae70 Thread exited: 0x000001ec5709ae70
Event: 184.185 Thread 0x000001ec11b9c4f0 Thread added: 0x000001ec57504310
Event: 184.185 Thread 0x000001ec11b9c4f0 Thread added: 0x000001ec57503c40
Event: 184.310 Thread 0x000001ec57503c40 Thread exited: 0x000001ec57503c40
Event: 184.313 Thread 0x000001ec57504310 Thread exited: 0x000001ec57504310
Event: 186.136 Thread 0x000001ec11b9d150 Thread added: 0x000001ec575049e0
Event: 186.140 Thread 0x000001ec11b9d150 Thread added: 0x000001ec575050b0
Event: 186.301 Thread 0x000001ec575050b0 Thread exited: 0x000001ec575050b0
Event: 186.301 Thread 0x000001ec575049e0 Thread exited: 0x000001ec575049e0
Event: 188.762 Thread 0x000001ec57d919f0 Thread added: 0x000001ec5864fc70
Event: 188.762 Thread 0x000001ec57d919f0 Thread added: 0x000001ec58650300
Event: 188.763 Thread 0x000001ec5864fc70 Thread exited: 0x000001ec5864fc70
Event: 188.763 Thread 0x000001ec58650300 Thread exited: 0x000001ec58650300
Event: 188.763 Thread 0x000001ec57d919f0 Before exit entered


Dynamic libraries:
0x00007ff7bf850000 - 0x00007ff7bf85e000 	C:\Users\Anwender\.jdks\openjdk-23.0.1\bin\java.exe
0x00007ffd5fb50000 - 0x00007ffd5fd48000 	C:\WINDOWS\SYSTEM32\ntdll.dll
0x00007ffd5e6e0000 - 0x00007ffd5e7a2000 	C:\WINDOWS\System32\KERNEL32.DLL
0x00007ffd5d6c0000 - 0x00007ffd5d9b6000 	C:\WINDOWS\System32\KERNELBASE.dll
0x00007ffd5d280000 - 0x00007ffd5d380000 	C:\WINDOWS\System32\ucrtbase.dll
0x00007ffd40960000 - 0x00007ffd40977000 	C:\Users\Anwender\.jdks\openjdk-23.0.1\bin\jli.dll
0x00007ffd3ca30000 - 0x00007ffd3ca4b000 	C:\Users\Anwender\.jdks\openjdk-23.0.1\bin\VCRUNTIME140.dll
0x00007ffd5e370000 - 0x00007ffd5e50d000 	C:\WINDOWS\System32\USER32.dll
0x00007ffd49ac0000 - 0x00007ffd49d5a000 	C:\WINDOWS\WinSxS\amd64_microsoft.windows.common-controls_6595b64144ccf1df_6.0.19041.4355_none_60b8b9eb71f62e16\COMCTL32.dll
0x00007ffd5daf0000 - 0x00007ffd5db12000 	C:\WINDOWS\System32\win32u.dll
0x00007ffd5ee60000 - 0x00007ffd5eefe000 	C:\WINDOWS\System32\msvcrt.dll
0x00007ffd5fae0000 - 0x00007ffd5fb0b000 	C:\WINDOWS\System32\GDI32.dll
0x00007ffd5d380000 - 0x00007ffd5d49a000 	C:\WINDOWS\System32\gdi32full.dll
0x00007ffd5d1e0000 - 0x00007ffd5d27d000 	C:\WINDOWS\System32\msvcp_win.dll
0x00007ffd5e8a0000 - 0x00007ffd5e8cf000 	C:\WINDOWS\System32\IMM32.DLL
0x00007ffd50b00000 - 0x00007ffd50b0c000 	C:\Users\Anwender\.jdks\openjdk-23.0.1\bin\vcruntime140_1.dll
0x00007ffd371e0000 - 0x00007ffd3726e000 	C:\Users\Anwender\.jdks\openjdk-23.0.1\bin\msvcp140.dll
0x00007ffc70160000 - 0x00007ffc70eaf000 	C:\Users\Anwender\.jdks\openjdk-23.0.1\bin\server\jvm.dll
0x00007ffd5e260000 - 0x00007ffd5e30f000 	C:\WINDOWS\System32\ADVAPI32.dll
0x00007ffd5ef00000 - 0x00007ffd5ef9f000 	C:\WINDOWS\System32\sechost.dll
0x00007ffd5dd20000 - 0x00007ffd5de43000 	C:\WINDOWS\System32\RPCRT4.dll
0x00007ffd5d530000 - 0x00007ffd5d557000 	C:\WINDOWS\System32\bcrypt.dll
0x00007ffd5fa70000 - 0x00007ffd5fadb000 	C:\WINDOWS\System32\WS2_32.dll
0x00007ffd5c720000 - 0x00007ffd5c76b000 	C:\WINDOWS\SYSTEM32\POWRPROF.dll
0x00007ffd55530000 - 0x00007ffd5553a000 	C:\WINDOWS\SYSTEM32\VERSION.dll
0x00007ffd53ad0000 - 0x00007ffd53af7000 	C:\WINDOWS\SYSTEM32\WINMM.dll
0x00007ffd5c5e0000 - 0x00007ffd5c5f2000 	C:\WINDOWS\SYSTEM32\UMPDC.dll
0x00007ffd5afa0000 - 0x00007ffd5afb2000 	C:\WINDOWS\SYSTEM32\kernel.appcore.dll
0x00007ffd400b0000 - 0x00007ffd400ba000 	C:\Users\Anwender\.jdks\openjdk-23.0.1\bin\jimage.dll
0x00007ffd51400000 - 0x00007ffd515e4000 	C:\WINDOWS\SYSTEM32\DBGHELP.DLL
0x00007ffd35c70000 - 0x00007ffd35ca4000 	C:\WINDOWS\SYSTEM32\dbgcore.DLL
0x00007ffd5d4a0000 - 0x00007ffd5d522000 	C:\WINDOWS\System32\bcryptPrimitives.dll
0x00007ffd40080000 - 0x00007ffd4008f000 	C:\Users\Anwender\.jdks\openjdk-23.0.1\bin\instrument.dll
0x00007ffd3a3a0000 - 0x00007ffd3a3be000 	C:\Users\Anwender\.jdks\openjdk-23.0.1\bin\java.dll
0x00007ffd5de50000 - 0x00007ffd5df7b000 	C:\WINDOWS\System32\ole32.dll
0x00007ffd5f710000 - 0x00007ffd5fa65000 	C:\WINDOWS\System32\combase.dll
0x00007ffd5efa0000 - 0x00007ffd5f70f000 	C:\WINDOWS\System32\SHELL32.dll
0x00007ffd5b280000 - 0x00007ffd5ba23000 	C:\WINDOWS\SYSTEM32\windows.storage.dll
0x00007ffd5cc10000 - 0x00007ffd5cc3b000 	C:\WINDOWS\SYSTEM32\Wldp.dll
0x00007ffd5e7d0000 - 0x00007ffd5e89d000 	C:\WINDOWS\System32\OLEAUT32.dll
0x00007ffd5e8d0000 - 0x00007ffd5e97d000 	C:\WINDOWS\System32\SHCORE.dll
0x00007ffd5db70000 - 0x00007ffd5dbc5000 	C:\WINDOWS\System32\shlwapi.dll
0x00007ffd5d110000 - 0x00007ffd5d135000 	C:\WINDOWS\SYSTEM32\profapi.dll
0x00007ffcd0a70000 - 0x00007ffcd0b47000 	C:\Users\Anwender\.jdks\openjdk-23.0.1\bin\jsvml.dll
0x00007ffd3ff50000 - 0x00007ffd3ff60000 	C:\Users\Anwender\.jdks\openjdk-23.0.1\bin\net.dll
0x00007ffd5c970000 - 0x00007ffd5c9dc000 	C:\WINDOWS\system32\mswsock.dll
0x00007ffd3a380000 - 0x00007ffd3a396000 	C:\Users\Anwender\.jdks\openjdk-23.0.1\bin\nio.dll
0x00007ffd37f80000 - 0x00007ffd37f97000 	C:\Users\Anwender\.jdks\openjdk-23.0.1\bin\zip.dll
0x00007ffd374a0000 - 0x00007ffd374ba000 	C:\Program Files\JetBrains\IntelliJ IDEA 2024.2.4\bin\breakgen64.dll
0x00007ffd3f7e0000 - 0x00007ffd3f7e9000 	C:\Users\Anwender\.jdks\openjdk-23.0.1\bin\extnet.dll
0x000001ec11fd0000 - 0x000001ec11fd3000 	C:\Users\Anwender\Downloads\openjfx-23.0.1_windows-x64_bin-sdk\javafx-sdk-23.0.1\bin\api-ms-win-core-console-l1-1-0.dll
0x000001ec11fe0000 - 0x000001ec11fe3000 	C:\Users\Anwender\Downloads\openjfx-23.0.1_windows-x64_bin-sdk\javafx-sdk-23.0.1\bin\api-ms-win-core-console-l1-2-0.dll
0x000001ec11ff0000 - 0x000001ec11ff3000 	C:\Users\Anwender\Downloads\openjfx-23.0.1_windows-x64_bin-sdk\javafx-sdk-23.0.1\bin\api-ms-win-core-datetime-l1-1-0.dll
0x000001ec587d0000 - 0x000001ec587d3000 	C:\Users\Anwender\Downloads\openjfx-23.0.1_windows-x64_bin-sdk\javafx-sdk-23.0.1\bin\api-ms-win-core-debug-l1-1-0.dll
0x000001ec587e0000 - 0x000001ec587e3000 	C:\Users\Anwender\Downloads\openjfx-23.0.1_windows-x64_bin-sdk\javafx-sdk-23.0.1\bin\api-ms-win-core-errorhandling-l1-1-0.dll
0x000001ec587f0000 - 0x000001ec587f4000 	C:\Users\Anwender\Downloads\openjfx-23.0.1_windows-x64_bin-sdk\javafx-sdk-23.0.1\bin\api-ms-win-core-file-l1-1-0.dll
0x000001ec58800000 - 0x000001ec58803000 	C:\Users\Anwender\Downloads\openjfx-23.0.1_windows-x64_bin-sdk\javafx-sdk-23.0.1\bin\api-ms-win-core-file-l1-2-0.dll
0x000001ec58810000 - 0x000001ec58813000 	C:\Users\Anwender\Downloads\openjfx-23.0.1_windows-x64_bin-sdk\javafx-sdk-23.0.1\bin\api-ms-win-core-file-l2-1-0.dll
0x000001ec58820000 - 0x000001ec58823000 	C:\Users\Anwender\Downloads\openjfx-23.0.1_windows-x64_bin-sdk\javafx-sdk-23.0.1\bin\api-ms-win-core-handle-l1-1-0.dll
0x000001ec58830000 - 0x000001ec58833000 	C:\Users\Anwender\Downloads\openjfx-23.0.1_windows-x64_bin-sdk\javafx-sdk-23.0.1\bin\api-ms-win-core-heap-l1-1-0.dll
0x000001ec58840000 - 0x000001ec58843000 	C:\Users\Anwender\Downloads\openjfx-23.0.1_windows-x64_bin-sdk\javafx-sdk-23.0.1\bin\api-ms-win-core-interlocked-l1-1-0.dll
0x000001ec58850000 - 0x000001ec58853000 	C:\Users\Anwender\Downloads\openjfx-23.0.1_windows-x64_bin-sdk\javafx-sdk-23.0.1\bin\api-ms-win-core-libraryloader-l1-1-0.dll
0x000001ec58860000 - 0x000001ec58863000 	C:\Users\Anwender\Downloads\openjfx-23.0.1_windows-x64_bin-sdk\javafx-sdk-23.0.1\bin\api-ms-win-core-localization-l1-2-0.dll
0x000001ec58870000 - 0x000001ec58873000 	C:\Users\Anwender\Downloads\openjfx-23.0.1_windows-x64_bin-sdk\javafx-sdk-23.0.1\bin\api-ms-win-core-memory-l1-1-0.dll
0x000001ec58880000 - 0x000001ec58883000 	C:\Users\Anwender\Downloads\openjfx-23.0.1_windows-x64_bin-sdk\javafx-sdk-23.0.1\bin\api-ms-win-core-namedpipe-l1-1-0.dll
0x000001ec58c00000 - 0x000001ec58c03000 	C:\Users\Anwender\Downloads\openjfx-23.0.1_windows-x64_bin-sdk\javafx-sdk-23.0.1\bin\api-ms-win-core-processenvironment-l1-1-0.dll
0x000001ec58c10000 - 0x000001ec58c13000 	C:\Users\Anwender\Downloads\openjfx-23.0.1_windows-x64_bin-sdk\javafx-sdk-23.0.1\bin\api-ms-win-core-processthreads-l1-1-0.dll
0x000001ec58c20000 - 0x000001ec58c23000 	C:\Users\Anwender\Downloads\openjfx-23.0.1_windows-x64_bin-sdk\javafx-sdk-23.0.1\bin\api-ms-win-core-processthreads-l1-1-1.dll
0x000001ec58c30000 - 0x000001ec58c33000 	C:\Users\Anwender\Downloads\openjfx-23.0.1_windows-x64_bin-sdk\javafx-sdk-23.0.1\bin\api-ms-win-core-profile-l1-1-0.dll
0x000001ec58c40000 - 0x000001ec58c43000 	C:\Users\Anwender\Downloads\openjfx-23.0.1_windows-x64_bin-sdk\javafx-sdk-23.0.1\bin\api-ms-win-core-rtlsupport-l1-1-0.dll
0x000001ec58890000 - 0x000001ec58893000 	C:\Users\Anwender\Downloads\openjfx-23.0.1_windows-x64_bin-sdk\javafx-sdk-23.0.1\bin\api-ms-win-core-string-l1-1-0.dll
0x000001ec588a0000 - 0x000001ec588a3000 	C:\Users\Anwender\Downloads\openjfx-23.0.1_windows-x64_bin-sdk\javafx-sdk-23.0.1\bin\api-ms-win-core-synch-l1-1-0.dll
0x000001ec588b0000 - 0x000001ec588b3000 	C:\Users\Anwender\Downloads\openjfx-23.0.1_windows-x64_bin-sdk\javafx-sdk-23.0.1\bin\api-ms-win-core-synch-l1-2-0.dll
0x000001ec588c0000 - 0x000001ec588c3000 	C:\Users\Anwender\Downloads\openjfx-23.0.1_windows-x64_bin-sdk\javafx-sdk-23.0.1\bin\api-ms-win-core-sysinfo-l1-1-0.dll
0x000001ec588d0000 - 0x000001ec588d3000 	C:\Users\Anwender\Downloads\openjfx-23.0.1_windows-x64_bin-sdk\javafx-sdk-23.0.1\bin\api-ms-win-core-timezone-l1-1-0.dll
0x000001ec588e0000 - 0x000001ec588e3000 	C:\Users\Anwender\Downloads\openjfx-23.0.1_windows-x64_bin-sdk\javafx-sdk-23.0.1\bin\api-ms-win-core-util-l1-1-0.dll
0x000001ec588f0000 - 0x000001ec588f3000 	C:\Users\Anwender\Downloads\openjfx-23.0.1_windows-x64_bin-sdk\javafx-sdk-23.0.1\bin\api-ms-win-crt-conio-l1-1-0.dll
0x000001ec58900000 - 0x000001ec58904000 	C:\Users\Anwender\Downloads\openjfx-23.0.1_windows-x64_bin-sdk\javafx-sdk-23.0.1\bin\api-ms-win-crt-convert-l1-1-0.dll
0x000001ec58910000 - 0x000001ec58913000 	C:\Users\Anwender\Downloads\openjfx-23.0.1_windows-x64_bin-sdk\javafx-sdk-23.0.1\bin\api-ms-win-crt-environment-l1-1-0.dll
0x000001ec58920000 - 0x000001ec58923000 	C:\Users\Anwender\Downloads\openjfx-23.0.1_windows-x64_bin-sdk\javafx-sdk-23.0.1\bin\api-ms-win-crt-filesystem-l1-1-0.dll
0x000001ec58930000 - 0x000001ec58933000 	C:\Users\Anwender\Downloads\openjfx-23.0.1_windows-x64_bin-sdk\javafx-sdk-23.0.1\bin\api-ms-win-crt-heap-l1-1-0.dll
0x000001ec58940000 - 0x000001ec58943000 	C:\Users\Anwender\Downloads\openjfx-23.0.1_windows-x64_bin-sdk\javafx-sdk-23.0.1\bin\api-ms-win-crt-locale-l1-1-0.dll
0x000001ec58950000 - 0x000001ec58955000 	C:\Users\Anwender\Downloads\openjfx-23.0.1_windows-x64_bin-sdk\javafx-sdk-23.0.1\bin\api-ms-win-crt-math-l1-1-0.dll
0x000001ec58960000 - 0x000001ec58965000 	C:\Users\Anwender\Downloads\openjfx-23.0.1_windows-x64_bin-sdk\javafx-sdk-23.0.1\bin\api-ms-win-crt-multibyte-l1-1-0.dll
0x000001ec58970000 - 0x000001ec58980000 	C:\Users\Anwender\Downloads\openjfx-23.0.1_windows-x64_bin-sdk\javafx-sdk-23.0.1\bin\api-ms-win-crt-private-l1-1-0.dll
0x000001ec58980000 - 0x000001ec58983000 	C:\Users\Anwender\Downloads\openjfx-23.0.1_windows-x64_bin-sdk\javafx-sdk-23.0.1\bin\api-ms-win-crt-process-l1-1-0.dll
0x000001ec58990000 - 0x000001ec58994000 	C:\Users\Anwender\Downloads\openjfx-23.0.1_windows-x64_bin-sdk\javafx-sdk-23.0.1\bin\api-ms-win-crt-runtime-l1-1-0.dll
0x000001ec589a0000 - 0x000001ec589a4000 	C:\Users\Anwender\Downloads\openjfx-23.0.1_windows-x64_bin-sdk\javafx-sdk-23.0.1\bin\api-ms-win-crt-stdio-l1-1-0.dll
0x000001ec589b0000 - 0x000001ec589b4000 	C:\Users\Anwender\Downloads\openjfx-23.0.1_windows-x64_bin-sdk\javafx-sdk-23.0.1\bin\api-ms-win-crt-string-l1-1-0.dll
0x000001ec589c0000 - 0x000001ec589c3000 	C:\Users\Anwender\Downloads\openjfx-23.0.1_windows-x64_bin-sdk\javafx-sdk-23.0.1\bin\api-ms-win-crt-time-l1-1-0.dll
0x000001ec589d0000 - 0x000001ec589d3000 	C:\Users\Anwender\Downloads\openjfx-23.0.1_windows-x64_bin-sdk\javafx-sdk-23.0.1\bin\api-ms-win-crt-utility-l1-1-0.dll
0x00007ffccfec0000 - 0x00007ffccffbc000 	C:\Users\Anwender\Downloads\openjfx-23.0.1_windows-x64_bin-sdk\javafx-sdk-23.0.1\bin\ucrtbase.dll
0x00007ffd37480000 - 0x00007ffd3749b000 	C:\Users\Anwender\Downloads\openjfx-23.0.1_windows-x64_bin-sdk\javafx-sdk-23.0.1\bin\vcruntime140.dll
0x00007ffd37d40000 - 0x00007ffd37d4c000 	C:\Users\Anwender\Downloads\openjfx-23.0.1_windows-x64_bin-sdk\javafx-sdk-23.0.1\bin\vcruntime140_1.dll
0x00007ffd2b610000 - 0x00007ffd2b69e000 	C:\Users\Anwender\Downloads\openjfx-23.0.1_windows-x64_bin-sdk\javafx-sdk-23.0.1\bin\msvcp140.dll
0x00007ffd372e0000 - 0x00007ffd372e9000 	C:\Users\Anwender\Downloads\openjfx-23.0.1_windows-x64_bin-sdk\javafx-sdk-23.0.1\bin\msvcp140_1.dll
0x00007ffd1c000000 - 0x00007ffd1c041000 	C:\Users\Anwender\Downloads\openjfx-23.0.1_windows-x64_bin-sdk\javafx-sdk-23.0.1\bin\msvcp140_2.dll
0x00007ffd2cf70000 - 0x00007ffd2cfa0000 	C:\Users\Anwender\Downloads\openjfx-23.0.1_windows-x64_bin-sdk\javafx-sdk-23.0.1\bin\prism_d3d.dll
0x00007ffd34dc0000 - 0x00007ffd34f91000 	C:\WINDOWS\system32\d3d9.dll
0x00007ffd5af70000 - 0x00007ffd5af9f000 	C:\WINDOWS\SYSTEM32\dwmapi.dll
0x00007ffd5ab90000 - 0x00007ffd5ac2e000 	C:\WINDOWS\system32\uxtheme.dll
0x00007ffd4fff0000 - 0x00007ffd500b4000 	C:\WINDOWS\System32\DriverStore\FileRepository\nv_dispi.inf_amd64_adf5a840df867035\nvldumdx.dll
0x00007ffd5cda0000 - 0x00007ffd5cdb2000 	C:\WINDOWS\SYSTEM32\msasn1.dll
0x00007ffd554f0000 - 0x00007ffd55521000 	C:\WINDOWS\SYSTEM32\cryptnet.dll
0x00007ffd5d560000 - 0x00007ffd5d6bd000 	C:\WINDOWS\System32\CRYPT32.dll
0x00007ffd5cb80000 - 0x00007ffd5cb8c000 	C:\WINDOWS\SYSTEM32\cryptbase.dll
0x00007ffd54f90000 - 0x00007ffd550d7000 	C:\WINDOWS\SYSTEM32\drvstore.dll
0x00007ffd5cf70000 - 0x00007ffd5cfa3000 	C:\WINDOWS\SYSTEM32\devobj.dll
0x00007ffd5db20000 - 0x00007ffd5db6e000 	C:\WINDOWS\System32\cfgmgr32.dll
0x00007ffd5d9c0000 - 0x00007ffd5da33000 	C:\WINDOWS\System32\wintrust.dll
0x00007ffd5e7b0000 - 0x00007ffd5e7cd000 	C:\WINDOWS\System32\imagehlp.dll
0x00007ffd5cb60000 - 0x00007ffd5cb78000 	C:\WINDOWS\SYSTEM32\CRYPTSP.dll
0x00007ffd5c220000 - 0x00007ffd5c258000 	C:\WINDOWS\system32\rsaenh.dll
0x00007ffd4ce90000 - 0x00007ffd4fba0000 	C:\WINDOWS\System32\DriverStore\FileRepository\nv_dispi.inf_amd64_adf5a840df867035\nvgpucomp64.dll
0x00007ffc80c00000 - 0x00007ffc8298c000 	C:\WINDOWS\System32\DriverStore\FileRepository\nv_dispi.inf_amd64_adf5a840df867035\nvd3dumx.dll
0x00007ffd1bfb0000 - 0x00007ffd1bff5000 	C:\Users\Anwender\Downloads\openjfx-23.0.1_windows-x64_bin-sdk\javafx-sdk-23.0.1\bin\glass.dll
0x00007ffd5dbd0000 - 0x00007ffd5dcaa000 	C:\WINDOWS\System32\COMDLG32.dll
0x00007ffd5e5c0000 - 0x00007ffd5e6d5000 	C:\WINDOWS\System32\MSCTF.dll
0x00007ffd1d1b0000 - 0x00007ffd1d480000 	C:\WINDOWS\system32\nvspcap64.dll
0x00007ffd5c470000 - 0x00007ffd5c4a3000 	C:\WINDOWS\SYSTEM32\ntmarta.dll
0x00007ffd5ba40000 - 0x00007ffd5ba63000 	C:\WINDOWS\SYSTEM32\gpapi.dll
0x00007ffd26af0000 - 0x00007ffd26c45000 	C:\WINDOWS\System32\DriverStore\FileRepository\nv_dispi.inf_amd64_adf5a840df867035\nvppex.dll
0x00007ffd52a40000 - 0x00007ffd52a7b000 	C:\WINDOWS\SYSTEM32\dxcore.dll
0x00007ffd5e1b0000 - 0x00007ffd5e259000 	C:\WINDOWS\System32\clbcatq.dll
0x00007ffd4feb0000 - 0x00007ffd4ffef000 	C:\Windows\System32\Windows.UI.dll
0x00007ffd4fc00000 - 0x00007ffd4fd52000 	C:\Windows\System32\InputHost.dll
0x00007ffd54e80000 - 0x00007ffd54f21000 	C:\Windows\System32\WindowManagementAPI.dll
0x00007ffd4fd60000 - 0x00007ffd4fe59000 	C:\Windows\System32\TextInputFramework.dll

dbghelp: loaded successfully - version: 4.0.5 - missing functions: none
symbol engine: initialized successfully - sym options: 0x614 - pdb path: .;C:\Users\Anwender\.jdks\openjdk-23.0.1\bin;C:\WINDOWS\SYSTEM32;C:\WINDOWS\WinSxS\amd64_microsoft.windows.common-controls_6595b64144ccf1df_6.0.19041.4355_none_60b8b9eb71f62e16;C:\Users\Anwender\.jdks\openjdk-23.0.1\bin\server;C:\Program Files\JetBrains\IntelliJ IDEA 2024.2.4\bin;C:\Users\Anwender\Downloads\openjfx-23.0.1_windows-x64_bin-sdk\javafx-sdk-23.0.1\bin;C:\WINDOWS\System32\DriverStore\FileRepository\nv_dispi.inf_amd64_adf5a840df867035;C:\Program Files\Common Files\Microsoft Shared\Ink

VM Arguments:
jvm_args: --module-path=C:\Users\Anwender\Downloads\openjfx-23.0.1_windows-x64_bin-sdk\javafx-sdk-23.0.1\lib --add-modules=javafx.controls,javafx.fxml --enable-preview -javaagent:C:\Program Files\JetBrains\IntelliJ IDEA 2024.2.4\lib\idea_rt.jar=64320:C:\Program Files\JetBrains\IntelliJ IDEA 2024.2.4\bin -Dfile.encoding=UTF-8 -Dsun.stdout.encoding=UTF-8 -Dsun.stderr.encoding=UTF-8 
java_command: Main
java_class_path (initial): C:\Users\Anwender\IdeaProjects\demo3\target\classes;C:\Users\Anwender\.m2\repository\org\openjfx\javafx-controls\17.0.6\javafx-controls-17.0.6.jar;C:\Users\Anwender\.m2\repository\org\openjfx\javafx-controls\17.0.6\javafx-controls-17.0.6-win.jar;C:\Users\Anwender\.m2\repository\org\openjfx\javafx-graphics\17.0.6\javafx-graphics-17.0.6.jar;C:\Users\Anwender\.m2\repository\org\openjfx\javafx-graphics\17.0.6\javafx-graphics-17.0.6-win.jar;C:\Users\Anwender\.m2\repository\org\openjfx\javafx-base\17.0.6\javafx-base-17.0.6.jar;C:\Users\Anwender\.m2\repository\org\openjfx\javafx-base\17.0.6\javafx-base-17.0.6-win.jar;C:\Users\Anwender\.m2\repository\org\openjfx\javafx-fxml\17.0.6\javafx-fxml-17.0.6.jar;C:\Users\Anwender\.m2\repository\org\openjfx\javafx-fxml\17.0.6\javafx-fxml-17.0.6-win.jar;C:\Users\Anwender\.m2\repository\com\itextpdf\itextpdf\5.5.13.2\itextpdf-5.5.13.2.jar;C:\Users\Anwender\Downloads\postgresql-42.7.4.jar
Launcher Type: SUN_STANDARD

[Global flags]
     intx CICompilerCount                          = 4                                         {product} {ergonomic}
     uint ConcGCThreads                            = 3                                         {product} {ergonomic}
     uint G1ConcRefinementThreads                  = 10                                        {product} {ergonomic}
   size_t G1HeapRegionSize                         = 2097152                                   {product} {ergonomic}
   size_t InitialHeapSize                          = 268435456                                 {product} {ergonomic}
   size_t MarkStackSize                            = 4194304                                   {product} {ergonomic}
   size_t MarkStackSizeMax                         = 536870912                                 {product} {ergonomic}
   size_t MaxHeapSize                              = 4278190080                                {product} {ergonomic}
   size_t MaxNewSize                               = 2566914048                                {product} {ergonomic}
   size_t MinHeapDeltaBytes                        = 2097152                                   {product} {ergonomic}
   size_t MinHeapSize                              = 8388608                                   {product} {ergonomic}
    uintx NonNMethodCodeHeapSize                   = 5832704                                {pd product} {ergonomic}
    uintx NonProfiledCodeHeapSize                  = 122945536                              {pd product} {ergonomic}
    uintx ProfiledCodeHeapSize                     = 122880000                              {pd product} {ergonomic}
    uintx ReservedCodeCacheSize                    = 251658240                              {pd product} {ergonomic}
     bool SegmentedCodeCache                       = true                                      {product} {ergonomic}
   size_t SoftMaxHeapSize                          = 4278190080                             {manageable} {ergonomic}
     bool UseCompressedOops                        = true                           {product lp64_product} {ergonomic}
     bool UseG1GC                                  = true                                      {product} {ergonomic}
     bool UseLargePagesIndividualAllocation        = false                                  {pd product} {ergonomic}

Logging:
Log output configuration:
 #0: stdout all=off uptime,level,tags foldmultilines=false
 #1: stderr all=off uptime,level,tags foldmultilines=false

Environment Variables:
CLASSPATH=C:\Users\Anwender\Downloads\openjfx-23.0.1_windows-x64_bin-sdk\javafx-sdk-23.0.1\bin
PATH=C:\Program Files\Common Files\Oracle\Java\javapath;C:\WINDOWS\system32;C:\WINDOWS;C:\WINDOWS\System32\Wbem;C:\WINDOWS\System32\WindowsPowerShell\v1.0\;C:\WINDOWS\System32\OpenSSH\;C:\Program Files\NVIDIA Corporation\NVIDIA NvDLISR;C:\Program Files (x86)\NVIDIA Corporation\PhysX\Common;C:\Program Files\dotnet\;C:\Users\Anwender\.jdks\openjdk-23.0.1\bin;C:\Users\Anwender\Downloads\openjfx-23.0.1_windows-x64_bin-sdk\javafx-sdk-23.0.1\bin;C:\Program Files\Git\cmd;C:\Users\Anwender\AppData\Local\Programs\Python\Python312\Scripts\;C:\Users\Anwender\AppData\Local\Programs\Python\Python312\;C:\Users\Anwender\AppData\Local\Microsoft\WindowsApps;C:\Users\Anwender\AppData\Local\Programs\Microsoft VS Code\bin;C:\Users\Anwender\.jdks\openjdk-23.0.1\bin;
USERNAME=Anwender
OS=Windows_NT
PROCESSOR_IDENTIFIER=AMD64 Family 23 Model 113 Stepping 0, AuthenticAMD
TMP=C:\Users\Anwender\AppData\Local\Temp
TEMP=C:\Users\Anwender\AppData\Local\Temp




Periodic native trim disabled

---------------  S Y S T E M  ---------------

OS:
 Windows 10 , 64 bit Build 19041 (10.0.19041.5678)
OS uptime: 0 days 9:13 hours

CPU: total 12 (initial active 12) (12 cores per cpu, 2 threads per core) family 23 model 113 stepping 0 microcode 0x0, cx8, cmov, fxsr, ht, mmx, 3dnowpref, sse, sse2, sse3, ssse3, sse4a, sse4.1, sse4.2, popcnt, lzcnt, tsc, tscinvbit, avx, avx2, aes, clmul, bmi1, bmi2, adx, sha, fma, vzeroupper, clflush, clflushopt, rdtscp, rdpid, f16c
Processor Information for the first 12 processors :
  Max Mhz: 3593, Current Mhz: 3593, Mhz Limit: 3593

Memory: 4k page, system-wide physical 16313M (6578M free)
TotalPageFile size 23993M (AvailPageFile size 6818M)
current process WorkingSet (physical memory assigned to process): 198M, peak: 219M
current process commit charge ("private bytes"): 299M, peak: 494M

vm_info: OpenJDK 64-Bit Server VM (23.0.1+11-39) for windows-amd64 JRE (23.0.1+11-39), built on 2024-09-30T07:20:43Z with MS VC++ 17.6 (VS2022)

END.
