#
# A fatal error has been detected by the Java Runtime Environment:
#
#  EXCEPTION_ACCESS_VIOLATION (0xc0000005) at pc=0x00007ffccee68427, pid=19280, tid=23356
#
# JRE version: OpenJDK Runtime Environment (23.0.1+11) (build 23.0.1+11-39)
# Java VM: OpenJDK 64-Bit Server VM (23.0.1+11-39, mixed mode, sharing, tiered, compressed oops, compressed class ptrs, g1 gc, windows-amd64)
# Problematic frame:
# C  [glass.dll+0x28427]
#
# No core dump will be written. Minidumps are not enabled by default on client versions of Windows
#
# If you would like to submit a bug report, please visit:
#   https://bugreport.java.com/bugreport/crash.jsp
#

---------------  S U M M A R Y ------------

Command Line: --module-path=C:\Users\Anwender\Downloads\openjfx-23.0.1_windows-x64_bin-sdk\javafx-sdk-23.0.1\lib --add-modules=javafx.controls,javafx.fxml --enable-preview -javaagent:C:\Program Files\JetBrains\IntelliJ IDEA 2024.2.4\lib\idea_rt.jar=7608:C:\Program Files\JetBrains\IntelliJ IDEA 2024.2.4\bin -Dfile.encoding=UTF-8 -Dsun.stdout.encoding=UTF-8 -Dsun.stderr.encoding=UTF-8 Main

Host: AMD Ryzen 5 3600 6-Core Processor              , 12 cores, 15G,  Windows 10 , 64 bit Build 19041 (10.0.19041.5678)
Time: Mon Apr 14 22:27:27 2025 Mitteleuropäische Sommerzeit elapsed time: 49.331209 seconds (0d 0h 0m 49s)

---------------  T H R E A D  ---------------

Current thread (0x0000022f6f7378f0):  VMThread "VM Thread"          [id=23356, stack(0x00000092a8d00000,0x00000092a8e00000) (1024K)]

Stack: [0x00000092a8d00000,0x00000092a8e00000],  sp=0x00000092a8dff1d0,  free space=1020k
Native frames: (J=compiled Java code, j=interpreted, Vv=VM code, C=native code)
C  [glass.dll+0x28427]  (no source info available)
C  [ucrtbase.dll+0x142d6]  (no source info available)
C  [ucrtbase.dll+0x141fb]  (no source info available)
C  [ucrtbase.dll+0x141b4]  (no source info available)
C  [glass.dll+0x25bbd]  (no source info available)
C  [glass.dll+0x25ce2]  (no source info available)
C  [ntdll.dll+0x19a1d]  (no source info available)
C  [ntdll.dll+0x5f1ca]  (no source info available)
C  [ntdll.dll+0x5ef7d]  (no source info available)
C  [KERNEL32.DLL+0x1e3eb]  (no source info available)
C  [ucrtbase.dll+0x205bc]  (no source info available)
C  [ucrtbase.dll+0x2045f]  (no source info available)
V  [jvm.dll+0x6d990c]  (no source info available)
V  [jvm.dll+0x6d9440]  (no source info available)
V  [jvm.dll+0x3da534]  (no source info available)
V  [jvm.dll+0x886720]  (no source info available)
V  [jvm.dll+0x887a47]  (no source info available)
V  [jvm.dll+0x887f78]  (no source info available)
V  [jvm.dll+0x888213]  (no source info available)
V  [jvm.dll+0x824f8b]  (no source info available)
V  [jvm.dll+0x6df065]  (no source info available)
C  [ucrtbase.dll+0x21bb2]  (no source info available)
C  [KERNEL32.DLL+0x17374]  (no source info available)
C  [ntdll.dll+0x4cc91]  (no source info available)


siginfo: EXCEPTION_ACCESS_VIOLATION (0xc0000005), reading address 0x0000000000000000


Registers:
RAX=0x0000000000000000, RBX=0x0000022f6f73af6a, RCX=0x0000022f6f7378f0, RDX=0x00000092a8dff1d0
RSP=0x00000092a8dff1d0, RBP=0x0000022f464b51c8, RSI=0x0000022f464b51a0, RDI=0x0000d87ab2aeb52d
R8 =0x0000000000010002, R9 =0x0000d87ab2aeb52d, R10=0x0000000000008000, R11=0x00000092a8dff160
R12=0x00007ffccee65d30, R13=0x00007ffc70dfb760, R14=0x00000092a8dff2c8, R15=0x0000022f464b51a0
RIP=0x00007ffccee68427, EFLAGS=0x0000000000010202


Register to memory mapping:

RAX=0x0 is null
RBX=0x0000022f6f73af6a is a global jni handle
RCX=0x0000022f6f7378f0 points into unknown readable memory: 0x00007ffc70bff688 | 88 f6 bf 70 fc 7f 00 00
RDX=0x00000092a8dff1d0 points into unknown readable memory: 0x0000000000000000 | 00 00 00 00 00 00 00 00
RSP=0x00000092a8dff1d0 points into unknown readable memory: 0x0000000000000000 | 00 00 00 00 00 00 00 00
RBP=0x0000022f464b51c8 points into unknown readable memory: 0x0000d87ab2aeb52d | 2d b5 ae b2 7a d8 00 00
RSI=0x0000022f464b51a0 points into unknown readable memory: 0xcb09d87abd512cf1 | f1 2c 51 bd 7a d8 09 cb
RDI=0x0000d87ab2aeb52d is an unknown value
R8 =0x0000000000010002 is an unknown value
R9 =0x0000d87ab2aeb52d is an unknown value
R10=0x0000000000008000 is an unknown value
R11=0x00000092a8dff160 points into unknown readable memory: 0x0000022f464b51a0 | a0 51 4b 46 2f 02 00 00
R12=0x00007ffccee65d30 glass.dll
R13=0x00007ffc70dfb760 jvm.dll
R14=0x00000092a8dff2c8 points into unknown readable memory: 0x00000092a8dff2b0 | b0 f2 df a8 92 00 00 00
R15=0x0000022f464b51a0 points into unknown readable memory: 0xcb09d87abd512cf1 | f1 2c 51 bd 7a d8 09 cb

Top of Stack: (sp=0x00000092a8dff1d0)
0x00000092a8dff1d0:   0000000000000000 0000022f464b51a0
0x00000092a8dff1e0:   00007ffc70dfb760 00007ffccee65d30
0x00000092a8dff1f0:   0000022f464b51a8 00007ffd5d2942d6
0x00000092a8dff200:   0000d87ab2aeb52d 0000022f00000000
0x00000092a8dff210:   0000022f464b51c8 0000022f464b51a0
0x00000092a8dff220:   fffffffffffffffe 0000000000000000
0x00000092a8dff230:   0000000000000001 00007ffccee40000
0x00000092a8dff240:   00000092a8dff2b8 00007ffd5d2941fb
0x00000092a8dff250:   0000000000000000 00000092a8dff2c8
0x00000092a8dff260:   00000092a8dff5a0 00007ffd5d370e40
0x00000092a8dff270:   0000000000000001 00007ffd5d2941b4
0x00000092a8dff280:   0000000000000000 0000000000000001
0x00000092a8dff290:   000000007ffe0385 00000092a8dff2b8
0x00000092a8dff2a0:   ffffffff00000001 00007ffccee65bbd
0x00000092a8dff2b0:   00007ffccee7d078 00007ffc00000002
0x00000092a8dff2c0:   0000000000000002 00000092a8dff2b0
0x00000092a8dff2d0:   00007ffd5c470000 00007ffd5fb69993
0x00000092a8dff2e0:   0000000000000000 00007ffccee65ce2
0x00000092a8dff2f0:   0000000000000001 0000000000000000
0x00000092a8dff300:   000000000000003c 0000000000000001
0x00000092a8dff310:   00007ffd26b41094 0000000000000000
0x00000092a8dff320:   0000000000000001 00007ffd26b4083c
0x00000092a8dff330:   00007ffccee40000 000000007ffe0384
0x00000092a8dff340:   0000000000000000 00007ffd5fb69a1d
0x00000092a8dff350:   00007ffccee40000 0000000000000000
0x00000092a8dff360:   0000000000000001 000000007ffe0385
0x00000092a8dff370:   0000000000000000 00007ffd5fbaf331
0x00000092a8dff380:   000052ea776e7000 0000000000000014
0x00000092a8dff390:   00007ffccee65d30 0000000000000000
0x00000092a8dff3a0:   0000000000000000 00000092a8187000
0x00000092a8dff3b0:   0000022f46499370 00007ffd5fbaf1ca
0x00000092a8dff3c0:   0000022f46498fc0 00007ffccee40000 

Instructions: (pc=0x00007ffccee68427)
0x00007ffccee68327:   8b 4d 58 e8 49 cf ff ff 48 8b 4d 60 e8 40 cf ff
0x00007ffccee68337:   ff 48 8b 95 80 00 00 00 48 8b 8d 18 01 00 00 e8
0x00007ffccee68347:   26 c5 ff ff 33 d2 33 c9 e8 8c e1 ff ff 90 48 89
0x00007ffccee68357:   54 24 10 55 48 83 ec 20 48 8b ea 48 b8 00 00 00
0x00007ffccee68367:   00 00 00 00 00 48 83 c4 20 5d c3 cc 40 55 48 8b
0x00007ffccee68377:   ea 48 8b 01 33 c9 81 38 05 00 00 c0 0f 94 c1 8b
0x00007ffccee68387:   c1 5d c3 cc 40 55 48 83 ec 20 48 8b ea 8a 4d 40
0x00007ffccee68397:   48 83 c4 20 5d e9 33 d3 ff ff cc 40 55 48 83 ec
0x00007ffccee683a7:   20 48 8b ea 8a 4d 20 e8 21 d3 ff ff 90 48 83 c4
0x00007ffccee683b7:   20 5d c3 cc 40 55 48 83 ec 20 48 8b ea 48 83 c4
0x00007ffccee683c7:   20 5d e9 82 d1 ff ff cc 40 55 48 83 ec 30 48 8b
0x00007ffccee683d7:   ea 48 8b 01 8b 10 48 89 4c 24 28 89 54 24 20 4c
0x00007ffccee683e7:   8d 0d 23 d6 ff ff 4c 8b 45 70 8b 55 68 48 8b 4d
0x00007ffccee683f7:   60 e8 c3 d0 ff ff 90 48 83 c4 30 5d c3 cc cc cc
0x00007ffccee68407:   cc cc cc cc cc cc cc cc cc 40 53 48 83 ec 20 48
0x00007ffccee68417:   8b 1d 1b 46 01 00 48 85 db 74 16 e8 59 90 ff ff
0x00007ffccee68427:   4c 8b 00 48 8b d3 48 8b c8 41 ff 90 b0 00 00 00
0x00007ffccee68437:   90 48 83 c4 20 5b c3 cc cc 40 53 48 83 ec 20 48
0x00007ffccee68447:   8b 1d 5b 47 01 00 48 85 db 74 57 b8 ff ff ff ff
0x00007ffccee68457:   f0 0f c1 43 10 83 f8 01 75 3d 48 85 db 74 38 48
0x00007ffccee68467:   8b 0b 48 85 c9 74 0d ff 15 3c 0e 00 00 48 c7 03
0x00007ffccee68477:   00 00 00 00 48 8b 4b 08 48 85 c9 74 0d e8 ef cd
0x00007ffccee68487:   ff ff 48 c7 43 08 00 00 00 00 ba 18 00 00 00 48
0x00007ffccee68497:   8b cb e8 da cd ff ff 48 c7 05 ff 46 01 00 00 00
0x00007ffccee684a7:   00 00 48 83 c4 20 5b c3 cc 40 53 48 83 ec 20 48
0x00007ffccee684b7:   8b 1d cb 46 01 00 48 85 db 74 57 b8 ff ff ff ff
0x00007ffccee684c7:   f0 0f c1 43 10 83 f8 01 75 3d 48 85 db 74 38 48
0x00007ffccee684d7:   8b 0b 48 85 c9 74 0d ff 15 cc 0d 00 00 48 c7 03
0x00007ffccee684e7:   00 00 00 00 48 8b 4b 08 48 85 c9 74 0d e8 7f cd
0x00007ffccee684f7:   ff ff 48 c7 43 08 00 00 00 00 ba 18 00 00 00 48
0x00007ffccee68507:   8b cb e8 6a cd ff ff 48 c7 05 6f 46 01 00 00 00
0x00007ffccee68517:   00 00 48 83 c4 20 5b c3 cc 40 53 48 83 ec 20 48 


Stack slot to memory mapping:

stack at sp + 0 slots: 0x0 is null
stack at sp + 1 slots: 0x0000022f464b51a0 points into unknown readable memory: 0xcb09d87abd512cf1 | f1 2c 51 bd 7a d8 09 cb
stack at sp + 2 slots: 0x00007ffc70dfb760 jvm.dll
stack at sp + 3 slots: 0x00007ffccee65d30 glass.dll
stack at sp + 4 slots: 0x0000022f464b51a8 points into unknown readable memory: 0x0000d87ab2aeb52d | 2d b5 ae b2 7a d8 00 00
stack at sp + 5 slots: 0x00007ffd5d2942d6 ucrtbase.dll
stack at sp + 6 slots: 0x0000d87ab2aeb52d is an unknown value
stack at sp + 7 slots: 0x0000022f00000000 is pointing into metadata

VM_Operation (0x00000092a9efb3b0): Exit, mode: safepoint, requested by thread 0x0000022f4595a730


---------------  P R O C E S S  ---------------

Threads class SMR info:
_java_thread_list=0x0000022f46ac5290, length=19, elements={
0x0000022f4fcd45c0, 0x0000022f6f755b00, 0x0000022f6f756a20, 0x0000022f6f7577e0,
0x0000022f6f75a4d0, 0x0000022f6f75af30, 0x0000022f6f75c1a0, 0x0000022f6f76a450,
0x0000022f6f76ef60, 0x0000022f450f6370, 0x0000022f45c366e0, 0x0000022f45de5040,
0x0000022f45e36a60, 0x0000022f45aa0980, 0x0000022f4595a730, 0x0000022f45f695f0,
0x0000022f4622cd00, 0x0000022f4697b7b0, 0x0000022f4697b120
}

Java Threads: ( => current thread )
  0x0000022f4fcd45c0 JavaThread "main"                              [_thread_blocked, id=9700, stack(0x00000092a8600000,0x00000092a8700000) (1024K)]
  0x0000022f6f755b00 JavaThread "Reference Handler"          daemon [_thread_blocked, id=19204, stack(0x00000092a8e00000,0x00000092a8f00000) (1024K)]
  0x0000022f6f756a20 JavaThread "Finalizer"                  daemon [_thread_blocked, id=5192, stack(0x00000092a8f00000,0x00000092a9000000) (1024K)]
  0x0000022f6f7577e0 JavaThread "Signal Dispatcher"          daemon [_thread_blocked, id=22520, stack(0x00000092a9000000,0x00000092a9100000) (1024K)]
  0x0000022f6f75a4d0 JavaThread "Attach Listener"            daemon [_thread_blocked, id=18904, stack(0x00000092a9100000,0x00000092a9200000) (1024K)]
  0x0000022f6f75af30 JavaThread "Service Thread"             daemon [_thread_blocked, id=21400, stack(0x00000092a9200000,0x00000092a9300000) (1024K)]
  0x0000022f6f75c1a0 JavaThread "Monitor Deflation Thread"   daemon [_thread_blocked, id=19132, stack(0x00000092a9300000,0x00000092a9400000) (1024K)]
  0x0000022f6f76a450 JavaThread "C2 CompilerThread0"         daemon [_thread_blocked, id=14860, stack(0x00000092a9400000,0x00000092a9500000) (1024K)]
  0x0000022f6f76ef60 JavaThread "C1 CompilerThread0"         daemon [_thread_blocked, id=4212, stack(0x00000092a9500000,0x00000092a9600000) (1024K)]
  0x0000022f450f6370 JavaThread "Common-Cleaner"             daemon [_thread_blocked, id=20300, stack(0x00000092a9600000,0x00000092a9700000) (1024K)]
  0x0000022f45c366e0 JavaThread "Monitor Ctrl-Break"         daemon [_thread_in_native, id=23536, stack(0x00000092a9900000,0x00000092a9a00000) (1024K)]
  0x0000022f45de5040 JavaThread "Notification Thread"        daemon [_thread_blocked, id=13368, stack(0x00000092a9a00000,0x00000092a9b00000) (1024K)]
  0x0000022f45e36a60 JavaThread "QuantumRenderer-0"          daemon [_thread_blocked, id=20036, stack(0x00000092a9b00000,0x00000092a9c00000) (1024K)]
  0x0000022f45aa0980 JavaThread "InvokeLaterDispatcher"      daemon [_thread_blocked, id=10088, stack(0x00000092a9d00000,0x00000092a9e00000) (1024K)]
  0x0000022f4595a730 JavaThread "JavaFX Application Thread"         [_thread_blocked, id=11240, stack(0x00000092a9e00000,0x00000092a9f00000) (1024K)]
  0x0000022f45f695f0 JavaThread "JavaFX-Launcher"                   [_thread_blocked, id=24048, stack(0x00000092aa000000,0x00000092aa100000) (1024K)]
  0x0000022f4622cd00 JavaThread "Thread-2"                   daemon [_thread_in_native, id=20944, stack(0x00000092a9800000,0x00000092a9900000) (1024K)]
  0x0000022f4697b7b0 JavaThread "Prism Font Disposer"        daemon [_thread_blocked, id=3660, stack(0x00000092aad00000,0x00000092aae00000) (1024K)]
  0x0000022f4697b120 JavaThread "Cleaner-0"                  daemon [_thread_blocked, id=21048, stack(0x00000092aae00000,0x00000092aaf00000) (1024K)]
Total: 19

Other Threads:
=>0x0000022f6f7378f0 VMThread "VM Thread"                           [id=23356, stack(0x00000092a8d00000,0x00000092a8e00000) (1024K)]
  0x0000022f4fd3ae90 WorkerThread "GC Thread#0"                     [id=7008, stack(0x00000092a8700000,0x00000092a8800000) (1024K)]
  0x0000022f46288f60 WorkerThread "GC Thread#1"                     [id=18224, stack(0x00000092aa100000,0x00000092aa200000) (1024K)]
  0x0000022f462acc10 WorkerThread "GC Thread#2"                     [id=22908, stack(0x00000092aa200000,0x00000092aa300000) (1024K)]
  0x0000022f4628d520 WorkerThread "GC Thread#3"                     [id=23112, stack(0x00000092aa300000,0x00000092aa400000) (1024K)]
  0x0000022f4628e0e0 WorkerThread "GC Thread#4"                     [id=16808, stack(0x00000092aa400000,0x00000092aa500000) (1024K)]
  0x0000022f4628e490 WorkerThread "GC Thread#5"                     [id=23908, stack(0x00000092aa500000,0x00000092aa600000) (1024K)]
  0x0000022f4699e3e0 WorkerThread "GC Thread#6"                     [id=21708, stack(0x00000092aa700000,0x00000092aa800000) (1024K)]
  0x0000022f4699e030 WorkerThread "GC Thread#7"                     [id=22752, stack(0x00000092aa800000,0x00000092aa900000) (1024K)]
  0x0000022f4699e790 WorkerThread "GC Thread#8"                     [id=21844, stack(0x00000092aa900000,0x00000092aaa00000) (1024K)]
  0x0000022f4c36a300 WorkerThread "GC Thread#9"                     [id=11688, stack(0x00000092aa600000,0x00000092aa700000) (1024K)]
  0x0000022f4fd4fe60 ConcurrentGCThread "G1 Main Marker"            terminated
  0x0000022f4fd52030 WorkerThread "G1 Conc#0"                       [id=21984, stack(0x00000092a8900000,0x00000092a8a00000) (1024K)]
  0x0000022f4c367310 WorkerThread "G1 Conc#1"                       [id=4880, stack(0x00000092ab100000,0x00000092ab200000) (1024K)]
  0x0000022f4c3676c0 WorkerThread "G1 Conc#2"                       [id=12132, stack(0x00000092ab200000,0x00000092ab300000) (1024K)]
  0x0000022f6f5e79e0 ConcurrentGCThread "G1 Refine#0"               terminated
  0x0000022f6f5e8210 ConcurrentGCThread "G1 Service"                terminated
Total: 17

Threads with active compile tasks:
C2 CompilerThread0  49457 6183   !   4       com.sun.javafx.event.EventQueue::fire (66 bytes)
Total: 1

VM state: at safepoint (shutting down)

VM Mutex/Monitor currently owned by a thread:  ([mutex/lock_event])
[0x00007ffc70dd3910] Threads_lock - owner thread: 0x0000022f6f7378f0
[0x00007ffc70dd3a10] Heap_lock - owner thread: 0x0000022f4595a730

Heap address: 0x0000000701000000, size: 4080 MB, Compressed Oops mode: Zero based, Oop shift amount: 3

CDS archive(s) mapped at: [0x0000022f00000000-0x0000022f00d70000-0x0000022f00d70000), size 14090240, SharedBaseAddress: 0x0000022f00000000, ArchiveRelocationMode: 1.
Compressed class space mapped at: 0x0000022f01000000-0x0000022f41000000, reserved size: 1073741824
Narrow klass base: 0x0000022f00000000, Narrow klass shift: 0, Narrow klass range: 0x41000000

GC Precious Log:
 CardTable entry size: 512
 Card Set container configuration: InlinePtr #cards 4 size 8 Array Of Cards #cards 16 size 48 Howl #buckets 8 coarsen threshold 3686 Howl Bitmap #cards 512 size 80 coarsen threshold 460 Card regions per heap region 1 cards per card region 4096
 CPUs: 12 total, 12 available
 Memory: 16313M
 Large Page Support: Disabled
 NUMA Support: Disabled
 Compressed Oops: Enabled (Zero based)
 Heap Region Size: 2M
 Heap Min Capacity: 8M
 Heap Initial Capacity: 256M
 Heap Max Capacity: 4080M
 Pre-touch: Disabled
 Parallel Workers: 10
 Concurrent Workers: 3
 Concurrent Refinement Workers: 10
 Periodic GC: Disabled

Heap:
 garbage-first heap   total reserved 4177920K, committed 67584K, used 31786K [0x0000000701000000, 0x0000000800000000)
  region size 2048K, 10 young (20480K), 6 survivors (12288K)
 Metaspace       used 23358K, committed 23744K, reserved 1114112K
  class space    used 3183K, committed 3328K, reserved 1048576K

Heap Regions: E=young(eden), S=young(survivor), O=old, HS=humongous(starts), HC=humongous(continues), CS=collection set, F=free, TAMS=top-at-mark-start, PB=parsable bottom
|   0|0x0000000701000000, 0x0000000701200000, 0x0000000701200000|100%| O|  |TAMS 0x0000000701000000| PB 0x0000000701000000| Untracked |  0
|   1|0x0000000701200000, 0x0000000701400000, 0x0000000701400000|100%| O|  |TAMS 0x0000000701200000| PB 0x0000000701200000| Untracked |  0
|   2|0x0000000701400000, 0x0000000701600000, 0x0000000701600000|100%| O|  |TAMS 0x0000000701400000| PB 0x0000000701400000| Untracked |  0
|   3|0x0000000701600000, 0x0000000701800000, 0x0000000701800000|100%|HS|  |TAMS 0x0000000701600000| PB 0x0000000701600000| Complete |  0
|   4|0x0000000701800000, 0x0000000701a00000, 0x0000000701a00000|100%| O|  |TAMS 0x0000000701800000| PB 0x0000000701800000| Untracked |  0
|   5|0x0000000701a00000, 0x0000000701c00000, 0x0000000701c00000|100%| O|  |TAMS 0x0000000701a00000| PB 0x0000000701a00000| Untracked |  0
|   6|0x0000000701c00000, 0x0000000701d49300, 0x0000000701e00000| 64%| O|  |TAMS 0x0000000701c00000| PB 0x0000000701c00000| Untracked |  0
|   7|0x0000000701e00000, 0x0000000701e00000, 0x0000000702000000|  0%| F|  |TAMS 0x0000000701e00000| PB 0x0000000701e00000| Untracked |  0
|   8|0x0000000702000000, 0x0000000702000000, 0x0000000702200000|  0%| F|  |TAMS 0x0000000702000000| PB 0x0000000702000000| Untracked |  0
|   9|0x0000000702200000, 0x0000000702200000, 0x0000000702400000|  0%| F|  |TAMS 0x0000000702200000| PB 0x0000000702200000| Untracked |  0
|  10|0x0000000702400000, 0x0000000702400000, 0x0000000702600000|  0%| F|  |TAMS 0x0000000702400000| PB 0x0000000702400000| Untracked |  0
|  11|0x0000000702600000, 0x0000000702600000, 0x0000000702800000|  0%| F|  |TAMS 0x0000000702600000| PB 0x0000000702600000| Untracked |  0
|  12|0x0000000702800000, 0x0000000702800000, 0x0000000702a00000|  0%| F|  |TAMS 0x0000000702800000| PB 0x0000000702800000| Untracked |  0
|  13|0x0000000702a00000, 0x0000000702a00000, 0x0000000702c00000|  0%| F|  |TAMS 0x0000000702a00000| PB 0x0000000702a00000| Untracked |  0
|  14|0x0000000702c00000, 0x0000000702c00000, 0x0000000702e00000|  0%| F|  |TAMS 0x0000000702c00000| PB 0x0000000702c00000| Untracked |  0
|  15|0x0000000702e00000, 0x0000000702e00000, 0x0000000703000000|  0%| F|  |TAMS 0x0000000702e00000| PB 0x0000000702e00000| Untracked |  0
|  16|0x0000000703000000, 0x0000000703000000, 0x0000000703200000|  0%| F|  |TAMS 0x0000000703000000| PB 0x0000000703000000| Untracked |  0
|  17|0x0000000703200000, 0x0000000703200000, 0x0000000703400000|  0%| F|  |TAMS 0x0000000703200000| PB 0x0000000703200000| Untracked |  0
|  18|0x0000000703400000, 0x0000000703400000, 0x0000000703600000|  0%| F|  |TAMS 0x0000000703400000| PB 0x0000000703400000| Untracked |  0
|  19|0x0000000703600000, 0x0000000703600000, 0x0000000703800000|  0%| F|  |TAMS 0x0000000703600000| PB 0x0000000703600000| Untracked |  0
|  20|0x0000000703800000, 0x0000000703800000, 0x0000000703a00000|  0%| F|  |TAMS 0x0000000703800000| PB 0x0000000703800000| Untracked |  0
|  21|0x0000000703a00000, 0x0000000703a00000, 0x0000000703c00000|  0%| F|  |TAMS 0x0000000703a00000| PB 0x0000000703a00000| Untracked |  0
|  22|0x0000000703c00000, 0x0000000703c00000, 0x0000000703e00000|  0%| F|  |TAMS 0x0000000703c00000| PB 0x0000000703c00000| Untracked |  0
|  23|0x0000000703e00000, 0x0000000703f25900, 0x0000000704000000| 57%| E|  |TAMS 0x0000000703e00000| PB 0x0000000703e00000| Complete |  0
|  24|0x0000000704000000, 0x0000000704200000, 0x0000000704200000|100%| E|CS|TAMS 0x0000000704000000| PB 0x0000000704000000| Complete |  0
|  25|0x0000000704200000, 0x0000000704400000, 0x0000000704400000|100%| S|CS|TAMS 0x0000000704200000| PB 0x0000000704200000| Complete |  0
|  26|0x0000000704400000, 0x0000000704600000, 0x0000000704600000|100%| S|CS|TAMS 0x0000000704400000| PB 0x0000000704400000| Complete |  0
|  27|0x0000000704600000, 0x0000000704800000, 0x0000000704800000|100%| S|CS|TAMS 0x0000000704600000| PB 0x0000000704600000| Complete |  0
|  28|0x0000000704800000, 0x0000000704a00000, 0x0000000704a00000|100%| S|CS|TAMS 0x0000000704800000| PB 0x0000000704800000| Complete |  0
|  29|0x0000000704a00000, 0x0000000704c00000, 0x0000000704c00000|100%| S|CS|TAMS 0x0000000704a00000| PB 0x0000000704a00000| Complete |  0
|  30|0x0000000704c00000, 0x0000000704dc15e0, 0x0000000704e00000| 87%| S|CS|TAMS 0x0000000704c00000| PB 0x0000000704c00000| Complete |  0
| 117|0x000000070fa00000, 0x000000070fc00000, 0x000000070fc00000|100%| E|CS|TAMS 0x000000070fa00000| PB 0x000000070fa00000| Complete |  0
| 127|0x0000000710e00000, 0x0000000711000000, 0x0000000711000000|100%| E|CS|TAMS 0x0000000710e00000| PB 0x0000000710e00000| Complete |  0

Card table byte_map: [0x0000022f68280000,0x0000022f68a80000] _byte_map_base: 0x0000022f64a78000

Marking Bits: (CMBitMap*) 0x0000022f4fd3b4b0
 Bits: [0x0000022f68a80000, 0x0000022f6ca40000)

Polling page: 0x0000022f4db90000

Metaspace:

Usage:
  Non-class:     19.70 MB used.
      Class:      3.11 MB used.
       Both:     22.81 MB used.

Virtual space:
  Non-class space:       64.00 MB reserved,      19.94 MB ( 31%) committed,  1 nodes.
      Class space:        1.00 GB reserved,       3.25 MB ( <1%) committed,  1 nodes.
             Both:        1.06 GB reserved,      23.19 MB (  2%) committed. 

Chunk freelists:
   Non-Class:  11.55 MB
       Class:  12.75 MB
        Both:  24.30 MB

MaxMetaspaceSize: unlimited
CompressedClassSpaceSize: 1.00 GB
Initial GC threshold: 21.00 MB
Current GC threshold: 35.12 MB
CDS: on
 - commit_granule_bytes: 65536.
 - commit_granule_words: 8192.
 - virtual_space_node_default_size: 8388608.
 - enlarge_chunks_in_place: 1.
 - use_allocation_guard: 0.


Internal statistics:

num_allocs_failed_limit: 3.
num_arena_births: 434.
num_arena_deaths: 0.
num_vsnodes_births: 2.
num_vsnodes_deaths: 0.
num_space_committed: 371.
num_space_uncommitted: 0.
num_chunks_returned_to_freelist: 3.
num_chunks_taken_from_freelist: 1168.
num_chunk_merges: 3.
num_chunk_splits: 797.
num_chunks_enlarged: 564.
num_inconsistent_stats: 0.

CodeHeap 'non-profiled nmethods': size=120064Kb used=2565Kb max_used=2565Kb free=117498Kb
 bounds [0x0000022f5fed0000, 0x0000022f60160000, 0x0000022f67410000]
CodeHeap 'profiled nmethods': size=120000Kb used=10097Kb max_used=10097Kb free=109902Kb
 bounds [0x0000022f58410000, 0x0000022f58df0000, 0x0000022f5f940000]
CodeHeap 'non-nmethods': size=5696Kb used=1858Kb max_used=1909Kb free=3837Kb
 bounds [0x0000022f5f940000, 0x0000022f5fbb0000, 0x0000022f5fed0000]
CodeCache: size=245760Kb, used=14520Kb, max_used=14571Kb, free=231237Kb
 total_blobs=7066, nmethods=6183, adapters=787, full_count=0
Compilation: enabled, stopped_count=0, restarted_count=0

Compilation events (20 events):
Event: 48.992 Thread 0x0000022f6f76ef60 nmethod 6174 0x0000022f58de6808 code [0x0000022f58de6bc0, 0x0000022f58de9378]
Event: 49.010 Thread 0x0000022f6f76ef60 6175       3       javafx.scene.Node$16::invalidated (46 bytes)
Event: 49.010 Thread 0x0000022f6f76ef60 nmethod 6175 0x0000022f58de9488 code [0x0000022f58de96a0, 0x0000022f58dea270]
Event: 49.010 Thread 0x0000022f6f76ef60 6176       3       java.lang.reflect.Method::getParameterTypes (26 bytes)
Event: 49.010 Thread 0x0000022f6f76ef60 nmethod 6176 0x0000022f58dea308 code [0x0000022f58dea440, 0x0000022f58dea728]
Event: 49.012 Thread 0x0000022f6f76ef60 6177       3       com.sun.javafx.css.StyleManager$RefList::remove (81 bytes)
Event: 49.012 Thread 0x0000022f6f76ef60 nmethod 6177 0x0000022f58dea788 code [0x0000022f58dea920, 0x0000022f58deb070]
Event: 49.012 Thread 0x0000022f6f76ef60 6178       3       java.util.ArrayList::fastRemove (44 bytes)
Event: 49.012 Thread 0x0000022f6f76a450 6179       4       java.util.ArrayList$Itr::checkForComodification (23 bytes)
Event: 49.013 Thread 0x0000022f6f76ef60 nmethod 6178 0x0000022f58deb088 code [0x0000022f58deb1c0, 0x0000022f58deb598]
Event: 49.013 Thread 0x0000022f6f76ef60 6180       3       java.util.ArrayList::remove (26 bytes)
Event: 49.013 Thread 0x0000022f6f76ef60 nmethod 6180 0x0000022f58deb608 code [0x0000022f58deb740, 0x0000022f58deb970]
Event: 49.013 Thread 0x0000022f6f76ef60 6181   !   3       java.util.ArrayList$Itr::remove (68 bytes)
Event: 49.013 Thread 0x0000022f6f76a450 nmethod 6179 0x0000022f60151108 code [0x0000022f60151200, 0x0000022f601512b0]
Event: 49.013 Thread 0x0000022f6f76ef60 nmethod 6181 0x0000022f58deba08 code [0x0000022f58debb80, 0x0000022f58dec0f8]
Event: 49.013 Thread 0x0000022f6f76a450 6182       4       jdk.internal.org.objectweb.asm.ByteVector::putInt (74 bytes)
Event: 49.014 Thread 0x0000022f6f76a450 nmethod 6182 0x0000022f60151408 code [0x0000022f60151520, 0x0000022f601516a0]
Event: 49.014 Thread 0x0000022f6f76a450 6183   !   4       com.sun.javafx.event.EventQueue::fire (66 bytes)
Event: 49.018 Thread 0x0000022f6f76ef60 6184       3       jdk.internal.misc.Unsafe::getAndAddInt (27 bytes)
Event: 49.018 Thread 0x0000022f6f76ef60 nmethod 6184 0x0000022f58dec188 code [0x0000022f58dec2c0, 0x0000022f58dec4e8]

GC Heap History (10 events):
Event: 0.475 GC heap before
{Heap before GC invocations=0 (full 0):
 garbage-first heap   total reserved 4177920K, committed 262144K, used 22528K [0x0000000701000000, 0x0000000800000000)
  region size 2048K, 12 young (24576K), 0 survivors (0K)
 Metaspace       used 4665K, committed 4864K, reserved 1114112K
  class space    used 544K, committed 640K, reserved 1048576K
}
Event: 0.478 GC heap after
{Heap after GC invocations=1 (full 0):
 garbage-first heap   total reserved 4177920K, committed 262144K, used 4096K [0x0000000701000000, 0x0000000800000000)
  region size 2048K, 2 young (4096K), 2 survivors (4096K)
 Metaspace       used 4665K, committed 4864K, reserved 1114112K
  class space    used 544K, committed 640K, reserved 1048576K
}
Event: 0.754 GC heap before
{Heap before GC invocations=1 (full 0):
 garbage-first heap   total reserved 4177920K, committed 262144K, used 26624K [0x0000000701000000, 0x0000000800000000)
  region size 2048K, 13 young (26624K), 2 survivors (4096K)
 Metaspace       used 8710K, committed 8896K, reserved 1114112K
  class space    used 1126K, committed 1216K, reserved 1048576K
}
Event: 0.757 GC heap after
{Heap after GC invocations=2 (full 0):
 garbage-first heap   total reserved 4177920K, committed 262144K, used 7091K [0x0000000701000000, 0x0000000800000000)
  region size 2048K, 2 young (4096K), 2 survivors (4096K)
 Metaspace       used 8710K, committed 8896K, reserved 1114112K
  class space    used 1126K, committed 1216K, reserved 1048576K
}
Event: 6.632 GC heap before
{Heap before GC invocations=2 (full 0):
 garbage-first heap   total reserved 4177920K, committed 262144K, used 70579K [0x0000000701000000, 0x0000000800000000)
  region size 2048K, 31 young (63488K), 2 survivors (4096K)
 Metaspace       used 19486K, committed 19840K, reserved 1114112K
  class space    used 2583K, committed 2752K, reserved 1048576K
}
Event: 6.637 GC heap after
{Heap after GC invocations=3 (full 0):
 garbage-first heap   total reserved 4177920K, committed 262144K, used 13947K [0x0000000701000000, 0x0000000800000000)
  region size 2048K, 4 young (8192K), 4 survivors (8192K)
 Metaspace       used 19486K, committed 19840K, reserved 1114112K
  class space    used 2583K, committed 2752K, reserved 1048576K
}
Event: 8.063 GC heap before
{Heap before GC invocations=3 (full 0):
 garbage-first heap   total reserved 4177920K, committed 262144K, used 32379K [0x0000000701000000, 0x0000000800000000)
  region size 2048K, 14 young (28672K), 4 survivors (8192K)
 Metaspace       used 21126K, committed 21504K, reserved 1114112K
  class space    used 2871K, committed 3008K, reserved 1048576K
}
Event: 8.067 GC heap after
{Heap after GC invocations=4 (full 0):
 garbage-first heap   total reserved 4177920K, committed 262144K, used 14923K [0x0000000701000000, 0x0000000800000000)
  region size 2048K, 1 young (2048K), 1 survivors (2048K)
 Metaspace       used 21126K, committed 21504K, reserved 1114112K
  class space    used 2871K, committed 3008K, reserved 1048576K
}
Event: 38.977 GC heap before
{Heap before GC invocations=5 (full 0):
 garbage-first heap   total reserved 4177920K, committed 55296K, used 53835K [0x0000000701000000, 0x0000000800000000)
  region size 2048K, 20 young (40960K), 1 survivors (2048K)
 Metaspace       used 23140K, committed 23488K, reserved 1114112K
  class space    used 3174K, committed 3328K, reserved 1048576K
}
Event: 38.983 GC heap after
{Heap after GC invocations=6 (full 0):
 garbage-first heap   total reserved 4177920K, committed 67584K, used 25642K [0x0000000701000000, 0x0000000800000000)
  region size 2048K, 6 young (12288K), 6 survivors (12288K)
 Metaspace       used 23140K, committed 23488K, reserved 1114112K
  class space    used 3174K, committed 3328K, reserved 1048576K
}

Dll operation events (20 events):
Event: 0.198 Loaded shared library C:\Users\Anwender\Downloads\openjfx-23.0.1_windows-x64_bin-sdk\javafx-sdk-23.0.1\bin\api-ms-win-crt-private-l1-1-0.dll
Event: 0.198 Loaded shared library C:\Users\Anwender\Downloads\openjfx-23.0.1_windows-x64_bin-sdk\javafx-sdk-23.0.1\bin\api-ms-win-crt-process-l1-1-0.dll
Event: 0.200 Loaded shared library C:\Users\Anwender\Downloads\openjfx-23.0.1_windows-x64_bin-sdk\javafx-sdk-23.0.1\bin\api-ms-win-crt-runtime-l1-1-0.dll
Event: 0.201 Loaded shared library C:\Users\Anwender\Downloads\openjfx-23.0.1_windows-x64_bin-sdk\javafx-sdk-23.0.1\bin\api-ms-win-crt-stdio-l1-1-0.dll
Event: 0.202 Loaded shared library C:\Users\Anwender\Downloads\openjfx-23.0.1_windows-x64_bin-sdk\javafx-sdk-23.0.1\bin\api-ms-win-crt-string-l1-1-0.dll
Event: 0.202 Loaded shared library C:\Users\Anwender\Downloads\openjfx-23.0.1_windows-x64_bin-sdk\javafx-sdk-23.0.1\bin\api-ms-win-crt-time-l1-1-0.dll
Event: 0.204 Loaded shared library C:\Users\Anwender\Downloads\openjfx-23.0.1_windows-x64_bin-sdk\javafx-sdk-23.0.1\bin\api-ms-win-crt-utility-l1-1-0.dll
Event: 0.205 Loaded shared library C:\Users\Anwender\Downloads\openjfx-23.0.1_windows-x64_bin-sdk\javafx-sdk-23.0.1\bin\ucrtbase.dll
Event: 0.206 Loaded shared library C:\Users\Anwender\Downloads\openjfx-23.0.1_windows-x64_bin-sdk\javafx-sdk-23.0.1\bin\vcruntime140.dll
Event: 0.207 Loaded shared library C:\Users\Anwender\Downloads\openjfx-23.0.1_windows-x64_bin-sdk\javafx-sdk-23.0.1\bin\vcruntime140_1.dll
Event: 0.208 Loaded shared library C:\Users\Anwender\Downloads\openjfx-23.0.1_windows-x64_bin-sdk\javafx-sdk-23.0.1\bin\msvcp140.dll
Event: 0.209 Loaded shared library C:\Users\Anwender\Downloads\openjfx-23.0.1_windows-x64_bin-sdk\javafx-sdk-23.0.1\bin\msvcp140_1.dll
Event: 0.210 Loaded shared library C:\Users\Anwender\Downloads\openjfx-23.0.1_windows-x64_bin-sdk\javafx-sdk-23.0.1\bin\msvcp140_2.dll
Event: 0.234 Loaded shared library C:\Users\Anwender\Downloads\openjfx-23.0.1_windows-x64_bin-sdk\javafx-sdk-23.0.1\bin\prism_d3d.dll
Event: 0.309 Loaded shared library C:\Users\Anwender\Downloads\openjfx-23.0.1_windows-x64_bin-sdk\javafx-sdk-23.0.1\bin\glass.dll
Event: 0.447 Loaded shared library C:\Users\Anwender\.jdks\openjdk-23.0.1\bin\jimage.dll
Event: 0.724 Loaded shared library C:\Users\Anwender\Downloads\openjfx-23.0.1_windows-x64_bin-sdk\javafx-sdk-23.0.1\bin\javafx_iio.dll
Event: 0.763 Loaded shared library C:\Users\Anwender\Downloads\openjfx-23.0.1_windows-x64_bin-sdk\javafx-sdk-23.0.1\bin\javafx_font.dll
Event: 4.467 Loaded shared library C:\Users\Anwender\.jdks\openjdk-23.0.1\bin\management.dll
Event: 4.468 Loaded shared library C:\Users\Anwender\.jdks\openjdk-23.0.1\bin\management_ext.dll

Deoptimization events (20 events):
Event: 49.010 Thread 0x0000022f4595a730 Uncommon trap: trap_request=0xffffffc6 fr.pc=0x0000022f600d5688 relative=0x0000000000000748
Event: 49.010 Thread 0x0000022f4595a730 Uncommon trap: reason=bimorphic_or_optimized_type_check action=maybe_recompile pc=0x0000022f600d5688 method=com.sun.javafx.event.EventHandlerManager.dispatchBubblingEvent(Ljavafx/event/Event;)Ljavafx/event/Event; @ 1 c2
Event: 49.010 Thread 0x0000022f4595a730 DEOPT PACKING pc=0x0000022f600d5688 sp=0x00000092a9efb1d0
Event: 49.010 Thread 0x0000022f4595a730 DEOPT UNPACKING pc=0x0000022f5f994402 sp=0x00000092a9efb188 mode 2
Event: 49.011 Thread 0x0000022f4595a730 Uncommon trap: trap_request=0xffffffc6 fr.pc=0x0000022f6012e5fc relative=0x000000000000013c
Event: 49.011 Thread 0x0000022f4595a730 Uncommon trap: reason=bimorphic_or_optimized_type_check action=maybe_recompile pc=0x0000022f6012e5fc method=com.sun.javafx.event.EventRedirector.dispatchCapturingEvent(Ljavafx/event/Event;)Ljavafx/event/Event; @ 1 c2
Event: 49.011 Thread 0x0000022f4595a730 DEOPT PACKING pc=0x0000022f6012e5fc sp=0x00000092a9efb1d0
Event: 49.011 Thread 0x0000022f4595a730 DEOPT UNPACKING pc=0x0000022f5f994402 sp=0x00000092a9efb178 mode 2
Event: 49.011 Thread 0x0000022f4595a730 Uncommon trap: trap_request=0xffffffc6 fr.pc=0x0000022f600cb83c relative=0x00000000000006dc
Event: 49.011 Thread 0x0000022f4595a730 Uncommon trap: reason=bimorphic_or_optimized_type_check action=maybe_recompile pc=0x0000022f600cb83c method=com.sun.javafx.event.EventHandlerManager.dispatchCapturingEvent(Ljavafx/event/Event;)Ljavafx/event/Event; @ 1 c2
Event: 49.011 Thread 0x0000022f4595a730 DEOPT PACKING pc=0x0000022f600cb83c sp=0x00000092a9efb1d0
Event: 49.011 Thread 0x0000022f4595a730 DEOPT UNPACKING pc=0x0000022f5f994402 sp=0x00000092a9efb178 mode 2
Event: 49.011 Thread 0x0000022f4595a730 Uncommon trap: trap_request=0xffffffc6 fr.pc=0x0000022f600d5688 relative=0x0000000000000748
Event: 49.011 Thread 0x0000022f4595a730 Uncommon trap: reason=bimorphic_or_optimized_type_check action=maybe_recompile pc=0x0000022f600d5688 method=com.sun.javafx.event.EventHandlerManager.dispatchBubblingEvent(Ljavafx/event/Event;)Ljavafx/event/Event; @ 1 c2
Event: 49.011 Thread 0x0000022f4595a730 DEOPT PACKING pc=0x0000022f600d5688 sp=0x00000092a9efb1d0
Event: 49.011 Thread 0x0000022f4595a730 DEOPT UNPACKING pc=0x0000022f5f994402 sp=0x00000092a9efb188 mode 2
Event: 49.014 Thread 0x0000022f4595a730 Uncommon trap: trap_request=0xffffff45 fr.pc=0x0000022f60135844 relative=0x0000000000000a84
Event: 49.014 Thread 0x0000022f4595a730 Uncommon trap: reason=unstable_if action=reinterpret pc=0x0000022f60135844 method=com.sun.javafx.tk.quantum.QuantumToolkit.runWithoutRenderLock(Ljava/util/function/Supplier;)Ljava/lang/Object; @ 8 c2
Event: 49.014 Thread 0x0000022f4595a730 DEOPT PACKING pc=0x0000022f60135844 sp=0x00000092a9efa3d0
Event: 49.014 Thread 0x0000022f4595a730 DEOPT UNPACKING pc=0x0000022f5f994402 sp=0x00000092a9efa168 mode 2

Classes loaded (20 events):
Event: 4.619 Loading class java/time/zone/Ser
Event: 4.619 Loading class java/io/Externalizable
Event: 4.619 Loading class java/io/Externalizable done
Event: 4.619 Loading class java/time/zone/Ser done
Event: 4.619 Loading class java/time/Month
Event: 4.619 Loading class java/time/Month done
Event: 4.620 Loading class java/time/DayOfWeek
Event: 4.620 Loading class java/time/DayOfWeek done
Event: 4.620 Loading class java/time/zone/ZoneOffsetTransitionRule$TimeDefinition
Event: 4.620 Loading class java/time/zone/ZoneOffsetTransitionRule$TimeDefinition done
Event: 4.620 Loading class java/time/zone/ZoneOffsetTransition
Event: 4.620 Loading class java/time/zone/ZoneOffsetTransition done
Event: 4.620 Loading class java/time/temporal/TemporalAdjusters
Event: 4.620 Loading class java/time/temporal/TemporalAdjusters done
Event: 4.621 Loading class java/time/Year
Event: 4.621 Loading class java/time/Year done
Event: 8.376 Loading class java/lang/FdLibm$Atan2
Event: 8.376 Loading class java/lang/FdLibm$Atan2 done
Event: 8.376 Loading class java/lang/FdLibm
Event: 8.376 Loading class java/lang/FdLibm done

Classes unloaded (0 events):
No events

Classes redefined (0 events):
No events

Internal exceptions (20 events):
Event: 4.512 Thread 0x0000022f4595a730 Exception <a 'java/lang/NoSuchMethodError'{0x000000070e486fa8}: 'java.lang.Object java.lang.invoke.DirectMethodHandle$Holder.invokeSpecialIFC(java.lang.Object, java.lang.Object, java.lang.Object, java.lang.Object)'> (0x000000070e486fa8) 
thrown [s\open\src\hotspot\share\interpreter\linkResolver.cpp, line 796]
Event: 4.524 Thread 0x0000022f4595a730 Exception <a 'sun/nio/fs/WindowsException'{0x000000070e541728}> (0x000000070e541728) 
thrown [s\open\src\hotspot\share\prims\jni.cpp, line 520]
Event: 4.540 Thread 0x0000022f4595a730 Exception <a 'java/lang/NoSuchMethodError'{0x000000070e5f92b0}: 'int java.lang.invoke.DirectMethodHandle$Holder.invokeInterface(java.lang.Object, java.lang.Object, int)'> (0x000000070e5f92b0) 
thrown [s\open\src\hotspot\share\interpreter\linkResolver.cpp, line 796]
Event: 4.540 Thread 0x0000022f4595a730 Exception <a 'java/lang/IncompatibleClassChangeError'{0x000000070e5fc890}: Found class java.lang.Object, but interface was expected> (0x000000070e5fc890) 
thrown [s\open\src\hotspot\share\interpreter\linkResolver.cpp, line 863]
Event: 4.574 Thread 0x0000022f4595a730 Implicit null exception at 0x0000022f5fffcdf4 to 0x0000022f5fffd6b0
Event: 4.604 Thread 0x0000022f4595a730 Exception <a 'java/lang/NoSuchMethodError'{0x000000070e06f108}: 'java.lang.Object java.lang.invoke.DirectMethodHandle$Holder.invokeStaticInit(java.lang.Object, java.lang.Object, java.lang.Object)'> (0x000000070e06f108) 
thrown [s\open\src\hotspot\share\interpreter\linkResolver.cpp, line 796]
Event: 4.620 Thread 0x0000022f4595a730 Exception <a 'java/lang/NoSuchMethodError'{0x000000070e195af0}: 'java.lang.Object java.lang.invoke.DirectMethodHandle$Holder.invokeStatic(java.lang.Object, int, java.lang.Object)'> (0x000000070e195af0) 
thrown [s\open\src\hotspot\share\interpreter\linkResolver.cpp, line 796]
Event: 4.643 Thread 0x0000022f4595a730 Implicit null exception at 0x0000022f6000461b to 0x0000022f60005124
Event: 7.993 Thread 0x0000022f4595a730 Exception <a 'java/lang/NoSuchMethodError'{0x00000007105bfd28}: 'void java.lang.invoke.Invokers$Holder.invokeExact_MT(java.lang.Object, java.lang.Object, java.lang.Object, java.lang.Object)'> (0x00000007105bfd28) 
thrown [s\open\src\hotspot\share\interpreter\linkResolver.cpp, line 796]
Event: 8.018 Thread 0x0000022f4595a730 Exception <a 'java/io/FileNotFoundException'{0x00000007100a0098}> (0x00000007100a0098) 
thrown [s\open\src\hotspot\share\prims\jni.cpp, line 520]
Event: 8.042 Thread 0x0000022f4595a730 Exception <a 'java/lang/ClassNotFoundException'{0x000000070febe180}: com/sun/javafx/scene/control/skin/resources/controls> (0x000000070febe180) 
thrown [s\open\src\hotspot\share\prims\jni.cpp, line 539]
Event: 8.043 Thread 0x0000022f4595a730 Exception <a 'java/lang/ClassNotFoundException'{0x000000070fecc348}: com/sun/javafx/scene/control/skin/resources/controls_de> (0x000000070fecc348) 
thrown [s\open\src\hotspot\share\prims\jni.cpp, line 539]
Event: 8.043 Thread 0x0000022f4595a730 Exception <a 'java/lang/ClassNotFoundException'{0x000000070fed9db0}: com/sun/javafx/scene/control/skin/resources/controls_de_DE> (0x000000070fed9db0) 
thrown [s\open\src\hotspot\share\prims\jni.cpp, line 539]
Event: 24.200 Thread 0x0000022f4595a730 Exception <a 'java/lang/NoSuchMethodError'{0x00000007022a3118}: 'java.lang.Object java.lang.invoke.DirectMethodHandle$Holder.newInvokeSpecial(java.lang.Object, java.lang.Object, int, int, int, int, int, java.lang.Object)'> (0x00000007022a3118) 
thrown [s\open\src\hotspot\share\interpreter\linkResolver.cpp, line 796]
Event: 24.201 Thread 0x0000022f4595a730 Exception <a 'java/lang/NoSuchMethodError'{0x00000007022b4ec8}: 'java.lang.Object java.lang.invoke.DirectMethodHandle$Holder.newInvokeSpecial(java.lang.Object, java.lang.Object, java.lang.Object, int, int, int, int, int)'> (0x00000007022b4ec8) 
thrown [s\open\src\hotspot\share\interpreter\linkResolver.cpp, line 796]
Event: 24.201 Thread 0x0000022f4595a730 Exception <a 'java/lang/NoSuchMethodError'{0x00000007022bc268}: 'java.lang.Object java.lang.invoke.Invokers$Holder.linkToTargetMethod(java.lang.Object, java.lang.Object, int, int, int, int, int, java.lang.Object)'> (0x00000007022bc268) 
thrown [s\open\src\hotspot\share\interpreter\linkResolver.cpp, line 796]
Event: 47.983 Thread 0x0000022f4595a730 Implicit null exception at 0x0000022f600b9b2e to 0x0000022f600c0648
Event: 47.983 Thread 0x0000022f4595a730 Implicit null exception at 0x0000022f600a83ce to 0x0000022f600a8454
Event: 47.987 Thread 0x0000022f4595a730 Implicit null exception at 0x0000022f601106ed to 0x0000022f60118168
Event: 48.413 Thread 0x0000022f4595a730 Implicit null exception at 0x0000022f60121e34 to 0x0000022f60122ed8

VM Operations (20 events):
Event: 1.085 Executing VM operation: HandshakeAllThreads (Deoptimize) done
Event: 4.485 Executing VM operation: HandshakeAllThreads (Deoptimize)
Event: 4.485 Executing VM operation: HandshakeAllThreads (Deoptimize) done
Event: 4.529 Executing VM operation: HandshakeAllThreads (Deoptimize)
Event: 4.529 Executing VM operation: HandshakeAllThreads (Deoptimize) done
Event: 4.538 Executing VM operation: HandshakeAllThreads (Deoptimize)
Event: 4.539 Executing VM operation: HandshakeAllThreads (Deoptimize) done
Event: 6.632 Executing VM operation: G1CollectForAllocation (G1 Evacuation Pause)
Event: 6.637 Executing VM operation: G1CollectForAllocation (G1 Evacuation Pause) done
Event: 8.063 Executing VM operation: CollectForMetadataAllocation (Metadata GC Threshold)
Event: 8.067 Executing VM operation: CollectForMetadataAllocation (Metadata GC Threshold) done
Event: 8.070 Executing VM operation: G1PauseRemark
Event: 8.072 Executing VM operation: G1PauseRemark done
Event: 8.073 Executing VM operation: G1PauseCleanup
Event: 8.073 Executing VM operation: G1PauseCleanup done
Event: 23.620 Executing VM operation: HandshakeAllThreads (Deoptimize)
Event: 23.620 Executing VM operation: HandshakeAllThreads (Deoptimize) done
Event: 38.977 Executing VM operation: G1CollectForAllocation (G1 Evacuation Pause)
Event: 38.983 Executing VM operation: G1CollectForAllocation (G1 Evacuation Pause) done
Event: 49.021 Executing VM operation: Exit

Memory protections (0 events):
No events

Nmethod flushes (0 events):
No events

Events (20 events):
Event: 8.044 Thread 0x0000022f6f76ef60 Thread added: 0x0000022f4c89f650
Event: 8.117 Thread 0x0000022f6f76a450 Thread added: 0x0000022f4ca87850
Event: 8.557 Thread 0x0000022f4ca87850 Thread exited: 0x0000022f4ca87850
Event: 10.444 Thread 0x0000022f4c89f650 Thread exited: 0x0000022f4c89f650
Event: 23.630 Thread 0x0000022f6f76ef60 Thread added: 0x0000022f45bb1880
Event: 23.632 Thread 0x0000022f6f76ef60 Thread added: 0x0000022f7421ee10
Event: 23.964 Thread 0x0000022f7421ee10 Thread exited: 0x0000022f7421ee10
Event: 23.965 Thread 0x0000022f45bb1880 Thread exited: 0x0000022f45bb1880
Event: 24.317 Thread 0x0000022f6f76ef60 Thread added: 0x0000022f462f1cc0
Event: 24.540 Thread 0x0000022f462f1cc0 Thread exited: 0x0000022f462f1cc0
Event: 24.702 Thread 0x0000022f6f76ef60 Thread added: 0x0000022f4c9299e0
Event: 25.053 Thread 0x0000022f4c9299e0 Thread exited: 0x0000022f4c9299e0
Event: 34.606 Thread 0x0000022f4697c4d0 Thread exited: 0x0000022f4697c4d0
Event: 44.991 Thread 0x0000022f6f76ef60 Thread added: 0x0000022f4c646c40
Event: 45.413 Thread 0x0000022f4c646c40 Thread exited: 0x0000022f4c646c40
Event: 49.020 Thread 0x0000022f4595a730 Thread added: 0x0000022f4697c4d0
Event: 49.020 Thread 0x0000022f4595a730 Thread added: 0x0000022f46979d70
Event: 49.020 Thread 0x0000022f46979d70 Thread exited: 0x0000022f46979d70
Event: 49.021 Thread 0x0000022f4697c4d0 Thread exited: 0x0000022f4697c4d0
Event: 49.021 Thread 0x0000022f4595a730 Before exit entered


Dynamic libraries:
0x00007ff7bf850000 - 0x00007ff7bf85e000 	C:\Users\Anwender\.jdks\openjdk-23.0.1\bin\java.exe
0x00007ffd5fb50000 - 0x00007ffd5fd48000 	C:\WINDOWS\SYSTEM32\ntdll.dll
0x00007ffd5e6e0000 - 0x00007ffd5e7a2000 	C:\WINDOWS\System32\KERNEL32.DLL
0x00007ffd5d6c0000 - 0x00007ffd5d9b6000 	C:\WINDOWS\System32\KERNELBASE.dll
0x00007ffd5d280000 - 0x00007ffd5d380000 	C:\WINDOWS\System32\ucrtbase.dll
0x00007ffd50b00000 - 0x00007ffd50b17000 	C:\Users\Anwender\.jdks\openjdk-23.0.1\bin\jli.dll
0x00007ffd50b20000 - 0x00007ffd50b3b000 	C:\Users\Anwender\.jdks\openjdk-23.0.1\bin\VCRUNTIME140.dll
0x00007ffd5e370000 - 0x00007ffd5e50d000 	C:\WINDOWS\System32\USER32.dll
0x00007ffd49ac0000 - 0x00007ffd49d5a000 	C:\WINDOWS\WinSxS\amd64_microsoft.windows.common-controls_6595b64144ccf1df_6.0.19041.4355_none_60b8b9eb71f62e16\COMCTL32.dll
0x00007ffd5daf0000 - 0x00007ffd5db12000 	C:\WINDOWS\System32\win32u.dll
0x00007ffd5ee60000 - 0x00007ffd5eefe000 	C:\WINDOWS\System32\msvcrt.dll
0x00007ffd5fae0000 - 0x00007ffd5fb0b000 	C:\WINDOWS\System32\GDI32.dll
0x00007ffd5d380000 - 0x00007ffd5d49a000 	C:\WINDOWS\System32\gdi32full.dll
0x00007ffd5d1e0000 - 0x00007ffd5d27d000 	C:\WINDOWS\System32\msvcp_win.dll
0x00007ffd5e8a0000 - 0x00007ffd5e8cf000 	C:\WINDOWS\System32\IMM32.DLL
0x00007ffd59db0000 - 0x00007ffd59dbc000 	C:\Users\Anwender\.jdks\openjdk-23.0.1\bin\vcruntime140_1.dll
0x00007ffd371e0000 - 0x00007ffd3726e000 	C:\Users\Anwender\.jdks\openjdk-23.0.1\bin\msvcp140.dll
0x00007ffc70160000 - 0x00007ffc70eaf000 	C:\Users\Anwender\.jdks\openjdk-23.0.1\bin\server\jvm.dll
0x00007ffd5e260000 - 0x00007ffd5e30f000 	C:\WINDOWS\System32\ADVAPI32.dll
0x00007ffd5ef00000 - 0x00007ffd5ef9f000 	C:\WINDOWS\System32\sechost.dll
0x00007ffd5dd20000 - 0x00007ffd5de43000 	C:\WINDOWS\System32\RPCRT4.dll
0x00007ffd5d530000 - 0x00007ffd5d557000 	C:\WINDOWS\System32\bcrypt.dll
0x00007ffd5fa70000 - 0x00007ffd5fadb000 	C:\WINDOWS\System32\WS2_32.dll
0x00007ffd5c720000 - 0x00007ffd5c76b000 	C:\WINDOWS\SYSTEM32\POWRPROF.dll
0x00007ffd53ad0000 - 0x00007ffd53af7000 	C:\WINDOWS\SYSTEM32\WINMM.dll
0x00007ffd55530000 - 0x00007ffd5553a000 	C:\WINDOWS\SYSTEM32\VERSION.dll
0x00007ffd5c5e0000 - 0x00007ffd5c5f2000 	C:\WINDOWS\SYSTEM32\UMPDC.dll
0x00007ffd5afa0000 - 0x00007ffd5afb2000 	C:\WINDOWS\SYSTEM32\kernel.appcore.dll
0x00007ffd58f70000 - 0x00007ffd58f7a000 	C:\Users\Anwender\.jdks\openjdk-23.0.1\bin\jimage.dll
0x00007ffd51400000 - 0x00007ffd515e4000 	C:\WINDOWS\SYSTEM32\DBGHELP.DLL
0x00007ffd35c70000 - 0x00007ffd35ca4000 	C:\WINDOWS\SYSTEM32\dbgcore.DLL
0x00007ffd5d4a0000 - 0x00007ffd5d522000 	C:\WINDOWS\System32\bcryptPrimitives.dll
0x00007ffd56980000 - 0x00007ffd5698f000 	C:\Users\Anwender\.jdks\openjdk-23.0.1\bin\instrument.dll
0x00007ffd40960000 - 0x00007ffd4097e000 	C:\Users\Anwender\.jdks\openjdk-23.0.1\bin\java.dll
0x00007ffd5de50000 - 0x00007ffd5df7b000 	C:\WINDOWS\System32\ole32.dll
0x00007ffd5f710000 - 0x00007ffd5fa65000 	C:\WINDOWS\System32\combase.dll
0x00007ffd5efa0000 - 0x00007ffd5f70f000 	C:\WINDOWS\System32\SHELL32.dll
0x00007ffd5b280000 - 0x00007ffd5ba23000 	C:\WINDOWS\SYSTEM32\windows.storage.dll
0x00007ffd5cc10000 - 0x00007ffd5cc3b000 	C:\WINDOWS\SYSTEM32\Wldp.dll
0x00007ffd5e7d0000 - 0x00007ffd5e89d000 	C:\WINDOWS\System32\OLEAUT32.dll
0x00007ffd5e8d0000 - 0x00007ffd5e97d000 	C:\WINDOWS\System32\SHCORE.dll
0x00007ffd5db70000 - 0x00007ffd5dbc5000 	C:\WINDOWS\System32\shlwapi.dll
0x00007ffd5d110000 - 0x00007ffd5d135000 	C:\WINDOWS\SYSTEM32\profapi.dll
0x00007ffcd0a70000 - 0x00007ffcd0b47000 	C:\Users\Anwender\.jdks\openjdk-23.0.1\bin\jsvml.dll
0x00007ffd440f0000 - 0x00007ffd44100000 	C:\Users\Anwender\.jdks\openjdk-23.0.1\bin\net.dll
0x00007ffd5c970000 - 0x00007ffd5c9dc000 	C:\WINDOWS\system32\mswsock.dll
0x00007ffd3ca50000 - 0x00007ffd3ca66000 	C:\Users\Anwender\.jdks\openjdk-23.0.1\bin\nio.dll
0x00007ffd3ca30000 - 0x00007ffd3ca47000 	C:\Users\Anwender\.jdks\openjdk-23.0.1\bin\zip.dll
0x00007ffd37f80000 - 0x00007ffd37f9a000 	C:\Program Files\JetBrains\IntelliJ IDEA 2024.2.4\bin\breakgen64.dll
0x00007ffd44020000 - 0x00007ffd44029000 	C:\Users\Anwender\.jdks\openjdk-23.0.1\bin\extnet.dll
0x0000022f46bf0000 - 0x0000022f46bf3000 	C:\Users\Anwender\Downloads\openjfx-23.0.1_windows-x64_bin-sdk\javafx-sdk-23.0.1\bin\api-ms-win-core-console-l1-1-0.dll
0x0000022f46c00000 - 0x0000022f46c03000 	C:\Users\Anwender\Downloads\openjfx-23.0.1_windows-x64_bin-sdk\javafx-sdk-23.0.1\bin\api-ms-win-core-console-l1-2-0.dll
0x0000022f46c10000 - 0x0000022f46c13000 	C:\Users\Anwender\Downloads\openjfx-23.0.1_windows-x64_bin-sdk\javafx-sdk-23.0.1\bin\api-ms-win-core-datetime-l1-1-0.dll
0x0000022f46c20000 - 0x0000022f46c23000 	C:\Users\Anwender\Downloads\openjfx-23.0.1_windows-x64_bin-sdk\javafx-sdk-23.0.1\bin\api-ms-win-core-debug-l1-1-0.dll
0x0000022f46c30000 - 0x0000022f46c33000 	C:\Users\Anwender\Downloads\openjfx-23.0.1_windows-x64_bin-sdk\javafx-sdk-23.0.1\bin\api-ms-win-core-errorhandling-l1-1-0.dll
0x0000022f46c40000 - 0x0000022f46c44000 	C:\Users\Anwender\Downloads\openjfx-23.0.1_windows-x64_bin-sdk\javafx-sdk-23.0.1\bin\api-ms-win-core-file-l1-1-0.dll
0x0000022f46c50000 - 0x0000022f46c53000 	C:\Users\Anwender\Downloads\openjfx-23.0.1_windows-x64_bin-sdk\javafx-sdk-23.0.1\bin\api-ms-win-core-file-l1-2-0.dll
0x0000022f46c60000 - 0x0000022f46c63000 	C:\Users\Anwender\Downloads\openjfx-23.0.1_windows-x64_bin-sdk\javafx-sdk-23.0.1\bin\api-ms-win-core-file-l2-1-0.dll
0x0000022f46da0000 - 0x0000022f46da3000 	C:\Users\Anwender\Downloads\openjfx-23.0.1_windows-x64_bin-sdk\javafx-sdk-23.0.1\bin\api-ms-win-core-handle-l1-1-0.dll
0x0000022f46c70000 - 0x0000022f46c73000 	C:\Users\Anwender\Downloads\openjfx-23.0.1_windows-x64_bin-sdk\javafx-sdk-23.0.1\bin\api-ms-win-core-heap-l1-1-0.dll
0x0000022f46c80000 - 0x0000022f46c83000 	C:\Users\Anwender\Downloads\openjfx-23.0.1_windows-x64_bin-sdk\javafx-sdk-23.0.1\bin\api-ms-win-core-interlocked-l1-1-0.dll
0x0000022f46c90000 - 0x0000022f46c93000 	C:\Users\Anwender\Downloads\openjfx-23.0.1_windows-x64_bin-sdk\javafx-sdk-23.0.1\bin\api-ms-win-core-libraryloader-l1-1-0.dll
0x0000022f46ca0000 - 0x0000022f46ca3000 	C:\Users\Anwender\Downloads\openjfx-23.0.1_windows-x64_bin-sdk\javafx-sdk-23.0.1\bin\api-ms-win-core-localization-l1-2-0.dll
0x0000022f46cb0000 - 0x0000022f46cb3000 	C:\Users\Anwender\Downloads\openjfx-23.0.1_windows-x64_bin-sdk\javafx-sdk-23.0.1\bin\api-ms-win-core-memory-l1-1-0.dll
0x0000022f46cc0000 - 0x0000022f46cc3000 	C:\Users\Anwender\Downloads\openjfx-23.0.1_windows-x64_bin-sdk\javafx-sdk-23.0.1\bin\api-ms-win-core-namedpipe-l1-1-0.dll
0x0000022f46cd0000 - 0x0000022f46cd3000 	C:\Users\Anwender\Downloads\openjfx-23.0.1_windows-x64_bin-sdk\javafx-sdk-23.0.1\bin\api-ms-win-core-processenvironment-l1-1-0.dll
0x0000022f46ce0000 - 0x0000022f46ce3000 	C:\Users\Anwender\Downloads\openjfx-23.0.1_windows-x64_bin-sdk\javafx-sdk-23.0.1\bin\api-ms-win-core-processthreads-l1-1-0.dll
0x0000022f46cf0000 - 0x0000022f46cf3000 	C:\Users\Anwender\Downloads\openjfx-23.0.1_windows-x64_bin-sdk\javafx-sdk-23.0.1\bin\api-ms-win-core-processthreads-l1-1-1.dll
0x0000022f46d00000 - 0x0000022f46d03000 	C:\Users\Anwender\Downloads\openjfx-23.0.1_windows-x64_bin-sdk\javafx-sdk-23.0.1\bin\api-ms-win-core-profile-l1-1-0.dll
0x0000022f46d10000 - 0x0000022f46d13000 	C:\Users\Anwender\Downloads\openjfx-23.0.1_windows-x64_bin-sdk\javafx-sdk-23.0.1\bin\api-ms-win-core-rtlsupport-l1-1-0.dll
0x0000022f46d20000 - 0x0000022f46d23000 	C:\Users\Anwender\Downloads\openjfx-23.0.1_windows-x64_bin-sdk\javafx-sdk-23.0.1\bin\api-ms-win-core-string-l1-1-0.dll
0x0000022f46d30000 - 0x0000022f46d33000 	C:\Users\Anwender\Downloads\openjfx-23.0.1_windows-x64_bin-sdk\javafx-sdk-23.0.1\bin\api-ms-win-core-synch-l1-1-0.dll
0x0000022f46d40000 - 0x0000022f46d43000 	C:\Users\Anwender\Downloads\openjfx-23.0.1_windows-x64_bin-sdk\javafx-sdk-23.0.1\bin\api-ms-win-core-synch-l1-2-0.dll
0x0000022f46d50000 - 0x0000022f46d53000 	C:\Users\Anwender\Downloads\openjfx-23.0.1_windows-x64_bin-sdk\javafx-sdk-23.0.1\bin\api-ms-win-core-sysinfo-l1-1-0.dll
0x0000022f46d60000 - 0x0000022f46d63000 	C:\Users\Anwender\Downloads\openjfx-23.0.1_windows-x64_bin-sdk\javafx-sdk-23.0.1\bin\api-ms-win-core-timezone-l1-1-0.dll
0x0000022f46d70000 - 0x0000022f46d73000 	C:\Users\Anwender\Downloads\openjfx-23.0.1_windows-x64_bin-sdk\javafx-sdk-23.0.1\bin\api-ms-win-core-util-l1-1-0.dll
0x0000022f46d80000 - 0x0000022f46d83000 	C:\Users\Anwender\Downloads\openjfx-23.0.1_windows-x64_bin-sdk\javafx-sdk-23.0.1\bin\api-ms-win-crt-conio-l1-1-0.dll
0x0000022f46d90000 - 0x0000022f46d94000 	C:\Users\Anwender\Downloads\openjfx-23.0.1_windows-x64_bin-sdk\javafx-sdk-23.0.1\bin\api-ms-win-crt-convert-l1-1-0.dll
0x0000022f46db0000 - 0x0000022f46db3000 	C:\Users\Anwender\Downloads\openjfx-23.0.1_windows-x64_bin-sdk\javafx-sdk-23.0.1\bin\api-ms-win-crt-environment-l1-1-0.dll
0x0000022f46dc0000 - 0x0000022f46dc3000 	C:\Users\Anwender\Downloads\openjfx-23.0.1_windows-x64_bin-sdk\javafx-sdk-23.0.1\bin\api-ms-win-crt-filesystem-l1-1-0.dll
0x0000022f46dd0000 - 0x0000022f46dd3000 	C:\Users\Anwender\Downloads\openjfx-23.0.1_windows-x64_bin-sdk\javafx-sdk-23.0.1\bin\api-ms-win-crt-heap-l1-1-0.dll
0x0000022f46de0000 - 0x0000022f46de3000 	C:\Users\Anwender\Downloads\openjfx-23.0.1_windows-x64_bin-sdk\javafx-sdk-23.0.1\bin\api-ms-win-crt-locale-l1-1-0.dll
0x0000022f46df0000 - 0x0000022f46df5000 	C:\Users\Anwender\Downloads\openjfx-23.0.1_windows-x64_bin-sdk\javafx-sdk-23.0.1\bin\api-ms-win-crt-math-l1-1-0.dll
0x0000022f47160000 - 0x0000022f47165000 	C:\Users\Anwender\Downloads\openjfx-23.0.1_windows-x64_bin-sdk\javafx-sdk-23.0.1\bin\api-ms-win-crt-multibyte-l1-1-0.dll
0x0000022f47170000 - 0x0000022f47180000 	C:\Users\Anwender\Downloads\openjfx-23.0.1_windows-x64_bin-sdk\javafx-sdk-23.0.1\bin\api-ms-win-crt-private-l1-1-0.dll
0x0000022f47180000 - 0x0000022f47183000 	C:\Users\Anwender\Downloads\openjfx-23.0.1_windows-x64_bin-sdk\javafx-sdk-23.0.1\bin\api-ms-win-crt-process-l1-1-0.dll
0x0000022f47190000 - 0x0000022f47194000 	C:\Users\Anwender\Downloads\openjfx-23.0.1_windows-x64_bin-sdk\javafx-sdk-23.0.1\bin\api-ms-win-crt-runtime-l1-1-0.dll
0x0000022f471a0000 - 0x0000022f471a4000 	C:\Users\Anwender\Downloads\openjfx-23.0.1_windows-x64_bin-sdk\javafx-sdk-23.0.1\bin\api-ms-win-crt-stdio-l1-1-0.dll
0x0000022f471b0000 - 0x0000022f471b4000 	C:\Users\Anwender\Downloads\openjfx-23.0.1_windows-x64_bin-sdk\javafx-sdk-23.0.1\bin\api-ms-win-crt-string-l1-1-0.dll
0x0000022f46e00000 - 0x0000022f46e03000 	C:\Users\Anwender\Downloads\openjfx-23.0.1_windows-x64_bin-sdk\javafx-sdk-23.0.1\bin\api-ms-win-crt-time-l1-1-0.dll
0x0000022f46e10000 - 0x0000022f46e13000 	C:\Users\Anwender\Downloads\openjfx-23.0.1_windows-x64_bin-sdk\javafx-sdk-23.0.1\bin\api-ms-win-crt-utility-l1-1-0.dll
0x00007ffccfec0000 - 0x00007ffccffbc000 	C:\Users\Anwender\Downloads\openjfx-23.0.1_windows-x64_bin-sdk\javafx-sdk-23.0.1\bin\ucrtbase.dll
0x00007ffd37680000 - 0x00007ffd3769b000 	C:\Users\Anwender\Downloads\openjfx-23.0.1_windows-x64_bin-sdk\javafx-sdk-23.0.1\bin\vcruntime140.dll
0x00007ffd3ff50000 - 0x00007ffd3ff5c000 	C:\Users\Anwender\Downloads\openjfx-23.0.1_windows-x64_bin-sdk\javafx-sdk-23.0.1\bin\vcruntime140_1.dll
0x00007ffd2b610000 - 0x00007ffd2b69e000 	C:\Users\Anwender\Downloads\openjfx-23.0.1_windows-x64_bin-sdk\javafx-sdk-23.0.1\bin\msvcp140.dll
0x00007ffd3f7e0000 - 0x00007ffd3f7e9000 	C:\Users\Anwender\Downloads\openjfx-23.0.1_windows-x64_bin-sdk\javafx-sdk-23.0.1\bin\msvcp140_1.dll
0x00007ffcd08d0000 - 0x00007ffcd0911000 	C:\Users\Anwender\Downloads\openjfx-23.0.1_windows-x64_bin-sdk\javafx-sdk-23.0.1\bin\msvcp140_2.dll
0x00007ffd37490000 - 0x00007ffd374c0000 	C:\Users\Anwender\Downloads\openjfx-23.0.1_windows-x64_bin-sdk\javafx-sdk-23.0.1\bin\prism_d3d.dll
0x00007ffd34dc0000 - 0x00007ffd34f91000 	C:\WINDOWS\system32\d3d9.dll
0x00007ffd5af70000 - 0x00007ffd5af9f000 	C:\WINDOWS\SYSTEM32\dwmapi.dll
0x00007ffd5ab90000 - 0x00007ffd5ac2e000 	C:\WINDOWS\system32\uxtheme.dll
0x00007ffd4fff0000 - 0x00007ffd500b4000 	C:\WINDOWS\System32\DriverStore\FileRepository\nv_dispi.inf_amd64_adf5a840df867035\nvldumdx.dll
0x00007ffd5cda0000 - 0x00007ffd5cdb2000 	C:\WINDOWS\SYSTEM32\msasn1.dll
0x00007ffd554f0000 - 0x00007ffd55521000 	C:\WINDOWS\SYSTEM32\cryptnet.dll
0x00007ffd5d560000 - 0x00007ffd5d6bd000 	C:\WINDOWS\System32\CRYPT32.dll
0x00007ffd5cb80000 - 0x00007ffd5cb8c000 	C:\WINDOWS\SYSTEM32\cryptbase.dll
0x00007ffd54f90000 - 0x00007ffd550d7000 	C:\WINDOWS\SYSTEM32\drvstore.dll
0x00007ffd5cf70000 - 0x00007ffd5cfa3000 	C:\WINDOWS\SYSTEM32\devobj.dll
0x00007ffd5db20000 - 0x00007ffd5db6e000 	C:\WINDOWS\System32\cfgmgr32.dll
0x00007ffd5d9c0000 - 0x00007ffd5da33000 	C:\WINDOWS\System32\wintrust.dll
0x00007ffd5e7b0000 - 0x00007ffd5e7cd000 	C:\WINDOWS\System32\imagehlp.dll
0x00007ffd5cb60000 - 0x00007ffd5cb78000 	C:\WINDOWS\SYSTEM32\CRYPTSP.dll
0x00007ffd5c220000 - 0x00007ffd5c258000 	C:\WINDOWS\system32\rsaenh.dll
0x00007ffd4ce90000 - 0x00007ffd4fba0000 	C:\WINDOWS\System32\DriverStore\FileRepository\nv_dispi.inf_amd64_adf5a840df867035\nvgpucomp64.dll
0x00007ffc80c00000 - 0x00007ffc8298c000 	C:\WINDOWS\System32\DriverStore\FileRepository\nv_dispi.inf_amd64_adf5a840df867035\nvd3dumx.dll
0x00007ffccee40000 - 0x00007ffccee85000 	C:\Users\Anwender\Downloads\openjfx-23.0.1_windows-x64_bin-sdk\javafx-sdk-23.0.1\bin\glass.dll
0x00007ffd5dbd0000 - 0x00007ffd5dcaa000 	C:\WINDOWS\System32\COMDLG32.dll
0x00007ffd5e5c0000 - 0x00007ffd5e6d5000 	C:\WINDOWS\System32\MSCTF.dll
0x00007ffd1d1b0000 - 0x00007ffd1d480000 	C:\WINDOWS\system32\nvspcap64.dll
0x00007ffd5c470000 - 0x00007ffd5c4a3000 	C:\WINDOWS\SYSTEM32\ntmarta.dll
0x00007ffd5ba40000 - 0x00007ffd5ba63000 	C:\WINDOWS\SYSTEM32\gpapi.dll
0x00007ffd26af0000 - 0x00007ffd26c45000 	C:\WINDOWS\System32\DriverStore\FileRepository\nv_dispi.inf_amd64_adf5a840df867035\nvppex.dll
0x00007ffd52a40000 - 0x00007ffd52a7b000 	C:\WINDOWS\SYSTEM32\dxcore.dll
0x00007ffd5e1b0000 - 0x00007ffd5e259000 	C:\WINDOWS\System32\clbcatq.dll
0x00007ffd4feb0000 - 0x00007ffd4ffef000 	C:\Windows\System32\Windows.UI.dll
0x00007ffd4fd60000 - 0x00007ffd4fe59000 	C:\Windows\System32\TextInputFramework.dll
0x00007ffd54e80000 - 0x00007ffd54f21000 	C:\Windows\System32\WindowManagementAPI.dll
0x00007ffd4fc00000 - 0x00007ffd4fd52000 	C:\Windows\System32\InputHost.dll

dbghelp: loaded successfully - version: 4.0.5 - missing functions: none
symbol engine: initialized successfully - sym options: 0x614 - pdb path: .;C:\Users\Anwender\.jdks\openjdk-23.0.1\bin;C:\WINDOWS\SYSTEM32;C:\WINDOWS\WinSxS\amd64_microsoft.windows.common-controls_6595b64144ccf1df_6.0.19041.4355_none_60b8b9eb71f62e16;C:\Users\Anwender\.jdks\openjdk-23.0.1\bin\server;C:\Program Files\JetBrains\IntelliJ IDEA 2024.2.4\bin;C:\Users\Anwender\Downloads\openjfx-23.0.1_windows-x64_bin-sdk\javafx-sdk-23.0.1\bin;C:\WINDOWS\System32\DriverStore\FileRepository\nv_dispi.inf_amd64_adf5a840df867035;C:\Program Files\Common Files\Microsoft Shared\Ink

VM Arguments:
jvm_args: --module-path=C:\Users\Anwender\Downloads\openjfx-23.0.1_windows-x64_bin-sdk\javafx-sdk-23.0.1\lib --add-modules=javafx.controls,javafx.fxml --enable-preview -javaagent:C:\Program Files\JetBrains\IntelliJ IDEA 2024.2.4\lib\idea_rt.jar=7608:C:\Program Files\JetBrains\IntelliJ IDEA 2024.2.4\bin -Dfile.encoding=UTF-8 -Dsun.stdout.encoding=UTF-8 -Dsun.stderr.encoding=UTF-8 
java_command: Main
java_class_path (initial): C:\Users\Anwender\IdeaProjects\demo3\target\classes;C:\Users\Anwender\.m2\repository\org\openjfx\javafx-controls\17.0.6\javafx-controls-17.0.6.jar;C:\Users\Anwender\.m2\repository\org\openjfx\javafx-controls\17.0.6\javafx-controls-17.0.6-win.jar;C:\Users\Anwender\.m2\repository\org\openjfx\javafx-graphics\17.0.6\javafx-graphics-17.0.6.jar;C:\Users\Anwender\.m2\repository\org\openjfx\javafx-graphics\17.0.6\javafx-graphics-17.0.6-win.jar;C:\Users\Anwender\.m2\repository\org\openjfx\javafx-base\17.0.6\javafx-base-17.0.6.jar;C:\Users\Anwender\.m2\repository\org\openjfx\javafx-base\17.0.6\javafx-base-17.0.6-win.jar;C:\Users\Anwender\.m2\repository\org\openjfx\javafx-fxml\17.0.6\javafx-fxml-17.0.6.jar;C:\Users\Anwender\.m2\repository\org\openjfx\javafx-fxml\17.0.6\javafx-fxml-17.0.6-win.jar;C:\Users\Anwender\.m2\repository\com\itextpdf\itextpdf\5.5.13.2\itextpdf-5.5.13.2.jar;C:\Users\Anwender\Downloads\postgresql-42.7.4.jar
Launcher Type: SUN_STANDARD

[Global flags]
     intx CICompilerCount                          = 4                                         {product} {ergonomic}
     uint ConcGCThreads                            = 3                                         {product} {ergonomic}
     uint G1ConcRefinementThreads                  = 10                                        {product} {ergonomic}
   size_t G1HeapRegionSize                         = 2097152                                   {product} {ergonomic}
   size_t InitialHeapSize                          = 268435456                                 {product} {ergonomic}
   size_t MarkStackSize                            = 4194304                                   {product} {ergonomic}
   size_t MarkStackSizeMax                         = 536870912                                 {product} {ergonomic}
   size_t MaxHeapSize                              = 4278190080                                {product} {ergonomic}
   size_t MaxNewSize                               = 2566914048                                {product} {ergonomic}
   size_t MinHeapDeltaBytes                        = 2097152                                   {product} {ergonomic}
   size_t MinHeapSize                              = 8388608                                   {product} {ergonomic}
    uintx NonNMethodCodeHeapSize                   = 5832704                                {pd product} {ergonomic}
    uintx NonProfiledCodeHeapSize                  = 122945536                              {pd product} {ergonomic}
    uintx ProfiledCodeHeapSize                     = 122880000                              {pd product} {ergonomic}
    uintx ReservedCodeCacheSize                    = 251658240                              {pd product} {ergonomic}
     bool SegmentedCodeCache                       = true                                      {product} {ergonomic}
   size_t SoftMaxHeapSize                          = 4278190080                             {manageable} {ergonomic}
     bool UseCompressedOops                        = true                           {product lp64_product} {ergonomic}
     bool UseG1GC                                  = true                                      {product} {ergonomic}
     bool UseLargePagesIndividualAllocation        = false                                  {pd product} {ergonomic}

Logging:
Log output configuration:
 #0: stdout all=off uptime,level,tags foldmultilines=false
 #1: stderr all=off uptime,level,tags foldmultilines=false

Environment Variables:
CLASSPATH=C:\Users\Anwender\Downloads\openjfx-23.0.1_windows-x64_bin-sdk\javafx-sdk-23.0.1\bin
PATH=C:\Program Files\Common Files\Oracle\Java\javapath;C:\WINDOWS\system32;C:\WINDOWS;C:\WINDOWS\System32\Wbem;C:\WINDOWS\System32\WindowsPowerShell\v1.0\;C:\WINDOWS\System32\OpenSSH\;C:\Program Files\NVIDIA Corporation\NVIDIA NvDLISR;C:\Program Files (x86)\NVIDIA Corporation\PhysX\Common;C:\Program Files\dotnet\;C:\Users\Anwender\.jdks\openjdk-23.0.1\bin;C:\Users\Anwender\Downloads\openjfx-23.0.1_windows-x64_bin-sdk\javafx-sdk-23.0.1\bin;C:\Program Files\Git\cmd;C:\Users\Anwender\AppData\Local\Programs\Python\Python312\Scripts\;C:\Users\Anwender\AppData\Local\Programs\Python\Python312\;C:\Users\Anwender\AppData\Local\Microsoft\WindowsApps;C:\Users\Anwender\AppData\Local\Programs\Microsoft VS Code\bin;C:\Users\Anwender\.jdks\openjdk-23.0.1\bin;
USERNAME=Anwender
OS=Windows_NT
PROCESSOR_IDENTIFIER=AMD64 Family 23 Model 113 Stepping 0, AuthenticAMD
TMP=C:\Users\Anwender\AppData\Local\Temp
TEMP=C:\Users\Anwender\AppData\Local\Temp




Periodic native trim disabled

---------------  S Y S T E M  ---------------

OS:
 Windows 10 , 64 bit Build 19041 (10.0.19041.5678)
OS uptime: 0 days 11:26 hours

CPU: total 12 (initial active 12) (12 cores per cpu, 2 threads per core) family 23 model 113 stepping 0 microcode 0x0, cx8, cmov, fxsr, ht, mmx, 3dnowpref, sse, sse2, sse3, ssse3, sse4a, sse4.1, sse4.2, popcnt, lzcnt, tsc, tscinvbit, avx, avx2, aes, clmul, bmi1, bmi2, adx, sha, fma, vzeroupper, clflush, clflushopt, rdtscp, rdpid, f16c
Processor Information for the first 12 processors :
  Max Mhz: 3593, Current Mhz: 3593, Mhz Limit: 3593

Memory: 4k page, system-wide physical 16313M (5925M free)
TotalPageFile size 23993M (AvailPageFile size 5019M)
current process WorkingSet (physical memory assigned to process): 198M, peak: 217M
current process commit charge ("private bytes"): 293M, peak: 499M

vm_info: OpenJDK 64-Bit Server VM (23.0.1+11-39) for windows-amd64 JRE (23.0.1+11-39), built on 2024-09-30T07:20:43Z with MS VC++ 17.6 (VS2022)

END.
