#
# A fatal error has been detected by the Java Runtime Environment:
#
#  EXCEPTION_ACCESS_VIOLATION (0xc0000005) at pc=0x00007ffd1b958427, pid=15596, tid=8436
#
# JRE version: OpenJDK Runtime Environment (23.0.1+11) (build 23.0.1+11-39)
# Java VM: OpenJDK 64-Bit Server VM (23.0.1+11-39, mixed mode, sharing, tiered, compressed oops, compressed class ptrs, g1 gc, windows-amd64)
# Problematic frame:
# C  [glass.dll+0x28427]
#
# No core dump will be written. Minidumps are not enabled by default on client versions of Windows
#
# If you would like to submit a bug report, please visit:
#   https://bugreport.java.com/bugreport/crash.jsp
#

---------------  S U M M A R Y ------------

Command Line: --module-path=C:\Users\Anwender\Downloads\openjfx-23.0.1_windows-x64_bin-sdk\javafx-sdk-23.0.1\lib --add-modules=javafx.controls,javafx.fxml --enable-preview -javaagent:C:\Program Files\JetBrains\IntelliJ IDEA 2024.2.4\lib\idea_rt.jar=39613:C:\Program Files\JetBrains\IntelliJ IDEA 2024.2.4\bin -Dfile.encoding=UTF-8 -Dsun.stdout.encoding=UTF-8 -Dsun.stderr.encoding=UTF-8 Main

Host: AMD Ryzen 5 3600 6-Core Processor              , 12 cores, 15G,  Windows 10 , 64 bit Build 19041 (10.0.19041.5678)
Time: Tue Apr 15 00:40:50 2025 Mitteleuropäische Sommerzeit elapsed time: 81.716412 seconds (0d 0h 1m 21s)

---------------  T H R E A D  ---------------

Current thread (0x000002e2d9756ff0):  VMThread "VM Thread"          [id=8436, stack(0x000000f30d900000,0x000000f30da00000) (1024K)]

Stack: [0x000000f30d900000,0x000000f30da00000],  sp=0x000000f30d9ff030,  free space=1020k
Native frames: (J=compiled Java code, j=interpreted, Vv=VM code, C=native code)
C  [glass.dll+0x28427]  (no source info available)
C  [ucrtbase.dll+0x142d6]  (no source info available)
C  [ucrtbase.dll+0x141fb]  (no source info available)
C  [ucrtbase.dll+0x141b4]  (no source info available)
C  [glass.dll+0x25bbd]  (no source info available)
C  [glass.dll+0x25ce2]  (no source info available)
C  [ntdll.dll+0x19a1d]  (no source info available)
C  [ntdll.dll+0x5f1ca]  (no source info available)
C  [ntdll.dll+0x5ef7d]  (no source info available)
C  [KERNEL32.DLL+0x1e3eb]  (no source info available)
C  [ucrtbase.dll+0x205bc]  (no source info available)
C  [ucrtbase.dll+0x2045f]  (no source info available)
V  [jvm.dll+0x6d990c]  (no source info available)
V  [jvm.dll+0x6d9440]  (no source info available)
V  [jvm.dll+0x3da534]  (no source info available)
V  [jvm.dll+0x886720]  (no source info available)
V  [jvm.dll+0x887a47]  (no source info available)
V  [jvm.dll+0x887f78]  (no source info available)
V  [jvm.dll+0x888213]  (no source info available)
V  [jvm.dll+0x824f8b]  (no source info available)
V  [jvm.dll+0x6df065]  (no source info available)
C  [ucrtbase.dll+0x21bb2]  (no source info available)
C  [KERNEL32.DLL+0x17374]  (no source info available)
C  [ntdll.dll+0x4cc91]  (no source info available)


siginfo: EXCEPTION_ACCESS_VIOLATION (0xc0000005), reading address 0x0000000000000000


Registers:
RAX=0x0000000000000000, RBX=0x000002e2d975a75a, RCX=0x000002e2d9756ff0, RDX=0x000000f30d9ff030
RSP=0x000000f30d9ff030, RBP=0x000002e3200f9cf8, RSI=0x000002e3200f9cd0, RDI=0x00002fdfc98792e7
R8 =0x0000000000010002, R9 =0x00002fdfc98792e7, R10=0x0000000000008000, R11=0x000000f30d9fefc0
R12=0x00007ffd1b955d30, R13=0x00007ffc70dfb760, R14=0x000000f30d9ff128, R15=0x000002e3200f9cd0
RIP=0x00007ffd1b958427, EFLAGS=0x0000000000010206


Register to memory mapping:

RAX=0x0 is null
RBX=0x000002e2d975a75a is a global jni handle
RCX=0x000002e2d9756ff0 points into unknown readable memory: 0x00007ffc70bff688 | 88 f6 bf 70 fc 7f 00 00
RDX=0x000000f30d9ff030 points into unknown readable memory: 0x0000000000000000 | 00 00 00 00 00 00 00 00
RSP=0x000000f30d9ff030 points into unknown readable memory: 0x0000000000000000 | 00 00 00 00 00 00 00 00
RBP=0x000002e3200f9cf8 points into unknown readable memory: 0x00002fdfc98792e7 | e7 92 87 c9 df 2f 00 00
RSI=0x000002e3200f9cd0 points into unknown readable memory: 0xcaac0bdfc9b86c6a | 6a 6c b8 c9 df 0b ac ca
RDI=0x00002fdfc98792e7 is an unknown value
R8 =0x0000000000010002 is an unknown value
R9 =0x00002fdfc98792e7 is an unknown value
R10=0x0000000000008000 is an unknown value
R11=0x000000f30d9fefc0 points into unknown readable memory: 0x000002e3200f9cd0 | d0 9c 0f 20 e3 02 00 00
R12=0x00007ffd1b955d30 glass.dll
R13=0x00007ffc70dfb760 jvm.dll
R14=0x000000f30d9ff128 points into unknown readable memory: 0x000000f30d9ff110 | 10 f1 9f 0d f3 00 00 00
R15=0x000002e3200f9cd0 points into unknown readable memory: 0xcaac0bdfc9b86c6a | 6a 6c b8 c9 df 0b ac ca

Top of Stack: (sp=0x000000f30d9ff030)
0x000000f30d9ff030:   0000000000000000 000002e3200f9cd0
0x000000f30d9ff040:   00007ffc70dfb760 00007ffd1b955d30
0x000000f30d9ff050:   000002e3200f9cd8 00007ffd5d2942d6
0x000000f30d9ff060:   00002fdfc98792e7 000002e300000000
0x000000f30d9ff070:   000002e3200f9cf8 000002e3200f9cd0
0x000000f30d9ff080:   fffffffffffffffe 0000000000000000
0x000000f30d9ff090:   0000000000000001 00007ffd1b930000
0x000000f30d9ff0a0:   000000f30d9ff118 00007ffd5d2941fb
0x000000f30d9ff0b0:   0000000000000000 000000f30d9ff128
0x000000f30d9ff0c0:   000000f30d9ff400 00007ffd5d370e40
0x000000f30d9ff0d0:   0000000000000001 00007ffd5d2941b4
0x000000f30d9ff0e0:   0000000000000000 0000000000000001
0x000000f30d9ff0f0:   000000007ffe0385 000000f30d9ff118
0x000000f30d9ff100:   ffffffff00000001 00007ffd1b955bbd
0x000000f30d9ff110:   00007ffd1b96d078 00007ffd00000002
0x000000f30d9ff120:   0000000000000002 000000f30d9ff110
0x000000f30d9ff130:   00007ffd5c470000 00007ffd5fb69993
0x000000f30d9ff140:   0000000000000000 00007ffd1b955ce2
0x000000f30d9ff150:   0000000000000001 0000000000000000
0x000000f30d9ff160:   000000000000003c 00007ffd5d370e40
0x000000f30d9ff170:   00007ffd26b41094 0000000000000000
0x000000f30d9ff180:   0000000000000001 00007ffd26b4083c
0x000000f30d9ff190:   00007ffd1b930000 000000007ffe0384
0x000000f30d9ff1a0:   0000000000000000 00007ffd5fb69a1d
0x000000f30d9ff1b0:   00007ffd1b930000 0000000000000000
0x000000f30d9ff1c0:   0000000000000001 000000007ffe0385
0x000000f30d9ff1d0:   0000000000000000 00007ffd5fbaf331
0x000000f30d9ff1e0:   00008256bc642600 0000000000000014
0x000000f30d9ff1f0:   00007ffd1b955d30 0000000000000000
0x000000f30d9ff200:   0000000000000000 000000f30cd7e000
0x000000f30d9ff210:   000002e3200f8420 00007ffd5fbaf1ca
0x000000f30d9ff220:   000002e3200f7ce0 00007ffd1b930000 

Instructions: (pc=0x00007ffd1b958427)
0x00007ffd1b958327:   8b 4d 58 e8 49 cf ff ff 48 8b 4d 60 e8 40 cf ff
0x00007ffd1b958337:   ff 48 8b 95 80 00 00 00 48 8b 8d 18 01 00 00 e8
0x00007ffd1b958347:   26 c5 ff ff 33 d2 33 c9 e8 8c e1 ff ff 90 48 89
0x00007ffd1b958357:   54 24 10 55 48 83 ec 20 48 8b ea 48 b8 00 00 00
0x00007ffd1b958367:   00 00 00 00 00 48 83 c4 20 5d c3 cc 40 55 48 8b
0x00007ffd1b958377:   ea 48 8b 01 33 c9 81 38 05 00 00 c0 0f 94 c1 8b
0x00007ffd1b958387:   c1 5d c3 cc 40 55 48 83 ec 20 48 8b ea 8a 4d 40
0x00007ffd1b958397:   48 83 c4 20 5d e9 33 d3 ff ff cc 40 55 48 83 ec
0x00007ffd1b9583a7:   20 48 8b ea 8a 4d 20 e8 21 d3 ff ff 90 48 83 c4
0x00007ffd1b9583b7:   20 5d c3 cc 40 55 48 83 ec 20 48 8b ea 48 83 c4
0x00007ffd1b9583c7:   20 5d e9 82 d1 ff ff cc 40 55 48 83 ec 30 48 8b
0x00007ffd1b9583d7:   ea 48 8b 01 8b 10 48 89 4c 24 28 89 54 24 20 4c
0x00007ffd1b9583e7:   8d 0d 23 d6 ff ff 4c 8b 45 70 8b 55 68 48 8b 4d
0x00007ffd1b9583f7:   60 e8 c3 d0 ff ff 90 48 83 c4 30 5d c3 cc cc cc
0x00007ffd1b958407:   cc cc cc cc cc cc cc cc cc 40 53 48 83 ec 20 48
0x00007ffd1b958417:   8b 1d 1b 46 01 00 48 85 db 74 16 e8 59 90 ff ff
0x00007ffd1b958427:   4c 8b 00 48 8b d3 48 8b c8 41 ff 90 b0 00 00 00
0x00007ffd1b958437:   90 48 83 c4 20 5b c3 cc cc 40 53 48 83 ec 20 48
0x00007ffd1b958447:   8b 1d 5b 47 01 00 48 85 db 74 57 b8 ff ff ff ff
0x00007ffd1b958457:   f0 0f c1 43 10 83 f8 01 75 3d 48 85 db 74 38 48
0x00007ffd1b958467:   8b 0b 48 85 c9 74 0d ff 15 3c 0e 00 00 48 c7 03
0x00007ffd1b958477:   00 00 00 00 48 8b 4b 08 48 85 c9 74 0d e8 ef cd
0x00007ffd1b958487:   ff ff 48 c7 43 08 00 00 00 00 ba 18 00 00 00 48
0x00007ffd1b958497:   8b cb e8 da cd ff ff 48 c7 05 ff 46 01 00 00 00
0x00007ffd1b9584a7:   00 00 48 83 c4 20 5b c3 cc 40 53 48 83 ec 20 48
0x00007ffd1b9584b7:   8b 1d cb 46 01 00 48 85 db 74 57 b8 ff ff ff ff
0x00007ffd1b9584c7:   f0 0f c1 43 10 83 f8 01 75 3d 48 85 db 74 38 48
0x00007ffd1b9584d7:   8b 0b 48 85 c9 74 0d ff 15 cc 0d 00 00 48 c7 03
0x00007ffd1b9584e7:   00 00 00 00 48 8b 4b 08 48 85 c9 74 0d e8 7f cd
0x00007ffd1b9584f7:   ff ff 48 c7 43 08 00 00 00 00 ba 18 00 00 00 48
0x00007ffd1b958507:   8b cb e8 6a cd ff ff 48 c7 05 6f 46 01 00 00 00
0x00007ffd1b958517:   00 00 48 83 c4 20 5b c3 cc 40 53 48 83 ec 20 48 


Stack slot to memory mapping:

stack at sp + 0 slots: 0x0 is null
stack at sp + 1 slots: 0x000002e3200f9cd0 points into unknown readable memory: 0xcaac0bdfc9b86c6a | 6a 6c b8 c9 df 0b ac ca
stack at sp + 2 slots: 0x00007ffc70dfb760 jvm.dll
stack at sp + 3 slots: 0x00007ffd1b955d30 glass.dll
stack at sp + 4 slots: 0x000002e3200f9cd8 points into unknown readable memory: 0x00002fdfc98792e7 | e7 92 87 c9 df 2f 00 00
stack at sp + 5 slots: 0x00007ffd5d2942d6 ucrtbase.dll
stack at sp + 6 slots: 0x00002fdfc98792e7 is an unknown value
stack at sp + 7 slots: 0x000002e300000000 is an unknown value

VM_Operation (0x000000f30eafb430): Exit, mode: safepoint, requested by thread 0x000002e31fa01d20


---------------  P R O C E S S  ---------------

Threads class SMR info:
_java_thread_list=0x000002e3285eeab0, length=19, elements={
0x000002e2b9da3540, 0x000002e2d976ff20, 0x000002e2d9770e40, 0x000002e2d97732c0,
0x000002e2d9775d30, 0x000002e2d9776a10, 0x000002e2d9777470, 0x000002e2d9782f60,
0x000002e2d9783a10, 0x000002e2d98a8fc0, 0x000002e31f8a80c0, 0x000002e31f7fe440,
0x000002e31f9ebe10, 0x000002e31f7d59f0, 0x000002e31fa01d20, 0x000002e31fcf6100,
0x000002e31fd28430, 0x000002e3206e6840, 0x000002e3206e61b0
}

Java Threads: ( => current thread )
  0x000002e2b9da3540 JavaThread "main"                              [_thread_blocked, id=22100, stack(0x000000f30d200000,0x000000f30d300000) (1024K)]
  0x000002e2d976ff20 JavaThread "Reference Handler"          daemon [_thread_blocked, id=19908, stack(0x000000f30da00000,0x000000f30db00000) (1024K)]
  0x000002e2d9770e40 JavaThread "Finalizer"                  daemon [_thread_blocked, id=23100, stack(0x000000f30db00000,0x000000f30dc00000) (1024K)]
  0x000002e2d97732c0 JavaThread "Signal Dispatcher"          daemon [_thread_blocked, id=11996, stack(0x000000f30dc00000,0x000000f30dd00000) (1024K)]
  0x000002e2d9775d30 JavaThread "Attach Listener"            daemon [_thread_blocked, id=3664, stack(0x000000f30dd00000,0x000000f30de00000) (1024K)]
  0x000002e2d9776a10 JavaThread "Service Thread"             daemon [_thread_blocked, id=10176, stack(0x000000f30de00000,0x000000f30df00000) (1024K)]
  0x000002e2d9777470 JavaThread "Monitor Deflation Thread"   daemon [_thread_blocked, id=10280, stack(0x000000f30df00000,0x000000f30e000000) (1024K)]
  0x000002e2d9782f60 JavaThread "C2 CompilerThread0"         daemon [_thread_blocked, id=14796, stack(0x000000f30e000000,0x000000f30e100000) (1024K)]
  0x000002e2d9783a10 JavaThread "C1 CompilerThread0"         daemon [_thread_blocked, id=18304, stack(0x000000f30e100000,0x000000f30e200000) (1024K)]
  0x000002e2d98a8fc0 JavaThread "Common-Cleaner"             daemon [_thread_blocked, id=11672, stack(0x000000f30e200000,0x000000f30e300000) (1024K)]
  0x000002e31f8a80c0 JavaThread "Monitor Ctrl-Break"         daemon [_thread_in_native, id=21040, stack(0x000000f30e500000,0x000000f30e600000) (1024K)]
  0x000002e31f7fe440 JavaThread "Notification Thread"        daemon [_thread_blocked, id=22560, stack(0x000000f30e600000,0x000000f30e700000) (1024K)]
  0x000002e31f9ebe10 JavaThread "QuantumRenderer-0"          daemon [_thread_blocked, id=8340, stack(0x000000f30e700000,0x000000f30e800000) (1024K)]
  0x000002e31f7d59f0 JavaThread "InvokeLaterDispatcher"      daemon [_thread_blocked, id=24204, stack(0x000000f30e900000,0x000000f30ea00000) (1024K)]
  0x000002e31fa01d20 JavaThread "JavaFX Application Thread"         [_thread_blocked, id=5984, stack(0x000000f30ea00000,0x000000f30eb00000) (1024K)]
  0x000002e31fcf6100 JavaThread "JavaFX-Launcher"                   [_thread_blocked, id=22172, stack(0x000000f30e400000,0x000000f30e500000) (1024K)]
  0x000002e31fd28430 JavaThread "Thread-2"                   daemon [_thread_in_native, id=20344, stack(0x000000f30e300000,0x000000f30e400000) (1024K)]
  0x000002e3206e6840 JavaThread "Prism Font Disposer"        daemon [_thread_blocked, id=18392, stack(0x000000f30f930000,0x000000f30fa30000) (1024K)]
  0x000002e3206e61b0 JavaThread "Cleaner-0"                  daemon [_thread_blocked, id=20036, stack(0x000000f30fa30000,0x000000f30fb30000) (1024K)]
Total: 19

Other Threads:
=>0x000002e2d9756ff0 VMThread "VM Thread"                           [id=8436, stack(0x000000f30d900000,0x000000f30da00000) (1024K)]
  0x000002e2b9e0a130 WorkerThread "GC Thread#0"                     [id=18584, stack(0x000000f30d300000,0x000000f30d400000) (1024K)]
  0x000002e31fd6c410 WorkerThread "GC Thread#1"                     [id=20704, stack(0x000000f30ec30000,0x000000f30ed30000) (1024K)]
  0x000002e31fd6c7c0 WorkerThread "GC Thread#2"                     [id=11416, stack(0x000000f30ed30000,0x000000f30ee30000) (1024K)]
  0x000002e31fd6cb70 WorkerThread "GC Thread#3"                     [id=9532, stack(0x000000f30ee30000,0x000000f30ef30000) (1024K)]
  0x000002e31fd6cf20 WorkerThread "GC Thread#4"                     [id=13980, stack(0x000000f30ef30000,0x000000f30f030000) (1024K)]
  0x000002e31fd6d2d0 WorkerThread "GC Thread#5"                     [id=22424, stack(0x000000f30f030000,0x000000f30f130000) (1024K)]
  0x000002e31fea1270 WorkerThread "GC Thread#6"                     [id=19204, stack(0x000000f30f330000,0x000000f30f430000) (1024K)]
  0x000002e31fea19d0 WorkerThread "GC Thread#7"                     [id=2384, stack(0x000000f30f430000,0x000000f30f530000) (1024K)]
  0x000002e31fea2130 WorkerThread "GC Thread#8"                     [id=17828, stack(0x000000f30f530000,0x000000f30f630000) (1024K)]
  0x000002e32071e330 WorkerThread "GC Thread#9"                     [id=19084, stack(0x000000f30f190000,0x000000f30f290000) (1024K)]
  0x000002e2b9e1f1f0 ConcurrentGCThread "G1 Main Marker"            terminated
  0x000002e2b9e218b0 WorkerThread "G1 Conc#0"                       [id=22684, stack(0x000000f30d500000,0x000000f30d600000) (1024K)]
  0x000002e2d96065a0 ConcurrentGCThread "G1 Refine#0"               terminated
  0x000002e2d9606f30 ConcurrentGCThread "G1 Service"                terminated
Total: 15

Threads with active compile tasks:
Total: 0

VM state: at safepoint (shutting down)

VM Mutex/Monitor currently owned by a thread:  ([mutex/lock_event])
[0x00007ffc70dd3910] Threads_lock - owner thread: 0x000002e2d9756ff0
[0x00007ffc70dd3a10] Heap_lock - owner thread: 0x000002e31fa01d20

Heap address: 0x0000000701000000, size: 4080 MB, Compressed Oops mode: Zero based, Oop shift amount: 3

CDS archive(s) mapped at: [0x000002e2da000000-0x000002e2dad70000-0x000002e2dad70000), size 14090240, SharedBaseAddress: 0x000002e2da000000, ArchiveRelocationMode: 1.
Compressed class space mapped at: 0x000002e2db000000-0x000002e31b000000, reserved size: 1073741824
Narrow klass base: 0x000002e2da000000, Narrow klass shift: 0, Narrow klass range: 0x41000000

GC Precious Log:
 CardTable entry size: 512
 Card Set container configuration: InlinePtr #cards 4 size 8 Array Of Cards #cards 16 size 48 Howl #buckets 8 coarsen threshold 3686 Howl Bitmap #cards 512 size 80 coarsen threshold 460 Card regions per heap region 1 cards per card region 4096
 CPUs: 12 total, 12 available
 Memory: 16313M
 Large Page Support: Disabled
 NUMA Support: Disabled
 Compressed Oops: Enabled (Zero based)
 Heap Region Size: 2M
 Heap Min Capacity: 8M
 Heap Initial Capacity: 256M
 Heap Max Capacity: 4080M
 Pre-touch: Disabled
 Parallel Workers: 10
 Concurrent Workers: 3
 Concurrent Refinement Workers: 10
 Periodic GC: Disabled

Heap:
 garbage-first heap   total reserved 4177920K, committed 262144K, used 50165K [0x0000000701000000, 0x0000000800000000)
  region size 2048K, 22 young (45056K), 4 survivors (8192K)
 Metaspace       used 18677K, committed 19072K, reserved 1114112K
  class space    used 2619K, committed 2816K, reserved 1048576K

Heap Regions: E=young(eden), S=young(survivor), O=old, HS=humongous(starts), HC=humongous(continues), CS=collection set, F=free, TAMS=top-at-mark-start, PB=parsable bottom
|   0|0x0000000701000000, 0x0000000701200000, 0x0000000701200000|100%| O|  |TAMS 0x0000000701000000| PB 0x0000000701000000| Untracked |  0
|   1|0x0000000701200000, 0x00000007013c8ca0, 0x0000000701400000| 89%| O|  |TAMS 0x0000000701200000| PB 0x0000000701200000| Untracked |  0
|   2|0x0000000701400000, 0x0000000701600000, 0x0000000701600000|100%|HS|  |TAMS 0x0000000701400000| PB 0x0000000701400000| Complete |  0
|   3|0x0000000701600000, 0x0000000701800000, 0x0000000701800000|100%|HS|  |TAMS 0x0000000701600000| PB 0x0000000701600000| Complete |  0
|   4|0x0000000701800000, 0x0000000701a00000, 0x0000000701a00000|100%|HS|  |TAMS 0x0000000701800000| PB 0x0000000701800000| Complete |  0
|   5|0x0000000701a00000, 0x0000000701a00000, 0x0000000701c00000|  0%| F|  |TAMS 0x0000000701a00000| PB 0x0000000701a00000| Untracked |  0
|   6|0x0000000701c00000, 0x0000000701c00000, 0x0000000701e00000|  0%| F|  |TAMS 0x0000000701c00000| PB 0x0000000701c00000| Untracked |  0
|   7|0x0000000701e00000, 0x0000000701e00000, 0x0000000702000000|  0%| F|  |TAMS 0x0000000701e00000| PB 0x0000000701e00000| Untracked |  0
|   8|0x0000000702000000, 0x0000000702000000, 0x0000000702200000|  0%| F|  |TAMS 0x0000000702000000| PB 0x0000000702000000| Untracked |  0
|   9|0x0000000702200000, 0x0000000702200000, 0x0000000702400000|  0%| F|  |TAMS 0x0000000702200000| PB 0x0000000702200000| Untracked |  0
|  10|0x0000000702400000, 0x0000000702400000, 0x0000000702600000|  0%| F|  |TAMS 0x0000000702400000| PB 0x0000000702400000| Untracked |  0
|  11|0x0000000702600000, 0x0000000702600000, 0x0000000702800000|  0%| F|  |TAMS 0x0000000702600000| PB 0x0000000702600000| Untracked |  0
|  12|0x0000000702800000, 0x0000000702800000, 0x0000000702a00000|  0%| F|  |TAMS 0x0000000702800000| PB 0x0000000702800000| Untracked |  0
|  13|0x0000000702a00000, 0x0000000702a00000, 0x0000000702c00000|  0%| F|  |TAMS 0x0000000702a00000| PB 0x0000000702a00000| Untracked |  0
|  14|0x0000000702c00000, 0x0000000702c00000, 0x0000000702e00000|  0%| F|  |TAMS 0x0000000702c00000| PB 0x0000000702c00000| Untracked |  0
|  15|0x0000000702e00000, 0x0000000702e00000, 0x0000000703000000|  0%| F|  |TAMS 0x0000000702e00000| PB 0x0000000702e00000| Untracked |  0
|  16|0x0000000703000000, 0x0000000703000000, 0x0000000703200000|  0%| F|  |TAMS 0x0000000703000000| PB 0x0000000703000000| Untracked |  0
|  17|0x0000000703200000, 0x0000000703200000, 0x0000000703400000|  0%| F|  |TAMS 0x0000000703200000| PB 0x0000000703200000| Untracked |  0
|  18|0x0000000703400000, 0x0000000703400000, 0x0000000703600000|  0%| F|  |TAMS 0x0000000703400000| PB 0x0000000703400000| Untracked |  0
|  19|0x0000000703600000, 0x0000000703600000, 0x0000000703800000|  0%| F|  |TAMS 0x0000000703600000| PB 0x0000000703600000| Untracked |  0
|  20|0x0000000703800000, 0x0000000703800000, 0x0000000703a00000|  0%| F|  |TAMS 0x0000000703800000| PB 0x0000000703800000| Untracked |  0
|  21|0x0000000703a00000, 0x0000000703a00000, 0x0000000703c00000|  0%| F|  |TAMS 0x0000000703a00000| PB 0x0000000703a00000| Untracked |  0
|  22|0x0000000703c00000, 0x0000000703c00000, 0x0000000703e00000|  0%| F|  |TAMS 0x0000000703c00000| PB 0x0000000703c00000| Untracked |  0
|  23|0x0000000703e00000, 0x0000000703e00000, 0x0000000704000000|  0%| F|  |TAMS 0x0000000703e00000| PB 0x0000000703e00000| Untracked |  0
|  24|0x0000000704000000, 0x0000000704000000, 0x0000000704200000|  0%| F|  |TAMS 0x0000000704000000| PB 0x0000000704000000| Untracked |  0
|  25|0x0000000704200000, 0x0000000704200000, 0x0000000704400000|  0%| F|  |TAMS 0x0000000704200000| PB 0x0000000704200000| Untracked |  0
|  26|0x0000000704400000, 0x0000000704400000, 0x0000000704600000|  0%| F|  |TAMS 0x0000000704400000| PB 0x0000000704400000| Untracked |  0
|  27|0x0000000704600000, 0x0000000704600000, 0x0000000704800000|  0%| F|  |TAMS 0x0000000704600000| PB 0x0000000704600000| Untracked |  0
|  28|0x0000000704800000, 0x0000000704800000, 0x0000000704a00000|  0%| F|  |TAMS 0x0000000704800000| PB 0x0000000704800000| Untracked |  0
|  29|0x0000000704a00000, 0x0000000704a00000, 0x0000000704c00000|  0%| F|  |TAMS 0x0000000704a00000| PB 0x0000000704a00000| Untracked |  0
|  30|0x0000000704c00000, 0x0000000704c00000, 0x0000000704e00000|  0%| F|  |TAMS 0x0000000704c00000| PB 0x0000000704c00000| Untracked |  0
|  31|0x0000000704e00000, 0x0000000704e00000, 0x0000000705000000|  0%| F|  |TAMS 0x0000000704e00000| PB 0x0000000704e00000| Untracked |  0
|  32|0x0000000705000000, 0x0000000705000000, 0x0000000705200000|  0%| F|  |TAMS 0x0000000705000000| PB 0x0000000705000000| Untracked |  0
|  33|0x0000000705200000, 0x0000000705200000, 0x0000000705400000|  0%| F|  |TAMS 0x0000000705200000| PB 0x0000000705200000| Untracked |  0
|  34|0x0000000705400000, 0x0000000705400000, 0x0000000705600000|  0%| F|  |TAMS 0x0000000705400000| PB 0x0000000705400000| Untracked |  0
|  35|0x0000000705600000, 0x0000000705600000, 0x0000000705800000|  0%| F|  |TAMS 0x0000000705600000| PB 0x0000000705600000| Untracked |  0
|  36|0x0000000705800000, 0x0000000705800000, 0x0000000705a00000|  0%| F|  |TAMS 0x0000000705800000| PB 0x0000000705800000| Untracked |  0
|  37|0x0000000705a00000, 0x0000000705a00000, 0x0000000705c00000|  0%| F|  |TAMS 0x0000000705a00000| PB 0x0000000705a00000| Untracked |  0
|  38|0x0000000705c00000, 0x0000000705c00000, 0x0000000705e00000|  0%| F|  |TAMS 0x0000000705c00000| PB 0x0000000705c00000| Untracked |  0
|  39|0x0000000705e00000, 0x0000000705e00000, 0x0000000706000000|  0%| F|  |TAMS 0x0000000705e00000| PB 0x0000000705e00000| Untracked |  0
|  40|0x0000000706000000, 0x0000000706000000, 0x0000000706200000|  0%| F|  |TAMS 0x0000000706000000| PB 0x0000000706000000| Untracked |  0
|  41|0x0000000706200000, 0x0000000706200000, 0x0000000706400000|  0%| F|  |TAMS 0x0000000706200000| PB 0x0000000706200000| Untracked |  0
|  42|0x0000000706400000, 0x0000000706400000, 0x0000000706600000|  0%| F|  |TAMS 0x0000000706400000| PB 0x0000000706400000| Untracked |  0
|  43|0x0000000706600000, 0x0000000706600000, 0x0000000706800000|  0%| F|  |TAMS 0x0000000706600000| PB 0x0000000706600000| Untracked |  0
|  44|0x0000000706800000, 0x0000000706800000, 0x0000000706a00000|  0%| F|  |TAMS 0x0000000706800000| PB 0x0000000706800000| Untracked |  0
|  45|0x0000000706a00000, 0x0000000706a00000, 0x0000000706c00000|  0%| F|  |TAMS 0x0000000706a00000| PB 0x0000000706a00000| Untracked |  0
|  46|0x0000000706c00000, 0x0000000706c00000, 0x0000000706e00000|  0%| F|  |TAMS 0x0000000706c00000| PB 0x0000000706c00000| Untracked |  0
|  47|0x0000000706e00000, 0x0000000706e00000, 0x0000000707000000|  0%| F|  |TAMS 0x0000000706e00000| PB 0x0000000706e00000| Untracked |  0
|  48|0x0000000707000000, 0x0000000707000000, 0x0000000707200000|  0%| F|  |TAMS 0x0000000707000000| PB 0x0000000707000000| Untracked |  0
|  49|0x0000000707200000, 0x0000000707200000, 0x0000000707400000|  0%| F|  |TAMS 0x0000000707200000| PB 0x0000000707200000| Untracked |  0
|  50|0x0000000707400000, 0x0000000707400000, 0x0000000707600000|  0%| F|  |TAMS 0x0000000707400000| PB 0x0000000707400000| Untracked |  0
|  51|0x0000000707600000, 0x0000000707600000, 0x0000000707800000|  0%| F|  |TAMS 0x0000000707600000| PB 0x0000000707600000| Untracked |  0
|  52|0x0000000707800000, 0x0000000707800000, 0x0000000707a00000|  0%| F|  |TAMS 0x0000000707800000| PB 0x0000000707800000| Untracked |  0
|  53|0x0000000707a00000, 0x0000000707a00000, 0x0000000707c00000|  0%| F|  |TAMS 0x0000000707a00000| PB 0x0000000707a00000| Untracked |  0
|  54|0x0000000707c00000, 0x0000000707c00000, 0x0000000707e00000|  0%| F|  |TAMS 0x0000000707c00000| PB 0x0000000707c00000| Untracked |  0
|  55|0x0000000707e00000, 0x0000000707e00000, 0x0000000708000000|  0%| F|  |TAMS 0x0000000707e00000| PB 0x0000000707e00000| Untracked |  0
|  56|0x0000000708000000, 0x0000000708000000, 0x0000000708200000|  0%| F|  |TAMS 0x0000000708000000| PB 0x0000000708000000| Untracked |  0
|  57|0x0000000708200000, 0x0000000708200000, 0x0000000708400000|  0%| F|  |TAMS 0x0000000708200000| PB 0x0000000708200000| Untracked |  0
|  58|0x0000000708400000, 0x0000000708400000, 0x0000000708600000|  0%| F|  |TAMS 0x0000000708400000| PB 0x0000000708400000| Untracked |  0
|  59|0x0000000708600000, 0x0000000708600000, 0x0000000708800000|  0%| F|  |TAMS 0x0000000708600000| PB 0x0000000708600000| Untracked |  0
|  60|0x0000000708800000, 0x0000000708800000, 0x0000000708a00000|  0%| F|  |TAMS 0x0000000708800000| PB 0x0000000708800000| Untracked |  0
|  61|0x0000000708a00000, 0x0000000708a00000, 0x0000000708c00000|  0%| F|  |TAMS 0x0000000708a00000| PB 0x0000000708a00000| Untracked |  0
|  62|0x0000000708c00000, 0x0000000708c00000, 0x0000000708e00000|  0%| F|  |TAMS 0x0000000708c00000| PB 0x0000000708c00000| Untracked |  0
|  63|0x0000000708e00000, 0x0000000708e00000, 0x0000000709000000|  0%| F|  |TAMS 0x0000000708e00000| PB 0x0000000708e00000| Untracked |  0
|  64|0x0000000709000000, 0x0000000709000000, 0x0000000709200000|  0%| F|  |TAMS 0x0000000709000000| PB 0x0000000709000000| Untracked |  0
|  65|0x0000000709200000, 0x0000000709200000, 0x0000000709400000|  0%| F|  |TAMS 0x0000000709200000| PB 0x0000000709200000| Untracked |  0
|  66|0x0000000709400000, 0x0000000709400000, 0x0000000709600000|  0%| F|  |TAMS 0x0000000709400000| PB 0x0000000709400000| Untracked |  0
|  67|0x0000000709600000, 0x0000000709600000, 0x0000000709800000|  0%| F|  |TAMS 0x0000000709600000| PB 0x0000000709600000| Untracked |  0
|  68|0x0000000709800000, 0x0000000709800000, 0x0000000709a00000|  0%| F|  |TAMS 0x0000000709800000| PB 0x0000000709800000| Untracked |  0
|  69|0x0000000709a00000, 0x0000000709a00000, 0x0000000709c00000|  0%| F|  |TAMS 0x0000000709a00000| PB 0x0000000709a00000| Untracked |  0
|  70|0x0000000709c00000, 0x0000000709c00000, 0x0000000709e00000|  0%| F|  |TAMS 0x0000000709c00000| PB 0x0000000709c00000| Untracked |  0
|  71|0x0000000709e00000, 0x0000000709e00000, 0x000000070a000000|  0%| F|  |TAMS 0x0000000709e00000| PB 0x0000000709e00000| Untracked |  0
|  72|0x000000070a000000, 0x000000070a000000, 0x000000070a200000|  0%| F|  |TAMS 0x000000070a000000| PB 0x000000070a000000| Untracked |  0
|  73|0x000000070a200000, 0x000000070a200000, 0x000000070a400000|  0%| F|  |TAMS 0x000000070a200000| PB 0x000000070a200000| Untracked |  0
|  74|0x000000070a400000, 0x000000070a400000, 0x000000070a600000|  0%| F|  |TAMS 0x000000070a400000| PB 0x000000070a400000| Untracked |  0
|  75|0x000000070a600000, 0x000000070a600000, 0x000000070a800000|  0%| F|  |TAMS 0x000000070a600000| PB 0x000000070a600000| Untracked |  0
|  76|0x000000070a800000, 0x000000070a800000, 0x000000070aa00000|  0%| F|  |TAMS 0x000000070a800000| PB 0x000000070a800000| Untracked |  0
|  77|0x000000070aa00000, 0x000000070aa00000, 0x000000070ac00000|  0%| F|  |TAMS 0x000000070aa00000| PB 0x000000070aa00000| Untracked |  0
|  78|0x000000070ac00000, 0x000000070ac00000, 0x000000070ae00000|  0%| F|  |TAMS 0x000000070ac00000| PB 0x000000070ac00000| Untracked |  0
|  79|0x000000070ae00000, 0x000000070ae00000, 0x000000070b000000|  0%| F|  |TAMS 0x000000070ae00000| PB 0x000000070ae00000| Untracked |  0
|  80|0x000000070b000000, 0x000000070b000000, 0x000000070b200000|  0%| F|  |TAMS 0x000000070b000000| PB 0x000000070b000000| Untracked |  0
|  81|0x000000070b200000, 0x000000070b200000, 0x000000070b400000|  0%| F|  |TAMS 0x000000070b200000| PB 0x000000070b200000| Untracked |  0
|  82|0x000000070b400000, 0x000000070b400000, 0x000000070b600000|  0%| F|  |TAMS 0x000000070b400000| PB 0x000000070b400000| Untracked |  0
|  83|0x000000070b600000, 0x000000070b600000, 0x000000070b800000|  0%| F|  |TAMS 0x000000070b600000| PB 0x000000070b600000| Untracked |  0
|  84|0x000000070b800000, 0x000000070b800000, 0x000000070ba00000|  0%| F|  |TAMS 0x000000070b800000| PB 0x000000070b800000| Untracked |  0
|  85|0x000000070ba00000, 0x000000070ba00000, 0x000000070bc00000|  0%| F|  |TAMS 0x000000070ba00000| PB 0x000000070ba00000| Untracked |  0
|  86|0x000000070bc00000, 0x000000070bc00000, 0x000000070be00000|  0%| F|  |TAMS 0x000000070bc00000| PB 0x000000070bc00000| Untracked |  0
|  87|0x000000070be00000, 0x000000070be00000, 0x000000070c000000|  0%| F|  |TAMS 0x000000070be00000| PB 0x000000070be00000| Untracked |  0
|  88|0x000000070c000000, 0x000000070c000000, 0x000000070c200000|  0%| F|  |TAMS 0x000000070c000000| PB 0x000000070c000000| Untracked |  0
|  89|0x000000070c200000, 0x000000070c200000, 0x000000070c400000|  0%| F|  |TAMS 0x000000070c200000| PB 0x000000070c200000| Untracked |  0
|  90|0x000000070c400000, 0x000000070c400000, 0x000000070c600000|  0%| F|  |TAMS 0x000000070c400000| PB 0x000000070c400000| Untracked |  0
|  91|0x000000070c600000, 0x000000070c600000, 0x000000070c800000|  0%| F|  |TAMS 0x000000070c600000| PB 0x000000070c600000| Untracked |  0
|  92|0x000000070c800000, 0x000000070c800000, 0x000000070ca00000|  0%| F|  |TAMS 0x000000070c800000| PB 0x000000070c800000| Untracked |  0
|  93|0x000000070ca00000, 0x000000070ca00000, 0x000000070cc00000|  0%| F|  |TAMS 0x000000070ca00000| PB 0x000000070ca00000| Untracked |  0
|  94|0x000000070cc00000, 0x000000070cd34ac0, 0x000000070ce00000| 60%| S|CS|TAMS 0x000000070cc00000| PB 0x000000070cc00000| Complete |  0
|  95|0x000000070ce00000, 0x000000070d000000, 0x000000070d000000|100%| S|CS|TAMS 0x000000070ce00000| PB 0x000000070ce00000| Complete |  0
|  96|0x000000070d000000, 0x000000070d200000, 0x000000070d200000|100%| S|CS|TAMS 0x000000070d000000| PB 0x000000070d000000| Complete |  0
|  97|0x000000070d200000, 0x000000070d400000, 0x000000070d400000|100%| S|CS|TAMS 0x000000070d200000| PB 0x000000070d200000| Complete |  0
|  98|0x000000070d400000, 0x000000070d400000, 0x000000070d600000|  0%| F|  |TAMS 0x000000070d400000| PB 0x000000070d400000| Untracked |  0
|  99|0x000000070d600000, 0x000000070d600000, 0x000000070d800000|  0%| F|  |TAMS 0x000000070d600000| PB 0x000000070d600000| Untracked |  0
| 100|0x000000070d800000, 0x000000070d800000, 0x000000070da00000|  0%| F|  |TAMS 0x000000070d800000| PB 0x000000070d800000| Untracked |  0
| 101|0x000000070da00000, 0x000000070da00000, 0x000000070dc00000|  0%| F|  |TAMS 0x000000070da00000| PB 0x000000070da00000| Untracked |  0
| 102|0x000000070dc00000, 0x000000070dc00000, 0x000000070de00000|  0%| F|  |TAMS 0x000000070dc00000| PB 0x000000070dc00000| Untracked |  0
| 103|0x000000070de00000, 0x000000070de00000, 0x000000070e000000|  0%| F|  |TAMS 0x000000070de00000| PB 0x000000070de00000| Untracked |  0
| 104|0x000000070e000000, 0x000000070e000000, 0x000000070e200000|  0%| F|  |TAMS 0x000000070e000000| PB 0x000000070e000000| Untracked |  0
| 105|0x000000070e200000, 0x000000070e200000, 0x000000070e400000|  0%| F|  |TAMS 0x000000070e200000| PB 0x000000070e200000| Untracked |  0
| 106|0x000000070e400000, 0x000000070e400000, 0x000000070e600000|  0%| F|  |TAMS 0x000000070e400000| PB 0x000000070e400000| Untracked |  0
| 107|0x000000070e600000, 0x000000070e600000, 0x000000070e800000|  0%| F|  |TAMS 0x000000070e600000| PB 0x000000070e600000| Untracked |  0
| 108|0x000000070e800000, 0x000000070e800000, 0x000000070ea00000|  0%| F|  |TAMS 0x000000070e800000| PB 0x000000070e800000| Untracked |  0
| 109|0x000000070ea00000, 0x000000070ea00000, 0x000000070ec00000|  0%| F|  |TAMS 0x000000070ea00000| PB 0x000000070ea00000| Untracked |  0
| 110|0x000000070ec00000, 0x000000070ed2ee60, 0x000000070ee00000| 59%| E|  |TAMS 0x000000070ec00000| PB 0x000000070ec00000| Complete |  0
| 111|0x000000070ee00000, 0x000000070f000000, 0x000000070f000000|100%| E|CS|TAMS 0x000000070ee00000| PB 0x000000070ee00000| Complete |  0
| 112|0x000000070f000000, 0x000000070f200000, 0x000000070f200000|100%| E|CS|TAMS 0x000000070f000000| PB 0x000000070f000000| Complete |  0
| 113|0x000000070f200000, 0x000000070f400000, 0x000000070f400000|100%| E|CS|TAMS 0x000000070f200000| PB 0x000000070f200000| Complete |  0
| 114|0x000000070f400000, 0x000000070f600000, 0x000000070f600000|100%| E|CS|TAMS 0x000000070f400000| PB 0x000000070f400000| Complete |  0
| 115|0x000000070f600000, 0x000000070f800000, 0x000000070f800000|100%| E|  |TAMS 0x000000070f600000| PB 0x000000070f600000| Complete |  0
| 116|0x000000070f800000, 0x000000070fa00000, 0x000000070fa00000|100%| E|CS|TAMS 0x000000070f800000| PB 0x000000070f800000| Complete |  0
| 117|0x000000070fa00000, 0x000000070fc00000, 0x000000070fc00000|100%| E|CS|TAMS 0x000000070fa00000| PB 0x000000070fa00000| Complete |  0
| 118|0x000000070fc00000, 0x000000070fe00000, 0x000000070fe00000|100%| E|CS|TAMS 0x000000070fc00000| PB 0x000000070fc00000| Complete |  0
| 119|0x000000070fe00000, 0x0000000710000000, 0x0000000710000000|100%| E|CS|TAMS 0x000000070fe00000| PB 0x000000070fe00000| Complete |  0
| 120|0x0000000710000000, 0x0000000710200000, 0x0000000710200000|100%| E|CS|TAMS 0x0000000710000000| PB 0x0000000710000000| Complete |  0
| 121|0x0000000710200000, 0x0000000710400000, 0x0000000710400000|100%| E|CS|TAMS 0x0000000710200000| PB 0x0000000710200000| Complete |  0
| 122|0x0000000710400000, 0x0000000710600000, 0x0000000710600000|100%| E|CS|TAMS 0x0000000710400000| PB 0x0000000710400000| Complete |  0
| 123|0x0000000710600000, 0x0000000710800000, 0x0000000710800000|100%| E|CS|TAMS 0x0000000710600000| PB 0x0000000710600000| Complete |  0
| 124|0x0000000710800000, 0x0000000710a00000, 0x0000000710a00000|100%| E|CS|TAMS 0x0000000710800000| PB 0x0000000710800000| Complete |  0
| 125|0x0000000710a00000, 0x0000000710c00000, 0x0000000710c00000|100%| E|CS|TAMS 0x0000000710a00000| PB 0x0000000710a00000| Complete |  0
| 126|0x0000000710c00000, 0x0000000710e00000, 0x0000000710e00000|100%| E|CS|TAMS 0x0000000710c00000| PB 0x0000000710c00000| Complete |  0
| 127|0x0000000710e00000, 0x0000000711000000, 0x0000000711000000|100%| E|CS|TAMS 0x0000000710e00000| PB 0x0000000710e00000| Complete |  0

Card table byte_map: [0x000002e2d2350000,0x000002e2d2b50000] _byte_map_base: 0x000002e2ceb48000

Marking Bits: (CMBitMap*) 0x000002e2b9e0a840
 Bits: [0x000002e2d2b50000, 0x000002e2d6b10000)

Polling page: 0x000002e2b7ba0000

Metaspace:

Usage:
  Non-class:     15.68 MB used.
      Class:      2.56 MB used.
       Both:     18.24 MB used.

Virtual space:
  Non-class space:       64.00 MB reserved,      15.88 MB ( 25%) committed,  1 nodes.
      Class space:        1.00 GB reserved,       2.75 MB ( <1%) committed,  1 nodes.
             Both:        1.06 GB reserved,      18.62 MB (  2%) committed. 

Chunk freelists:
   Non-Class:  80.00 KB
       Class:  13.10 MB
        Both:  13.18 MB

MaxMetaspaceSize: unlimited
CompressedClassSpaceSize: 1.00 GB
Initial GC threshold: 21.00 MB
Current GC threshold: 21.00 MB
CDS: on
 - commit_granule_bytes: 65536.
 - commit_granule_words: 8192.
 - virtual_space_node_default_size: 8388608.
 - enlarge_chunks_in_place: 1.
 - use_allocation_guard: 0.


Internal statistics:

num_allocs_failed_limit: 0.
num_arena_births: 404.
num_arena_deaths: 0.
num_vsnodes_births: 2.
num_vsnodes_deaths: 0.
num_space_committed: 298.
num_space_uncommitted: 0.
num_chunks_returned_to_freelist: 0.
num_chunks_taken_from_freelist: 1022.
num_chunk_merges: 0.
num_chunk_splits: 678.
num_chunks_enlarged: 482.
num_inconsistent_stats: 0.

CodeHeap 'non-profiled nmethods': size=120064Kb used=2122Kb max_used=2122Kb free=117941Kb
 bounds [0x000002e2c9fa0000, 0x000002e2ca210000, 0x000002e2d14e0000]
CodeHeap 'profiled nmethods': size=120000Kb used=8709Kb max_used=8709Kb free=111290Kb
 bounds [0x000002e2c24e0000, 0x000002e2c2d70000, 0x000002e2c9a10000]
CodeHeap 'non-nmethods': size=5696Kb used=1784Kb max_used=1852Kb free=3911Kb
 bounds [0x000002e2c9a10000, 0x000002e2c9c80000, 0x000002e2c9fa0000]
CodeCache: size=245760Kb, used=12615Kb, max_used=12683Kb, free=233142Kb
 total_blobs=6019, nmethods=5197, adapters=727, full_count=0
Compilation: enabled, stopped_count=0, restarted_count=0

Compilation events (20 events):
Event: 75.625 Thread 0x000002e2d9782f60 5188   !   4       java.util.WeakHashMap::expungeStaleEntries (139 bytes)
Event: 75.630 Thread 0x000002e2d9782f60 nmethod 5188 0x000002e2ca1b0d88 code [0x000002e2ca1b0f20, 0x000002e2ca1b16f0]
Event: 76.201 Thread 0x000002e2d9783a10 5189       1       com.sun.javafx.tk.quantum.GlassScene::getLights (5 bytes)
Event: 76.201 Thread 0x000002e2d9783a10 nmethod 5189 0x000002e2ca1b1788 code [0x000002e2ca1b18a0, 0x000002e2ca1b1970]
Event: 76.201 Thread 0x000002e2d9783a10 5190       1       com.sun.prism.impl.ps.BaseShaderGraphics::setLights (6 bytes)
Event: 76.201 Thread 0x000002e2d9783a10 nmethod 5190 0x000002e2ca1b1a88 code [0x000002e2ca1b1ba0, 0x000002e2ca1b1cb8]
Event: 76.201 Thread 0x000002e2d9783a10 5191       1       com.sun.prism.impl.BaseGraphics::setDepthBuffer (6 bytes)
Event: 76.201 Thread 0x000002e2d9783a10 nmethod 5191 0x000002e2ca1b1d88 code [0x000002e2ca1b1ea0, 0x000002e2ca1b1f70]
Event: 76.201 Thread 0x000002e2d9783a10 5192       1       com.sun.javafx.tk.quantum.SceneState::getClearColor (5 bytes)
Event: 76.201 Thread 0x000002e2d9783a10 nmethod 5192 0x000002e2ca1b2088 code [0x000002e2ca1b21a0, 0x000002e2ca1b2270]
Event: 76.201 Thread 0x000002e2d9783a10 5193       1       com.sun.javafx.tk.quantum.SceneState::getCurrentPaint (5 bytes)
Event: 76.201 Thread 0x000002e2d9783a10 nmethod 5193 0x000002e2ca1b2388 code [0x000002e2ca1b24a0, 0x000002e2ca1b2570]
Event: 76.201 Thread 0x000002e2d9783a10 5194       1       com.sun.prism.impl.BaseGraphics::setCamera (6 bytes)
Event: 76.202 Thread 0x000002e2d9783a10 nmethod 5194 0x000002e2ca1b2688 code [0x000002e2ca1b27a0, 0x000002e2ca1b28b8]
Event: 81.273 Thread 0x000002e2d9783a10 5195       3       javafx.scene.layout.Background::equals (80 bytes)
Event: 81.273 Thread 0x000002e2d9783a10 nmethod 5195 0x000002e2c2d60788 code [0x000002e2c2d60900, 0x000002e2c2d60ef8]
Event: 81.273 Thread 0x000002e2d9783a10 5196       3       javafx.scene.paint.Color::isOpaque (15 bytes)
Event: 81.273 Thread 0x000002e2d9783a10 nmethod 5196 0x000002e2c2d60f88 code [0x000002e2c2d610c0, 0x000002e2c2d61248]
Event: 81.395 Thread 0x000002e2d9783a10 5197       3       java.util.concurrent.ThreadPoolExecutor::runStateAtLeast (11 bytes)
Event: 81.395 Thread 0x000002e2d9783a10 nmethod 5197 0x000002e2c2d61288 code [0x000002e2c2d613a0, 0x000002e2c2d614d8]

GC Heap History (6 events):
Event: 0.478 GC heap before
{Heap before GC invocations=0 (full 0):
 garbage-first heap   total reserved 4177920K, committed 262144K, used 22528K [0x0000000701000000, 0x0000000800000000)
  region size 2048K, 12 young (24576K), 0 survivors (0K)
 Metaspace       used 4661K, committed 4864K, reserved 1114112K
  class space    used 544K, committed 640K, reserved 1048576K
}
Event: 0.481 GC heap after
{Heap after GC invocations=1 (full 0):
 garbage-first heap   total reserved 4177920K, committed 262144K, used 4075K [0x0000000701000000, 0x0000000800000000)
  region size 2048K, 2 young (4096K), 2 survivors (4096K)
 Metaspace       used 4661K, committed 4864K, reserved 1114112K
  class space    used 544K, committed 640K, reserved 1048576K
}
Event: 0.783 GC heap before
{Heap before GC invocations=1 (full 0):
 garbage-first heap   total reserved 4177920K, committed 262144K, used 26603K [0x0000000701000000, 0x0000000800000000)
  region size 2048K, 13 young (26624K), 2 survivors (4096K)
 Metaspace       used 8724K, committed 8960K, reserved 1114112K
  class space    used 1128K, committed 1216K, reserved 1048576K
}
Event: 0.786 GC heap after
{Heap after GC invocations=2 (full 0):
 garbage-first heap   total reserved 4177920K, committed 262144K, used 7612K [0x0000000701000000, 0x0000000800000000)
  region size 2048K, 2 young (4096K), 2 survivors (4096K)
 Metaspace       used 8724K, committed 8960K, reserved 1114112K
  class space    used 1128K, committed 1216K, reserved 1048576K
}
Event: 28.984 GC heap before
{Heap before GC invocations=2 (full 0):
 garbage-first heap   total reserved 4177920K, committed 262144K, used 71100K [0x0000000701000000, 0x0000000800000000)
  region size 2048K, 30 young (61440K), 2 survivors (4096K)
 Metaspace       used 16674K, committed 17024K, reserved 1114112K
  class space    used 2187K, committed 2368K, reserved 1048576K
}
Event: 28.987 GC heap after
{Heap after GC invocations=3 (full 0):
 garbage-first heap   total reserved 4177920K, committed 262144K, used 15349K [0x0000000701000000, 0x0000000800000000)
  region size 2048K, 4 young (8192K), 4 survivors (8192K)
 Metaspace       used 16674K, committed 17024K, reserved 1114112K
  class space    used 2187K, committed 2368K, reserved 1048576K
}

Dll operation events (20 events):
Event: 0.190 Loaded shared library C:\Users\Anwender\Downloads\openjfx-23.0.1_windows-x64_bin-sdk\javafx-sdk-23.0.1\bin\api-ms-win-crt-math-l1-1-0.dll
Event: 0.191 Loaded shared library C:\Users\Anwender\Downloads\openjfx-23.0.1_windows-x64_bin-sdk\javafx-sdk-23.0.1\bin\api-ms-win-crt-multibyte-l1-1-0.dll
Event: 0.192 Loaded shared library C:\Users\Anwender\Downloads\openjfx-23.0.1_windows-x64_bin-sdk\javafx-sdk-23.0.1\bin\api-ms-win-crt-private-l1-1-0.dll
Event: 0.193 Loaded shared library C:\Users\Anwender\Downloads\openjfx-23.0.1_windows-x64_bin-sdk\javafx-sdk-23.0.1\bin\api-ms-win-crt-process-l1-1-0.dll
Event: 0.194 Loaded shared library C:\Users\Anwender\Downloads\openjfx-23.0.1_windows-x64_bin-sdk\javafx-sdk-23.0.1\bin\api-ms-win-crt-runtime-l1-1-0.dll
Event: 0.195 Loaded shared library C:\Users\Anwender\Downloads\openjfx-23.0.1_windows-x64_bin-sdk\javafx-sdk-23.0.1\bin\api-ms-win-crt-stdio-l1-1-0.dll
Event: 0.196 Loaded shared library C:\Users\Anwender\Downloads\openjfx-23.0.1_windows-x64_bin-sdk\javafx-sdk-23.0.1\bin\api-ms-win-crt-string-l1-1-0.dll
Event: 0.197 Loaded shared library C:\Users\Anwender\Downloads\openjfx-23.0.1_windows-x64_bin-sdk\javafx-sdk-23.0.1\bin\api-ms-win-crt-time-l1-1-0.dll
Event: 0.198 Loaded shared library C:\Users\Anwender\Downloads\openjfx-23.0.1_windows-x64_bin-sdk\javafx-sdk-23.0.1\bin\api-ms-win-crt-utility-l1-1-0.dll
Event: 0.199 Loaded shared library C:\Users\Anwender\Downloads\openjfx-23.0.1_windows-x64_bin-sdk\javafx-sdk-23.0.1\bin\ucrtbase.dll
Event: 0.199 Loaded shared library C:\Users\Anwender\Downloads\openjfx-23.0.1_windows-x64_bin-sdk\javafx-sdk-23.0.1\bin\vcruntime140.dll
Event: 0.200 Loaded shared library C:\Users\Anwender\Downloads\openjfx-23.0.1_windows-x64_bin-sdk\javafx-sdk-23.0.1\bin\vcruntime140_1.dll
Event: 0.201 Loaded shared library C:\Users\Anwender\Downloads\openjfx-23.0.1_windows-x64_bin-sdk\javafx-sdk-23.0.1\bin\msvcp140.dll
Event: 0.202 Loaded shared library C:\Users\Anwender\Downloads\openjfx-23.0.1_windows-x64_bin-sdk\javafx-sdk-23.0.1\bin\msvcp140_1.dll
Event: 0.203 Loaded shared library C:\Users\Anwender\Downloads\openjfx-23.0.1_windows-x64_bin-sdk\javafx-sdk-23.0.1\bin\msvcp140_2.dll
Event: 0.228 Loaded shared library C:\Users\Anwender\Downloads\openjfx-23.0.1_windows-x64_bin-sdk\javafx-sdk-23.0.1\bin\prism_d3d.dll
Event: 0.302 Loaded shared library C:\Users\Anwender\Downloads\openjfx-23.0.1_windows-x64_bin-sdk\javafx-sdk-23.0.1\bin\glass.dll
Event: 0.447 Loaded shared library C:\Users\Anwender\.jdks\openjdk-23.0.1\bin\jimage.dll
Event: 0.752 Loaded shared library C:\Users\Anwender\Downloads\openjfx-23.0.1_windows-x64_bin-sdk\javafx-sdk-23.0.1\bin\javafx_iio.dll
Event: 0.793 Loaded shared library C:\Users\Anwender\Downloads\openjfx-23.0.1_windows-x64_bin-sdk\javafx-sdk-23.0.1\bin\javafx_font.dll

Deoptimization events (20 events):
Event: 67.546 Thread 0x000002e31fa01d20 Uncommon trap: trap_request=0xffffff6e fr.pc=0x000002e2ca18272c relative=0x000000000000088c
Event: 67.546 Thread 0x000002e31fa01d20 Uncommon trap: reason=loop_limit_check action=maybe_recompile pc=0x000002e2ca18272c method=com.sun.javafx.css.StyleManager$RefList.add(Ljava/lang/Object;)V @ 14 c2
Event: 67.546 Thread 0x000002e31fa01d20 DEOPT PACKING pc=0x000002e2ca18272c sp=0x000000f30eafc440
Event: 67.546 Thread 0x000002e31fa01d20 DEOPT UNPACKING pc=0x000002e2c9a64402 sp=0x000000f30eafc400 mode 2
Event: 68.112 Thread 0x000002e31fa01d20 Uncommon trap: trap_request=0xffffff45 fr.pc=0x000002e2ca190004 relative=0x0000000000000444
Event: 68.112 Thread 0x000002e31fa01d20 Uncommon trap: reason=unstable_if action=reinterpret pc=0x000002e2ca190004 method=java.lang.CharacterDataLatin1.isUpperCase(I)Z @ 7 c2
Event: 68.112 Thread 0x000002e31fa01d20 DEOPT PACKING pc=0x000002e2ca190004 sp=0x000000f30eafc140
Event: 68.112 Thread 0x000002e31fa01d20 DEOPT UNPACKING pc=0x000002e2c9a64402 sp=0x000000f30eafbff0 mode 2
Event: 68.119 Thread 0x000002e31fa01d20 Uncommon trap: trap_request=0xffffff6e fr.pc=0x000002e2ca1095f4 relative=0x00000000000004d4
Event: 68.119 Thread 0x000002e31fa01d20 Uncommon trap: reason=loop_limit_check action=maybe_recompile pc=0x000002e2ca1095f4 method=com.sun.javafx.image.impl.ByteBgra$ToByteBgraPreConv.doConvert([BII[BIIII)V @ 21 c2
Event: 68.119 Thread 0x000002e31fa01d20 DEOPT PACKING pc=0x000002e2ca1095f4 sp=0x000000f30eafc910
Event: 68.119 Thread 0x000002e31fa01d20 DEOPT UNPACKING pc=0x000002e2c9a64402 sp=0x000000f30eafc840 mode 2
Event: 68.122 Thread 0x000002e31fa01d20 Uncommon trap: trap_request=0xffffff6e fr.pc=0x000002e2ca10cb18 relative=0x0000000000000af8
Event: 68.122 Thread 0x000002e31fa01d20 Uncommon trap: reason=loop_limit_check action=maybe_recompile pc=0x000002e2ca10cb18 method=com.sun.javafx.image.impl.BaseByteToByteConverter$FourByteReorderer.doConvert([BII[BIIII)V @ 21 c2
Event: 68.122 Thread 0x000002e31fa01d20 DEOPT PACKING pc=0x000002e2ca10cb18 sp=0x000000f30eafc900
Event: 68.122 Thread 0x000002e31fa01d20 DEOPT UNPACKING pc=0x000002e2c9a64402 sp=0x000000f30eafc840 mode 2
Event: 68.134 Thread 0x000002e31fa01d20 Uncommon trap: trap_request=0xffffffde fr.pc=0x000002e2ca0c8764 relative=0x00000000000002c4
Event: 68.134 Thread 0x000002e31fa01d20 Uncommon trap: reason=class_check action=maybe_recompile pc=0x000002e2ca0c8764 method=javafx.scene.Node.updateLocalToParentTransform()V @ 11 c2
Event: 68.134 Thread 0x000002e31fa01d20 DEOPT PACKING pc=0x000002e2ca0c8764 sp=0x000000f30eafe4f0
Event: 68.134 Thread 0x000002e31fa01d20 DEOPT UNPACKING pc=0x000002e2c9a64402 sp=0x000000f30eafe480 mode 2

Classes loaded (20 events):
Event: 1.184 Loading class sun/misc/Unsafe$MemoryAccessOption
Event: 1.184 Loading class sun/misc/Unsafe$MemoryAccessOption done
Event: 1.185 Loading class java/lang/invoke/DirectMethodHandle$StaticAccessor
Event: 1.185 Loading class java/lang/invoke/DirectMethodHandle$StaticAccessor done
Event: 1.198 Loading class java/nio/ShortBuffer
Event: 1.199 Loading class java/nio/ShortBuffer done
Event: 1.199 Loading class java/nio/DoubleBuffer
Event: 1.199 Loading class java/nio/DoubleBuffer done
Event: 1.199 Loading class java/nio/DirectFloatBufferU
Event: 1.199 Loading class java/nio/DirectFloatBufferU done
Event: 2.656 Loading class java/io/UnsupportedEncodingException
Event: 2.656 Loading class java/io/UnsupportedEncodingException done
Event: 4.796 Loading class java/lang/annotation/Documented
Event: 4.796 Loading class java/lang/annotation/Documented done
Event: 4.799 Loading class java/lang/Class$AnnotationData
Event: 4.799 Loading class java/lang/Class$AnnotationData done
Event: 66.426 Loading class java/lang/FdLibm$Hypot
Event: 66.426 Loading class java/lang/FdLibm$Hypot done
Event: 66.426 Loading class java/lang/FdLibm
Event: 66.426 Loading class java/lang/FdLibm done

Classes unloaded (0 events):
No events

Classes redefined (0 events):
No events

Internal exceptions (20 events):
Event: 2.665 Thread 0x000002e31fa01d20 Exception <a 'java/lang/NoSuchMethodError'{0x000000070eb23cd0}: 'long java.lang.invoke.DirectMethodHandle$Holder.invokeStatic(java.lang.Object, java.lang.Object, java.lang.Object)'> (0x000000070eb23cd0) 
thrown [s\open\src\hotspot\share\interpreter\linkResolver.cpp, line 796]
Event: 2.665 Thread 0x000002e31fa01d20 Exception <a 'java/lang/NoSuchMethodError'{0x000000070eb270e8}: 'long java.lang.invoke.DirectMethodHandle$Holder.invokeStaticInit(java.lang.Object, java.lang.Object, java.lang.Object)'> (0x000000070eb270e8) 
thrown [s\open\src\hotspot\share\interpreter\linkResolver.cpp, line 796]
Event: 2.667 Thread 0x000002e31fa01d20 Exception <a 'java/lang/NoSuchMethodError'{0x000000070eb3bf18}: 'java.lang.Object java.lang.invoke.DirectMethodHandle$Holder.newInvokeSpecial(java.lang.Object, java.lang.Object, long)'> (0x000000070eb3bf18) 
thrown [s\open\src\hotspot\share\interpreter\linkResolver.cpp, line 796]
Event: 2.667 Thread 0x000002e31fa01d20 Exception <a 'java/lang/NoSuchMethodError'{0x000000070eb3f868}: 'java.lang.Object java.lang.invoke.Invokers$Holder.linkToTargetMethod(java.lang.Object, long, java.lang.Object)'> (0x000000070eb3f868) 
thrown [s\open\src\hotspot\share\interpreter\linkResolver.cpp, line 796]
Event: 2.730 Thread 0x000002e31fa01d20 Exception <a 'java/lang/NoSuchMethodError'{0x000000070eb473e8}: 'void java.lang.invoke.DirectMethodHandle$Holder.invokeVirtual(java.lang.Object, java.lang.Object)'> (0x000000070eb473e8) 
thrown [s\open\src\hotspot\share\interpreter\linkResolver.cpp, line 796]
Event: 4.807 Thread 0x000002e31fa01d20 Exception <a 'java/io/FileNotFoundException'{0x000000070e4993d8}> (0x000000070e4993d8) 
thrown [s\open\src\hotspot\share\prims\jni.cpp, line 520]
Event: 6.824 Thread 0x000002e31fa01d20 Exception <a 'java/lang/NoSuchMethodError'{0x000000070e2e5410}: 'java.lang.Object java.lang.invoke.DirectMethodHandle$Holder.newInvokeSpecial(java.lang.Object, java.lang.Object, int, int, int, int, int, java.lang.Object)'> (0x000000070e2e5410) 
thrown [s\open\src\hotspot\share\interpreter\linkResolver.cpp, line 796]
Event: 6.824 Thread 0x000002e31fa01d20 Exception <a 'java/lang/NoSuchMethodError'{0x000000070e2f7450}: 'java.lang.Object java.lang.invoke.DirectMethodHandle$Holder.newInvokeSpecial(java.lang.Object, java.lang.Object, java.lang.Object, int, int, int, int, int)'> (0x000000070e2f7450) 
thrown [s\open\src\hotspot\share\interpreter\linkResolver.cpp, line 796]
Event: 6.825 Thread 0x000002e31fa01d20 Exception <a 'java/lang/NoSuchMethodError'{0x000000070e2fead8}: 'java.lang.Object java.lang.invoke.Invokers$Holder.linkToTargetMethod(java.lang.Object, java.lang.Object, int, int, int, int, int, java.lang.Object)'> (0x000000070e2fead8) 
thrown [s\open\src\hotspot\share\interpreter\linkResolver.cpp, line 796]
Event: 6.928 Thread 0x000002e31fa01d20 Exception <a 'java/io/FileNotFoundException'{0x000000070e0e3e90}> (0x000000070e0e3e90) 
thrown [s\open\src\hotspot\share\prims\jni.cpp, line 520]
Event: 65.458 Thread 0x000002e31fa01d20 Exception <a 'java/io/FileNotFoundException'{0x0000000710640e20}> (0x0000000710640e20) 
thrown [s\open\src\hotspot\share\prims\jni.cpp, line 520]
Event: 66.328 Thread 0x000002e31fa01d20 Exception <a 'java/lang/NoSuchMethodError'{0x00000007105c3390}: 'void java.lang.invoke.Invokers$Holder.invokeExact_MT(java.lang.Object, java.lang.Object, java.lang.Object, java.lang.Object)'> (0x00000007105c3390) 
thrown [s\open\src\hotspot\share\interpreter\linkResolver.cpp, line 796]
Event: 66.341 Thread 0x000002e31fa01d20 Exception <a 'java/io/FileNotFoundException'{0x0000000710366d18}> (0x0000000710366d18) 
thrown [s\open\src\hotspot\share\prims\jni.cpp, line 520]
Event: 66.359 Thread 0x000002e31fa01d20 Exception <a 'java/lang/ClassNotFoundException'{0x0000000710197a78}: com/sun/javafx/scene/control/skin/resources/controls> (0x0000000710197a78) 
thrown [s\open\src\hotspot\share\prims\jni.cpp, line 539]
Event: 66.360 Thread 0x000002e31fa01d20 Exception <a 'java/lang/ClassNotFoundException'{0x00000007101a5c40}: com/sun/javafx/scene/control/skin/resources/controls_de> (0x00000007101a5c40) 
thrown [s\open\src\hotspot\share\prims\jni.cpp, line 539]
Event: 66.360 Thread 0x000002e31fa01d20 Exception <a 'java/lang/ClassNotFoundException'{0x00000007101b38e8}: com/sun/javafx/scene/control/skin/resources/controls_de_DE> (0x00000007101b38e8) 
thrown [s\open\src\hotspot\share\prims\jni.cpp, line 539]
Event: 66.379 Thread 0x000002e31fa01d20 Exception <a 'java/lang/NoSuchMethodError'{0x000000070ff3e358}: 'void java.lang.invoke.DirectMethodHandle$Holder.invokeSpecial(java.lang.Object, java.lang.Object, java.lang.Object, java.lang.Object, java.lang.Object, java.lang.Object)'> (0x000000070ff3e358) 
thrown [s\open\src\hotspot\share\interpreter\linkResolver.cpp, line 796]
Event: 66.429 Thread 0x000002e31fa01d20 Implicit null exception at 0x000002e2ca0aed16 to 0x000002e2ca0aeedc
Event: 67.544 Thread 0x000002e31fa01d20 Exception <a 'java/io/FileNotFoundException'{0x000000070f6a5780}> (0x000000070f6a5780) 
thrown [s\open\src\hotspot\share\prims\jni.cpp, line 520]
Event: 68.127 Thread 0x000002e31fa01d20 Exception <a 'java/io/FileNotFoundException'{0x000000070f5589e8}> (0x000000070f5589e8) 
thrown [s\open\src\hotspot\share\prims\jni.cpp, line 520]

VM Operations (20 events):
Event: 60.143 Executing VM operation: RendezvousGCThreads done
Event: 66.323 Executing VM operation: HandshakeAllThreads (Deoptimize)
Event: 66.323 Executing VM operation: HandshakeAllThreads (Deoptimize) done
Event: 66.324 Executing VM operation: HandshakeAllThreads (Deoptimize)
Event: 66.324 Executing VM operation: HandshakeAllThreads (Deoptimize) done
Event: 66.355 Executing VM operation: HandshakeAllThreads (Deoptimize)
Event: 66.355 Executing VM operation: HandshakeAllThreads (Deoptimize) done
Event: 66.372 Executing VM operation: HandshakeAllThreads (Deoptimize)
Event: 66.372 Executing VM operation: HandshakeAllThreads (Deoptimize) done
Event: 66.374 Executing VM operation: HandshakeAllThreads (Deoptimize)
Event: 66.374 Executing VM operation: HandshakeAllThreads (Deoptimize) done
Event: 66.376 Executing VM operation: HandshakeAllThreads (Deoptimize)
Event: 66.376 Executing VM operation: HandshakeAllThreads (Deoptimize) done
Event: 66.376 Executing VM operation: HandshakeAllThreads (Deoptimize)
Event: 66.376 Executing VM operation: HandshakeAllThreads (Deoptimize) done
Event: 66.377 Executing VM operation: HandshakeAllThreads (Deoptimize)
Event: 66.377 Executing VM operation: HandshakeAllThreads (Deoptimize) done
Event: 66.377 Executing VM operation: HandshakeAllThreads (Deoptimize)
Event: 66.377 Executing VM operation: HandshakeAllThreads (Deoptimize) done
Event: 81.396 Executing VM operation: Exit

Memory protections (0 events):
No events

Nmethod flushes (0 events):
No events

Events (20 events):
Event: 66.351 Thread 0x000002e31f626090 Thread added: 0x000002e327a1bf80
Event: 66.678 Thread 0x000002e327a1bf80 Thread exited: 0x000002e327a1bf80
Event: 66.678 Thread 0x000002e31f626090 Thread exited: 0x000002e31f626090
Event: 67.547 Thread 0x000002e2d9783a10 Thread added: 0x000002e3285db080
Event: 67.550 Thread 0x000002e2d9783a10 Thread added: 0x000002e3285db740
Event: 67.977 Thread 0x000002e3285db740 Thread exited: 0x000002e3285db740
Event: 67.977 Thread 0x000002e3285db080 Thread exited: 0x000002e3285db080
Event: 68.116 Thread 0x000002e2d9783a10 Thread added: 0x000002e320071d50
Event: 68.134 Thread 0x000002e2d9783a10 Thread added: 0x000002e32b5e1d90
Event: 68.921 Thread 0x000002e32b5e1d90 Thread exited: 0x000002e32b5e1d90
Event: 68.922 Thread 0x000002e320071d50 Thread exited: 0x000002e320071d50
Event: 69.946 Thread 0x000002e2d9783a10 Thread added: 0x000002e327eb6270
Event: 69.951 Thread 0x000002e2d9783a10 Thread added: 0x000002e32b5e1d90
Event: 70.281 Thread 0x000002e32b5e1d90 Thread exited: 0x000002e32b5e1d90
Event: 70.282 Thread 0x000002e327eb6270 Thread exited: 0x000002e327eb6270
Event: 81.394 Thread 0x000002e31fa01d20 Thread added: 0x000002e3206e5b20
Event: 81.394 Thread 0x000002e31fa01d20 Thread added: 0x000002e3206e6ed0
Event: 81.395 Thread 0x000002e3206e6ed0 Thread exited: 0x000002e3206e6ed0
Event: 81.395 Thread 0x000002e3206e5b20 Thread exited: 0x000002e3206e5b20
Event: 81.395 Thread 0x000002e31fa01d20 Before exit entered


Dynamic libraries:
0x00007ff7bf850000 - 0x00007ff7bf85e000 	C:\Users\Anwender\.jdks\openjdk-23.0.1\bin\java.exe
0x00007ffd5fb50000 - 0x00007ffd5fd48000 	C:\WINDOWS\SYSTEM32\ntdll.dll
0x00007ffd5e6e0000 - 0x00007ffd5e7a2000 	C:\WINDOWS\System32\KERNEL32.DLL
0x00007ffd5d6c0000 - 0x00007ffd5d9b6000 	C:\WINDOWS\System32\KERNELBASE.dll
0x00007ffd5d280000 - 0x00007ffd5d380000 	C:\WINDOWS\System32\ucrtbase.dll
0x00007ffd50b20000 - 0x00007ffd50b37000 	C:\Users\Anwender\.jdks\openjdk-23.0.1\bin\jli.dll
0x00007ffd56ff0000 - 0x00007ffd5700b000 	C:\Users\Anwender\.jdks\openjdk-23.0.1\bin\VCRUNTIME140.dll
0x00007ffd5e370000 - 0x00007ffd5e50d000 	C:\WINDOWS\System32\USER32.dll
0x00007ffd5daf0000 - 0x00007ffd5db12000 	C:\WINDOWS\System32\win32u.dll
0x00007ffd49ac0000 - 0x00007ffd49d5a000 	C:\WINDOWS\WinSxS\amd64_microsoft.windows.common-controls_6595b64144ccf1df_6.0.19041.4355_none_60b8b9eb71f62e16\COMCTL32.dll
0x00007ffd5fae0000 - 0x00007ffd5fb0b000 	C:\WINDOWS\System32\GDI32.dll
0x00007ffd5ee60000 - 0x00007ffd5eefe000 	C:\WINDOWS\System32\msvcrt.dll
0x00007ffd5d380000 - 0x00007ffd5d49a000 	C:\WINDOWS\System32\gdi32full.dll
0x00007ffd5d1e0000 - 0x00007ffd5d27d000 	C:\WINDOWS\System32\msvcp_win.dll
0x00007ffd5e8a0000 - 0x00007ffd5e8cf000 	C:\WINDOWS\System32\IMM32.DLL
0x00007ffd59db0000 - 0x00007ffd59dbc000 	C:\Users\Anwender\.jdks\openjdk-23.0.1\bin\vcruntime140_1.dll
0x00007ffd371e0000 - 0x00007ffd3726e000 	C:\Users\Anwender\.jdks\openjdk-23.0.1\bin\msvcp140.dll
0x00007ffc70160000 - 0x00007ffc70eaf000 	C:\Users\Anwender\.jdks\openjdk-23.0.1\bin\server\jvm.dll
0x00007ffd5e260000 - 0x00007ffd5e30f000 	C:\WINDOWS\System32\ADVAPI32.dll
0x00007ffd5ef00000 - 0x00007ffd5ef9f000 	C:\WINDOWS\System32\sechost.dll
0x00007ffd5dd20000 - 0x00007ffd5de43000 	C:\WINDOWS\System32\RPCRT4.dll
0x00007ffd5d530000 - 0x00007ffd5d557000 	C:\WINDOWS\System32\bcrypt.dll
0x00007ffd5fa70000 - 0x00007ffd5fadb000 	C:\WINDOWS\System32\WS2_32.dll
0x00007ffd5c720000 - 0x00007ffd5c76b000 	C:\WINDOWS\SYSTEM32\POWRPROF.dll
0x00007ffd53ad0000 - 0x00007ffd53af7000 	C:\WINDOWS\SYSTEM32\WINMM.dll
0x00007ffd55530000 - 0x00007ffd5553a000 	C:\WINDOWS\SYSTEM32\VERSION.dll
0x00007ffd5c5e0000 - 0x00007ffd5c5f2000 	C:\WINDOWS\SYSTEM32\UMPDC.dll
0x00007ffd5afa0000 - 0x00007ffd5afb2000 	C:\WINDOWS\SYSTEM32\kernel.appcore.dll
0x00007ffd58f70000 - 0x00007ffd58f7a000 	C:\Users\Anwender\.jdks\openjdk-23.0.1\bin\jimage.dll
0x00007ffd51400000 - 0x00007ffd515e4000 	C:\WINDOWS\SYSTEM32\DBGHELP.DLL
0x00007ffd35c70000 - 0x00007ffd35ca4000 	C:\WINDOWS\SYSTEM32\dbgcore.DLL
0x00007ffd5d4a0000 - 0x00007ffd5d522000 	C:\WINDOWS\System32\bcryptPrimitives.dll
0x00007ffd56fe0000 - 0x00007ffd56fef000 	C:\Users\Anwender\.jdks\openjdk-23.0.1\bin\instrument.dll
0x00007ffd50b00000 - 0x00007ffd50b1e000 	C:\Users\Anwender\.jdks\openjdk-23.0.1\bin\java.dll
0x00007ffd5de50000 - 0x00007ffd5df7b000 	C:\WINDOWS\System32\ole32.dll
0x00007ffd5f710000 - 0x00007ffd5fa65000 	C:\WINDOWS\System32\combase.dll
0x00007ffd5efa0000 - 0x00007ffd5f70f000 	C:\WINDOWS\System32\SHELL32.dll
0x00007ffd5b280000 - 0x00007ffd5ba23000 	C:\WINDOWS\SYSTEM32\windows.storage.dll
0x00007ffd5cc10000 - 0x00007ffd5cc3b000 	C:\WINDOWS\SYSTEM32\Wldp.dll
0x00007ffd5e7d0000 - 0x00007ffd5e89d000 	C:\WINDOWS\System32\OLEAUT32.dll
0x00007ffd5e8d0000 - 0x00007ffd5e97d000 	C:\WINDOWS\System32\SHCORE.dll
0x00007ffd5db70000 - 0x00007ffd5dbc5000 	C:\WINDOWS\System32\shlwapi.dll
0x00007ffd5d110000 - 0x00007ffd5d135000 	C:\WINDOWS\SYSTEM32\profapi.dll
0x00007ffcd0a70000 - 0x00007ffcd0b47000 	C:\Users\Anwender\.jdks\openjdk-23.0.1\bin\jsvml.dll
0x00007ffd56980000 - 0x00007ffd56990000 	C:\Users\Anwender\.jdks\openjdk-23.0.1\bin\net.dll
0x00007ffd5c970000 - 0x00007ffd5c9dc000 	C:\WINDOWS\system32\mswsock.dll
0x00007ffd40960000 - 0x00007ffd40976000 	C:\Users\Anwender\.jdks\openjdk-23.0.1\bin\nio.dll
0x00007ffd3f7c0000 - 0x00007ffd3f7d7000 	C:\Users\Anwender\.jdks\openjdk-23.0.1\bin\zip.dll
0x00007ffd3f7a0000 - 0x00007ffd3f7ba000 	C:\Program Files\JetBrains\IntelliJ IDEA 2024.2.4\bin\breakgen64.dll
0x00007ffd440f0000 - 0x00007ffd440f9000 	C:\Users\Anwender\.jdks\openjdk-23.0.1\bin\extnet.dll
0x000002e2b7c80000 - 0x000002e2b7c83000 	C:\Users\Anwender\Downloads\openjfx-23.0.1_windows-x64_bin-sdk\javafx-sdk-23.0.1\bin\api-ms-win-core-console-l1-1-0.dll
0x000002e2b9d10000 - 0x000002e2b9d13000 	C:\Users\Anwender\Downloads\openjfx-23.0.1_windows-x64_bin-sdk\javafx-sdk-23.0.1\bin\api-ms-win-core-console-l1-2-0.dll
0x000002e2b9d20000 - 0x000002e2b9d23000 	C:\Users\Anwender\Downloads\openjfx-23.0.1_windows-x64_bin-sdk\javafx-sdk-23.0.1\bin\api-ms-win-core-datetime-l1-1-0.dll
0x000002e2b9d30000 - 0x000002e2b9d33000 	C:\Users\Anwender\Downloads\openjfx-23.0.1_windows-x64_bin-sdk\javafx-sdk-23.0.1\bin\api-ms-win-core-debug-l1-1-0.dll
0x000002e2b9d40000 - 0x000002e2b9d43000 	C:\Users\Anwender\Downloads\openjfx-23.0.1_windows-x64_bin-sdk\javafx-sdk-23.0.1\bin\api-ms-win-core-errorhandling-l1-1-0.dll
0x000002e2b9d50000 - 0x000002e2b9d54000 	C:\Users\Anwender\Downloads\openjfx-23.0.1_windows-x64_bin-sdk\javafx-sdk-23.0.1\bin\api-ms-win-core-file-l1-1-0.dll
0x000002e2b9d60000 - 0x000002e2b9d63000 	C:\Users\Anwender\Downloads\openjfx-23.0.1_windows-x64_bin-sdk\javafx-sdk-23.0.1\bin\api-ms-win-core-file-l1-2-0.dll
0x000002e2d9bb0000 - 0x000002e2d9bb3000 	C:\Users\Anwender\Downloads\openjfx-23.0.1_windows-x64_bin-sdk\javafx-sdk-23.0.1\bin\api-ms-win-core-file-l2-1-0.dll
0x000002e2d9bc0000 - 0x000002e2d9bc3000 	C:\Users\Anwender\Downloads\openjfx-23.0.1_windows-x64_bin-sdk\javafx-sdk-23.0.1\bin\api-ms-win-core-handle-l1-1-0.dll
0x000002e2d9bd0000 - 0x000002e2d9bd3000 	C:\Users\Anwender\Downloads\openjfx-23.0.1_windows-x64_bin-sdk\javafx-sdk-23.0.1\bin\api-ms-win-core-heap-l1-1-0.dll
0x000002e2d9be0000 - 0x000002e2d9be3000 	C:\Users\Anwender\Downloads\openjfx-23.0.1_windows-x64_bin-sdk\javafx-sdk-23.0.1\bin\api-ms-win-core-interlocked-l1-1-0.dll
0x000002e2d9bf0000 - 0x000002e2d9bf3000 	C:\Users\Anwender\Downloads\openjfx-23.0.1_windows-x64_bin-sdk\javafx-sdk-23.0.1\bin\api-ms-win-core-libraryloader-l1-1-0.dll
0x000002e2d9c00000 - 0x000002e2d9c03000 	C:\Users\Anwender\Downloads\openjfx-23.0.1_windows-x64_bin-sdk\javafx-sdk-23.0.1\bin\api-ms-win-core-localization-l1-2-0.dll
0x000002e2d9c10000 - 0x000002e2d9c13000 	C:\Users\Anwender\Downloads\openjfx-23.0.1_windows-x64_bin-sdk\javafx-sdk-23.0.1\bin\api-ms-win-core-memory-l1-1-0.dll
0x000002e2d9c20000 - 0x000002e2d9c23000 	C:\Users\Anwender\Downloads\openjfx-23.0.1_windows-x64_bin-sdk\javafx-sdk-23.0.1\bin\api-ms-win-core-namedpipe-l1-1-0.dll
0x000002e2d9c30000 - 0x000002e2d9c33000 	C:\Users\Anwender\Downloads\openjfx-23.0.1_windows-x64_bin-sdk\javafx-sdk-23.0.1\bin\api-ms-win-core-processenvironment-l1-1-0.dll
0x000002e2d9c40000 - 0x000002e2d9c43000 	C:\Users\Anwender\Downloads\openjfx-23.0.1_windows-x64_bin-sdk\javafx-sdk-23.0.1\bin\api-ms-win-core-processthreads-l1-1-0.dll
0x000002e2d9c50000 - 0x000002e2d9c53000 	C:\Users\Anwender\Downloads\openjfx-23.0.1_windows-x64_bin-sdk\javafx-sdk-23.0.1\bin\api-ms-win-core-processthreads-l1-1-1.dll
0x000002e2d9c60000 - 0x000002e2d9c63000 	C:\Users\Anwender\Downloads\openjfx-23.0.1_windows-x64_bin-sdk\javafx-sdk-23.0.1\bin\api-ms-win-core-profile-l1-1-0.dll
0x000002e2d9c70000 - 0x000002e2d9c73000 	C:\Users\Anwender\Downloads\openjfx-23.0.1_windows-x64_bin-sdk\javafx-sdk-23.0.1\bin\api-ms-win-core-rtlsupport-l1-1-0.dll
0x000002e2d9c80000 - 0x000002e2d9c83000 	C:\Users\Anwender\Downloads\openjfx-23.0.1_windows-x64_bin-sdk\javafx-sdk-23.0.1\bin\api-ms-win-core-string-l1-1-0.dll
0x000002e2d9c90000 - 0x000002e2d9c93000 	C:\Users\Anwender\Downloads\openjfx-23.0.1_windows-x64_bin-sdk\javafx-sdk-23.0.1\bin\api-ms-win-core-synch-l1-1-0.dll
0x000002e2d9ca0000 - 0x000002e2d9ca3000 	C:\Users\Anwender\Downloads\openjfx-23.0.1_windows-x64_bin-sdk\javafx-sdk-23.0.1\bin\api-ms-win-core-synch-l1-2-0.dll
0x000002e2d9cb0000 - 0x000002e2d9cb3000 	C:\Users\Anwender\Downloads\openjfx-23.0.1_windows-x64_bin-sdk\javafx-sdk-23.0.1\bin\api-ms-win-core-sysinfo-l1-1-0.dll
0x000002e2d9cc0000 - 0x000002e2d9cc3000 	C:\Users\Anwender\Downloads\openjfx-23.0.1_windows-x64_bin-sdk\javafx-sdk-23.0.1\bin\api-ms-win-core-timezone-l1-1-0.dll
0x000002e2d9cd0000 - 0x000002e2d9cd3000 	C:\Users\Anwender\Downloads\openjfx-23.0.1_windows-x64_bin-sdk\javafx-sdk-23.0.1\bin\api-ms-win-core-util-l1-1-0.dll
0x000002e2d9ce0000 - 0x000002e2d9ce3000 	C:\Users\Anwender\Downloads\openjfx-23.0.1_windows-x64_bin-sdk\javafx-sdk-23.0.1\bin\api-ms-win-crt-conio-l1-1-0.dll
0x000002e2d9cf0000 - 0x000002e2d9cf4000 	C:\Users\Anwender\Downloads\openjfx-23.0.1_windows-x64_bin-sdk\javafx-sdk-23.0.1\bin\api-ms-win-crt-convert-l1-1-0.dll
0x000002e2d9d00000 - 0x000002e2d9d03000 	C:\Users\Anwender\Downloads\openjfx-23.0.1_windows-x64_bin-sdk\javafx-sdk-23.0.1\bin\api-ms-win-crt-environment-l1-1-0.dll
0x000002e2d9d10000 - 0x000002e2d9d13000 	C:\Users\Anwender\Downloads\openjfx-23.0.1_windows-x64_bin-sdk\javafx-sdk-23.0.1\bin\api-ms-win-crt-filesystem-l1-1-0.dll
0x000002e2d9d20000 - 0x000002e2d9d23000 	C:\Users\Anwender\Downloads\openjfx-23.0.1_windows-x64_bin-sdk\javafx-sdk-23.0.1\bin\api-ms-win-crt-heap-l1-1-0.dll
0x000002e2d9ed0000 - 0x000002e2d9ed3000 	C:\Users\Anwender\Downloads\openjfx-23.0.1_windows-x64_bin-sdk\javafx-sdk-23.0.1\bin\api-ms-win-crt-locale-l1-1-0.dll
0x000002e2d9ee0000 - 0x000002e2d9ee5000 	C:\Users\Anwender\Downloads\openjfx-23.0.1_windows-x64_bin-sdk\javafx-sdk-23.0.1\bin\api-ms-win-crt-math-l1-1-0.dll
0x000002e2d9ef0000 - 0x000002e2d9ef5000 	C:\Users\Anwender\Downloads\openjfx-23.0.1_windows-x64_bin-sdk\javafx-sdk-23.0.1\bin\api-ms-win-crt-multibyte-l1-1-0.dll
0x000002e2d9f00000 - 0x000002e2d9f10000 	C:\Users\Anwender\Downloads\openjfx-23.0.1_windows-x64_bin-sdk\javafx-sdk-23.0.1\bin\api-ms-win-crt-private-l1-1-0.dll
0x000002e2d9f10000 - 0x000002e2d9f13000 	C:\Users\Anwender\Downloads\openjfx-23.0.1_windows-x64_bin-sdk\javafx-sdk-23.0.1\bin\api-ms-win-crt-process-l1-1-0.dll
0x000002e2d9d30000 - 0x000002e2d9d34000 	C:\Users\Anwender\Downloads\openjfx-23.0.1_windows-x64_bin-sdk\javafx-sdk-23.0.1\bin\api-ms-win-crt-runtime-l1-1-0.dll
0x000002e2d9d40000 - 0x000002e2d9d44000 	C:\Users\Anwender\Downloads\openjfx-23.0.1_windows-x64_bin-sdk\javafx-sdk-23.0.1\bin\api-ms-win-crt-stdio-l1-1-0.dll
0x000002e2d9d50000 - 0x000002e2d9d54000 	C:\Users\Anwender\Downloads\openjfx-23.0.1_windows-x64_bin-sdk\javafx-sdk-23.0.1\bin\api-ms-win-crt-string-l1-1-0.dll
0x000002e2d9d60000 - 0x000002e2d9d63000 	C:\Users\Anwender\Downloads\openjfx-23.0.1_windows-x64_bin-sdk\javafx-sdk-23.0.1\bin\api-ms-win-crt-time-l1-1-0.dll
0x000002e2d9d70000 - 0x000002e2d9d73000 	C:\Users\Anwender\Downloads\openjfx-23.0.1_windows-x64_bin-sdk\javafx-sdk-23.0.1\bin\api-ms-win-crt-utility-l1-1-0.dll
0x00007ffc6eea0000 - 0x00007ffc6ef9c000 	C:\Users\Anwender\Downloads\openjfx-23.0.1_windows-x64_bin-sdk\javafx-sdk-23.0.1\bin\ucrtbase.dll
0x00007ffd3a380000 - 0x00007ffd3a39b000 	C:\Users\Anwender\Downloads\openjfx-23.0.1_windows-x64_bin-sdk\javafx-sdk-23.0.1\bin\vcruntime140.dll
0x00007ffd40080000 - 0x00007ffd4008c000 	C:\Users\Anwender\Downloads\openjfx-23.0.1_windows-x64_bin-sdk\javafx-sdk-23.0.1\bin\vcruntime140_1.dll
0x00007ffccff30000 - 0x00007ffccffbe000 	C:\Users\Anwender\Downloads\openjfx-23.0.1_windows-x64_bin-sdk\javafx-sdk-23.0.1\bin\msvcp140.dll
0x00007ffd3ff50000 - 0x00007ffd3ff59000 	C:\Users\Anwender\Downloads\openjfx-23.0.1_windows-x64_bin-sdk\javafx-sdk-23.0.1\bin\msvcp140_1.dll
0x00007ffd37600000 - 0x00007ffd37641000 	C:\Users\Anwender\Downloads\openjfx-23.0.1_windows-x64_bin-sdk\javafx-sdk-23.0.1\bin\msvcp140_2.dll
0x00007ffd39840000 - 0x00007ffd39870000 	C:\Users\Anwender\Downloads\openjfx-23.0.1_windows-x64_bin-sdk\javafx-sdk-23.0.1\bin\prism_d3d.dll
0x00007ffd34dc0000 - 0x00007ffd34f91000 	C:\WINDOWS\system32\d3d9.dll
0x00007ffd5af70000 - 0x00007ffd5af9f000 	C:\WINDOWS\SYSTEM32\dwmapi.dll
0x00007ffd5ab90000 - 0x00007ffd5ac2e000 	C:\WINDOWS\system32\uxtheme.dll
0x00007ffd4fff0000 - 0x00007ffd500b4000 	C:\WINDOWS\System32\DriverStore\FileRepository\nv_dispi.inf_amd64_adf5a840df867035\nvldumdx.dll
0x00007ffd5cda0000 - 0x00007ffd5cdb2000 	C:\WINDOWS\SYSTEM32\msasn1.dll
0x00007ffd554f0000 - 0x00007ffd55521000 	C:\WINDOWS\SYSTEM32\cryptnet.dll
0x00007ffd5d560000 - 0x00007ffd5d6bd000 	C:\WINDOWS\System32\CRYPT32.dll
0x00007ffd5cb80000 - 0x00007ffd5cb8c000 	C:\WINDOWS\SYSTEM32\cryptbase.dll
0x00007ffd54f90000 - 0x00007ffd550d7000 	C:\WINDOWS\SYSTEM32\drvstore.dll
0x00007ffd5cf70000 - 0x00007ffd5cfa3000 	C:\WINDOWS\SYSTEM32\devobj.dll
0x00007ffd5db20000 - 0x00007ffd5db6e000 	C:\WINDOWS\System32\cfgmgr32.dll
0x00007ffd5d9c0000 - 0x00007ffd5da33000 	C:\WINDOWS\System32\wintrust.dll
0x00007ffd5e7b0000 - 0x00007ffd5e7cd000 	C:\WINDOWS\System32\imagehlp.dll
0x00007ffd5cb60000 - 0x00007ffd5cb78000 	C:\WINDOWS\SYSTEM32\CRYPTSP.dll
0x00007ffd5c220000 - 0x00007ffd5c258000 	C:\WINDOWS\system32\rsaenh.dll
0x00007ffd4ce90000 - 0x00007ffd4fba0000 	C:\WINDOWS\System32\DriverStore\FileRepository\nv_dispi.inf_amd64_adf5a840df867035\nvgpucomp64.dll
0x00007ffc80c00000 - 0x00007ffc8298c000 	C:\WINDOWS\System32\DriverStore\FileRepository\nv_dispi.inf_amd64_adf5a840df867035\nvd3dumx.dll
0x00007ffd1b930000 - 0x00007ffd1b975000 	C:\Users\Anwender\Downloads\openjfx-23.0.1_windows-x64_bin-sdk\javafx-sdk-23.0.1\bin\glass.dll
0x00007ffd5dbd0000 - 0x00007ffd5dcaa000 	C:\WINDOWS\System32\COMDLG32.dll
0x00007ffd5e5c0000 - 0x00007ffd5e6d5000 	C:\WINDOWS\System32\MSCTF.dll
0x00007ffd1d1b0000 - 0x00007ffd1d480000 	C:\WINDOWS\system32\nvspcap64.dll
0x00007ffd5c470000 - 0x00007ffd5c4a3000 	C:\WINDOWS\SYSTEM32\ntmarta.dll
0x00007ffd5ba40000 - 0x00007ffd5ba63000 	C:\WINDOWS\SYSTEM32\gpapi.dll
0x00007ffd26af0000 - 0x00007ffd26c45000 	C:\WINDOWS\System32\DriverStore\FileRepository\nv_dispi.inf_amd64_adf5a840df867035\nvppex.dll
0x00007ffd52a40000 - 0x00007ffd52a7b000 	C:\WINDOWS\SYSTEM32\dxcore.dll
0x00007ffd5e1b0000 - 0x00007ffd5e259000 	C:\WINDOWS\System32\clbcatq.dll
0x00007ffd4feb0000 - 0x00007ffd4ffef000 	C:\Windows\System32\Windows.UI.dll
0x00007ffd4fd60000 - 0x00007ffd4fe59000 	C:\Windows\System32\TextInputFramework.dll
0x00007ffd54e80000 - 0x00007ffd54f21000 	C:\Windows\System32\WindowManagementAPI.dll
0x00007ffd4fc00000 - 0x00007ffd4fd52000 	C:\Windows\System32\InputHost.dll

dbghelp: loaded successfully - version: 4.0.5 - missing functions: none
symbol engine: initialized successfully - sym options: 0x614 - pdb path: .;C:\Users\Anwender\.jdks\openjdk-23.0.1\bin;C:\WINDOWS\SYSTEM32;C:\WINDOWS\WinSxS\amd64_microsoft.windows.common-controls_6595b64144ccf1df_6.0.19041.4355_none_60b8b9eb71f62e16;C:\Users\Anwender\.jdks\openjdk-23.0.1\bin\server;C:\Program Files\JetBrains\IntelliJ IDEA 2024.2.4\bin;C:\Users\Anwender\Downloads\openjfx-23.0.1_windows-x64_bin-sdk\javafx-sdk-23.0.1\bin;C:\WINDOWS\System32\DriverStore\FileRepository\nv_dispi.inf_amd64_adf5a840df867035;C:\Program Files\Common Files\Microsoft Shared\Ink

VM Arguments:
jvm_args: --module-path=C:\Users\Anwender\Downloads\openjfx-23.0.1_windows-x64_bin-sdk\javafx-sdk-23.0.1\lib --add-modules=javafx.controls,javafx.fxml --enable-preview -javaagent:C:\Program Files\JetBrains\IntelliJ IDEA 2024.2.4\lib\idea_rt.jar=39613:C:\Program Files\JetBrains\IntelliJ IDEA 2024.2.4\bin -Dfile.encoding=UTF-8 -Dsun.stdout.encoding=UTF-8 -Dsun.stderr.encoding=UTF-8 
java_command: Main
java_class_path (initial): C:\Users\Anwender\IdeaProjects\demo3\target\classes;C:\Users\Anwender\.m2\repository\org\openjfx\javafx-controls\17.0.6\javafx-controls-17.0.6.jar;C:\Users\Anwender\.m2\repository\org\openjfx\javafx-controls\17.0.6\javafx-controls-17.0.6-win.jar;C:\Users\Anwender\.m2\repository\org\openjfx\javafx-graphics\17.0.6\javafx-graphics-17.0.6.jar;C:\Users\Anwender\.m2\repository\org\openjfx\javafx-graphics\17.0.6\javafx-graphics-17.0.6-win.jar;C:\Users\Anwender\.m2\repository\org\openjfx\javafx-base\17.0.6\javafx-base-17.0.6.jar;C:\Users\Anwender\.m2\repository\org\openjfx\javafx-base\17.0.6\javafx-base-17.0.6-win.jar;C:\Users\Anwender\.m2\repository\org\openjfx\javafx-fxml\17.0.6\javafx-fxml-17.0.6.jar;C:\Users\Anwender\.m2\repository\org\openjfx\javafx-fxml\17.0.6\javafx-fxml-17.0.6-win.jar;C:\Users\Anwender\.m2\repository\com\itextpdf\itextpdf\5.5.13.2\itextpdf-5.5.13.2.jar;C:\Users\Anwender\Downloads\postgresql-42.7.4.jar
Launcher Type: SUN_STANDARD

[Global flags]
     intx CICompilerCount                          = 4                                         {product} {ergonomic}
     uint ConcGCThreads                            = 3                                         {product} {ergonomic}
     uint G1ConcRefinementThreads                  = 10                                        {product} {ergonomic}
   size_t G1HeapRegionSize                         = 2097152                                   {product} {ergonomic}
   size_t InitialHeapSize                          = 268435456                                 {product} {ergonomic}
   size_t MarkStackSize                            = 4194304                                   {product} {ergonomic}
   size_t MarkStackSizeMax                         = 536870912                                 {product} {ergonomic}
   size_t MaxHeapSize                              = 4278190080                                {product} {ergonomic}
   size_t MaxNewSize                               = 2566914048                                {product} {ergonomic}
   size_t MinHeapDeltaBytes                        = 2097152                                   {product} {ergonomic}
   size_t MinHeapSize                              = 8388608                                   {product} {ergonomic}
    uintx NonNMethodCodeHeapSize                   = 5832704                                {pd product} {ergonomic}
    uintx NonProfiledCodeHeapSize                  = 122945536                              {pd product} {ergonomic}
    uintx ProfiledCodeHeapSize                     = 122880000                              {pd product} {ergonomic}
    uintx ReservedCodeCacheSize                    = 251658240                              {pd product} {ergonomic}
     bool SegmentedCodeCache                       = true                                      {product} {ergonomic}
   size_t SoftMaxHeapSize                          = 4278190080                             {manageable} {ergonomic}
     bool UseCompressedOops                        = true                           {product lp64_product} {ergonomic}
     bool UseG1GC                                  = true                                      {product} {ergonomic}
     bool UseLargePagesIndividualAllocation        = false                                  {pd product} {ergonomic}

Logging:
Log output configuration:
 #0: stdout all=off uptime,level,tags foldmultilines=false
 #1: stderr all=off uptime,level,tags foldmultilines=false

Environment Variables:
CLASSPATH=C:\Users\Anwender\Downloads\openjfx-23.0.1_windows-x64_bin-sdk\javafx-sdk-23.0.1\bin
PATH=C:\Program Files\Common Files\Oracle\Java\javapath;C:\WINDOWS\system32;C:\WINDOWS;C:\WINDOWS\System32\Wbem;C:\WINDOWS\System32\WindowsPowerShell\v1.0\;C:\WINDOWS\System32\OpenSSH\;C:\Program Files\NVIDIA Corporation\NVIDIA NvDLISR;C:\Program Files (x86)\NVIDIA Corporation\PhysX\Common;C:\Program Files\dotnet\;C:\Users\Anwender\.jdks\openjdk-23.0.1\bin;C:\Users\Anwender\Downloads\openjfx-23.0.1_windows-x64_bin-sdk\javafx-sdk-23.0.1\bin;C:\Program Files\Git\cmd;C:\Users\Anwender\AppData\Local\Programs\Python\Python312\Scripts\;C:\Users\Anwender\AppData\Local\Programs\Python\Python312\;C:\Users\Anwender\AppData\Local\Microsoft\WindowsApps;C:\Users\Anwender\AppData\Local\Programs\Microsoft VS Code\bin;C:\Users\Anwender\.jdks\openjdk-23.0.1\bin;
USERNAME=Anwender
OS=Windows_NT
PROCESSOR_IDENTIFIER=AMD64 Family 23 Model 113 Stepping 0, AuthenticAMD
TMP=C:\Users\Anwender\AppData\Local\Temp
TEMP=C:\Users\Anwender\AppData\Local\Temp




Periodic native trim disabled

---------------  S Y S T E M  ---------------

OS:
 Windows 10 , 64 bit Build 19041 (10.0.19041.5678)
OS uptime: 0 days 13:39 hours

CPU: total 12 (initial active 12) (12 cores per cpu, 2 threads per core) family 23 model 113 stepping 0 microcode 0x0, cx8, cmov, fxsr, ht, mmx, 3dnowpref, sse, sse2, sse3, ssse3, sse4a, sse4.1, sse4.2, popcnt, lzcnt, tsc, tscinvbit, avx, avx2, aes, clmul, bmi1, bmi2, adx, sha, fma, vzeroupper, clflush, clflushopt, rdtscp, rdpid, f16c
Processor Information for the first 12 processors :
  Max Mhz: 3593, Current Mhz: 3593, Mhz Limit: 3593

Memory: 4k page, system-wide physical 16313M (6003M free)
TotalPageFile size 23993M (AvailPageFile size 3647M)
current process WorkingSet (physical memory assigned to process): 195M, peak: 229M
current process commit charge ("private bytes"): 485M, peak: 518M

vm_info: OpenJDK 64-Bit Server VM (23.0.1+11-39) for windows-amd64 JRE (23.0.1+11-39), built on 2024-09-30T07:20:43Z with MS VC++ 17.6 (VS2022)

END.
